Versión de MSBuild 17.12.12+1cce77968 para .NET Framework

  Checking File Globs
  SDL3-static.vcxproj -> C:\Users\Alexi\Documents\Beam Audio Flux\build\_deps\sdl3-build\Release\SDL3-static.lib
  audio_engine.cpp
C:\Users\Alexi\Documents\Beam Audio Flux\src\engine\core\audio_engine.cpp(12,66): error C2614: 'Beam::AudioEngine': inicialización de miembro no válida: 'm_stream' no es una base o miembro [C:\Users\Alexi\Documents\Beam Audio Flux\build\BeamAudioFlux.vcxproj]
C:\Users\Alexi\Documents\Beam Audio Flux\src\engine\core\audio_engine.cpp(12,85): error C2614: 'Beam::AudioEngine': inicialización de miembro no válida: 'm_captureStream' no es una base o miembro [C:\Users\Alexi\Documents\Beam Audio Flux\build\BeamAudioFlux.vcxproj]
C:\Users\Alexi\Documents\Beam Audio Flux\src\engine\core\audio_engine.cpp(69,19): error C2511: 'void Beam::AudioEngine::process(float *,int,const Beam::MIDIBuffer &)': la función miembro sobrecargada no se ha encontrado en 'Beam::AudioEngine' [C:\Users\Alexi\Documents\Beam Audio Flux\build\BeamAudioFlux.vcxproj]
      C:\Users\Alexi\Documents\Beam Audio Flux\src\engine\core\audio_engine.hpp(18,7):
      vea la declaración de 'Beam::AudioEngine'
  
C:\Users\Alexi\Documents\Beam Audio Flux\src\engine\core\audio_engine.cpp(71,45): error C2597: referencia no válida a miembro no static 'Beam::AudioEngine::m_channels' [C:\Users\Alexi\Documents\Beam Audio Flux\build\BeamAudioFlux.vcxproj]
      C:\Users\Alexi\Documents\Beam Audio Flux\src\engine\core\audio_engine.cpp(71,45):
      vea la declaración de 'Beam::AudioEngine::m_channels'
  
C:\Users\Alexi\Documents\Beam Audio Flux\src\engine\core\audio_engine.cpp(71,45): error C3867: 'Beam::AudioEngine::m_channels': sintaxis no estándar; utilice '&' para crear un puntero al miembro [C:\Users\Alexi\Documents\Beam Audio Flux\build\BeamAudioFlux.vcxproj]
C:\Users\Alexi\Documents\Beam Audio Flux\src\engine\core\audio_engine.cpp(71,45): error C2568: '*': no se puede resolver la sobrecarga de funciones [C:\Users\Alexi\Documents\Beam Audio Flux\build\BeamAudioFlux.vcxproj]
C:\Users\Alexi\Documents\Beam Audio Flux\src\engine\core\audio_engine.cpp(71,14): error C2672: 'std::fill': no se encontró una función sobrecargada que coincida [C:\Users\Alexi\Documents\Beam Audio Flux\build\BeamAudioFlux.vcxproj]
      C:\Program Files\Microsoft Visual Studio\2022\Community\VC\Tools\MSVC\14.42.34433\include\xutility(5208,6):
      puede ser 'void std::fill(_ExPo &&,_FwdIt,_FwdIt,const _Ty &) noexcept'
          C:\Users\Alexi\Documents\Beam Audio Flux\src\engine\core\audio_engine.cpp(71,14):
          "void std::fill(_ExPo &&,_FwdIt,_FwdIt,const _Ty &) noexcept": espera 4 argumentos - 2 proporcionado
      C:\Program Files\Microsoft Visual Studio\2022\Community\VC\Tools\MSVC\14.42.34433\include\xutility(5177,19):
      o       'void std::fill(const _FwdIt,const _FwdIt,const _Ty &)'
          C:\Users\Alexi\Documents\Beam Audio Flux\src\engine\core\audio_engine.cpp(71,14):
          "void std::fill(const _FwdIt,const _FwdIt,const _Ty &)": espera 3 argumentos - 2 proporcionado
  
C:\Users\Alexi\Documents\Beam Audio Flux\src\engine\core\audio_engine.cpp(80,27): error C2597: referencia no válida a miembro no static 'Beam::AudioEngine::m_lastPlaying' [C:\Users\Alexi\Documents\Beam Audio Flux\build\BeamAudioFlux.vcxproj]
      C:\Users\Alexi\Documents\Beam Audio Flux\src\engine\core\audio_engine.cpp(80,27):
      vea la declaración de 'Beam::AudioEngine::m_lastPlaying'
  
C:\Users\Alexi\Documents\Beam Audio Flux\src\engine\core\audio_engine.cpp(80,27): error C3867: 'Beam::AudioEngine::m_lastPlaying': sintaxis no estándar; utilice '&' para crear un puntero al miembro [C:\Users\Alexi\Documents\Beam Audio Flux\build\BeamAudioFlux.vcxproj]
C:\Users\Alexi\Documents\Beam Audio Flux\src\engine\core\audio_engine.cpp(80,27): error C2568: '!=': no se puede resolver la sobrecarga de funciones [C:\Users\Alexi\Documents\Beam Audio Flux\build\BeamAudioFlux.vcxproj]
C:\Users\Alexi\Documents\Beam Audio Flux\src\engine\core\audio_engine.cpp(84,9): error C2597: referencia no válida a miembro no static 'Beam::AudioEngine::m_lastPlaying' [C:\Users\Alexi\Documents\Beam Audio Flux\build\BeamAudioFlux.vcxproj]
      C:\Users\Alexi\Documents\Beam Audio Flux\src\engine\core\audio_engine.hpp(69,10):
      vea la declaración de 'Beam::AudioEngine::m_lastPlaying'
  
C:\Users\Alexi\Documents\Beam Audio Flux\src\engine\core\audio_engine.cpp(99,10): error C2597: referencia no válida a miembro no static 'Beam::AudioEngine::m_isPlaying' [C:\Users\Alexi\Documents\Beam Audio Flux\build\BeamAudioFlux.vcxproj]
      C:\Users\Alexi\Documents\Beam Audio Flux\src\engine\core\audio_engine.hpp(67,23):
      vea la declaración de 'Beam::AudioEngine::m_isPlaying'
  
C:\Users\Alexi\Documents\Beam Audio Flux\src\engine\core\audio_engine.cpp(100,45): error C2597: referencia no válida a miembro no static 'Beam::AudioEngine::m_channels' [C:\Users\Alexi\Documents\Beam Audio Flux\build\BeamAudioFlux.vcxproj]
      C:\Users\Alexi\Documents\Beam Audio Flux\src\engine\core\audio_engine.cpp(100,45):
      vea la declaración de 'Beam::AudioEngine::m_channels'
  
C:\Users\Alexi\Documents\Beam Audio Flux\src\engine\core\audio_engine.cpp(100,45): error C3867: 'Beam::AudioEngine::m_channels': sintaxis no estándar; utilice '&' para crear un puntero al miembro [C:\Users\Alexi\Documents\Beam Audio Flux\build\BeamAudioFlux.vcxproj]
C:\Users\Alexi\Documents\Beam Audio Flux\src\engine\core\audio_engine.cpp(100,45): error C2568: '*': no se puede resolver la sobrecarga de funciones [C:\Users\Alexi\Documents\Beam Audio Flux\build\BeamAudioFlux.vcxproj]
C:\Users\Alexi\Documents\Beam Audio Flux\src\engine\core\audio_engine.cpp(100,14): error C2672: 'std::fill': no se encontró una función sobrecargada que coincida [C:\Users\Alexi\Documents\Beam Audio Flux\build\BeamAudioFlux.vcxproj]
      C:\Program Files\Microsoft Visual Studio\2022\Community\VC\Tools\MSVC\14.42.34433\include\xutility(5208,6):
      puede ser 'void std::fill(_ExPo &&,_FwdIt,_FwdIt,const _Ty &) noexcept'
          C:\Users\Alexi\Documents\Beam Audio Flux\src\engine\core\audio_engine.cpp(100,14):
          "void std::fill(_ExPo &&,_FwdIt,_FwdIt,const _Ty &) noexcept": espera 4 argumentos - 2 proporcionado
      C:\Program Files\Microsoft Visual Studio\2022\Community\VC\Tools\MSVC\14.42.34433\include\xutility(5177,19):
      o       'void std::fill(const _FwdIt,const _FwdIt,const _Ty &)'
          C:\Users\Alexi\Documents\Beam Audio Flux\src\engine\core\audio_engine.cpp(100,14):
          "void std::fill(const _FwdIt,const _FwdIt,const _Ty &)": espera 3 argumentos - 2 proporcionado
  
C:\Users\Alexi\Documents\Beam Audio Flux\src\engine\core\audio_engine.cpp(141,36): error C2597: referencia no válida a miembro no static 'Beam::AudioEngine::m_channels' [C:\Users\Alexi\Documents\Beam Audio Flux\build\BeamAudioFlux.vcxproj]
      C:\Users\Alexi\Documents\Beam Audio Flux\src\engine\core\audio_engine.cpp(141,36):
      vea la declaración de 'Beam::AudioEngine::m_channels'
  
C:\Users\Alexi\Documents\Beam Audio Flux\src\engine\core\audio_engine.cpp(141,36): error C3867: 'Beam::AudioEngine::m_channels': sintaxis no estándar; utilice '&' para crear un puntero al miembro [C:\Users\Alexi\Documents\Beam Audio Flux\build\BeamAudioFlux.vcxproj]
C:\Users\Alexi\Documents\Beam Audio Flux\src\engine\core\audio_engine.cpp(141,36): error C2568: '*': no se puede resolver la sobrecarga de funciones [C:\Users\Alexi\Documents\Beam Audio Flux\build\BeamAudioFlux.vcxproj]
C:\Users\Alexi\Documents\Beam Audio Flux\src\engine\core\audio_engine.cpp(139,23): error C2660: 'Beam::SIMD::add': la función no acepta 2 argumentos [C:\Users\Alexi\Documents\Beam Audio Flux\build\BeamAudioFlux.vcxproj]
      C:\Users\Alexi\Documents\Beam Audio Flux\src\engine\dsp\simd_utils.hpp(15,13):
      vea la declaración de 'Beam::SIMD::add'
      C:\Users\Alexi\Documents\Beam Audio Flux\src\engine\core\audio_engine.cpp(139,23):
      al hacer coincidir la lista de argumentos '(_Ty *, _Ty *)'
          with
          [
              _Ty=float
          ]
  
C:\Users\Alexi\Documents\Beam Audio Flux\src\engine\core\audio_engine.cpp(150,75): error C2597: referencia no válida a miembro no static 'Beam::AudioEngine::m_channels' [C:\Users\Alexi\Documents\Beam Audio Flux\build\BeamAudioFlux.vcxproj]
      C:\Users\Alexi\Documents\Beam Audio Flux\src\engine\core\audio_engine.cpp(150,75):
      vea la declaración de 'Beam::AudioEngine::m_channels'
  
C:\Users\Alexi\Documents\Beam Audio Flux\src\engine\core\audio_engine.cpp(150,75): error C3867: 'Beam::AudioEngine::m_channels': sintaxis no estándar; utilice '&' para crear un puntero al miembro [C:\Users\Alexi\Documents\Beam Audio Flux\build\BeamAudioFlux.vcxproj]
C:\Users\Alexi\Documents\Beam Audio Flux\src\engine\core\audio_engine.cpp(150,75): error C2568: '*': no se puede resolver la sobrecarga de funciones [C:\Users\Alexi\Documents\Beam Audio Flux\build\BeamAudioFlux.vcxproj]
C:\Users\Alexi\Documents\Beam Audio Flux\src\engine\core\audio_engine.cpp(150,19): error C2660: 'Beam::SIMD::copy': la función no acepta 2 argumentos [C:\Users\Alexi\Documents\Beam Audio Flux\build\BeamAudioFlux.vcxproj]
      C:\Users\Alexi\Documents\Beam Audio Flux\src\engine\dsp\simd_utils.hpp(33,13):
      vea la declaración de 'Beam::SIMD::copy'
      C:\Users\Alexi\Documents\Beam Audio Flux\src\engine\core\audio_engine.cpp(150,19):
      al hacer coincidir la lista de argumentos '(_Ty *, float *)'
          with
          [
              _Ty=float
          ]
  
C:\Users\Alexi\Documents\Beam Audio Flux\src\engine\core\audio_engine.cpp(152,49): error C2597: referencia no válida a miembro no static 'Beam::AudioEngine::m_channels' [C:\Users\Alexi\Documents\Beam Audio Flux\build\BeamAudioFlux.vcxproj]
      C:\Users\Alexi\Documents\Beam Audio Flux\src\engine\core\audio_engine.cpp(152,49):
      vea la declaración de 'Beam::AudioEngine::m_channels'
  
C:\Users\Alexi\Documents\Beam Audio Flux\src\engine\core\audio_engine.cpp(152,49): error C3867: 'Beam::AudioEngine::m_channels': sintaxis no estándar; utilice '&' para crear un puntero al miembro [C:\Users\Alexi\Documents\Beam Audio Flux\build\BeamAudioFlux.vcxproj]
C:\Users\Alexi\Documents\Beam Audio Flux\src\engine\core\audio_engine.cpp(152,49): error C2568: '*': no se puede resolver la sobrecarga de funciones [C:\Users\Alexi\Documents\Beam Audio Flux\build\BeamAudioFlux.vcxproj]
C:\Users\Alexi\Documents\Beam Audio Flux\src\engine\core\audio_engine.cpp(152,18): error C2672: 'std::fill': no se encontró una función sobrecargada que coincida [C:\Users\Alexi\Documents\Beam Audio Flux\build\BeamAudioFlux.vcxproj]
      C:\Program Files\Microsoft Visual Studio\2022\Community\VC\Tools\MSVC\14.42.34433\include\xutility(5208,6):
      puede ser 'void std::fill(_ExPo &&,_FwdIt,_FwdIt,const _Ty &) noexcept'
          C:\Users\Alexi\Documents\Beam Audio Flux\src\engine\core\audio_engine.cpp(152,18):
          "void std::fill(_ExPo &&,_FwdIt,_FwdIt,const _Ty &) noexcept": espera 4 argumentos - 2 proporcionado
      C:\Program Files\Microsoft Visual Studio\2022\Community\VC\Tools\MSVC\14.42.34433\include\xutility(5177,19):
      o       'void std::fill(const _FwdIt,const _FwdIt,const _Ty &)'
          C:\Users\Alexi\Documents\Beam Audio Flux\src\engine\core\audio_engine.cpp(152,18):
          "void std::fill(const _FwdIt,const _FwdIt,const _Ty &)": espera 3 argumentos - 2 proporcionado
  
