Versión de MSBuild 17.12.12+1cce77968 para .NET Framework

  Checking File Globs
  SDL3-static.vcxproj -> C:\Users\Alexi\Documents\Beam Audio Flux\build\_deps\sdl3-build\Release\SDL3-static.lib
  flux_node.cpp
C:\Users\Alexi\Documents\Beam Audio Flux\src\interface\widgets\knob.hpp(131,26): error C2039: "KnobStyle": no es un miembro de "Beam::Theme" [C:\Users\Alexi\Documents\Beam Audio Flux\build\BeamAudioFlux.vcxproj]
  (compilando archivo de origen "../src/engine/core/flux_node.cpp")
      C:\Users\Alexi\Documents\Beam Audio Flux\src\interface\core\theme.hpp(31,7):
      vea la declaración de 'Beam::Theme'
  
C:\Users\Alexi\Documents\Beam Audio Flux\src\interface\widgets\knob.hpp(131,26): error C2061: error de sintaxis: identificador 'KnobStyle' [C:\Users\Alexi\Documents\Beam Audio Flux\build\BeamAudioFlux.vcxproj]
  (compilando archivo de origen "../src/engine/core/flux_node.cpp")
  
C:\Users\Alexi\Documents\Beam Audio Flux\src\interface\widgets\knob.hpp(132,12): error C2039: "KnobStyle": no es un miembro de "Beam::Theme" [C:\Users\Alexi\Documents\Beam Audio Flux\build\BeamAudioFlux.vcxproj]
  (compilando archivo de origen "../src/engine/core/flux_node.cpp")
      C:\Users\Alexi\Documents\Beam Audio Flux\src\interface\core\theme.hpp(31,7):
      vea la declaración de 'Beam::Theme'
  
C:\Users\Alexi\Documents\Beam Audio Flux\src\interface\widgets\knob.hpp(132,22): error C3646: 'getStyle': especificador de invalidación desconocido [C:\Users\Alexi\Documents\Beam Audio Flux\build\BeamAudioFlux.vcxproj]
  (compilando archivo de origen "../src/engine/core/flux_node.cpp")
  
C:\Users\Alexi\Documents\Beam Audio Flux\src\interface\widgets\knob.hpp(132,30): error C2059: error de sintaxis: '(' [C:\Users\Alexi\Documents\Beam Audio Flux\build\BeamAudioFlux.vcxproj]
  (compilando archivo de origen "../src/engine/core/flux_node.cpp")
  
C:\Users\Alexi\Documents\Beam Audio Flux\src\interface\widgets\knob.hpp(132,39): error C2334: símbolos (token) inesperados delante de '{'; se pasará por alto el cuerpo de función aparente [C:\Users\Alexi\Documents\Beam Audio Flux\build\BeamAudioFlux.vcxproj]
  (compilando archivo de origen "../src/engine/core/flux_node.cpp")
  
C:\Users\Alexi\Documents\Beam Audio Flux\src\interface\widgets\knob.hpp(146,12): error C2039: "KnobStyle": no es un miembro de "Beam::Theme" [C:\Users\Alexi\Documents\Beam Audio Flux\build\BeamAudioFlux.vcxproj]
  (compilando archivo de origen "../src/engine/core/flux_node.cpp")
      C:\Users\Alexi\Documents\Beam Audio Flux\src\interface\core\theme.hpp(31,7):
      vea la declaración de 'Beam::Theme'
  
C:\Users\Alexi\Documents\Beam Audio Flux\src\interface\widgets\knob.hpp(146,22): error C3646: 'm_style': especificador de invalidación desconocido [C:\Users\Alexi\Documents\Beam Audio Flux\build\BeamAudioFlux.vcxproj]
  (compilando archivo de origen "../src/engine/core/flux_node.cpp")
  
C:\Users\Alexi\Documents\Beam Audio Flux\src\interface\widgets\knob.hpp(146,30): error C2059: error de sintaxis: '=' [C:\Users\Alexi\Documents\Beam Audio Flux\build\BeamAudioFlux.vcxproj]
  (compilando archivo de origen "../src/engine/core/flux_node.cpp")
  
C:\Users\Alexi\Documents\Beam Audio Flux\src\interface\widgets\knob.hpp(146,39): error C3083: 'KnobStyle': el símbolo situado a la izquierda de '::' debe ser un tipo [C:\Users\Alexi\Documents\Beam Audio Flux\build\BeamAudioFlux.vcxproj]
  (compilando archivo de origen "../src/engine/core/flux_node.cpp")
  
C:\Users\Alexi\Documents\Beam Audio Flux\src\interface\widgets\knob.hpp(146,50): error C2039: "ClassicBakelite": no es un miembro de "Beam::Theme" [C:\Users\Alexi\Documents\Beam Audio Flux\build\BeamAudioFlux.vcxproj]
  (compilando archivo de origen "../src/engine/core/flux_node.cpp")
      C:\Users\Alexi\Documents\Beam Audio Flux\src\interface\core\theme.hpp(31,7):
      vea la declaración de 'Beam::Theme'
  
C:\Users\Alexi\Documents\Beam Audio Flux\src\interface\widgets\knob.hpp(146,65): error C2238: símbolos (token) inesperados delante de ';' [C:\Users\Alexi\Documents\Beam Audio Flux\build\BeamAudioFlux.vcxproj]
  (compilando archivo de origen "../src/engine/core/flux_node.cpp")
  
C:\Users\Alexi\Documents\Beam Audio Flux\src\interface\widgets\knob.hpp(131,45): error C2065: 'm_style': identificador no declarado [C:\Users\Alexi\Documents\Beam Audio Flux\build\BeamAudioFlux.vcxproj]
  (compilando archivo de origen "../src/engine/core/flux_node.cpp")
  
C:\Users\Alexi\Documents\Beam Audio Flux\src\interface\widgets\knob.hpp(131,55): error C2065: 'style': identificador no declarado [C:\Users\Alexi\Documents\Beam Audio Flux\build\BeamAudioFlux.vcxproj]
  (compilando archivo de origen "../src/engine/core/flux_node.cpp")
  
C:\Users\Alexi\Documents\Beam Audio Flux\src\interface\widgets\combo_box.hpp(26,76): error C2039: "Bakelite": no es un miembro de "Beam::Theme" [C:\Users\Alexi\Documents\Beam Audio Flux\build\BeamAudioFlux.vcxproj]
  (compilando archivo de origen "../src/engine/core/flux_node.cpp")
      C:\Users\Alexi\Documents\Beam Audio Flux\src\interface\core\theme.hpp(31,7):
      vea la declaración de 'Beam::Theme'
  
C:\Users\Alexi\Documents\Beam Audio Flux\src\interface\widgets\combo_box.hpp(26,76): error C2065: 'Bakelite': identificador no declarado [C:\Users\Alexi\Documents\Beam Audio Flux\build\BeamAudioFlux.vcxproj]
  (compilando archivo de origen "../src/engine/core/flux_node.cpp")
  
C:\Users\Alexi\Documents\Beam Audio Flux\src\interface\widgets\combo_box.hpp(26,95): error C2039: "Bakelite": no es un miembro de "Beam::Theme" [C:\Users\Alexi\Documents\Beam Audio Flux\build\BeamAudioFlux.vcxproj]
  (compilando archivo de origen "../src/engine/core/flux_node.cpp")
      C:\Users\Alexi\Documents\Beam Audio Flux\src\interface\core\theme.hpp(31,7):
      vea la declaración de 'Beam::Theme'
  
C:\Users\Alexi\Documents\Beam Audio Flux\src\interface\widgets\combo_box.hpp(26,95): error C2065: 'Bakelite': identificador no declarado [C:\Users\Alexi\Documents\Beam Audio Flux\build\BeamAudioFlux.vcxproj]
  (compilando archivo de origen "../src/engine/core/flux_node.cpp")
  
C:\Users\Alexi\Documents\Beam Audio Flux\src\interface\widgets\combo_box.hpp(26,114): error C2039: "Bakelite": no es un miembro de "Beam::Theme" [C:\Users\Alexi\Documents\Beam Audio Flux\build\BeamAudioFlux.vcxproj]
  (compilando archivo de origen "../src/engine/core/flux_node.cpp")
      C:\Users\Alexi\Documents\Beam Audio Flux\src\interface\core\theme.hpp(31,7):
      vea la declaración de 'Beam::Theme'
  
C:\Users\Alexi\Documents\Beam Audio Flux\src\interface\widgets\combo_box.hpp(26,114): error C2065: 'Bakelite': identificador no declarado [C:\Users\Alexi\Documents\Beam Audio Flux\build\BeamAudioFlux.vcxproj]
  (compilando archivo de origen "../src/engine/core/flux_node.cpp")
  
C:\Users\Alexi\Documents\Beam Audio Flux\src\interface\widgets\combo_box.hpp(26,11): error C2660: 'Beam::QuadBatcher::drawBeveledRect': la función no acepta 7 argumentos [C:\Users\Alexi\Documents\Beam Audio Flux\build\BeamAudioFlux.vcxproj]
  (compilando archivo de origen "../src/engine/core/flux_node.cpp")
      C:\Users\Alexi\Documents\Beam Audio Flux\src\interface\render\quad_batcher.hpp(57,10):
      vea la declaración de 'Beam::QuadBatcher::drawBeveledRect'
      C:\Users\Alexi\Documents\Beam Audio Flux\src\interface\widgets\combo_box.hpp(26,11):
      al hacer coincidir la lista de argumentos '(int, int, float, float, float, float, float)'
  
C:\Users\Alexi\Documents\Beam Audio Flux\src\interface\widgets\combo_box.hpp(27,76): error C2039: "Emerald": no es un miembro de "Beam::Theme" [C:\Users\Alexi\Documents\Beam Audio Flux\build\BeamAudioFlux.vcxproj]
  (compilando archivo de origen "../src/engine/core/flux_node.cpp")
      C:\Users\Alexi\Documents\Beam Audio Flux\src\interface\core\theme.hpp(31,7):
      vea la declaración de 'Beam::Theme'
  
C:\Users\Alexi\Documents\Beam Audio Flux\src\interface\widgets\combo_box.hpp(27,76): error C2065: 'Emerald': identificador no declarado [C:\Users\Alexi\Documents\Beam Audio Flux\build\BeamAudioFlux.vcxproj]
  (compilando archivo de origen "../src/engine/core/flux_node.cpp")
  
C:\Users\Alexi\Documents\Beam Audio Flux\src\interface\widgets\combo_box.hpp(27,94): error C2039: "Emerald": no es un miembro de "Beam::Theme" [C:\Users\Alexi\Documents\Beam Audio Flux\build\BeamAudioFlux.vcxproj]
  (compilando archivo de origen "../src/engine/core/flux_node.cpp")
      C:\Users\Alexi\Documents\Beam Audio Flux\src\interface\core\theme.hpp(31,7):
      vea la declaración de 'Beam::Theme'
  
C:\Users\Alexi\Documents\Beam Audio Flux\src\interface\widgets\combo_box.hpp(27,94): error C2065: 'Emerald': identificador no declarado [C:\Users\Alexi\Documents\Beam Audio Flux\build\BeamAudioFlux.vcxproj]
  (compilando archivo de origen "../src/engine/core/flux_node.cpp")
  
C:\Users\Alexi\Documents\Beam Audio Flux\src\interface\widgets\combo_box.hpp(27,112): error C2039: "Emerald": no es un miembro de "Beam::Theme" [C:\Users\Alexi\Documents\Beam Audio Flux\build\BeamAudioFlux.vcxproj]
  (compilando archivo de origen "../src/engine/core/flux_node.cpp")
      C:\Users\Alexi\Documents\Beam Audio Flux\src\interface\core\theme.hpp(31,7):
      vea la declaración de 'Beam::Theme'
  
C:\Users\Alexi\Documents\Beam Audio Flux\src\interface\widgets\combo_box.hpp(27,112): error C2065: 'Emerald': identificador no declarado [C:\Users\Alexi\Documents\Beam Audio Flux\build\BeamAudioFlux.vcxproj]
  (compilando archivo de origen "../src/engine/core/flux_node.cpp")
  
C:\Users\Alexi\Documents\Beam Audio Flux\src\interface\widgets\combo_box.hpp(27,11): error C2660: 'Beam::QuadBatcher::drawRoundedRect': la función no acepta 7 argumentos [C:\Users\Alexi\Documents\Beam Audio Flux\build\BeamAudioFlux.vcxproj]
  (compilando archivo de origen "../src/engine/core/flux_node.cpp")
      C:\Users\Alexi\Documents\Beam Audio Flux\src\interface\render\quad_batcher.hpp(45,10):
      vea la declaración de 'Beam::QuadBatcher::drawRoundedRect'
      C:\Users\Alexi\Documents\Beam Audio Flux\src\interface\widgets\combo_box.hpp(27,11):
      al hacer coincidir la lista de argumentos '(int, int, float, float, float, float, float)'
  
C:\Users\Alexi\Documents\Beam Audio Flux\src\interface\widgets\combo_box.hpp(33,64): error C2039: "Emerald": no es un miembro de "Beam::Theme" [C:\Users\Alexi\Documents\Beam Audio Flux\build\BeamAudioFlux.vcxproj]
  (compilando archivo de origen "../src/engine/core/flux_node.cpp")
      C:\Users\Alexi\Documents\Beam Audio Flux\src\interface\core\theme.hpp(31,7):
      vea la declaración de 'Beam::Theme'
  
C:\Users\Alexi\Documents\Beam Audio Flux\src\interface\widgets\combo_box.hpp(33,64): error C2065: 'Emerald': identificador no declarado [C:\Users\Alexi\Documents\Beam Audio Flux\build\BeamAudioFlux.vcxproj]
  (compilando archivo de origen "../src/engine/core/flux_node.cpp")
  
C:\Users\Alexi\Documents\Beam Audio Flux\src\interface\widgets\combo_box.hpp(33,82): error C2039: "Emerald": no es un miembro de "Beam::Theme" [C:\Users\Alexi\Documents\Beam Audio Flux\build\BeamAudioFlux.vcxproj]
  (compilando archivo de origen "../src/engine/core/flux_node.cpp")
      C:\Users\Alexi\Documents\Beam Audio Flux\src\interface\core\theme.hpp(31,7):
      vea la declaración de 'Beam::Theme'
  
C:\Users\Alexi\Documents\Beam Audio Flux\src\interface\widgets\combo_box.hpp(33,82): error C2065: 'Emerald': identificador no declarado [C:\Users\Alexi\Documents\Beam Audio Flux\build\BeamAudioFlux.vcxproj]
  (compilando archivo de origen "../src/engine/core/flux_node.cpp")
  
C:\Users\Alexi\Documents\Beam Audio Flux\src\interface\widgets\combo_box.hpp(33,100): error C2039: "Emerald": no es un miembro de "Beam::Theme" [C:\Users\Alexi\Documents\Beam Audio Flux\build\BeamAudioFlux.vcxproj]
  (compilando archivo de origen "../src/engine/core/flux_node.cpp")
      C:\Users\Alexi\Documents\Beam Audio Flux\src\interface\core\theme.hpp(31,7):
      vea la declaración de 'Beam::Theme'
  
C:\Users\Alexi\Documents\Beam Audio Flux\src\interface\widgets\combo_box.hpp(33,100): error C2065: 'Emerald': identificador no declarado [C:\Users\Alexi\Documents\Beam Audio Flux\build\BeamAudioFlux.vcxproj]
  (compilando archivo de origen "../src/engine/core/flux_node.cpp")
  
C:\Users\Alexi\Documents\Beam Audio Flux\src\interface\widgets\combo_box.hpp(33,19): error C2660: 'Beam::QuadBatcher::drawQuad': la función no acepta 5 argumentos [C:\Users\Alexi\Documents\Beam Audio Flux\build\BeamAudioFlux.vcxproj]
  (compilando archivo de origen "../src/engine/core/flux_node.cpp")
      C:\Users\Alexi\Documents\Beam Audio Flux\src\interface\render\quad_batcher.hpp(33,10):
      vea la declaración de 'Beam::QuadBatcher::drawQuad'
      C:\Users\Alexi\Documents\Beam Audio Flux\src\interface\widgets\combo_box.hpp(33,19):
      al hacer coincidir la lista de argumentos '(int, float, float, float, float)'
  
C:\Users\Alexi\Documents\Beam Audio Flux\src\interface\editors\generic_node_editor.hpp(188,31): error C2039: "Bakelite": no es un miembro de "Beam::Theme" [C:\Users\Alexi\Documents\Beam Audio Flux\build\BeamAudioFlux.vcxproj]
  (compilando archivo de origen "../src/engine/core/flux_node.cpp")
      C:\Users\Alexi\Documents\Beam Audio Flux\src\interface\core\theme.hpp(31,7):
      vea la declaración de 'Beam::Theme'
  
C:\Users\Alexi\Documents\Beam Audio Flux\src\interface\editors\generic_node_editor.hpp(188,31): error C2065: 'Bakelite': identificador no declarado [C:\Users\Alexi\Documents\Beam Audio Flux\build\BeamAudioFlux.vcxproj]
  (compilando archivo de origen "../src/engine/core/flux_node.cpp")
  
  vst3_host.cpp
C:\Users\Alexi\Documents\Beam Audio Flux\src\engine\hosting\vst3_utils.hpp(23,35): error C3668: 'Beam::HostAttributeList::setInteger': el método con el especificador de invalidación 'override' no invalidó ningún método de clase base [C:\Users\Alexi\Documents\Beam Audio Flux\build\BeamAudioFlux.vcxproj]
  (compilando archivo de origen "../src/engine/hosting/vst3_host.cpp")
  
C:\Users\Alexi\Documents\Beam Audio Flux\src\engine\hosting\vst3_utils.hpp(24,35): error C3668: 'Beam::HostAttributeList::getInteger': el método con el especificador de invalidación 'override' no invalidó ningún método de clase base [C:\Users\Alexi\Documents\Beam Audio Flux\build\BeamAudioFlux.vcxproj]
  (compilando archivo de origen "../src/engine/hosting/vst3_host.cpp")
  
C:\Users\Alexi\Documents\Beam Audio Flux\src\engine\hosting\vst3_utils.hpp(56,38): error C2259: "Beam::HostAttributeList": no se puede crear una instancia de una clase abstract [C:\Users\Alexi\Documents\Beam Audio Flux\build\BeamAudioFlux.vcxproj]
  (compilando archivo de origen "../src/engine/hosting/vst3_host.cpp")
      C:\Users\Alexi\Documents\Beam Audio Flux\src\engine\hosting\vst3_utils.hpp(21,7):
      vea la declaración de 'Beam::HostAttributeList'
      C:\Users\Alexi\Documents\Beam Audio Flux\src\engine\hosting\vst3_utils.hpp(56,38):
      debido a los siguientes miembros:
      C:\Users\Alexi\Documents\Beam Audio Flux\src\engine\hosting\vst3_utils.hpp(56,38):
      'Steinberg::tresult Steinberg::Vst::IAttributeList::setInt(Steinberg::Vst::IAttributeList::AttrID,Steinberg::int64)': es abstracto
      C:\Users\Alexi\Documents\Beam Audio Flux\third_party\vst3sdk\pluginterfaces\vst\ivstattributes.h(48,29):
      vea la declaración de 'Steinberg::Vst::IAttributeList::setInt'
      C:\Users\Alexi\Documents\Beam Audio Flux\src\engine\hosting\vst3_utils.hpp(56,38):
      'Steinberg::tresult Steinberg::Vst::IAttributeList::getInt(Steinberg::Vst::IAttributeList::AttrID,Steinberg::int64 &)': es abstracto
      C:\Users\Alexi\Documents\Beam Audio Flux\third_party\vst3sdk\pluginterfaces\vst\ivstattributes.h(51,29):
      vea la declaración de 'Steinberg::Vst::IAttributeList::getInt'
  
C:\Users\Alexi\Documents\Beam Audio Flux\src\engine\hosting\vst3_utils.hpp(56,55): error C2259: "Beam::HostAttributeList": no se puede crear una instancia de una clase abstract [C:\Users\Alexi\Documents\Beam Audio Flux\build\BeamAudioFlux.vcxproj]
  (compilando archivo de origen "../src/engine/hosting/vst3_host.cpp")
      C:\Users\Alexi\Documents\Beam Audio Flux\src\engine\hosting\vst3_utils.hpp(21,7):
      vea la declaración de 'Beam::HostAttributeList'
      C:\Users\Alexi\Documents\Beam Audio Flux\src\engine\hosting\vst3_utils.hpp(56,55):
      debido a los siguientes miembros:
      C:\Users\Alexi\Documents\Beam Audio Flux\src\engine\hosting\vst3_utils.hpp(56,55):
      'Steinberg::tresult Steinberg::Vst::IAttributeList::setInt(Steinberg::Vst::IAttributeList::AttrID,Steinberg::int64)': es abstracto
      C:\Users\Alexi\Documents\Beam Audio Flux\third_party\vst3sdk\pluginterfaces\vst\ivstattributes.h(48,29):
      vea la declaración de 'Steinberg::Vst::IAttributeList::setInt'
      C:\Users\Alexi\Documents\Beam Audio Flux\src\engine\hosting\vst3_utils.hpp(56,55):
      'Steinberg::tresult Steinberg::Vst::IAttributeList::getInt(Steinberg::Vst::IAttributeList::AttrID,Steinberg::int64 &)': es abstracto
      C:\Users\Alexi\Documents\Beam Audio Flux\third_party\vst3sdk\pluginterfaces\vst\ivstattributes.h(51,29):
      vea la declaración de 'Steinberg::Vst::IAttributeList::getInt'
  
  input_node.cpp
C:\Users\Alexi\Documents\Beam Audio Flux\src\interface\widgets\combo_box.hpp(26,76): error C2039: "Bakelite": no es un miembro de "Beam::Theme" [C:\Users\Alexi\Documents\Beam Audio Flux\build\BeamAudioFlux.vcxproj]
  (compilando archivo de origen "../src/engine/nodes/input_node.cpp")
      C:\Users\Alexi\Documents\Beam Audio Flux\src\interface\core\theme.hpp(31,7):
      vea la declaración de 'Beam::Theme'
  
C:\Users\Alexi\Documents\Beam Audio Flux\src\interface\widgets\combo_box.hpp(26,76): error C2065: 'Bakelite': identificador no declarado [C:\Users\Alexi\Documents\Beam Audio Flux\build\BeamAudioFlux.vcxproj]
  (compilando archivo de origen "../src/engine/nodes/input_node.cpp")
  
C:\Users\Alexi\Documents\Beam Audio Flux\src\interface\widgets\combo_box.hpp(26,95): error C2039: "Bakelite": no es un miembro de "Beam::Theme" [C:\Users\Alexi\Documents\Beam Audio Flux\build\BeamAudioFlux.vcxproj]
  (compilando archivo de origen "../src/engine/nodes/input_node.cpp")
      C:\Users\Alexi\Documents\Beam Audio Flux\src\interface\core\theme.hpp(31,7):
      vea la declaración de 'Beam::Theme'
  
C:\Users\Alexi\Documents\Beam Audio Flux\src\interface\widgets\combo_box.hpp(26,95): error C2065: 'Bakelite': identificador no declarado [C:\Users\Alexi\Documents\Beam Audio Flux\build\BeamAudioFlux.vcxproj]
  (compilando archivo de origen "../src/engine/nodes/input_node.cpp")
  
C:\Users\Alexi\Documents\Beam Audio Flux\src\interface\widgets\combo_box.hpp(26,114): error C2039: "Bakelite": no es un miembro de "Beam::Theme" [C:\Users\Alexi\Documents\Beam Audio Flux\build\BeamAudioFlux.vcxproj]
  (compilando archivo de origen "../src/engine/nodes/input_node.cpp")
      C:\Users\Alexi\Documents\Beam Audio Flux\src\interface\core\theme.hpp(31,7):
      vea la declaración de 'Beam::Theme'
  
C:\Users\Alexi\Documents\Beam Audio Flux\src\interface\widgets\combo_box.hpp(26,114): error C2065: 'Bakelite': identificador no declarado [C:\Users\Alexi\Documents\Beam Audio Flux\build\BeamAudioFlux.vcxproj]
  (compilando archivo de origen "../src/engine/nodes/input_node.cpp")
  
C:\Users\Alexi\Documents\Beam Audio Flux\src\interface\widgets\combo_box.hpp(26,11): error C2660: 'Beam::QuadBatcher::drawBeveledRect': la función no acepta 7 argumentos [C:\Users\Alexi\Documents\Beam Audio Flux\build\BeamAudioFlux.vcxproj]
  (compilando archivo de origen "../src/engine/nodes/input_node.cpp")
      C:\Users\Alexi\Documents\Beam Audio Flux\src\interface\render\quad_batcher.hpp(57,10):
      vea la declaración de 'Beam::QuadBatcher::drawBeveledRect'
      C:\Users\Alexi\Documents\Beam Audio Flux\src\interface\widgets\combo_box.hpp(26,11):
      al hacer coincidir la lista de argumentos '(int, int, float, float, float, float, float)'
  
C:\Users\Alexi\Documents\Beam Audio Flux\src\interface\widgets\combo_box.hpp(27,76): error C2039: "Emerald": no es un miembro de "Beam::Theme" [C:\Users\Alexi\Documents\Beam Audio Flux\build\BeamAudioFlux.vcxproj]
  (compilando archivo de origen "../src/engine/nodes/input_node.cpp")
      C:\Users\Alexi\Documents\Beam Audio Flux\src\interface\core\theme.hpp(31,7):
      vea la declaración de 'Beam::Theme'
  
C:\Users\Alexi\Documents\Beam Audio Flux\src\interface\widgets\combo_box.hpp(27,76): error C2065: 'Emerald': identificador no declarado [C:\Users\Alexi\Documents\Beam Audio Flux\build\BeamAudioFlux.vcxproj]
  (compilando archivo de origen "../src/engine/nodes/input_node.cpp")
  
C:\Users\Alexi\Documents\Beam Audio Flux\src\interface\widgets\combo_box.hpp(27,94): error C2039: "Emerald": no es un miembro de "Beam::Theme" [C:\Users\Alexi\Documents\Beam Audio Flux\build\BeamAudioFlux.vcxproj]
  (compilando archivo de origen "../src/engine/nodes/input_node.cpp")
      C:\Users\Alexi\Documents\Beam Audio Flux\src\interface\core\theme.hpp(31,7):
      vea la declaración de 'Beam::Theme'
  
C:\Users\Alexi\Documents\Beam Audio Flux\src\interface\widgets\combo_box.hpp(27,94): error C2065: 'Emerald': identificador no declarado [C:\Users\Alexi\Documents\Beam Audio Flux\build\BeamAudioFlux.vcxproj]
  (compilando archivo de origen "../src/engine/nodes/input_node.cpp")
  
C:\Users\Alexi\Documents\Beam Audio Flux\src\interface\widgets\combo_box.hpp(27,112): error C2039: "Emerald": no es un miembro de "Beam::Theme" [C:\Users\Alexi\Documents\Beam Audio Flux\build\BeamAudioFlux.vcxproj]
  (compilando archivo de origen "../src/engine/nodes/input_node.cpp")
      C:\Users\Alexi\Documents\Beam Audio Flux\src\interface\core\theme.hpp(31,7):
      vea la declaración de 'Beam::Theme'
  
C:\Users\Alexi\Documents\Beam Audio Flux\src\interface\widgets\combo_box.hpp(27,112): error C2065: 'Emerald': identificador no declarado [C:\Users\Alexi\Documents\Beam Audio Flux\build\BeamAudioFlux.vcxproj]
  (compilando archivo de origen "../src/engine/nodes/input_node.cpp")
  
C:\Users\Alexi\Documents\Beam Audio Flux\src\interface\widgets\combo_box.hpp(27,11): error C2660: 'Beam::QuadBatcher::drawRoundedRect': la función no acepta 7 argumentos [C:\Users\Alexi\Documents\Beam Audio Flux\build\BeamAudioFlux.vcxproj]
  (compilando archivo de origen "../src/engine/nodes/input_node.cpp")
      C:\Users\Alexi\Documents\Beam Audio Flux\src\interface\render\quad_batcher.hpp(45,10):
      vea la declaración de 'Beam::QuadBatcher::drawRoundedRect'
      C:\Users\Alexi\Documents\Beam Audio Flux\src\interface\widgets\combo_box.hpp(27,11):
      al hacer coincidir la lista de argumentos '(int, int, float, float, float, float, float)'
  
C:\Users\Alexi\Documents\Beam Audio Flux\src\interface\widgets\combo_box.hpp(33,64): error C2039: "Emerald": no es un miembro de "Beam::Theme" [C:\Users\Alexi\Documents\Beam Audio Flux\build\BeamAudioFlux.vcxproj]
  (compilando archivo de origen "../src/engine/nodes/input_node.cpp")
      C:\Users\Alexi\Documents\Beam Audio Flux\src\interface\core\theme.hpp(31,7):
      vea la declaración de 'Beam::Theme'
  
C:\Users\Alexi\Documents\Beam Audio Flux\src\interface\widgets\combo_box.hpp(33,64): error C2065: 'Emerald': identificador no declarado [C:\Users\Alexi\Documents\Beam Audio Flux\build\BeamAudioFlux.vcxproj]
  (compilando archivo de origen "../src/engine/nodes/input_node.cpp")
  
C:\Users\Alexi\Documents\Beam Audio Flux\src\interface\widgets\combo_box.hpp(33,82): error C2039: "Emerald": no es un miembro de "Beam::Theme" [C:\Users\Alexi\Documents\Beam Audio Flux\build\BeamAudioFlux.vcxproj]
  (compilando archivo de origen "../src/engine/nodes/input_node.cpp")
      C:\Users\Alexi\Documents\Beam Audio Flux\src\interface\core\theme.hpp(31,7):
      vea la declaración de 'Beam::Theme'
  
C:\Users\Alexi\Documents\Beam Audio Flux\src\interface\widgets\combo_box.hpp(33,82): error C2065: 'Emerald': identificador no declarado [C:\Users\Alexi\Documents\Beam Audio Flux\build\BeamAudioFlux.vcxproj]
  (compilando archivo de origen "../src/engine/nodes/input_node.cpp")
  
C:\Users\Alexi\Documents\Beam Audio Flux\src\interface\widgets\combo_box.hpp(33,100): error C2039: "Emerald": no es un miembro de "Beam::Theme" [C:\Users\Alexi\Documents\Beam Audio Flux\build\BeamAudioFlux.vcxproj]
  (compilando archivo de origen "../src/engine/nodes/input_node.cpp")
      C:\Users\Alexi\Documents\Beam Audio Flux\src\interface\core\theme.hpp(31,7):
      vea la declaración de 'Beam::Theme'
  
C:\Users\Alexi\Documents\Beam Audio Flux\src\interface\widgets\combo_box.hpp(33,100): error C2065: 'Emerald': identificador no declarado [C:\Users\Alexi\Documents\Beam Audio Flux\build\BeamAudioFlux.vcxproj]
  (compilando archivo de origen "../src/engine/nodes/input_node.cpp")
  
C:\Users\Alexi\Documents\Beam Audio Flux\src\interface\widgets\combo_box.hpp(33,19): error C2660: 'Beam::QuadBatcher::drawQuad': la función no acepta 5 argumentos [C:\Users\Alexi\Documents\Beam Audio Flux\build\BeamAudioFlux.vcxproj]
  (compilando archivo de origen "../src/engine/nodes/input_node.cpp")
      C:\Users\Alexi\Documents\Beam Audio Flux\src\interface\render\quad_batcher.hpp(33,10):
      vea la declaración de 'Beam::QuadBatcher::drawQuad'
      C:\Users\Alexi\Documents\Beam Audio Flux\src\interface\widgets\combo_box.hpp(33,19):
      al hacer coincidir la lista de argumentos '(int, float, float, float, float)'
  
C:\Users\Alexi\Documents\Beam Audio Flux\src\interface\widgets\knob.hpp(131,26): error C2039: "KnobStyle": no es un miembro de "Beam::Theme" [C:\Users\Alexi\Documents\Beam Audio Flux\build\BeamAudioFlux.vcxproj]
  (compilando archivo de origen "../src/engine/nodes/input_node.cpp")
      C:\Users\Alexi\Documents\Beam Audio Flux\src\interface\core\theme.hpp(31,7):
      vea la declaración de 'Beam::Theme'
  
C:\Users\Alexi\Documents\Beam Audio Flux\src\interface\widgets\knob.hpp(131,26): error C2061: error de sintaxis: identificador 'KnobStyle' [C:\Users\Alexi\Documents\Beam Audio Flux\build\BeamAudioFlux.vcxproj]
  (compilando archivo de origen "../src/engine/nodes/input_node.cpp")
  
C:\Users\Alexi\Documents\Beam Audio Flux\src\interface\widgets\knob.hpp(132,12): error C2039: "KnobStyle": no es un miembro de "Beam::Theme" [C:\Users\Alexi\Documents\Beam Audio Flux\build\BeamAudioFlux.vcxproj]
  (compilando archivo de origen "../src/engine/nodes/input_node.cpp")
      C:\Users\Alexi\Documents\Beam Audio Flux\src\interface\core\theme.hpp(31,7):
      vea la declaración de 'Beam::Theme'
  
C:\Users\Alexi\Documents\Beam Audio Flux\src\interface\widgets\knob.hpp(132,22): error C3646: 'getStyle': especificador de invalidación desconocido [C:\Users\Alexi\Documents\Beam Audio Flux\build\BeamAudioFlux.vcxproj]
  (compilando archivo de origen "../src/engine/nodes/input_node.cpp")
  
C:\Users\Alexi\Documents\Beam Audio Flux\src\interface\widgets\knob.hpp(132,30): error C2059: error de sintaxis: '(' [C:\Users\Alexi\Documents\Beam Audio Flux\build\BeamAudioFlux.vcxproj]
  (compilando archivo de origen "../src/engine/nodes/input_node.cpp")
  
C:\Users\Alexi\Documents\Beam Audio Flux\src\interface\widgets\knob.hpp(132,39): error C2334: símbolos (token) inesperados delante de '{'; se pasará por alto el cuerpo de función aparente [C:\Users\Alexi\Documents\Beam Audio Flux\build\BeamAudioFlux.vcxproj]
  (compilando archivo de origen "../src/engine/nodes/input_node.cpp")
  
C:\Users\Alexi\Documents\Beam Audio Flux\src\interface\widgets\knob.hpp(146,12): error C2039: "KnobStyle": no es un miembro de "Beam::Theme" [C:\Users\Alexi\Documents\Beam Audio Flux\build\BeamAudioFlux.vcxproj]
  (compilando archivo de origen "../src/engine/nodes/input_node.cpp")
      C:\Users\Alexi\Documents\Beam Audio Flux\src\interface\core\theme.hpp(31,7):
      vea la declaración de 'Beam::Theme'
  
C:\Users\Alexi\Documents\Beam Audio Flux\src\interface\widgets\knob.hpp(146,22): error C3646: 'm_style': especificador de invalidación desconocido [C:\Users\Alexi\Documents\Beam Audio Flux\build\BeamAudioFlux.vcxproj]
  (compilando archivo de origen "../src/engine/nodes/input_node.cpp")
  
C:\Users\Alexi\Documents\Beam Audio Flux\src\interface\widgets\knob.hpp(146,30): error C2059: error de sintaxis: '=' [C:\Users\Alexi\Documents\Beam Audio Flux\build\BeamAudioFlux.vcxproj]
  (compilando archivo de origen "../src/engine/nodes/input_node.cpp")
  
C:\Users\Alexi\Documents\Beam Audio Flux\src\interface\widgets\knob.hpp(146,39): error C3083: 'KnobStyle': el símbolo situado a la izquierda de '::' debe ser un tipo [C:\Users\Alexi\Documents\Beam Audio Flux\build\BeamAudioFlux.vcxproj]
  (compilando archivo de origen "../src/engine/nodes/input_node.cpp")
  
C:\Users\Alexi\Documents\Beam Audio Flux\src\interface\widgets\knob.hpp(146,50): error C2039: "ClassicBakelite": no es un miembro de "Beam::Theme" [C:\Users\Alexi\Documents\Beam Audio Flux\build\BeamAudioFlux.vcxproj]
  (compilando archivo de origen "../src/engine/nodes/input_node.cpp")
      C:\Users\Alexi\Documents\Beam Audio Flux\src\interface\core\theme.hpp(31,7):
      vea la declaración de 'Beam::Theme'
  
C:\Users\Alexi\Documents\Beam Audio Flux\src\interface\widgets\knob.hpp(146,65): error C2238: símbolos (token) inesperados delante de ';' [C:\Users\Alexi\Documents\Beam Audio Flux\build\BeamAudioFlux.vcxproj]
  (compilando archivo de origen "../src/engine/nodes/input_node.cpp")
  
C:\Users\Alexi\Documents\Beam Audio Flux\src\interface\widgets\knob.hpp(131,45): error C2065: 'm_style': identificador no declarado [C:\Users\Alexi\Documents\Beam Audio Flux\build\BeamAudioFlux.vcxproj]
  (compilando archivo de origen "../src/engine/nodes/input_node.cpp")
  
C:\Users\Alexi\Documents\Beam Audio Flux\src\interface\widgets\knob.hpp(131,55): error C2065: 'style': identificador no declarado [C:\Users\Alexi\Documents\Beam Audio Flux\build\BeamAudioFlux.vcxproj]
  (compilando archivo de origen "../src/engine/nodes/input_node.cpp")
  
C:\Users\Alexi\Documents\Beam Audio Flux\src\interface\analog\analog_ui_templates.hpp(18,12): error C2039: "MaterialType": no es un miembro de "Beam::Theme" [C:\Users\Alexi\Documents\Beam Audio Flux\build\BeamAudioFlux.vcxproj]
  (compilando archivo de origen "../src/engine/nodes/input_node.cpp")
      C:\Users\Alexi\Documents\Beam Audio Flux\src\interface\core\theme.hpp(31,7):
      vea la declaración de 'Beam::Theme'
  
C:\Users\Alexi\Documents\Beam Audio Flux\src\interface\analog\analog_ui_templates.hpp(18,25): error C3646: 'material': especificador de invalidación desconocido [C:\Users\Alexi\Documents\Beam Audio Flux\build\BeamAudioFlux.vcxproj]
  (compilando archivo de origen "../src/engine/nodes/input_node.cpp")
  
C:\Users\Alexi\Documents\Beam Audio Flux\src\interface\analog\analog_ui_templates.hpp(18,34): error C2059: error de sintaxis: '=' [C:\Users\Alexi\Documents\Beam Audio Flux\build\BeamAudioFlux.vcxproj]
  (compilando archivo de origen "../src/engine/nodes/input_node.cpp")
  
C:\Users\Alexi\Documents\Beam Audio Flux\src\interface\analog\analog_ui_templates.hpp(18,43): error C3083: 'MaterialType': el símbolo situado a la izquierda de '::' debe ser un tipo [C:\Users\Alexi\Documents\Beam Audio Flux\build\BeamAudioFlux.vcxproj]
  (compilando archivo de origen "../src/engine/nodes/input_node.cpp")
  
C:\Users\Alexi\Documents\Beam Audio Flux\src\interface\analog\analog_ui_templates.hpp(18,57): error C2039: "Standard": no es un miembro de "Beam::Theme" [C:\Users\Alexi\Documents\Beam Audio Flux\build\BeamAudioFlux.vcxproj]
  (compilando archivo de origen "../src/engine/nodes/input_node.cpp")
      C:\Users\Alexi\Documents\Beam Audio Flux\src\interface\core\theme.hpp(31,7):
      vea la declaración de 'Beam::Theme'
  
C:\Users\Alexi\Documents\Beam Audio Flux\src\interface\analog\analog_ui_templates.hpp(18,65): error C2238: símbolos (token) inesperados delante de ';' [C:\Users\Alexi\Documents\Beam Audio Flux\build\BeamAudioFlux.vcxproj]
  (compilando archivo de origen "../src/engine/nodes/input_node.cpp")
  
C:\Users\Alexi\Documents\Beam Audio Flux\src\interface\analog\analog_ui_templates.hpp(19,12): error C2039: "KnobStyle": no es un miembro de "Beam::Theme" [C:\Users\Alexi\Documents\Beam Audio Flux\build\BeamAudioFlux.vcxproj]
  (compilando archivo de origen "../src/engine/nodes/input_node.cpp")
      C:\Users\Alexi\Documents\Beam Audio Flux\src\interface\core\theme.hpp(31,7):
      vea la declaración de 'Beam::Theme'
  
C:\Users\Alexi\Documents\Beam Audio Flux\src\interface\analog\analog_ui_templates.hpp(19,22): error C3646: 'knobStyle': especificador de invalidación desconocido [C:\Users\Alexi\Documents\Beam Audio Flux\build\BeamAudioFlux.vcxproj]
  (compilando archivo de origen "../src/engine/nodes/input_node.cpp")
  
C:\Users\Alexi\Documents\Beam Audio Flux\src\interface\analog\analog_ui_templates.hpp(19,32): error C2059: error de sintaxis: '=' [C:\Users\Alexi\Documents\Beam Audio Flux\build\BeamAudioFlux.vcxproj]
  (compilando archivo de origen "../src/engine/nodes/input_node.cpp")
  
C:\Users\Alexi\Documents\Beam Audio Flux\src\interface\analog\analog_ui_templates.hpp(19,41): error C3083: 'KnobStyle': el símbolo situado a la izquierda de '::' debe ser un tipo [C:\Users\Alexi\Documents\Beam Audio Flux\build\BeamAudioFlux.vcxproj]
  (compilando archivo de origen "../src/engine/nodes/input_node.cpp")
  
C:\Users\Alexi\Documents\Beam Audio Flux\src\interface\analog\analog_ui_templates.hpp(19,52): error C2039: "ClassicBakelite": no es un miembro de "Beam::Theme" [C:\Users\Alexi\Documents\Beam Audio Flux\build\BeamAudioFlux.vcxproj]
  (compilando archivo de origen "../src/engine/nodes/input_node.cpp")
      C:\Users\Alexi\Documents\Beam Audio Flux\src\interface\core\theme.hpp(31,7):
      vea la declaración de 'Beam::Theme'
  
C:\Users\Alexi\Documents\Beam Audio Flux\src\interface\analog\analog_ui_templates.hpp(19,67): error C2238: símbolos (token) inesperados delante de ';' [C:\Users\Alexi\Documents\Beam Audio Flux\build\BeamAudioFlux.vcxproj]
  (compilando archivo de origen "../src/engine/nodes/input_node.cpp")
  
C:\Users\Alexi\Documents\Beam Audio Flux\src\interface\analog\analog_ui_templates.hpp(63,36): error C2039: "knobStyle": no es un miembro de "Beam::RackStyle" [C:\Users\Alexi\Documents\Beam Audio Flux\build\BeamAudioFlux.vcxproj]
  (compilando archivo de origen "../src/engine/nodes/input_node.cpp")
      C:\Users\Alexi\Documents\Beam Audio Flux\src\interface\analog\analog_ui_templates.hpp(15,8):
      vea la declaración de 'Beam::RackStyle'
  
C:\Users\Alexi\Documents\Beam Audio Flux\src\interface\analog\analog_ui_templates.hpp(63,19): error C2660: 'Beam::Knob::setStyle': la función no acepta 1 argumentos [C:\Users\Alexi\Documents\Beam Audio Flux\build\BeamAudioFlux.vcxproj]
  (compilando archivo de origen "../src/engine/nodes/input_node.cpp")
      C:\Users\Alexi\Documents\Beam Audio Flux\src\interface\widgets\knob.hpp(131,10):
      vea la declaración de 'Beam::Knob::setStyle'
      C:\Users\Alexi\Documents\Beam Audio Flux\src\interface\analog\analog_ui_templates.hpp(63,19):
      al hacer coincidir la lista de argumentos '()'
  
C:\Users\Alexi\Documents\Beam Audio Flux\src\interface\analog\analog_ui_templates.hpp(110,35): error C2039: "darker": no es un miembro de "Beam::Color" [C:\Users\Alexi\Documents\Beam Audio Flux\build\BeamAudioFlux.vcxproj]
  (compilando archivo de origen "../src/engine/nodes/input_node.cpp")
      C:\Users\Alexi\Documents\Beam Audio Flux\src\interface\core\theme.hpp(12,8):
      vea la declaración de 'Beam::Color'
  
C:\Users\Alexi\Documents\Beam Audio Flux\src\interface\analog\analog_ui_templates.hpp(110,54): error C2039: "darker": no es un miembro de "Beam::Color" [C:\Users\Alexi\Documents\Beam Audio Flux\build\BeamAudioFlux.vcxproj]
  (compilando archivo de origen "../src/engine/nodes/input_node.cpp")
      C:\Users\Alexi\Documents\Beam Audio Flux\src\interface\core\theme.hpp(12,8):
      vea la declaración de 'Beam::Color'
  
C:\Users\Alexi\Documents\Beam Audio Flux\src\interface\analog\analog_ui_templates.hpp(110,73): error C2039: "darker": no es un miembro de "Beam::Color" [C:\Users\Alexi\Documents\Beam Audio Flux\build\BeamAudioFlux.vcxproj]
  (compilando archivo de origen "../src/engine/nodes/input_node.cpp")
      C:\Users\Alexi\Documents\Beam Audio Flux\src\interface\core\theme.hpp(12,8):
      vea la declaración de 'Beam::Color'
  
C:\Users\Alexi\Documents\Beam Audio Flux\src\interface\analog\analog_ui_templates.hpp(109,17): error C2660: 'Beam::QuadBatcher::drawRoundedRect': la función no acepta 7 argumentos [C:\Users\Alexi\Documents\Beam Audio Flux\build\BeamAudioFlux.vcxproj]
  (compilando archivo de origen "../src/engine/nodes/input_node.cpp")
      C:\Users\Alexi\Documents\Beam Audio Flux\src\interface\render\quad_batcher.hpp(45,10):
      vea la declaración de 'Beam::QuadBatcher::drawRoundedRect'
      C:\Users\Alexi\Documents\Beam Audio Flux\src\interface\analog\analog_ui_templates.hpp(109,17):
      al hacer coincidir la lista de argumentos '(float, const float, float, float, float, float, float)'
  
C:\Users\Alexi\Documents\Beam Audio Flux\src\interface\analog\analog_ui_templates.hpp(124,59): error C2039: "darker": no es un miembro de "Beam::Color" [C:\Users\Alexi\Documents\Beam Audio Flux\build\BeamAudioFlux.vcxproj]
  (compilando archivo de origen "../src/engine/nodes/input_node.cpp")
      C:\Users\Alexi\Documents\Beam Audio Flux\src\interface\core\theme.hpp(12,8):
      vea la declaración de 'Beam::Color'
  
C:\Users\Alexi\Documents\Beam Audio Flux\src\interface\analog\analog_ui_templates.hpp(124,78): error C2039: "darker": no es un miembro de "Beam::Color" [C:\Users\Alexi\Documents\Beam Audio Flux\build\BeamAudioFlux.vcxproj]
  (compilando archivo de origen "../src/engine/nodes/input_node.cpp")
      C:\Users\Alexi\Documents\Beam Audio Flux\src\interface\core\theme.hpp(12,8):
      vea la declaración de 'Beam::Color'
  
C:\Users\Alexi\Documents\Beam Audio Flux\src\interface\analog\analog_ui_templates.hpp(124,97): error C2039: "darker": no es un miembro de "Beam::Color" [C:\Users\Alexi\Documents\Beam Audio Flux\build\BeamAudioFlux.vcxproj]
  (compilando archivo de origen "../src/engine/nodes/input_node.cpp")
      C:\Users\Alexi\Documents\Beam Audio Flux\src\interface\core\theme.hpp(12,8):
      vea la declaración de 'Beam::Color'
  
C:\Users\Alexi\Documents\Beam Audio Flux\src\interface\analog\analog_ui_templates.hpp(124,17): error C2660: 'Beam::QuadBatcher::drawText': la función no acepta 5 argumentos [C:\Users\Alexi\Documents\Beam Audio Flux\build\BeamAudioFlux.vcxproj]
  (compilando archivo de origen "../src/engine/nodes/input_node.cpp")
      C:\Users\Alexi\Documents\Beam Audio Flux\src\interface\render\quad_batcher.hpp(67,10):
      vea la declaración de 'Beam::QuadBatcher::drawText'
      C:\Users\Alexi\Documents\Beam Audio Flux\src\interface\analog\analog_ui_templates.hpp(124,17):
      al hacer coincidir la lista de argumentos '(std::string, int, int, float, float)'
  
C:\Users\Alexi\Documents\Beam Audio Flux\src\interface\analog\analog_ui_templates.hpp(128,66): error C2039: "withAlpha": no es un miembro de "Beam::Color" [C:\Users\Alexi\Documents\Beam Audio Flux\build\BeamAudioFlux.vcxproj]
  (compilando archivo de origen "../src/engine/nodes/input_node.cpp")
      C:\Users\Alexi\Documents\Beam Audio Flux\src\interface\core\theme.hpp(12,8):
      vea la declaración de 'Beam::Color'
  
C:\Users\Alexi\Documents\Beam Audio Flux\src\interface\analog\analog_ui_templates.hpp(128,88): error C2039: "withAlpha": no es un miembro de "Beam::Color" [C:\Users\Alexi\Documents\Beam Audio Flux\build\BeamAudioFlux.vcxproj]
  (compilando archivo de origen "../src/engine/nodes/input_node.cpp")
      C:\Users\Alexi\Documents\Beam Audio Flux\src\interface\core\theme.hpp(12,8):
      vea la declaración de 'Beam::Color'
  
C:\Users\Alexi\Documents\Beam Audio Flux\src\interface\analog\analog_ui_templates.hpp(128,110): error C2039: "withAlpha": no es un miembro de "Beam::Color" [C:\Users\Alexi\Documents\Beam Audio Flux\build\BeamAudioFlux.vcxproj]
  (compilando archivo de origen "../src/engine/nodes/input_node.cpp")
      C:\Users\Alexi\Documents\Beam Audio Flux\src\interface\core\theme.hpp(12,8):
      vea la declaración de 'Beam::Color'
  
C:\Users\Alexi\Documents\Beam Audio Flux\src\interface\analog\analog_ui_templates.hpp(128,21): error C2660: 'Beam::QuadBatcher::drawText': la función no acepta 5 argumentos [C:\Users\Alexi\Documents\Beam Audio Flux\build\BeamAudioFlux.vcxproj]
  (compilando archivo de origen "../src/engine/nodes/input_node.cpp")
      C:\Users\Alexi\Documents\Beam Audio Flux\src\interface\render\quad_batcher.hpp(67,10):
      vea la declaración de 'Beam::QuadBatcher::drawText'
      C:\Users\Alexi\Documents\Beam Audio Flux\src\interface\analog\analog_ui_templates.hpp(128,21):
      al hacer coincidir la lista de argumentos '(std::string, int, int, float, float)'
  
C:\Users\Alexi\Documents\Beam Audio Flux\src\interface\analog\analog_ui_templates.hpp(162,52): error C2039: "LEDGreen": no es un miembro de "Beam::Theme" [C:\Users\Alexi\Documents\Beam Audio Flux\build\BeamAudioFlux.vcxproj]
  (compilando archivo de origen "../src/engine/nodes/input_node.cpp")
      C:\Users\Alexi\Documents\Beam Audio Flux\src\interface\core\theme.hpp(31,7):
      vea la declaración de 'Beam::Theme'
  
C:\Users\Alexi\Documents\Beam Audio Flux\src\interface\analog\analog_ui_templates.hpp(162,52): error C2065: 'LEDGreen': identificador no declarado [C:\Users\Alexi\Documents\Beam Audio Flux\build\BeamAudioFlux.vcxproj]
  (compilando archivo de origen "../src/engine/nodes/input_node.cpp")
  
C:\Users\Alexi\Documents\Beam Audio Flux\src\interface\analog\analog_ui_templates.hpp(162,87): error C2039: "LEDYellow": no es un miembro de "Beam::Theme" [C:\Users\Alexi\Documents\Beam Audio Flux\build\BeamAudioFlux.vcxproj]
  (compilando archivo de origen "../src/engine/nodes/input_node.cpp")
      C:\Users\Alexi\Documents\Beam Audio Flux\src\interface\core\theme.hpp(31,7):
      vea la declaración de 'Beam::Theme'
  
C:\Users\Alexi\Documents\Beam Audio Flux\src\interface\analog\analog_ui_templates.hpp(162,87): error C2065: 'LEDYellow': identificador no declarado [C:\Users\Alexi\Documents\Beam Audio Flux\build\BeamAudioFlux.vcxproj]
  (compilando archivo de origen "../src/engine/nodes/input_node.cpp")
  
C:\Users\Alexi\Documents\Beam Audio Flux\src\interface\analog\analog_ui_templates.hpp(162,106): error C2039: "LEDRed": no es un miembro de "Beam::Theme" [C:\Users\Alexi\Documents\Beam Audio Flux\build\BeamAudioFlux.vcxproj]
  (compilando archivo de origen "../src/engine/nodes/input_node.cpp")
      C:\Users\Alexi\Documents\Beam Audio Flux\src\interface\core\theme.hpp(31,7):
      vea la declaración de 'Beam::Theme'
  
C:\Users\Alexi\Documents\Beam Audio Flux\src\interface\analog\analog_ui_templates.hpp(162,106): error C2065: 'LEDRed': identificador no declarado [C:\Users\Alexi\Documents\Beam Audio Flux\build\BeamAudioFlux.vcxproj]
  (compilando archivo de origen "../src/engine/nodes/input_node.cpp")
  
C:\Users\Alexi\Documents\Beam Audio Flux\src\interface\analog\analog_ui_templates.hpp(165,54): error C2039: "LEDGreen": no es un miembro de "Beam::Theme" [C:\Users\Alexi\Documents\Beam Audio Flux\build\BeamAudioFlux.vcxproj]
  (compilando archivo de origen "../src/engine/nodes/input_node.cpp")
      C:\Users\Alexi\Documents\Beam Audio Flux\src\interface\core\theme.hpp(31,7):
      vea la declaración de 'Beam::Theme'
  
C:\Users\Alexi\Documents\Beam Audio Flux\src\interface\analog\analog_ui_templates.hpp(165,54): error C2065: 'LEDGreen': identificador no declarado [C:\Users\Alexi\Documents\Beam Audio Flux\build\BeamAudioFlux.vcxproj]
  (compilando archivo de origen "../src/engine/nodes/input_node.cpp")
  
C:\Users\Alexi\Documents\Beam Audio Flux\src\interface\analog\analog_ui_templates.hpp(165,91): error C2039: "LEDYellow": no es un miembro de "Beam::Theme" [C:\Users\Alexi\Documents\Beam Audio Flux\build\BeamAudioFlux.vcxproj]
  (compilando archivo de origen "../src/engine/nodes/input_node.cpp")
      C:\Users\Alexi\Documents\Beam Audio Flux\src\interface\core\theme.hpp(31,7):
      vea la declaración de 'Beam::Theme'
  
C:\Users\Alexi\Documents\Beam Audio Flux\src\interface\analog\analog_ui_templates.hpp(165,91): error C2065: 'LEDYellow': identificador no declarado [C:\Users\Alexi\Documents\Beam Audio Flux\build\BeamAudioFlux.vcxproj]
  (compilando archivo de origen "../src/engine/nodes/input_node.cpp")
  
C:\Users\Alexi\Documents\Beam Audio Flux\src\interface\analog\analog_ui_templates.hpp(165,110): error C2039: "LEDRed": no es un miembro de "Beam::Theme" [C:\Users\Alexi\Documents\Beam Audio Flux\build\BeamAudioFlux.vcxproj]
  (compilando archivo de origen "../src/engine/nodes/input_node.cpp")
      C:\Users\Alexi\Documents\Beam Audio Flux\src\interface\core\theme.hpp(31,7):
      vea la declaración de 'Beam::Theme'
  
C:\Users\Alexi\Documents\Beam Audio Flux\src\interface\analog\analog_ui_templates.hpp(165,110): error C2065: 'LEDRed': identificador no declarado [C:\Users\Alexi\Documents\Beam Audio Flux\build\BeamAudioFlux.vcxproj]
  (compilando archivo de origen "../src/engine/nodes/input_node.cpp")
  
C:\Users\Alexi\Documents\Beam Audio Flux\src\interface\analog\analog_ui_templates.hpp(205,77): error C3083: 'MaterialType': el símbolo situado a la izquierda de '::' debe ser un tipo [C:\Users\Alexi\Documents\Beam Audio Flux\build\BeamAudioFlux.vcxproj]
  (compilando archivo de origen "../src/engine/nodes/input_node.cpp")
  
C:\Users\Alexi\Documents\Beam Audio Flux\src\interface\analog\analog_ui_templates.hpp(205,91): error C2039: "WrinklePaint": no es un miembro de "Beam::Theme" [C:\Users\Alexi\Documents\Beam Audio Flux\build\BeamAudioFlux.vcxproj]
  (compilando archivo de origen "../src/engine/nodes/input_node.cpp")
      C:\Users\Alexi\Documents\Beam Audio Flux\src\interface\core\theme.hpp(31,7):
      vea la declaración de 'Beam::Theme'
  
C:\Users\Alexi\Documents\Beam Audio Flux\src\interface\analog\analog_ui_templates.hpp(205,91): error C2065: 'WrinklePaint': identificador no declarado [C:\Users\Alexi\Documents\Beam Audio Flux\build\BeamAudioFlux.vcxproj]
  (compilando archivo de origen "../src/engine/nodes/input_node.cpp")
  
C:\Users\Alexi\Documents\Beam Audio Flux\src\interface\analog\analog_ui_templates.hpp(205,112): error C3083: 'KnobStyle': el símbolo situado a la izquierda de '::' debe ser un tipo [C:\Users\Alexi\Documents\Beam Audio Flux\build\BeamAudioFlux.vcxproj]
  (compilando archivo de origen "../src/engine/nodes/input_node.cpp")
  
C:\Users\Alexi\Documents\Beam Audio Flux\src\interface\analog\analog_ui_templates.hpp(205,123): error C2039: "ClassicBakelite": no es un miembro de "Beam::Theme" [C:\Users\Alexi\Documents\Beam Audio Flux\build\BeamAudioFlux.vcxproj]
  (compilando archivo de origen "../src/engine/nodes/input_node.cpp")
      C:\Users\Alexi\Documents\Beam Audio Flux\src\interface\core\theme.hpp(31,7):
      vea la declaración de 'Beam::Theme'
  
C:\Users\Alexi\Documents\Beam Audio Flux\src\interface\analog\analog_ui_templates.hpp(205,123): error C2065: 'ClassicBakelite': identificador no declarado [C:\Users\Alexi\Documents\Beam Audio Flux\build\BeamAudioFlux.vcxproj]
  (compilando archivo de origen "../src/engine/nodes/input_node.cpp")
  
C:\Users\Alexi\Documents\Beam Audio Flux\src\interface\analog\analog_ui_templates.hpp(205,16): error C2440: 'return': no se puede realizar la conversión de 'initializer list' a 'Beam::RackStyle' [C:\Users\Alexi\Documents\Beam Audio Flux\build\BeamAudioFlux.vcxproj]
  (compilando archivo de origen "../src/engine/nodes/input_node.cpp")
      C:\Users\Alexi\Documents\Beam Audio Flux\src\interface\analog\analog_ui_templates.hpp(205,9):
      Inicialización de agregados no válida
          C:\Users\Alexi\Documents\Beam Audio Flux\src\interface\analog\analog_ui_templates.hpp(205,153):
          'inicializando': no se puede realizar la conversión de 'bool' a 'std::string'
              C:\Users\Alexi\Documents\Beam Audio Flux\src\interface\analog\analog_ui_templates.hpp(205,153):
              'std::basic_string<char,std::char_traits<char>,std::allocator<char>>::basic_string':ninguna función sobrecargada pudo convertir todos los tipos de argumento
                  C:\Program Files\Microsoft Visual Studio\2022\Community\VC\Tools\MSVC\14.42.34433\include\xstring(749,5):
                  puede ser 'std::basic_string<char,std::char_traits<char>,std::allocator<char>>::basic_string(const _Elem *const )'
          with
          [
              _Elem=char
          ]
                      C:\Users\Alexi\Documents\Beam Audio Flux\src\interface\analog\analog_ui_templates.hpp(205,153):
                      'std::basic_string<char,std::char_traits<char>,std::allocator<char>>::basic_string(const _Elem *const )': el argumento 1 no puede convertirse de 'bool' a 'const _Elem *const '
          with
          [
              _Elem=char
          ]
                          C:\Users\Alexi\Documents\Beam Audio Flux\src\interface\analog\analog_ui_templates.hpp(205,153):
                          La conversión de un tipo entero a un tipo de puntero requiere reinterpret_cast, conversión de estilo de C o conversión de estilo de función entre paréntesis
                  C:\Program Files\Microsoft Visual Studio\2022\Community\VC\Tools\MSVC\14.42.34433\include\xstring(1327,5):
                  o       'std::basic_string<char,std::char_traits<char>,std::allocator<char>>::basic_string(std::initializer_list<_Elem>,const _Alloc &)'
          with
          [
              _Elem=char,
              _Alloc=std::allocator<char>
          ]
                      C:\Users\Alexi\Documents\Beam Audio Flux\src\interface\analog\analog_ui_templates.hpp(205,153):
                      'std::basic_string<char,std::char_traits<char>,std::allocator<char>>::basic_string(std::initializer_list<_Elem>,const _Alloc &)': el argumento 1 no puede convertirse de 'bool' a 'std::initializer_list<_Elem>'
          with
          [
              _Elem=char,
              _Alloc=std::allocator<char>
          ]
          and
          [
              _Elem=char
          ]
                          C:\Users\Alexi\Documents\Beam Audio Flux\src\interface\analog\analog_ui_templates.hpp(205,153):
                          La conversión requiere un segundo operador de conversión definido por el usuario o constructor
                  C:\Program Files\Microsoft Visual Studio\2022\Community\VC\Tools\MSVC\14.42.34433\include\xstring(1138,5):
                  o       'std::basic_string<char,std::char_traits<char>,std::allocator<char>>::basic_string(const _Ty &,const unsigned __int64,const unsigned __int64,const _Alloc &)'
          with
          [
              _Alloc=std::allocator<char>
          ]
                  C:\Program Files\Microsoft Visual Studio\2022\Community\VC\Tools\MSVC\14.42.34433\include\xstring(779,5):
                  o       'std::basic_string<char,std::char_traits<char>,std::allocator<char>>::basic_string(_Iter,_Iter,const _Alloc &)'
          with
          [
              _Alloc=std::allocator<char>
          ]
                  C:\Program Files\Microsoft Visual Studio\2022\Community\VC\Tools\MSVC\14.42.34433\include\xstring(773,5):
                  o       'std::basic_string<char,std::char_traits<char>,std::allocator<char>>::basic_string(const unsigned __int64,const _Elem,const _Alloc &)'
          with
          [
              _Elem=char,
              _Alloc=std::allocator<char>
          ]
                  C:\Program Files\Microsoft Visual Studio\2022\Community\VC\Tools\MSVC\14.42.34433\include\xstring(756,5):
                  o       'std::basic_string<char,std::char_traits<char>,std::allocator<char>>::basic_string(const _Elem *const ,const _Alloc &)'
          with
          [
              _Elem=char,
              _Alloc=std::allocator<char>
          ]
                  C:\Program Files\Microsoft Visual Studio\2022\Community\VC\Tools\MSVC\14.42.34433\include\xstring(743,5):
                  o       'std::basic_string<char,std::char_traits<char>,std::allocator<char>>::basic_string(const _Elem *const ,const unsigned __int64,const _Alloc &)'
          with
          [
              _Elem=char,
              _Alloc=std::allocator<char>
          ]
                  C:\Users\Alexi\Documents\Beam Audio Flux\src\interface\analog\analog_ui_templates.hpp(205,153):
                  al hacer coincidir la lista de argumentos '(bool)'
          C:\Users\Alexi\Documents\Beam Audio Flux\src\interface\analog\analog_ui_templates.hpp(205,160):
          'inicializando': no se puede realizar la conversión de 'bool' a 'std::string'
              C:\Users\Alexi\Documents\Beam Audio Flux\src\interface\analog\analog_ui_templates.hpp(205,160):
              'std::basic_string<char,std::char_traits<char>,std::allocator<char>>::basic_string':ninguna función sobrecargada pudo convertir todos los tipos de argumento
                  C:\Program Files\Microsoft Visual Studio\2022\Community\VC\Tools\MSVC\14.42.34433\include\xstring(749,5):
                  puede ser 'std::basic_string<char,std::char_traits<char>,std::allocator<char>>::basic_string(const _Elem *const )'
          with
          [
              _Elem=char
          ]
                      C:\Users\Alexi\Documents\Beam Audio Flux\src\interface\analog\analog_ui_templates.hpp(205,160):
                      'std::basic_string<char,std::char_traits<char>,std::allocator<char>>::basic_string(const _Elem *const )': el argumento 1 no puede convertirse de 'bool' a 'const _Elem *const '
          with
          [
              _Elem=char
          ]
                          C:\Users\Alexi\Documents\Beam Audio Flux\src\interface\analog\analog_ui_templates.hpp(205,160):
                          La conversión de un tipo entero a un tipo de puntero requiere reinterpret_cast, conversión de estilo de C o conversión de estilo de función entre paréntesis
                  C:\Program Files\Microsoft Visual Studio\2022\Community\VC\Tools\MSVC\14.42.34433\include\xstring(1327,5):
                  o       'std::basic_string<char,std::char_traits<char>,std::allocator<char>>::basic_string(std::initializer_list<_Elem>,const _Alloc &)'
          with
          [
              _Elem=char,
              _Alloc=std::allocator<char>
          ]
                      C:\Users\Alexi\Documents\Beam Audio Flux\src\interface\analog\analog_ui_templates.hpp(205,160):
                      'std::basic_string<char,std::char_traits<char>,std::allocator<char>>::basic_string(std::initializer_list<_Elem>,const _Alloc &)': el argumento 1 no puede convertirse de 'bool' a 'std::initializer_list<_Elem>'
          with
          [
              _Elem=char,
              _Alloc=std::allocator<char>
          ]
          and
          [
              _Elem=char
          ]
                          C:\Users\Alexi\Documents\Beam Audio Flux\src\interface\analog\analog_ui_templates.hpp(205,160):
                          La conversión requiere un segundo operador de conversión definido por el usuario o constructor
                  C:\Program Files\Microsoft Visual Studio\2022\Community\VC\Tools\MSVC\14.42.34433\include\xstring(1138,5):
                  o       'std::basic_string<char,std::char_traits<char>,std::allocator<char>>::basic_string(const _Ty &,const unsigned __int64,const unsigned __int64,const _Alloc &)'
          with
          [
              _Alloc=std::allocator<char>
          ]
                  C:\Program Files\Microsoft Visual Studio\2022\Community\VC\Tools\MSVC\14.42.34433\include\xstring(779,5):
                  o       'std::basic_string<char,std::char_traits<char>,std::allocator<char>>::basic_string(_Iter,_Iter,const _Alloc &)'
          with
          [
              _Alloc=std::allocator<char>
          ]
                  C:\Program Files\Microsoft Visual Studio\2022\Community\VC\Tools\MSVC\14.42.34433\include\xstring(773,5):
                  o       'std::basic_string<char,std::char_traits<char>,std::allocator<char>>::basic_string(const unsigned __int64,const _Elem,const _Alloc &)'
          with
          [
              _Elem=char,
              _Alloc=std::allocator<char>
          ]
                  C:\Program Files\Microsoft Visual Studio\2022\Community\VC\Tools\MSVC\14.42.34433\include\xstring(756,5):
                  o       'std::basic_string<char,std::char_traits<char>,std::allocator<char>>::basic_string(const _Elem *const ,const _Alloc &)'
          with
          [
              _Elem=char,
              _Alloc=std::allocator<char>
          ]
                  C:\Program Files\Microsoft Visual Studio\2022\Community\VC\Tools\MSVC\14.42.34433\include\xstring(743,5):
                  o       'std::basic_string<char,std::char_traits<char>,std::allocator<char>>::basic_string(const _Elem *const ,const unsigned __int64,const _Alloc &)'
          with
          [
              _Elem=char,
              _Alloc=std::allocator<char>
          ]
                  C:\Users\Alexi\Documents\Beam Audio Flux\src\interface\analog\analog_ui_templates.hpp(205,160):
                  al hacer coincidir la lista de argumentos '(bool)'
          C:\Users\Alexi\Documents\Beam Audio Flux\src\interface\analog\analog_ui_templates.hpp(205,167):
          hay demasiados inicializadores
  
C:\Users\Alexi\Documents\Beam Audio Flux\src\interface\analog\analog_ui_templates.hpp(208,77): error C3083: 'MaterialType': el símbolo situado a la izquierda de '::' debe ser un tipo [C:\Users\Alexi\Documents\Beam Audio Flux\build\BeamAudioFlux.vcxproj]
  (compilando archivo de origen "../src/engine/nodes/input_node.cpp")
  
C:\Users\Alexi\Documents\Beam Audio Flux\src\interface\analog\analog_ui_templates.hpp(208,91): error C2039: "Standard": no es un miembro de "Beam::Theme" [C:\Users\Alexi\Documents\Beam Audio Flux\build\BeamAudioFlux.vcxproj]
  (compilando archivo de origen "../src/engine/nodes/input_node.cpp")
      C:\Users\Alexi\Documents\Beam Audio Flux\src\interface\core\theme.hpp(31,7):
      vea la declaración de 'Beam::Theme'
  
C:\Users\Alexi\Documents\Beam Audio Flux\src\interface\analog\analog_ui_templates.hpp(208,91): error C2065: 'Standard': identificador no declarado [C:\Users\Alexi\Documents\Beam Audio Flux\build\BeamAudioFlux.vcxproj]
  (compilando archivo de origen "../src/engine/nodes/input_node.cpp")
  
C:\Users\Alexi\Documents\Beam Audio Flux\src\interface\analog\analog_ui_templates.hpp(208,108): error C3083: 'KnobStyle': el símbolo situado a la izquierda de '::' debe ser un tipo [C:\Users\Alexi\Documents\Beam Audio Flux\build\BeamAudioFlux.vcxproj]
  (compilando archivo de origen "../src/engine/nodes/input_node.cpp")
  
C:\Users\Alexi\Documents\Beam Audio Flux\src\interface\analog\analog_ui_templates.hpp(208,119): error C2039: "ModernColored": no es un miembro de "Beam::Theme" [C:\Users\Alexi\Documents\Beam Audio Flux\build\BeamAudioFlux.vcxproj]
  (compilando archivo de origen "../src/engine/nodes/input_node.cpp")
      C:\Users\Alexi\Documents\Beam Audio Flux\src\interface\core\theme.hpp(31,7):
      vea la declaración de 'Beam::Theme'
  
C:\Users\Alexi\Documents\Beam Audio Flux\src\interface\analog\analog_ui_templates.hpp(208,119): error C2065: 'ModernColored': identificador no declarado [C:\Users\Alexi\Documents\Beam Audio Flux\build\BeamAudioFlux.vcxproj]
  (compilando archivo de origen "../src/engine/nodes/input_node.cpp")
  
C:\Users\Alexi\Documents\Beam Audio Flux\src\interface\analog\analog_ui_templates.hpp(208,16): error C2440: 'return': no se puede realizar la conversión de 'initializer list' a 'Beam::RackStyle' [C:\Users\Alexi\Documents\Beam Audio Flux\build\BeamAudioFlux.vcxproj]
  (compilando archivo de origen "../src/engine/nodes/input_node.cpp")
      C:\Users\Alexi\Documents\Beam Audio Flux\src\interface\analog\analog_ui_templates.hpp(208,9):
      Inicialización de agregados no válida
          C:\Users\Alexi\Documents\Beam Audio Flux\src\interface\analog\analog_ui_templates.hpp(208,147):
          'inicializando': no se puede realizar la conversión de 'bool' a 'std::string'
              C:\Users\Alexi\Documents\Beam Audio Flux\src\interface\analog\analog_ui_templates.hpp(208,147):
              'std::basic_string<char,std::char_traits<char>,std::allocator<char>>::basic_string':ninguna función sobrecargada pudo convertir todos los tipos de argumento
                  C:\Program Files\Microsoft Visual Studio\2022\Community\VC\Tools\MSVC\14.42.34433\include\xstring(749,5):
                  puede ser 'std::basic_string<char,std::char_traits<char>,std::allocator<char>>::basic_string(const _Elem *const )'
          with
          [
              _Elem=char
          ]
                      C:\Users\Alexi\Documents\Beam Audio Flux\src\interface\analog\analog_ui_templates.hpp(208,147):
                      'std::basic_string<char,std::char_traits<char>,std::allocator<char>>::basic_string(const _Elem *const )': el argumento 1 no puede convertirse de 'bool' a 'const _Elem *const '
          with
          [
              _Elem=char
          ]
                          C:\Users\Alexi\Documents\Beam Audio Flux\src\interface\analog\analog_ui_templates.hpp(208,147):
                          La conversión de un tipo entero a un tipo de puntero requiere reinterpret_cast, conversión de estilo de C o conversión de estilo de función entre paréntesis
                  C:\Program Files\Microsoft Visual Studio\2022\Community\VC\Tools\MSVC\14.42.34433\include\xstring(1327,5):
                  o       'std::basic_string<char,std::char_traits<char>,std::allocator<char>>::basic_string(std::initializer_list<_Elem>,const _Alloc &)'
          with
          [
              _Elem=char,
              _Alloc=std::allocator<char>
          ]
                      C:\Users\Alexi\Documents\Beam Audio Flux\src\interface\analog\analog_ui_templates.hpp(208,147):
                      'std::basic_string<char,std::char_traits<char>,std::allocator<char>>::basic_string(std::initializer_list<_Elem>,const _Alloc &)': el argumento 1 no puede convertirse de 'bool' a 'std::initializer_list<_Elem>'
          with
          [
              _Elem=char,
              _Alloc=std::allocator<char>
          ]
          and
          [
              _Elem=char
          ]
                          C:\Users\Alexi\Documents\Beam Audio Flux\src\interface\analog\analog_ui_templates.hpp(208,147):
                          La conversión requiere un segundo operador de conversión definido por el usuario o constructor
                  C:\Program Files\Microsoft Visual Studio\2022\Community\VC\Tools\MSVC\14.42.34433\include\xstring(1138,5):
                  o       'std::basic_string<char,std::char_traits<char>,std::allocator<char>>::basic_string(const _Ty &,const unsigned __int64,const unsigned __int64,const _Alloc &)'
          with
          [
              _Alloc=std::allocator<char>
          ]
                  C:\Program Files\Microsoft Visual Studio\2022\Community\VC\Tools\MSVC\14.42.34433\include\xstring(779,5):
                  o       'std::basic_string<char,std::char_traits<char>,std::allocator<char>>::basic_string(_Iter,_Iter,const _Alloc &)'
          with
          [
              _Alloc=std::allocator<char>
          ]
                  C:\Program Files\Microsoft Visual Studio\2022\Community\VC\Tools\MSVC\14.42.34433\include\xstring(773,5):
                  o       'std::basic_string<char,std::char_traits<char>,std::allocator<char>>::basic_string(const unsigned __int64,const _Elem,const _Alloc &)'
          with
          [
              _Elem=char,
              _Alloc=std::allocator<char>
          ]
                  C:\Program Files\Microsoft Visual Studio\2022\Community\VC\Tools\MSVC\14.42.34433\include\xstring(756,5):
                  o       'std::basic_string<char,std::char_traits<char>,std::allocator<char>>::basic_string(const _Elem *const ,const _Alloc &)'
          with
          [
              _Elem=char,
              _Alloc=std::allocator<char>
          ]
                  C:\Program Files\Microsoft Visual Studio\2022\Community\VC\Tools\MSVC\14.42.34433\include\xstring(743,5):
                  o       'std::basic_string<char,std::char_traits<char>,std::allocator<char>>::basic_string(const _Elem *const ,const unsigned __int64,const _Alloc &)'
          with
          [
              _Elem=char,
              _Alloc=std::allocator<char>
          ]
                  C:\Users\Alexi\Documents\Beam Audio Flux\src\interface\analog\analog_ui_templates.hpp(208,147):
                  al hacer coincidir la lista de argumentos '(bool)'
          C:\Users\Alexi\Documents\Beam Audio Flux\src\interface\analog\analog_ui_templates.hpp(208,154):
          'inicializando': no se puede realizar la conversión de 'bool' a 'std::string'
              C:\Users\Alexi\Documents\Beam Audio Flux\src\interface\analog\analog_ui_templates.hpp(208,154):
              'std::basic_string<char,std::char_traits<char>,std::allocator<char>>::basic_string':ninguna función sobrecargada pudo convertir todos los tipos de argumento
                  C:\Program Files\Microsoft Visual Studio\2022\Community\VC\Tools\MSVC\14.42.34433\include\xstring(749,5):
                  puede ser 'std::basic_string<char,std::char_traits<char>,std::allocator<char>>::basic_string(const _Elem *const )'
          with
          [
              _Elem=char
          ]
                      C:\Users\Alexi\Documents\Beam Audio Flux\src\interface\analog\analog_ui_templates.hpp(208,154):
                      'std::basic_string<char,std::char_traits<char>,std::allocator<char>>::basic_string(const _Elem *const )': el argumento 1 no puede convertirse de 'bool' a 'const _Elem *const '
          with
          [
              _Elem=char
          ]
                          C:\Users\Alexi\Documents\Beam Audio Flux\src\interface\analog\analog_ui_templates.hpp(208,154):
                          La conversión de un tipo entero a un tipo de puntero requiere reinterpret_cast, conversión de estilo de C o conversión de estilo de función entre paréntesis
                  C:\Program Files\Microsoft Visual Studio\2022\Community\VC\Tools\MSVC\14.42.34433\include\xstring(1327,5):
                  o       'std::basic_string<char,std::char_traits<char>,std::allocator<char>>::basic_string(std::initializer_list<_Elem>,const _Alloc &)'
          with
          [
              _Elem=char,
              _Alloc=std::allocator<char>
          ]
                      C:\Users\Alexi\Documents\Beam Audio Flux\src\interface\analog\analog_ui_templates.hpp(208,154):
                      'std::basic_string<char,std::char_traits<char>,std::allocator<char>>::basic_string(std::initializer_list<_Elem>,const _Alloc &)': el argumento 1 no puede convertirse de 'bool' a 'std::initializer_list<_Elem>'
          with
          [
              _Elem=char,
              _Alloc=std::allocator<char>
          ]
          and
          [
              _Elem=char
          ]
                          C:\Users\Alexi\Documents\Beam Audio Flux\src\interface\analog\analog_ui_templates.hpp(208,154):
                          La conversión requiere un segundo operador de conversión definido por el usuario o constructor
                  C:\Program Files\Microsoft Visual Studio\2022\Community\VC\Tools\MSVC\14.42.34433\include\xstring(1138,5):
                  o       'std::basic_string<char,std::char_traits<char>,std::allocator<char>>::basic_string(const _Ty &,const unsigned __int64,const unsigned __int64,const _Alloc &)'
          with
          [
              _Alloc=std::allocator<char>
          ]
                  C:\Program Files\Microsoft Visual Studio\2022\Community\VC\Tools\MSVC\14.42.34433\include\xstring(779,5):
                  o       'std::basic_string<char,std::char_traits<char>,std::allocator<char>>::basic_string(_Iter,_Iter,const _Alloc &)'
          with
          [
              _Alloc=std::allocator<char>
          ]
                  C:\Program Files\Microsoft Visual Studio\2022\Community\VC\Tools\MSVC\14.42.34433\include\xstring(773,5):
                  o       'std::basic_string<char,std::char_traits<char>,std::allocator<char>>::basic_string(const unsigned __int64,const _Elem,const _Alloc &)'
          with
          [
              _Elem=char,
              _Alloc=std::allocator<char>
          ]
                  C:\Program Files\Microsoft Visual Studio\2022\Community\VC\Tools\MSVC\14.42.34433\include\xstring(756,5):
                  o       'std::basic_string<char,std::char_traits<char>,std::allocator<char>>::basic_string(const _Elem *const ,const _Alloc &)'
          with
          [
              _Elem=char,
              _Alloc=std::allocator<char>
          ]
                  C:\Program Files\Microsoft Visual Studio\2022\Community\VC\Tools\MSVC\14.42.34433\include\xstring(743,5):
                  o       'std::basic_string<char,std::char_traits<char>,std::allocator<char>>::basic_string(const _Elem *const ,const unsigned __int64,const _Alloc &)'
          with
          [
              _Elem=char,
              _Alloc=std::allocator<char>
          ]
                  C:\Users\Alexi\Documents\Beam Audio Flux\src\interface\analog\analog_ui_templates.hpp(208,154):
                  al hacer coincidir la lista de argumentos '(bool)'
          C:\Users\Alexi\Documents\Beam Audio Flux\src\interface\analog\analog_ui_templates.hpp(208,161):
          hay demasiados inicializadores
  
C:\Users\Alexi\Documents\Beam Audio Flux\src\interface\analog\analog_ui_templates.hpp(211,77): error C3083: 'MaterialType': el símbolo situado a la izquierda de '::' debe ser un tipo [C:\Users\Alexi\Documents\Beam Audio Flux\build\BeamAudioFlux.vcxproj]
  (compilando archivo de origen "../src/engine/nodes/input_node.cpp")
  
C:\Users\Alexi\Documents\Beam Audio Flux\src\interface\analog\analog_ui_templates.hpp(211,91): error C2039: "WrinklePaint": no es un miembro de "Beam::Theme" [C:\Users\Alexi\Documents\Beam Audio Flux\build\BeamAudioFlux.vcxproj]
  (compilando archivo de origen "../src/engine/nodes/input_node.cpp")
      C:\Users\Alexi\Documents\Beam Audio Flux\src\interface\core\theme.hpp(31,7):
      vea la declaración de 'Beam::Theme'
  
C:\Users\Alexi\Documents\Beam Audio Flux\src\interface\analog\analog_ui_templates.hpp(211,91): error C2065: 'WrinklePaint': identificador no declarado [C:\Users\Alexi\Documents\Beam Audio Flux\build\BeamAudioFlux.vcxproj]
  (compilando archivo de origen "../src/engine/nodes/input_node.cpp")
  
C:\Users\Alexi\Documents\Beam Audio Flux\src\interface\analog\analog_ui_templates.hpp(211,112): error C3083: 'KnobStyle': el símbolo situado a la izquierda de '::' debe ser un tipo [C:\Users\Alexi\Documents\Beam Audio Flux\build\BeamAudioFlux.vcxproj]
  (compilando archivo de origen "../src/engine/nodes/input_node.cpp")
  
C:\Users\Alexi\Documents\Beam Audio Flux\src\interface\analog\analog_ui_templates.hpp(211,123): error C2039: "ModernColored": no es un miembro de "Beam::Theme" [C:\Users\Alexi\Documents\Beam Audio Flux\build\BeamAudioFlux.vcxproj]
  (compilando archivo de origen "../src/engine/nodes/input_node.cpp")
      C:\Users\Alexi\Documents\Beam Audio Flux\src\interface\core\theme.hpp(31,7):
      vea la declaración de 'Beam::Theme'
  
C:\Users\Alexi\Documents\Beam Audio Flux\src\interface\analog\analog_ui_templates.hpp(211,123): error C2065: 'ModernColored': identificador no declarado [C:\Users\Alexi\Documents\Beam Audio Flux\build\BeamAudioFlux.vcxproj]
  (compilando archivo de origen "../src/engine/nodes/input_node.cpp")
  
C:\Users\Alexi\Documents\Beam Audio Flux\src\interface\analog\analog_ui_templates.hpp(211,16): error C2440: 'return': no se puede realizar la conversión de 'initializer list' a 'Beam::RackStyle' [C:\Users\Alexi\Documents\Beam Audio Flux\build\BeamAudioFlux.vcxproj]
  (compilando archivo de origen "../src/engine/nodes/input_node.cpp")
      C:\Users\Alexi\Documents\Beam Audio Flux\src\interface\analog\analog_ui_templates.hpp(211,9):
      Inicialización de agregados no válida
          C:\Users\Alexi\Documents\Beam Audio Flux\src\interface\analog\analog_ui_templates.hpp(211,151):
          'inicializando': no se puede realizar la conversión de 'bool' a 'std::string'
              C:\Users\Alexi\Documents\Beam Audio Flux\src\interface\analog\analog_ui_templates.hpp(211,151):
              'std::basic_string<char,std::char_traits<char>,std::allocator<char>>::basic_string':ninguna función sobrecargada pudo convertir todos los tipos de argumento
                  C:\Program Files\Microsoft Visual Studio\2022\Community\VC\Tools\MSVC\14.42.34433\include\xstring(749,5):
                  puede ser 'std::basic_string<char,std::char_traits<char>,std::allocator<char>>::basic_string(const _Elem *const )'
          with
          [
              _Elem=char
          ]
                      C:\Users\Alexi\Documents\Beam Audio Flux\src\interface\analog\analog_ui_templates.hpp(211,151):
                      'std::basic_string<char,std::char_traits<char>,std::allocator<char>>::basic_string(const _Elem *const )': el argumento 1 no puede convertirse de 'bool' a 'const _Elem *const '
          with
          [
              _Elem=char
          ]
                          C:\Users\Alexi\Documents\Beam Audio Flux\src\interface\analog\analog_ui_templates.hpp(211,151):
                          La conversión de un tipo entero a un tipo de puntero requiere reinterpret_cast, conversión de estilo de C o conversión de estilo de función entre paréntesis
                  C:\Program Files\Microsoft Visual Studio\2022\Community\VC\Tools\MSVC\14.42.34433\include\xstring(1327,5):
                  o       'std::basic_string<char,std::char_traits<char>,std::allocator<char>>::basic_string(std::initializer_list<_Elem>,const _Alloc &)'
          with
          [
              _Elem=char,
              _Alloc=std::allocator<char>
          ]
                      C:\Users\Alexi\Documents\Beam Audio Flux\src\interface\analog\analog_ui_templates.hpp(211,151):
                      'std::basic_string<char,std::char_traits<char>,std::allocator<char>>::basic_string(std::initializer_list<_Elem>,const _Alloc &)': el argumento 1 no puede convertirse de 'bool' a 'std::initializer_list<_Elem>'
          with
          [
              _Elem=char,
              _Alloc=std::allocator<char>
          ]
          and
          [
              _Elem=char
          ]
                          C:\Users\Alexi\Documents\Beam Audio Flux\src\interface\analog\analog_ui_templates.hpp(211,151):
                          La conversión requiere un segundo operador de conversión definido por el usuario o constructor
                  C:\Program Files\Microsoft Visual Studio\2022\Community\VC\Tools\MSVC\14.42.34433\include\xstring(1138,5):
                  o       'std::basic_string<char,std::char_traits<char>,std::allocator<char>>::basic_string(const _Ty &,const unsigned __int64,const unsigned __int64,const _Alloc &)'
          with
          [
              _Alloc=std::allocator<char>
          ]
                  C:\Program Files\Microsoft Visual Studio\2022\Community\VC\Tools\MSVC\14.42.34433\include\xstring(779,5):
                  o       'std::basic_string<char,std::char_traits<char>,std::allocator<char>>::basic_string(_Iter,_Iter,const _Alloc &)'
          with
          [
              _Alloc=std::allocator<char>
          ]
                  C:\Program Files\Microsoft Visual Studio\2022\Community\VC\Tools\MSVC\14.42.34433\include\xstring(773,5):
                  o       'std::basic_string<char,std::char_traits<char>,std::allocator<char>>::basic_string(const unsigned __int64,const _Elem,const _Alloc &)'
          with
          [
              _Elem=char,
              _Alloc=std::allocator<char>
          ]
                  C:\Program Files\Microsoft Visual Studio\2022\Community\VC\Tools\MSVC\14.42.34433\include\xstring(756,5):
                  o       'std::basic_string<char,std::char_traits<char>,std::allocator<char>>::basic_string(const _Elem *const ,const _Alloc &)'
          with
          [
              _Elem=char,
              _Alloc=std::allocator<char>
          ]
                  C:\Program Files\Microsoft Visual Studio\2022\Community\VC\Tools\MSVC\14.42.34433\include\xstring(743,5):
                  o       'std::basic_string<char,std::char_traits<char>,std::allocator<char>>::basic_string(const _Elem *const ,const unsigned __int64,const _Alloc &)'
          with
          [
              _Elem=char,
              _Alloc=std::allocator<char>
          ]
                  C:\Users\Alexi\Documents\Beam Audio Flux\src\interface\analog\analog_ui_templates.hpp(211,151):
                  al hacer coincidir la lista de argumentos '(bool)'
          C:\Users\Alexi\Documents\Beam Audio Flux\src\interface\analog\analog_ui_templates.hpp(211,158):
          'inicializando': no se puede realizar la conversión de 'bool' a 'std::string'
              C:\Users\Alexi\Documents\Beam Audio Flux\src\interface\analog\analog_ui_templates.hpp(211,158):
              'std::basic_string<char,std::char_traits<char>,std::allocator<char>>::basic_string':ninguna función sobrecargada pudo convertir todos los tipos de argumento
                  C:\Program Files\Microsoft Visual Studio\2022\Community\VC\Tools\MSVC\14.42.34433\include\xstring(749,5):
                  puede ser 'std::basic_string<char,std::char_traits<char>,std::allocator<char>>::basic_string(const _Elem *const )'
          with
          [
              _Elem=char
          ]
                      C:\Users\Alexi\Documents\Beam Audio Flux\src\interface\analog\analog_ui_templates.hpp(211,158):
                      'std::basic_string<char,std::char_traits<char>,std::allocator<char>>::basic_string(const _Elem *const )': el argumento 1 no puede convertirse de 'bool' a 'const _Elem *const '
          with
          [
              _Elem=char
          ]
                          C:\Users\Alexi\Documents\Beam Audio Flux\src\interface\analog\analog_ui_templates.hpp(211,158):
                          La conversión de un tipo entero a un tipo de puntero requiere reinterpret_cast, conversión de estilo de C o conversión de estilo de función entre paréntesis
                  C:\Program Files\Microsoft Visual Studio\2022\Community\VC\Tools\MSVC\14.42.34433\include\xstring(1327,5):
                  o       'std::basic_string<char,std::char_traits<char>,std::allocator<char>>::basic_string(std::initializer_list<_Elem>,const _Alloc &)'
          with
          [
              _Elem=char,
              _Alloc=std::allocator<char>
          ]
                      C:\Users\Alexi\Documents\Beam Audio Flux\src\interface\analog\analog_ui_templates.hpp(211,158):
                      'std::basic_string<char,std::char_traits<char>,std::allocator<char>>::basic_string(std::initializer_list<_Elem>,const _Alloc &)': el argumento 1 no puede convertirse de 'bool' a 'std::initializer_list<_Elem>'
          with
          [
              _Elem=char,
              _Alloc=std::allocator<char>
          ]
          and
          [
              _Elem=char
          ]
                          C:\Users\Alexi\Documents\Beam Audio Flux\src\interface\analog\analog_ui_templates.hpp(211,158):
                          La conversión requiere un segundo operador de conversión definido por el usuario o constructor
                  C:\Program Files\Microsoft Visual Studio\2022\Community\VC\Tools\MSVC\14.42.34433\include\xstring(1138,5):
                  o       'std::basic_string<char,std::char_traits<char>,std::allocator<char>>::basic_string(const _Ty &,const unsigned __int64,const unsigned __int64,const _Alloc &)'
          with
          [
              _Alloc=std::allocator<char>
          ]
                  C:\Program Files\Microsoft Visual Studio\2022\Community\VC\Tools\MSVC\14.42.34433\include\xstring(779,5):
                  o       'std::basic_string<char,std::char_traits<char>,std::allocator<char>>::basic_string(_Iter,_Iter,const _Alloc &)'
          with
          [
              _Alloc=std::allocator<char>
          ]
                  C:\Program Files\Microsoft Visual Studio\2022\Community\VC\Tools\MSVC\14.42.34433\include\xstring(773,5):
                  o       'std::basic_string<char,std::char_traits<char>,std::allocator<char>>::basic_string(const unsigned __int64,const _Elem,const _Alloc &)'
          with
          [
              _Elem=char,
              _Alloc=std::allocator<char>
          ]
                  C:\Program Files\Microsoft Visual Studio\2022\Community\VC\Tools\MSVC\14.42.34433\include\xstring(756,5):
                  o       'std::basic_string<char,std::char_traits<char>,std::allocator<char>>::basic_string(const _Elem *const ,const _Alloc &)'
          with
          [
              _Elem=char,
              _Alloc=std::allocator<char>
          ]
                  C:\Program Files\Microsoft Visual Studio\2022\Community\VC\Tools\MSVC\14.42.34433\include\xstring(743,5):
                  o       'std::basic_string<char,std::char_traits<char>,std::allocator<char>>::basic_string(const _Elem *const ,const unsigned __int64,const _Alloc &)'
          with
          [
              _Elem=char,
              _Alloc=std::allocator<char>
          ]
                  C:\Users\Alexi\Documents\Beam Audio Flux\src\interface\analog\analog_ui_templates.hpp(211,158):
                  al hacer coincidir la lista de argumentos '(bool)'
          C:\Users\Alexi\Documents\Beam Audio Flux\src\interface\analog\analog_ui_templates.hpp(211,165):
          hay demasiados inicializadores
  
C:\Users\Alexi\Documents\Beam Audio Flux\src\interface\analog\analog_ui_templates.hpp(214,80): error C3083: 'MaterialType': el símbolo situado a la izquierda de '::' debe ser un tipo [C:\Users\Alexi\Documents\Beam Audio Flux\build\BeamAudioFlux.vcxproj]
  (compilando archivo de origen "../src/engine/nodes/input_node.cpp")
  
C:\Users\Alexi\Documents\Beam Audio Flux\src\interface\analog\analog_ui_templates.hpp(214,94): error C2039: "Standard": no es un miembro de "Beam::Theme" [C:\Users\Alexi\Documents\Beam Audio Flux\build\BeamAudioFlux.vcxproj]
  (compilando archivo de origen "../src/engine/nodes/input_node.cpp")
      C:\Users\Alexi\Documents\Beam Audio Flux\src\interface\core\theme.hpp(31,7):
      vea la declaración de 'Beam::Theme'
  
C:\Users\Alexi\Documents\Beam Audio Flux\src\interface\analog\analog_ui_templates.hpp(214,94): error C2065: 'Standard': identificador no declarado [C:\Users\Alexi\Documents\Beam Audio Flux\build\BeamAudioFlux.vcxproj]
  (compilando archivo de origen "../src/engine/nodes/input_node.cpp")
  
C:\Users\Alexi\Documents\Beam Audio Flux\src\interface\analog\analog_ui_templates.hpp(214,111): error C3083: 'KnobStyle': el símbolo situado a la izquierda de '::' debe ser un tipo [C:\Users\Alexi\Documents\Beam Audio Flux\build\BeamAudioFlux.vcxproj]
  (compilando archivo de origen "../src/engine/nodes/input_node.cpp")
  
C:\Users\Alexi\Documents\Beam Audio Flux\src\interface\analog\analog_ui_templates.hpp(214,122): error C2039: "FlutedIndustrial": no es un miembro de "Beam::Theme" [C:\Users\Alexi\Documents\Beam Audio Flux\build\BeamAudioFlux.vcxproj]
  (compilando archivo de origen "../src/engine/nodes/input_node.cpp")
      C:\Users\Alexi\Documents\Beam Audio Flux\src\interface\core\theme.hpp(31,7):
      vea la declaración de 'Beam::Theme'
  
C:\Users\Alexi\Documents\Beam Audio Flux\src\interface\analog\analog_ui_templates.hpp(214,122): error C2065: 'FlutedIndustrial': identificador no declarado [C:\Users\Alexi\Documents\Beam Audio Flux\build\BeamAudioFlux.vcxproj]
  (compilando archivo de origen "../src/engine/nodes/input_node.cpp")
  
C:\Users\Alexi\Documents\Beam Audio Flux\src\interface\analog\analog_ui_templates.hpp(214,16): error C2440: 'return': no se puede realizar la conversión de 'initializer list' a 'Beam::RackStyle' [C:\Users\Alexi\Documents\Beam Audio Flux\build\BeamAudioFlux.vcxproj]
  (compilando archivo de origen "../src/engine/nodes/input_node.cpp")
      C:\Users\Alexi\Documents\Beam Audio Flux\src\interface\analog\analog_ui_templates.hpp(214,9):
      Inicialización de agregados no válida
          C:\Users\Alexi\Documents\Beam Audio Flux\src\interface\analog\analog_ui_templates.hpp(214,152):
          'inicializando': no se puede realizar la conversión de 'bool' a 'std::string'
              C:\Users\Alexi\Documents\Beam Audio Flux\src\interface\analog\analog_ui_templates.hpp(214,152):
              'std::basic_string<char,std::char_traits<char>,std::allocator<char>>::basic_string':ninguna función sobrecargada pudo convertir todos los tipos de argumento
                  C:\Program Files\Microsoft Visual Studio\2022\Community\VC\Tools\MSVC\14.42.34433\include\xstring(749,5):
                  puede ser 'std::basic_string<char,std::char_traits<char>,std::allocator<char>>::basic_string(const _Elem *const )'
          with
          [
              _Elem=char
          ]
                      C:\Users\Alexi\Documents\Beam Audio Flux\src\interface\analog\analog_ui_templates.hpp(214,152):
                      'std::basic_string<char,std::char_traits<char>,std::allocator<char>>::basic_string(const _Elem *const )': el argumento 1 no puede convertirse de 'bool' a 'const _Elem *const '
          with
          [
              _Elem=char
          ]
                          C:\Users\Alexi\Documents\Beam Audio Flux\src\interface\analog\analog_ui_templates.hpp(214,152):
                          La conversión de un tipo entero a un tipo de puntero requiere reinterpret_cast, conversión de estilo de C o conversión de estilo de función entre paréntesis
                  C:\Program Files\Microsoft Visual Studio\2022\Community\VC\Tools\MSVC\14.42.34433\include\xstring(1327,5):
                  o       'std::basic_string<char,std::char_traits<char>,std::allocator<char>>::basic_string(std::initializer_list<_Elem>,const _Alloc &)'
          with
          [
              _Elem=char,
              _Alloc=std::allocator<char>
          ]
                      C:\Users\Alexi\Documents\Beam Audio Flux\src\interface\analog\analog_ui_templates.hpp(214,152):
                      'std::basic_string<char,std::char_traits<char>,std::allocator<char>>::basic_string(std::initializer_list<_Elem>,const _Alloc &)': el argumento 1 no puede convertirse de 'bool' a 'std::initializer_list<_Elem>'
          with
          [
              _Elem=char,
              _Alloc=std::allocator<char>
          ]
          and
          [
              _Elem=char
          ]
                          C:\Users\Alexi\Documents\Beam Audio Flux\src\interface\analog\analog_ui_templates.hpp(214,152):
                          La conversión requiere un segundo operador de conversión definido por el usuario o constructor
                  C:\Program Files\Microsoft Visual Studio\2022\Community\VC\Tools\MSVC\14.42.34433\include\xstring(1138,5):
                  o       'std::basic_string<char,std::char_traits<char>,std::allocator<char>>::basic_string(const _Ty &,const unsigned __int64,const unsigned __int64,const _Alloc &)'
          with
          [
              _Alloc=std::allocator<char>
          ]
                  C:\Program Files\Microsoft Visual Studio\2022\Community\VC\Tools\MSVC\14.42.34433\include\xstring(779,5):
                  o       'std::basic_string<char,std::char_traits<char>,std::allocator<char>>::basic_string(_Iter,_Iter,const _Alloc &)'
          with
          [
              _Alloc=std::allocator<char>
          ]
                  C:\Program Files\Microsoft Visual Studio\2022\Community\VC\Tools\MSVC\14.42.34433\include\xstring(773,5):
                  o       'std::basic_string<char,std::char_traits<char>,std::allocator<char>>::basic_string(const unsigned __int64,const _Elem,const _Alloc &)'
          with
          [
              _Elem=char,
              _Alloc=std::allocator<char>
          ]
                  C:\Program Files\Microsoft Visual Studio\2022\Community\VC\Tools\MSVC\14.42.34433\include\xstring(756,5):
                  o       'std::basic_string<char,std::char_traits<char>,std::allocator<char>>::basic_string(const _Elem *const ,const _Alloc &)'
          with
          [
              _Elem=char,
              _Alloc=std::allocator<char>
          ]
                  C:\Program Files\Microsoft Visual Studio\2022\Community\VC\Tools\MSVC\14.42.34433\include\xstring(743,5):
                  o       'std::basic_string<char,std::char_traits<char>,std::allocator<char>>::basic_string(const _Elem *const ,const unsigned __int64,const _Alloc &)'
          with
          [
              _Elem=char,
              _Alloc=std::allocator<char>
          ]
                  C:\Users\Alexi\Documents\Beam Audio Flux\src\interface\analog\analog_ui_templates.hpp(214,152):
                  al hacer coincidir la lista de argumentos '(bool)'
          C:\Users\Alexi\Documents\Beam Audio Flux\src\interface\analog\analog_ui_templates.hpp(214,159):
          'inicializando': no se puede realizar la conversión de 'bool' a 'std::string'
              C:\Users\Alexi\Documents\Beam Audio Flux\src\interface\analog\analog_ui_templates.hpp(214,159):
              'std::basic_string<char,std::char_traits<char>,std::allocator<char>>::basic_string':ninguna función sobrecargada pudo convertir todos los tipos de argumento
                  C:\Program Files\Microsoft Visual Studio\2022\Community\VC\Tools\MSVC\14.42.34433\include\xstring(749,5):
                  puede ser 'std::basic_string<char,std::char_traits<char>,std::allocator<char>>::basic_string(const _Elem *const )'
          with
          [
              _Elem=char
          ]
                      C:\Users\Alexi\Documents\Beam Audio Flux\src\interface\analog\analog_ui_templates.hpp(214,159):
                      'std::basic_string<char,std::char_traits<char>,std::allocator<char>>::basic_string(const _Elem *const )': el argumento 1 no puede convertirse de 'bool' a 'const _Elem *const '
          with
          [
              _Elem=char
          ]
                          C:\Users\Alexi\Documents\Beam Audio Flux\src\interface\analog\analog_ui_templates.hpp(214,159):
                          La conversión de un tipo entero a un tipo de puntero requiere reinterpret_cast, conversión de estilo de C o conversión de estilo de función entre paréntesis
                  C:\Program Files\Microsoft Visual Studio\2022\Community\VC\Tools\MSVC\14.42.34433\include\xstring(1327,5):
                  o       'std::basic_string<char,std::char_traits<char>,std::allocator<char>>::basic_string(std::initializer_list<_Elem>,const _Alloc &)'
          with
          [
              _Elem=char,
              _Alloc=std::allocator<char>
          ]
                      C:\Users\Alexi\Documents\Beam Audio Flux\src\interface\analog\analog_ui_templates.hpp(214,159):
                      'std::basic_string<char,std::char_traits<char>,std::allocator<char>>::basic_string(std::initializer_list<_Elem>,const _Alloc &)': el argumento 1 no puede convertirse de 'bool' a 'std::initializer_list<_Elem>'
          with
          [
              _Elem=char,
              _Alloc=std::allocator<char>
          ]
          and
          [
              _Elem=char
          ]
                          C:\Users\Alexi\Documents\Beam Audio Flux\src\interface\analog\analog_ui_templates.hpp(214,159):
                          La conversión requiere un segundo operador de conversión definido por el usuario o constructor
                  C:\Program Files\Microsoft Visual Studio\2022\Community\VC\Tools\MSVC\14.42.34433\include\xstring(1138,5):
                  o       'std::basic_string<char,std::char_traits<char>,std::allocator<char>>::basic_string(const _Ty &,const unsigned __int64,const unsigned __int64,const _Alloc &)'
          with
          [
              _Alloc=std::allocator<char>
          ]
                  C:\Program Files\Microsoft Visual Studio\2022\Community\VC\Tools\MSVC\14.42.34433\include\xstring(779,5):
                  o       'std::basic_string<char,std::char_traits<char>,std::allocator<char>>::basic_string(_Iter,_Iter,const _Alloc &)'
          with
          [
              _Alloc=std::allocator<char>
          ]
                  C:\Program Files\Microsoft Visual Studio\2022\Community\VC\Tools\MSVC\14.42.34433\include\xstring(773,5):
                  o       'std::basic_string<char,std::char_traits<char>,std::allocator<char>>::basic_string(const unsigned __int64,const _Elem,const _Alloc &)'
          with
          [
              _Elem=char,
              _Alloc=std::allocator<char>
          ]
                  C:\Program Files\Microsoft Visual Studio\2022\Community\VC\Tools\MSVC\14.42.34433\include\xstring(756,5):
                  o       'std::basic_string<char,std::char_traits<char>,std::allocator<char>>::basic_string(const _Elem *const ,const _Alloc &)'
          with
          [
              _Elem=char,
              _Alloc=std::allocator<char>
          ]
                  C:\Program Files\Microsoft Visual Studio\2022\Community\VC\Tools\MSVC\14.42.34433\include\xstring(743,5):
                  o       'std::basic_string<char,std::char_traits<char>,std::allocator<char>>::basic_string(const _Elem *const ,const unsigned __int64,const _Alloc &)'
          with
          [
              _Elem=char,
              _Alloc=std::allocator<char>
          ]
                  C:\Users\Alexi\Documents\Beam Audio Flux\src\interface\analog\analog_ui_templates.hpp(214,159):
                  al hacer coincidir la lista de argumentos '(bool)'
          C:\Users\Alexi\Documents\Beam Audio Flux\src\interface\analog\analog_ui_templates.hpp(214,165):
          hay demasiados inicializadores
  
C:\Users\Alexi\Documents\Beam Audio Flux\src\interface\analog\analog_ui_templates.hpp(214,9): error C1003: el recuento de errores supera 100; se detiene la compilación [C:\Users\Alexi\Documents\Beam Audio Flux\build\BeamAudioFlux.vcxproj]
  (compilando archivo de origen "../src/engine/nodes/input_node.cpp")
  
  master_node.cpp
C:\Users\Alexi\Documents\Beam Audio Flux\src\interface\widgets\combo_box.hpp(26,76): error C2039: "Bakelite": no es un miembro de "Beam::Theme" [C:\Users\Alexi\Documents\Beam Audio Flux\build\BeamAudioFlux.vcxproj]
  (compilando archivo de origen "../src/engine/nodes/master_node.cpp")
      C:\Users\Alexi\Documents\Beam Audio Flux\src\interface\core\theme.hpp(31,7):
      vea la declaración de 'Beam::Theme'
  
C:\Users\Alexi\Documents\Beam Audio Flux\src\interface\widgets\combo_box.hpp(26,76): error C2065: 'Bakelite': identificador no declarado [C:\Users\Alexi\Documents\Beam Audio Flux\build\BeamAudioFlux.vcxproj]
  (compilando archivo de origen "../src/engine/nodes/master_node.cpp")
  
C:\Users\Alexi\Documents\Beam Audio Flux\src\interface\widgets\combo_box.hpp(26,95): error C2039: "Bakelite": no es un miembro de "Beam::Theme" [C:\Users\Alexi\Documents\Beam Audio Flux\build\BeamAudioFlux.vcxproj]
  (compilando archivo de origen "../src/engine/nodes/master_node.cpp")
      C:\Users\Alexi\Documents\Beam Audio Flux\src\interface\core\theme.hpp(31,7):
      vea la declaración de 'Beam::Theme'
  
C:\Users\Alexi\Documents\Beam Audio Flux\src\interface\widgets\combo_box.hpp(26,95): error C2065: 'Bakelite': identificador no declarado [C:\Users\Alexi\Documents\Beam Audio Flux\build\BeamAudioFlux.vcxproj]
  (compilando archivo de origen "../src/engine/nodes/master_node.cpp")
  
C:\Users\Alexi\Documents\Beam Audio Flux\src\interface\widgets\combo_box.hpp(26,114): error C2039: "Bakelite": no es un miembro de "Beam::Theme" [C:\Users\Alexi\Documents\Beam Audio Flux\build\BeamAudioFlux.vcxproj]
  (compilando archivo de origen "../src/engine/nodes/master_node.cpp")
      C:\Users\Alexi\Documents\Beam Audio Flux\src\interface\core\theme.hpp(31,7):
      vea la declaración de 'Beam::Theme'
  
C:\Users\Alexi\Documents\Beam Audio Flux\src\interface\widgets\combo_box.hpp(26,114): error C2065: 'Bakelite': identificador no declarado [C:\Users\Alexi\Documents\Beam Audio Flux\build\BeamAudioFlux.vcxproj]
  (compilando archivo de origen "../src/engine/nodes/master_node.cpp")
  
C:\Users\Alexi\Documents\Beam Audio Flux\src\interface\widgets\combo_box.hpp(26,11): error C2660: 'Beam::QuadBatcher::drawBeveledRect': la función no acepta 7 argumentos [C:\Users\Alexi\Documents\Beam Audio Flux\build\BeamAudioFlux.vcxproj]
  (compilando archivo de origen "../src/engine/nodes/master_node.cpp")
      C:\Users\Alexi\Documents\Beam Audio Flux\src\interface\render\quad_batcher.hpp(57,10):
      vea la declaración de 'Beam::QuadBatcher::drawBeveledRect'
      C:\Users\Alexi\Documents\Beam Audio Flux\src\interface\widgets\combo_box.hpp(26,11):
      al hacer coincidir la lista de argumentos '(int, int, float, float, float, float, float)'
  
C:\Users\Alexi\Documents\Beam Audio Flux\src\interface\widgets\combo_box.hpp(27,76): error C2039: "Emerald": no es un miembro de "Beam::Theme" [C:\Users\Alexi\Documents\Beam Audio Flux\build\BeamAudioFlux.vcxproj]
  (compilando archivo de origen "../src/engine/nodes/master_node.cpp")
      C:\Users\Alexi\Documents\Beam Audio Flux\src\interface\core\theme.hpp(31,7):
      vea la declaración de 'Beam::Theme'
  
C:\Users\Alexi\Documents\Beam Audio Flux\src\interface\widgets\combo_box.hpp(27,76): error C2065: 'Emerald': identificador no declarado [C:\Users\Alexi\Documents\Beam Audio Flux\build\BeamAudioFlux.vcxproj]
  (compilando archivo de origen "../src/engine/nodes/master_node.cpp")
  
C:\Users\Alexi\Documents\Beam Audio Flux\src\interface\widgets\combo_box.hpp(27,94): error C2039: "Emerald": no es un miembro de "Beam::Theme" [C:\Users\Alexi\Documents\Beam Audio Flux\build\BeamAudioFlux.vcxproj]
  (compilando archivo de origen "../src/engine/nodes/master_node.cpp")
      C:\Users\Alexi\Documents\Beam Audio Flux\src\interface\core\theme.hpp(31,7):
      vea la declaración de 'Beam::Theme'
  
C:\Users\Alexi\Documents\Beam Audio Flux\src\interface\widgets\combo_box.hpp(27,94): error C2065: 'Emerald': identificador no declarado [C:\Users\Alexi\Documents\Beam Audio Flux\build\BeamAudioFlux.vcxproj]
  (compilando archivo de origen "../src/engine/nodes/master_node.cpp")
  
C:\Users\Alexi\Documents\Beam Audio Flux\src\interface\widgets\combo_box.hpp(27,112): error C2039: "Emerald": no es un miembro de "Beam::Theme" [C:\Users\Alexi\Documents\Beam Audio Flux\build\BeamAudioFlux.vcxproj]
  (compilando archivo de origen "../src/engine/nodes/master_node.cpp")
      C:\Users\Alexi\Documents\Beam Audio Flux\src\interface\core\theme.hpp(31,7):
      vea la declaración de 'Beam::Theme'
  
C:\Users\Alexi\Documents\Beam Audio Flux\src\interface\widgets\combo_box.hpp(27,112): error C2065: 'Emerald': identificador no declarado [C:\Users\Alexi\Documents\Beam Audio Flux\build\BeamAudioFlux.vcxproj]
  (compilando archivo de origen "../src/engine/nodes/master_node.cpp")
  
C:\Users\Alexi\Documents\Beam Audio Flux\src\interface\widgets\combo_box.hpp(27,11): error C2660: 'Beam::QuadBatcher::drawRoundedRect': la función no acepta 7 argumentos [C:\Users\Alexi\Documents\Beam Audio Flux\build\BeamAudioFlux.vcxproj]
  (compilando archivo de origen "../src/engine/nodes/master_node.cpp")
      C:\Users\Alexi\Documents\Beam Audio Flux\src\interface\render\quad_batcher.hpp(45,10):
      vea la declaración de 'Beam::QuadBatcher::drawRoundedRect'
      C:\Users\Alexi\Documents\Beam Audio Flux\src\interface\widgets\combo_box.hpp(27,11):
      al hacer coincidir la lista de argumentos '(int, int, float, float, float, float, float)'
  
C:\Users\Alexi\Documents\Beam Audio Flux\src\interface\widgets\combo_box.hpp(33,64): error C2039: "Emerald": no es un miembro de "Beam::Theme" [C:\Users\Alexi\Documents\Beam Audio Flux\build\BeamAudioFlux.vcxproj]
  (compilando archivo de origen "../src/engine/nodes/master_node.cpp")
      C:\Users\Alexi\Documents\Beam Audio Flux\src\interface\core\theme.hpp(31,7):
      vea la declaración de 'Beam::Theme'
  
C:\Users\Alexi\Documents\Beam Audio Flux\src\interface\widgets\combo_box.hpp(33,64): error C2065: 'Emerald': identificador no declarado [C:\Users\Alexi\Documents\Beam Audio Flux\build\BeamAudioFlux.vcxproj]
  (compilando archivo de origen "../src/engine/nodes/master_node.cpp")
  
C:\Users\Alexi\Documents\Beam Audio Flux\src\interface\widgets\combo_box.hpp(33,82): error C2039: "Emerald": no es un miembro de "Beam::Theme" [C:\Users\Alexi\Documents\Beam Audio Flux\build\BeamAudioFlux.vcxproj]
  (compilando archivo de origen "../src/engine/nodes/master_node.cpp")
      C:\Users\Alexi\Documents\Beam Audio Flux\src\interface\core\theme.hpp(31,7):
      vea la declaración de 'Beam::Theme'
  
C:\Users\Alexi\Documents\Beam Audio Flux\src\interface\widgets\combo_box.hpp(33,82): error C2065: 'Emerald': identificador no declarado [C:\Users\Alexi\Documents\Beam Audio Flux\build\BeamAudioFlux.vcxproj]
  (compilando archivo de origen "../src/engine/nodes/master_node.cpp")
  
C:\Users\Alexi\Documents\Beam Audio Flux\src\interface\widgets\combo_box.hpp(33,100): error C2039: "Emerald": no es un miembro de "Beam::Theme" [C:\Users\Alexi\Documents\Beam Audio Flux\build\BeamAudioFlux.vcxproj]
  (compilando archivo de origen "../src/engine/nodes/master_node.cpp")
      C:\Users\Alexi\Documents\Beam Audio Flux\src\interface\core\theme.hpp(31,7):
      vea la declaración de 'Beam::Theme'
  
C:\Users\Alexi\Documents\Beam Audio Flux\src\interface\widgets\combo_box.hpp(33,100): error C2065: 'Emerald': identificador no declarado [C:\Users\Alexi\Documents\Beam Audio Flux\build\BeamAudioFlux.vcxproj]
  (compilando archivo de origen "../src/engine/nodes/master_node.cpp")
  
C:\Users\Alexi\Documents\Beam Audio Flux\src\interface\widgets\combo_box.hpp(33,19): error C2660: 'Beam::QuadBatcher::drawQuad': la función no acepta 5 argumentos [C:\Users\Alexi\Documents\Beam Audio Flux\build\BeamAudioFlux.vcxproj]
  (compilando archivo de origen "../src/engine/nodes/master_node.cpp")
      C:\Users\Alexi\Documents\Beam Audio Flux\src\interface\render\quad_batcher.hpp(33,10):
      vea la declaración de 'Beam::QuadBatcher::drawQuad'
      C:\Users\Alexi\Documents\Beam Audio Flux\src\interface\widgets\combo_box.hpp(33,19):
      al hacer coincidir la lista de argumentos '(int, float, float, float, float)'
  
C:\Users\Alexi\Documents\Beam Audio Flux\src\interface\widgets\knob.hpp(131,26): error C2039: "KnobStyle": no es un miembro de "Beam::Theme" [C:\Users\Alexi\Documents\Beam Audio Flux\build\BeamAudioFlux.vcxproj]
  (compilando archivo de origen "../src/engine/nodes/master_node.cpp")
      C:\Users\Alexi\Documents\Beam Audio Flux\src\interface\core\theme.hpp(31,7):
      vea la declaración de 'Beam::Theme'
  
C:\Users\Alexi\Documents\Beam Audio Flux\src\interface\widgets\knob.hpp(131,26): error C2061: error de sintaxis: identificador 'KnobStyle' [C:\Users\Alexi\Documents\Beam Audio Flux\build\BeamAudioFlux.vcxproj]
  (compilando archivo de origen "../src/engine/nodes/master_node.cpp")
  
C:\Users\Alexi\Documents\Beam Audio Flux\src\interface\widgets\knob.hpp(132,12): error C2039: "KnobStyle": no es un miembro de "Beam::Theme" [C:\Users\Alexi\Documents\Beam Audio Flux\build\BeamAudioFlux.vcxproj]
  (compilando archivo de origen "../src/engine/nodes/master_node.cpp")
      C:\Users\Alexi\Documents\Beam Audio Flux\src\interface\core\theme.hpp(31,7):
      vea la declaración de 'Beam::Theme'
  
C:\Users\Alexi\Documents\Beam Audio Flux\src\interface\widgets\knob.hpp(132,22): error C3646: 'getStyle': especificador de invalidación desconocido [C:\Users\Alexi\Documents\Beam Audio Flux\build\BeamAudioFlux.vcxproj]
  (compilando archivo de origen "../src/engine/nodes/master_node.cpp")
  
C:\Users\Alexi\Documents\Beam Audio Flux\src\interface\widgets\knob.hpp(132,30): error C2059: error de sintaxis: '(' [C:\Users\Alexi\Documents\Beam Audio Flux\build\BeamAudioFlux.vcxproj]
  (compilando archivo de origen "../src/engine/nodes/master_node.cpp")
  
C:\Users\Alexi\Documents\Beam Audio Flux\src\interface\widgets\knob.hpp(132,39): error C2334: símbolos (token) inesperados delante de '{'; se pasará por alto el cuerpo de función aparente [C:\Users\Alexi\Documents\Beam Audio Flux\build\BeamAudioFlux.vcxproj]
  (compilando archivo de origen "../src/engine/nodes/master_node.cpp")
  
C:\Users\Alexi\Documents\Beam Audio Flux\src\interface\widgets\knob.hpp(146,12): error C2039: "KnobStyle": no es un miembro de "Beam::Theme" [C:\Users\Alexi\Documents\Beam Audio Flux\build\BeamAudioFlux.vcxproj]
  (compilando archivo de origen "../src/engine/nodes/master_node.cpp")
      C:\Users\Alexi\Documents\Beam Audio Flux\src\interface\core\theme.hpp(31,7):
      vea la declaración de 'Beam::Theme'
  
C:\Users\Alexi\Documents\Beam Audio Flux\src\interface\widgets\knob.hpp(146,22): error C3646: 'm_style': especificador de invalidación desconocido [C:\Users\Alexi\Documents\Beam Audio Flux\build\BeamAudioFlux.vcxproj]
  (compilando archivo de origen "../src/engine/nodes/master_node.cpp")
  
C:\Users\Alexi\Documents\Beam Audio Flux\src\interface\widgets\knob.hpp(146,30): error C2059: error de sintaxis: '=' [C:\Users\Alexi\Documents\Beam Audio Flux\build\BeamAudioFlux.vcxproj]
  (compilando archivo de origen "../src/engine/nodes/master_node.cpp")
  
C:\Users\Alexi\Documents\Beam Audio Flux\src\interface\widgets\knob.hpp(146,39): error C3083: 'KnobStyle': el símbolo situado a la izquierda de '::' debe ser un tipo [C:\Users\Alexi\Documents\Beam Audio Flux\build\BeamAudioFlux.vcxproj]
  (compilando archivo de origen "../src/engine/nodes/master_node.cpp")
  
C:\Users\Alexi\Documents\Beam Audio Flux\src\interface\widgets\knob.hpp(146,50): error C2039: "ClassicBakelite": no es un miembro de "Beam::Theme" [C:\Users\Alexi\Documents\Beam Audio Flux\build\BeamAudioFlux.vcxproj]
  (compilando archivo de origen "../src/engine/nodes/master_node.cpp")
      C:\Users\Alexi\Documents\Beam Audio Flux\src\interface\core\theme.hpp(31,7):
      vea la declaración de 'Beam::Theme'
  
C:\Users\Alexi\Documents\Beam Audio Flux\src\interface\widgets\knob.hpp(146,65): error C2238: símbolos (token) inesperados delante de ';' [C:\Users\Alexi\Documents\Beam Audio Flux\build\BeamAudioFlux.vcxproj]
  (compilando archivo de origen "../src/engine/nodes/master_node.cpp")
  
C:\Users\Alexi\Documents\Beam Audio Flux\src\interface\widgets\knob.hpp(131,45): error C2065: 'm_style': identificador no declarado [C:\Users\Alexi\Documents\Beam Audio Flux\build\BeamAudioFlux.vcxproj]
  (compilando archivo de origen "../src/engine/nodes/master_node.cpp")
  
C:\Users\Alexi\Documents\Beam Audio Flux\src\interface\widgets\knob.hpp(131,55): error C2065: 'style': identificador no declarado [C:\Users\Alexi\Documents\Beam Audio Flux\build\BeamAudioFlux.vcxproj]
  (compilando archivo de origen "../src/engine/nodes/master_node.cpp")
  
C:\Users\Alexi\Documents\Beam Audio Flux\src\interface\analog\analog_ui_templates.hpp(18,12): error C2039: "MaterialType": no es un miembro de "Beam::Theme" [C:\Users\Alexi\Documents\Beam Audio Flux\build\BeamAudioFlux.vcxproj]
  (compilando archivo de origen "../src/engine/nodes/master_node.cpp")
      C:\Users\Alexi\Documents\Beam Audio Flux\src\interface\core\theme.hpp(31,7):
      vea la declaración de 'Beam::Theme'
  
C:\Users\Alexi\Documents\Beam Audio Flux\src\interface\analog\analog_ui_templates.hpp(18,25): error C3646: 'material': especificador de invalidación desconocido [C:\Users\Alexi\Documents\Beam Audio Flux\build\BeamAudioFlux.vcxproj]
  (compilando archivo de origen "../src/engine/nodes/master_node.cpp")
  
C:\Users\Alexi\Documents\Beam Audio Flux\src\interface\analog\analog_ui_templates.hpp(18,34): error C2059: error de sintaxis: '=' [C:\Users\Alexi\Documents\Beam Audio Flux\build\BeamAudioFlux.vcxproj]
  (compilando archivo de origen "../src/engine/nodes/master_node.cpp")
  
C:\Users\Alexi\Documents\Beam Audio Flux\src\interface\analog\analog_ui_templates.hpp(18,43): error C3083: 'MaterialType': el símbolo situado a la izquierda de '::' debe ser un tipo [C:\Users\Alexi\Documents\Beam Audio Flux\build\BeamAudioFlux.vcxproj]
  (compilando archivo de origen "../src/engine/nodes/master_node.cpp")
  
C:\Users\Alexi\Documents\Beam Audio Flux\src\interface\analog\analog_ui_templates.hpp(18,57): error C2039: "Standard": no es un miembro de "Beam::Theme" [C:\Users\Alexi\Documents\Beam Audio Flux\build\BeamAudioFlux.vcxproj]
  (compilando archivo de origen "../src/engine/nodes/master_node.cpp")
      C:\Users\Alexi\Documents\Beam Audio Flux\src\interface\core\theme.hpp(31,7):
      vea la declaración de 'Beam::Theme'
  
C:\Users\Alexi\Documents\Beam Audio Flux\src\interface\analog\analog_ui_templates.hpp(18,65): error C2238: símbolos (token) inesperados delante de ';' [C:\Users\Alexi\Documents\Beam Audio Flux\build\BeamAudioFlux.vcxproj]
  (compilando archivo de origen "../src/engine/nodes/master_node.cpp")
  
C:\Users\Alexi\Documents\Beam Audio Flux\src\interface\analog\analog_ui_templates.hpp(19,12): error C2039: "KnobStyle": no es un miembro de "Beam::Theme" [C:\Users\Alexi\Documents\Beam Audio Flux\build\BeamAudioFlux.vcxproj]
  (compilando archivo de origen "../src/engine/nodes/master_node.cpp")
      C:\Users\Alexi\Documents\Beam Audio Flux\src\interface\core\theme.hpp(31,7):
      vea la declaración de 'Beam::Theme'
  
C:\Users\Alexi\Documents\Beam Audio Flux\src\interface\analog\analog_ui_templates.hpp(19,22): error C3646: 'knobStyle': especificador de invalidación desconocido [C:\Users\Alexi\Documents\Beam Audio Flux\build\BeamAudioFlux.vcxproj]
  (compilando archivo de origen "../src/engine/nodes/master_node.cpp")
  
C:\Users\Alexi\Documents\Beam Audio Flux\src\interface\analog\analog_ui_templates.hpp(19,32): error C2059: error de sintaxis: '=' [C:\Users\Alexi\Documents\Beam Audio Flux\build\BeamAudioFlux.vcxproj]
  (compilando archivo de origen "../src/engine/nodes/master_node.cpp")
  
C:\Users\Alexi\Documents\Beam Audio Flux\src\interface\analog\analog_ui_templates.hpp(19,41): error C3083: 'KnobStyle': el símbolo situado a la izquierda de '::' debe ser un tipo [C:\Users\Alexi\Documents\Beam Audio Flux\build\BeamAudioFlux.vcxproj]
  (compilando archivo de origen "../src/engine/nodes/master_node.cpp")
  
C:\Users\Alexi\Documents\Beam Audio Flux\src\interface\analog\analog_ui_templates.hpp(19,52): error C2039: "ClassicBakelite": no es un miembro de "Beam::Theme" [C:\Users\Alexi\Documents\Beam Audio Flux\build\BeamAudioFlux.vcxproj]
  (compilando archivo de origen "../src/engine/nodes/master_node.cpp")
      C:\Users\Alexi\Documents\Beam Audio Flux\src\interface\core\theme.hpp(31,7):
      vea la declaración de 'Beam::Theme'
  
C:\Users\Alexi\Documents\Beam Audio Flux\src\interface\analog\analog_ui_templates.hpp(19,67): error C2238: símbolos (token) inesperados delante de ';' [C:\Users\Alexi\Documents\Beam Audio Flux\build\BeamAudioFlux.vcxproj]
  (compilando archivo de origen "../src/engine/nodes/master_node.cpp")
  
C:\Users\Alexi\Documents\Beam Audio Flux\src\interface\analog\analog_ui_templates.hpp(63,36): error C2039: "knobStyle": no es un miembro de "Beam::RackStyle" [C:\Users\Alexi\Documents\Beam Audio Flux\build\BeamAudioFlux.vcxproj]
  (compilando archivo de origen "../src/engine/nodes/master_node.cpp")
      C:\Users\Alexi\Documents\Beam Audio Flux\src\interface\analog\analog_ui_templates.hpp(15,8):
      vea la declaración de 'Beam::RackStyle'
  
C:\Users\Alexi\Documents\Beam Audio Flux\src\interface\analog\analog_ui_templates.hpp(63,19): error C2660: 'Beam::Knob::setStyle': la función no acepta 1 argumentos [C:\Users\Alexi\Documents\Beam Audio Flux\build\BeamAudioFlux.vcxproj]
  (compilando archivo de origen "../src/engine/nodes/master_node.cpp")
      C:\Users\Alexi\Documents\Beam Audio Flux\src\interface\widgets\knob.hpp(131,10):
      vea la declaración de 'Beam::Knob::setStyle'
      C:\Users\Alexi\Documents\Beam Audio Flux\src\interface\analog\analog_ui_templates.hpp(63,19):
      al hacer coincidir la lista de argumentos '()'
  
C:\Users\Alexi\Documents\Beam Audio Flux\src\interface\analog\analog_ui_templates.hpp(110,35): error C2039: "darker": no es un miembro de "Beam::Color" [C:\Users\Alexi\Documents\Beam Audio Flux\build\BeamAudioFlux.vcxproj]
  (compilando archivo de origen "../src/engine/nodes/master_node.cpp")
      C:\Users\Alexi\Documents\Beam Audio Flux\src\interface\core\theme.hpp(12,8):
      vea la declaración de 'Beam::Color'
  
C:\Users\Alexi\Documents\Beam Audio Flux\src\interface\analog\analog_ui_templates.hpp(110,54): error C2039: "darker": no es un miembro de "Beam::Color" [C:\Users\Alexi\Documents\Beam Audio Flux\build\BeamAudioFlux.vcxproj]
  (compilando archivo de origen "../src/engine/nodes/master_node.cpp")
      C:\Users\Alexi\Documents\Beam Audio Flux\src\interface\core\theme.hpp(12,8):
      vea la declaración de 'Beam::Color'
  
C:\Users\Alexi\Documents\Beam Audio Flux\src\interface\analog\analog_ui_templates.hpp(110,73): error C2039: "darker": no es un miembro de "Beam::Color" [C:\Users\Alexi\Documents\Beam Audio Flux\build\BeamAudioFlux.vcxproj]
  (compilando archivo de origen "../src/engine/nodes/master_node.cpp")
      C:\Users\Alexi\Documents\Beam Audio Flux\src\interface\core\theme.hpp(12,8):
      vea la declaración de 'Beam::Color'
  
C:\Users\Alexi\Documents\Beam Audio Flux\src\interface\analog\analog_ui_templates.hpp(109,17): error C2660: 'Beam::QuadBatcher::drawRoundedRect': la función no acepta 7 argumentos [C:\Users\Alexi\Documents\Beam Audio Flux\build\BeamAudioFlux.vcxproj]
  (compilando archivo de origen "../src/engine/nodes/master_node.cpp")
      C:\Users\Alexi\Documents\Beam Audio Flux\src\interface\render\quad_batcher.hpp(45,10):
      vea la declaración de 'Beam::QuadBatcher::drawRoundedRect'
      C:\Users\Alexi\Documents\Beam Audio Flux\src\interface\analog\analog_ui_templates.hpp(109,17):
      al hacer coincidir la lista de argumentos '(float, const float, float, float, float, float, float)'
  
C:\Users\Alexi\Documents\Beam Audio Flux\src\interface\analog\analog_ui_templates.hpp(124,59): error C2039: "darker": no es un miembro de "Beam::Color" [C:\Users\Alexi\Documents\Beam Audio Flux\build\BeamAudioFlux.vcxproj]
  (compilando archivo de origen "../src/engine/nodes/master_node.cpp")
      C:\Users\Alexi\Documents\Beam Audio Flux\src\interface\core\theme.hpp(12,8):
      vea la declaración de 'Beam::Color'
  
C:\Users\Alexi\Documents\Beam Audio Flux\src\interface\analog\analog_ui_templates.hpp(124,78): error C2039: "darker": no es un miembro de "Beam::Color" [C:\Users\Alexi\Documents\Beam Audio Flux\build\BeamAudioFlux.vcxproj]
  (compilando archivo de origen "../src/engine/nodes/master_node.cpp")
      C:\Users\Alexi\Documents\Beam Audio Flux\src\interface\core\theme.hpp(12,8):
      vea la declaración de 'Beam::Color'
  
C:\Users\Alexi\Documents\Beam Audio Flux\src\interface\analog\analog_ui_templates.hpp(124,97): error C2039: "darker": no es un miembro de "Beam::Color" [C:\Users\Alexi\Documents\Beam Audio Flux\build\BeamAudioFlux.vcxproj]
  (compilando archivo de origen "../src/engine/nodes/master_node.cpp")
      C:\Users\Alexi\Documents\Beam Audio Flux\src\interface\core\theme.hpp(12,8):
      vea la declaración de 'Beam::Color'
  
C:\Users\Alexi\Documents\Beam Audio Flux\src\interface\analog\analog_ui_templates.hpp(124,17): error C2660: 'Beam::QuadBatcher::drawText': la función no acepta 5 argumentos [C:\Users\Alexi\Documents\Beam Audio Flux\build\BeamAudioFlux.vcxproj]
  (compilando archivo de origen "../src/engine/nodes/master_node.cpp")
      C:\Users\Alexi\Documents\Beam Audio Flux\src\interface\render\quad_batcher.hpp(67,10):
      vea la declaración de 'Beam::QuadBatcher::drawText'
      C:\Users\Alexi\Documents\Beam Audio Flux\src\interface\analog\analog_ui_templates.hpp(124,17):
      al hacer coincidir la lista de argumentos '(std::string, int, int, float, float)'
  
C:\Users\Alexi\Documents\Beam Audio Flux\src\interface\analog\analog_ui_templates.hpp(128,66): error C2039: "withAlpha": no es un miembro de "Beam::Color" [C:\Users\Alexi\Documents\Beam Audio Flux\build\BeamAudioFlux.vcxproj]
  (compilando archivo de origen "../src/engine/nodes/master_node.cpp")
      C:\Users\Alexi\Documents\Beam Audio Flux\src\interface\core\theme.hpp(12,8):
      vea la declaración de 'Beam::Color'
  
C:\Users\Alexi\Documents\Beam Audio Flux\src\interface\analog\analog_ui_templates.hpp(128,88): error C2039: "withAlpha": no es un miembro de "Beam::Color" [C:\Users\Alexi\Documents\Beam Audio Flux\build\BeamAudioFlux.vcxproj]
  (compilando archivo de origen "../src/engine/nodes/master_node.cpp")
      C:\Users\Alexi\Documents\Beam Audio Flux\src\interface\core\theme.hpp(12,8):
      vea la declaración de 'Beam::Color'
  
C:\Users\Alexi\Documents\Beam Audio Flux\src\interface\analog\analog_ui_templates.hpp(128,110): error C2039: "withAlpha": no es un miembro de "Beam::Color" [C:\Users\Alexi\Documents\Beam Audio Flux\build\BeamAudioFlux.vcxproj]
  (compilando archivo de origen "../src/engine/nodes/master_node.cpp")
      C:\Users\Alexi\Documents\Beam Audio Flux\src\interface\core\theme.hpp(12,8):
      vea la declaración de 'Beam::Color'
  
C:\Users\Alexi\Documents\Beam Audio Flux\src\interface\analog\analog_ui_templates.hpp(128,21): error C2660: 'Beam::QuadBatcher::drawText': la función no acepta 5 argumentos [C:\Users\Alexi\Documents\Beam Audio Flux\build\BeamAudioFlux.vcxproj]
  (compilando archivo de origen "../src/engine/nodes/master_node.cpp")
      C:\Users\Alexi\Documents\Beam Audio Flux\src\interface\render\quad_batcher.hpp(67,10):
      vea la declaración de 'Beam::QuadBatcher::drawText'
      C:\Users\Alexi\Documents\Beam Audio Flux\src\interface\analog\analog_ui_templates.hpp(128,21):
      al hacer coincidir la lista de argumentos '(std::string, int, int, float, float)'
  
C:\Users\Alexi\Documents\Beam Audio Flux\src\interface\analog\analog_ui_templates.hpp(162,52): error C2039: "LEDGreen": no es un miembro de "Beam::Theme" [C:\Users\Alexi\Documents\Beam Audio Flux\build\BeamAudioFlux.vcxproj]
  (compilando archivo de origen "../src/engine/nodes/master_node.cpp")
      C:\Users\Alexi\Documents\Beam Audio Flux\src\interface\core\theme.hpp(31,7):
      vea la declaración de 'Beam::Theme'
  
C:\Users\Alexi\Documents\Beam Audio Flux\src\interface\analog\analog_ui_templates.hpp(162,52): error C2065: 'LEDGreen': identificador no declarado [C:\Users\Alexi\Documents\Beam Audio Flux\build\BeamAudioFlux.vcxproj]
  (compilando archivo de origen "../src/engine/nodes/master_node.cpp")
  
C:\Users\Alexi\Documents\Beam Audio Flux\src\interface\analog\analog_ui_templates.hpp(162,87): error C2039: "LEDYellow": no es un miembro de "Beam::Theme" [C:\Users\Alexi\Documents\Beam Audio Flux\build\BeamAudioFlux.vcxproj]
  (compilando archivo de origen "../src/engine/nodes/master_node.cpp")
      C:\Users\Alexi\Documents\Beam Audio Flux\src\interface\core\theme.hpp(31,7):
      vea la declaración de 'Beam::Theme'
  
C:\Users\Alexi\Documents\Beam Audio Flux\src\interface\analog\analog_ui_templates.hpp(162,87): error C2065: 'LEDYellow': identificador no declarado [C:\Users\Alexi\Documents\Beam Audio Flux\build\BeamAudioFlux.vcxproj]
  (compilando archivo de origen "../src/engine/nodes/master_node.cpp")
  
C:\Users\Alexi\Documents\Beam Audio Flux\src\interface\analog\analog_ui_templates.hpp(162,106): error C2039: "LEDRed": no es un miembro de "Beam::Theme" [C:\Users\Alexi\Documents\Beam Audio Flux\build\BeamAudioFlux.vcxproj]
  (compilando archivo de origen "../src/engine/nodes/master_node.cpp")
      C:\Users\Alexi\Documents\Beam Audio Flux\src\interface\core\theme.hpp(31,7):
      vea la declaración de 'Beam::Theme'
  
C:\Users\Alexi\Documents\Beam Audio Flux\src\interface\analog\analog_ui_templates.hpp(162,106): error C2065: 'LEDRed': identificador no declarado [C:\Users\Alexi\Documents\Beam Audio Flux\build\BeamAudioFlux.vcxproj]
  (compilando archivo de origen "../src/engine/nodes/master_node.cpp")
  
C:\Users\Alexi\Documents\Beam Audio Flux\src\interface\analog\analog_ui_templates.hpp(165,54): error C2039: "LEDGreen": no es un miembro de "Beam::Theme" [C:\Users\Alexi\Documents\Beam Audio Flux\build\BeamAudioFlux.vcxproj]
  (compilando archivo de origen "../src/engine/nodes/master_node.cpp")
      C:\Users\Alexi\Documents\Beam Audio Flux\src\interface\core\theme.hpp(31,7):
      vea la declaración de 'Beam::Theme'
  
C:\Users\Alexi\Documents\Beam Audio Flux\src\interface\analog\analog_ui_templates.hpp(165,54): error C2065: 'LEDGreen': identificador no declarado [C:\Users\Alexi\Documents\Beam Audio Flux\build\BeamAudioFlux.vcxproj]
  (compilando archivo de origen "../src/engine/nodes/master_node.cpp")
  
C:\Users\Alexi\Documents\Beam Audio Flux\src\interface\analog\analog_ui_templates.hpp(165,91): error C2039: "LEDYellow": no es un miembro de "Beam::Theme" [C:\Users\Alexi\Documents\Beam Audio Flux\build\BeamAudioFlux.vcxproj]
  (compilando archivo de origen "../src/engine/nodes/master_node.cpp")
      C:\Users\Alexi\Documents\Beam Audio Flux\src\interface\core\theme.hpp(31,7):
      vea la declaración de 'Beam::Theme'
  
C:\Users\Alexi\Documents\Beam Audio Flux\src\interface\analog\analog_ui_templates.hpp(165,91): error C2065: 'LEDYellow': identificador no declarado [C:\Users\Alexi\Documents\Beam Audio Flux\build\BeamAudioFlux.vcxproj]
  (compilando archivo de origen "../src/engine/nodes/master_node.cpp")
  
C:\Users\Alexi\Documents\Beam Audio Flux\src\interface\analog\analog_ui_templates.hpp(165,110): error C2039: "LEDRed": no es un miembro de "Beam::Theme" [C:\Users\Alexi\Documents\Beam Audio Flux\build\BeamAudioFlux.vcxproj]
  (compilando archivo de origen "../src/engine/nodes/master_node.cpp")
      C:\Users\Alexi\Documents\Beam Audio Flux\src\interface\core\theme.hpp(31,7):
      vea la declaración de 'Beam::Theme'
  
C:\Users\Alexi\Documents\Beam Audio Flux\src\interface\analog\analog_ui_templates.hpp(165,110): error C2065: 'LEDRed': identificador no declarado [C:\Users\Alexi\Documents\Beam Audio Flux\build\BeamAudioFlux.vcxproj]
  (compilando archivo de origen "../src/engine/nodes/master_node.cpp")
  
C:\Users\Alexi\Documents\Beam Audio Flux\src\interface\analog\analog_ui_templates.hpp(205,77): error C3083: 'MaterialType': el símbolo situado a la izquierda de '::' debe ser un tipo [C:\Users\Alexi\Documents\Beam Audio Flux\build\BeamAudioFlux.vcxproj]
  (compilando archivo de origen "../src/engine/nodes/master_node.cpp")
  
C:\Users\Alexi\Documents\Beam Audio Flux\src\interface\analog\analog_ui_templates.hpp(205,91): error C2039: "WrinklePaint": no es un miembro de "Beam::Theme" [C:\Users\Alexi\Documents\Beam Audio Flux\build\BeamAudioFlux.vcxproj]
  (compilando archivo de origen "../src/engine/nodes/master_node.cpp")
      C:\Users\Alexi\Documents\Beam Audio Flux\src\interface\core\theme.hpp(31,7):
      vea la declaración de 'Beam::Theme'
  
C:\Users\Alexi\Documents\Beam Audio Flux\src\interface\analog\analog_ui_templates.hpp(205,91): error C2065: 'WrinklePaint': identificador no declarado [C:\Users\Alexi\Documents\Beam Audio Flux\build\BeamAudioFlux.vcxproj]
  (compilando archivo de origen "../src/engine/nodes/master_node.cpp")
  
C:\Users\Alexi\Documents\Beam Audio Flux\src\interface\analog\analog_ui_templates.hpp(205,112): error C3083: 'KnobStyle': el símbolo situado a la izquierda de '::' debe ser un tipo [C:\Users\Alexi\Documents\Beam Audio Flux\build\BeamAudioFlux.vcxproj]
  (compilando archivo de origen "../src/engine/nodes/master_node.cpp")
  
C:\Users\Alexi\Documents\Beam Audio Flux\src\interface\analog\analog_ui_templates.hpp(205,123): error C2039: "ClassicBakelite": no es un miembro de "Beam::Theme" [C:\Users\Alexi\Documents\Beam Audio Flux\build\BeamAudioFlux.vcxproj]
  (compilando archivo de origen "../src/engine/nodes/master_node.cpp")
      C:\Users\Alexi\Documents\Beam Audio Flux\src\interface\core\theme.hpp(31,7):
      vea la declaración de 'Beam::Theme'
  
C:\Users\Alexi\Documents\Beam Audio Flux\src\interface\analog\analog_ui_templates.hpp(205,123): error C2065: 'ClassicBakelite': identificador no declarado [C:\Users\Alexi\Documents\Beam Audio Flux\build\BeamAudioFlux.vcxproj]
  (compilando archivo de origen "../src/engine/nodes/master_node.cpp")
  
C:\Users\Alexi\Documents\Beam Audio Flux\src\interface\analog\analog_ui_templates.hpp(205,16): error C2440: 'return': no se puede realizar la conversión de 'initializer list' a 'Beam::RackStyle' [C:\Users\Alexi\Documents\Beam Audio Flux\build\BeamAudioFlux.vcxproj]
  (compilando archivo de origen "../src/engine/nodes/master_node.cpp")
      C:\Users\Alexi\Documents\Beam Audio Flux\src\interface\analog\analog_ui_templates.hpp(205,9):
      Inicialización de agregados no válida
          C:\Users\Alexi\Documents\Beam Audio Flux\src\interface\analog\analog_ui_templates.hpp(205,153):
          'inicializando': no se puede realizar la conversión de 'bool' a 'std::string'
              C:\Users\Alexi\Documents\Beam Audio Flux\src\interface\analog\analog_ui_templates.hpp(205,153):
              'std::basic_string<char,std::char_traits<char>,std::allocator<char>>::basic_string':ninguna función sobrecargada pudo convertir todos los tipos de argumento
                  C:\Program Files\Microsoft Visual Studio\2022\Community\VC\Tools\MSVC\14.42.34433\include\xstring(749,5):
                  puede ser 'std::basic_string<char,std::char_traits<char>,std::allocator<char>>::basic_string(const _Elem *const )'
          with
          [
              _Elem=char
          ]
                      C:\Users\Alexi\Documents\Beam Audio Flux\src\interface\analog\analog_ui_templates.hpp(205,153):
                      'std::basic_string<char,std::char_traits<char>,std::allocator<char>>::basic_string(const _Elem *const )': el argumento 1 no puede convertirse de 'bool' a 'const _Elem *const '
          with
          [
              _Elem=char
          ]
                          C:\Users\Alexi\Documents\Beam Audio Flux\src\interface\analog\analog_ui_templates.hpp(205,153):
                          La conversión de un tipo entero a un tipo de puntero requiere reinterpret_cast, conversión de estilo de C o conversión de estilo de función entre paréntesis
                  C:\Program Files\Microsoft Visual Studio\2022\Community\VC\Tools\MSVC\14.42.34433\include\xstring(1327,5):
                  o       'std::basic_string<char,std::char_traits<char>,std::allocator<char>>::basic_string(std::initializer_list<_Elem>,const _Alloc &)'
          with
          [
              _Elem=char,
              _Alloc=std::allocator<char>
          ]
                      C:\Users\Alexi\Documents\Beam Audio Flux\src\interface\analog\analog_ui_templates.hpp(205,153):
                      'std::basic_string<char,std::char_traits<char>,std::allocator<char>>::basic_string(std::initializer_list<_Elem>,const _Alloc &)': el argumento 1 no puede convertirse de 'bool' a 'std::initializer_list<_Elem>'
          with
          [
              _Elem=char,
              _Alloc=std::allocator<char>
          ]
          and
          [
              _Elem=char
          ]
                          C:\Users\Alexi\Documents\Beam Audio Flux\src\interface\analog\analog_ui_templates.hpp(205,153):
                          La conversión requiere un segundo operador de conversión definido por el usuario o constructor
                  C:\Program Files\Microsoft Visual Studio\2022\Community\VC\Tools\MSVC\14.42.34433\include\xstring(1138,5):
                  o       'std::basic_string<char,std::char_traits<char>,std::allocator<char>>::basic_string(const _Ty &,const unsigned __int64,const unsigned __int64,const _Alloc &)'
          with
          [
              _Alloc=std::allocator<char>
          ]
                  C:\Program Files\Microsoft Visual Studio\2022\Community\VC\Tools\MSVC\14.42.34433\include\xstring(779,5):
                  o       'std::basic_string<char,std::char_traits<char>,std::allocator<char>>::basic_string(_Iter,_Iter,const _Alloc &)'
          with
          [
              _Alloc=std::allocator<char>
          ]
                  C:\Program Files\Microsoft Visual Studio\2022\Community\VC\Tools\MSVC\14.42.34433\include\xstring(773,5):
                  o       'std::basic_string<char,std::char_traits<char>,std::allocator<char>>::basic_string(const unsigned __int64,const _Elem,const _Alloc &)'
          with
          [
              _Elem=char,
              _Alloc=std::allocator<char>
          ]
                  C:\Program Files\Microsoft Visual Studio\2022\Community\VC\Tools\MSVC\14.42.34433\include\xstring(756,5):
                  o       'std::basic_string<char,std::char_traits<char>,std::allocator<char>>::basic_string(const _Elem *const ,const _Alloc &)'
          with
          [
              _Elem=char,
              _Alloc=std::allocator<char>
          ]
                  C:\Program Files\Microsoft Visual Studio\2022\Community\VC\Tools\MSVC\14.42.34433\include\xstring(743,5):
                  o       'std::basic_string<char,std::char_traits<char>,std::allocator<char>>::basic_string(const _Elem *const ,const unsigned __int64,const _Alloc &)'
          with
          [
              _Elem=char,
              _Alloc=std::allocator<char>
          ]
                  C:\Users\Alexi\Documents\Beam Audio Flux\src\interface\analog\analog_ui_templates.hpp(205,153):
                  al hacer coincidir la lista de argumentos '(bool)'
          C:\Users\Alexi\Documents\Beam Audio Flux\src\interface\analog\analog_ui_templates.hpp(205,160):
          'inicializando': no se puede realizar la conversión de 'bool' a 'std::string'
              C:\Users\Alexi\Documents\Beam Audio Flux\src\interface\analog\analog_ui_templates.hpp(205,160):
              'std::basic_string<char,std::char_traits<char>,std::allocator<char>>::basic_string':ninguna función sobrecargada pudo convertir todos los tipos de argumento
                  C:\Program Files\Microsoft Visual Studio\2022\Community\VC\Tools\MSVC\14.42.34433\include\xstring(749,5):
                  puede ser 'std::basic_string<char,std::char_traits<char>,std::allocator<char>>::basic_string(const _Elem *const )'
          with
          [
              _Elem=char
          ]
                      C:\Users\Alexi\Documents\Beam Audio Flux\src\interface\analog\analog_ui_templates.hpp(205,160):
                      'std::basic_string<char,std::char_traits<char>,std::allocator<char>>::basic_string(const _Elem *const )': el argumento 1 no puede convertirse de 'bool' a 'const _Elem *const '
          with
          [
              _Elem=char
          ]
                          C:\Users\Alexi\Documents\Beam Audio Flux\src\interface\analog\analog_ui_templates.hpp(205,160):
                          La conversión de un tipo entero a un tipo de puntero requiere reinterpret_cast, conversión de estilo de C o conversión de estilo de función entre paréntesis
                  C:\Program Files\Microsoft Visual Studio\2022\Community\VC\Tools\MSVC\14.42.34433\include\xstring(1327,5):
                  o       'std::basic_string<char,std::char_traits<char>,std::allocator<char>>::basic_string(std::initializer_list<_Elem>,const _Alloc &)'
          with
          [
              _Elem=char,
              _Alloc=std::allocator<char>
          ]
                      C:\Users\Alexi\Documents\Beam Audio Flux\src\interface\analog\analog_ui_templates.hpp(205,160):
                      'std::basic_string<char,std::char_traits<char>,std::allocator<char>>::basic_string(std::initializer_list<_Elem>,const _Alloc &)': el argumento 1 no puede convertirse de 'bool' a 'std::initializer_list<_Elem>'
          with
          [
              _Elem=char,
              _Alloc=std::allocator<char>
          ]
          and
          [
              _Elem=char
          ]
                          C:\Users\Alexi\Documents\Beam Audio Flux\src\interface\analog\analog_ui_templates.hpp(205,160):
                          La conversión requiere un segundo operador de conversión definido por el usuario o constructor
                  C:\Program Files\Microsoft Visual Studio\2022\Community\VC\Tools\MSVC\14.42.34433\include\xstring(1138,5):
                  o       'std::basic_string<char,std::char_traits<char>,std::allocator<char>>::basic_string(const _Ty &,const unsigned __int64,const unsigned __int64,const _Alloc &)'
          with
          [
              _Alloc=std::allocator<char>
          ]
                  C:\Program Files\Microsoft Visual Studio\2022\Community\VC\Tools\MSVC\14.42.34433\include\xstring(779,5):
                  o       'std::basic_string<char,std::char_traits<char>,std::allocator<char>>::basic_string(_Iter,_Iter,const _Alloc &)'
          with
          [
              _Alloc=std::allocator<char>
          ]
                  C:\Program Files\Microsoft Visual Studio\2022\Community\VC\Tools\MSVC\14.42.34433\include\xstring(773,5):
                  o       'std::basic_string<char,std::char_traits<char>,std::allocator<char>>::basic_string(const unsigned __int64,const _Elem,const _Alloc &)'
          with
          [
              _Elem=char,
              _Alloc=std::allocator<char>
          ]
                  C:\Program Files\Microsoft Visual Studio\2022\Community\VC\Tools\MSVC\14.42.34433\include\xstring(756,5):
                  o       'std::basic_string<char,std::char_traits<char>,std::allocator<char>>::basic_string(const _Elem *const ,const _Alloc &)'
          with
          [
              _Elem=char,
              _Alloc=std::allocator<char>
          ]
                  C:\Program Files\Microsoft Visual Studio\2022\Community\VC\Tools\MSVC\14.42.34433\include\xstring(743,5):
                  o       'std::basic_string<char,std::char_traits<char>,std::allocator<char>>::basic_string(const _Elem *const ,const unsigned __int64,const _Alloc &)'
          with
          [
              _Elem=char,
              _Alloc=std::allocator<char>
          ]
                  C:\Users\Alexi\Documents\Beam Audio Flux\src\interface\analog\analog_ui_templates.hpp(205,160):
                  al hacer coincidir la lista de argumentos '(bool)'
          C:\Users\Alexi\Documents\Beam Audio Flux\src\interface\analog\analog_ui_templates.hpp(205,167):
          hay demasiados inicializadores
  
C:\Users\Alexi\Documents\Beam Audio Flux\src\interface\analog\analog_ui_templates.hpp(208,77): error C3083: 'MaterialType': el símbolo situado a la izquierda de '::' debe ser un tipo [C:\Users\Alexi\Documents\Beam Audio Flux\build\BeamAudioFlux.vcxproj]
  (compilando archivo de origen "../src/engine/nodes/master_node.cpp")
  
C:\Users\Alexi\Documents\Beam Audio Flux\src\interface\analog\analog_ui_templates.hpp(208,91): error C2039: "Standard": no es un miembro de "Beam::Theme" [C:\Users\Alexi\Documents\Beam Audio Flux\build\BeamAudioFlux.vcxproj]
  (compilando archivo de origen "../src/engine/nodes/master_node.cpp")
      C:\Users\Alexi\Documents\Beam Audio Flux\src\interface\core\theme.hpp(31,7):
      vea la declaración de 'Beam::Theme'
  
C:\Users\Alexi\Documents\Beam Audio Flux\src\interface\analog\analog_ui_templates.hpp(208,91): error C2065: 'Standard': identificador no declarado [C:\Users\Alexi\Documents\Beam Audio Flux\build\BeamAudioFlux.vcxproj]
  (compilando archivo de origen "../src/engine/nodes/master_node.cpp")
  
C:\Users\Alexi\Documents\Beam Audio Flux\src\interface\analog\analog_ui_templates.hpp(208,108): error C3083: 'KnobStyle': el símbolo situado a la izquierda de '::' debe ser un tipo [C:\Users\Alexi\Documents\Beam Audio Flux\build\BeamAudioFlux.vcxproj]
  (compilando archivo de origen "../src/engine/nodes/master_node.cpp")
  
C:\Users\Alexi\Documents\Beam Audio Flux\src\interface\analog\analog_ui_templates.hpp(208,119): error C2039: "ModernColored": no es un miembro de "Beam::Theme" [C:\Users\Alexi\Documents\Beam Audio Flux\build\BeamAudioFlux.vcxproj]
  (compilando archivo de origen "../src/engine/nodes/master_node.cpp")
      C:\Users\Alexi\Documents\Beam Audio Flux\src\interface\core\theme.hpp(31,7):
      vea la declaración de 'Beam::Theme'
  
C:\Users\Alexi\Documents\Beam Audio Flux\src\interface\analog\analog_ui_templates.hpp(208,119): error C2065: 'ModernColored': identificador no declarado [C:\Users\Alexi\Documents\Beam Audio Flux\build\BeamAudioFlux.vcxproj]
  (compilando archivo de origen "../src/engine/nodes/master_node.cpp")
  
C:\Users\Alexi\Documents\Beam Audio Flux\src\interface\analog\analog_ui_templates.hpp(208,16): error C2440: 'return': no se puede realizar la conversión de 'initializer list' a 'Beam::RackStyle' [C:\Users\Alexi\Documents\Beam Audio Flux\build\BeamAudioFlux.vcxproj]
  (compilando archivo de origen "../src/engine/nodes/master_node.cpp")
      C:\Users\Alexi\Documents\Beam Audio Flux\src\interface\analog\analog_ui_templates.hpp(208,9):
      Inicialización de agregados no válida
          C:\Users\Alexi\Documents\Beam Audio Flux\src\interface\analog\analog_ui_templates.hpp(208,147):
          'inicializando': no se puede realizar la conversión de 'bool' a 'std::string'
              C:\Users\Alexi\Documents\Beam Audio Flux\src\interface\analog\analog_ui_templates.hpp(208,147):
              'std::basic_string<char,std::char_traits<char>,std::allocator<char>>::basic_string':ninguna función sobrecargada pudo convertir todos los tipos de argumento
                  C:\Program Files\Microsoft Visual Studio\2022\Community\VC\Tools\MSVC\14.42.34433\include\xstring(749,5):
                  puede ser 'std::basic_string<char,std::char_traits<char>,std::allocator<char>>::basic_string(const _Elem *const )'
          with
          [
              _Elem=char
          ]
                      C:\Users\Alexi\Documents\Beam Audio Flux\src\interface\analog\analog_ui_templates.hpp(208,147):
                      'std::basic_string<char,std::char_traits<char>,std::allocator<char>>::basic_string(const _Elem *const )': el argumento 1 no puede convertirse de 'bool' a 'const _Elem *const '
          with
          [
              _Elem=char
          ]
                          C:\Users\Alexi\Documents\Beam Audio Flux\src\interface\analog\analog_ui_templates.hpp(208,147):
                          La conversión de un tipo entero a un tipo de puntero requiere reinterpret_cast, conversión de estilo de C o conversión de estilo de función entre paréntesis
                  C:\Program Files\Microsoft Visual Studio\2022\Community\VC\Tools\MSVC\14.42.34433\include\xstring(1327,5):
                  o       'std::basic_string<char,std::char_traits<char>,std::allocator<char>>::basic_string(std::initializer_list<_Elem>,const _Alloc &)'
          with
          [
              _Elem=char,
              _Alloc=std::allocator<char>
          ]
                      C:\Users\Alexi\Documents\Beam Audio Flux\src\interface\analog\analog_ui_templates.hpp(208,147):
                      'std::basic_string<char,std::char_traits<char>,std::allocator<char>>::basic_string(std::initializer_list<_Elem>,const _Alloc &)': el argumento 1 no puede convertirse de 'bool' a 'std::initializer_list<_Elem>'
          with
          [
              _Elem=char,
              _Alloc=std::allocator<char>
          ]
          and
          [
              _Elem=char
          ]
                          C:\Users\Alexi\Documents\Beam Audio Flux\src\interface\analog\analog_ui_templates.hpp(208,147):
                          La conversión requiere un segundo operador de conversión definido por el usuario o constructor
                  C:\Program Files\Microsoft Visual Studio\2022\Community\VC\Tools\MSVC\14.42.34433\include\xstring(1138,5):
                  o       'std::basic_string<char,std::char_traits<char>,std::allocator<char>>::basic_string(const _Ty &,const unsigned __int64,const unsigned __int64,const _Alloc &)'
          with
          [
              _Alloc=std::allocator<char>
          ]
                  C:\Program Files\Microsoft Visual Studio\2022\Community\VC\Tools\MSVC\14.42.34433\include\xstring(779,5):
                  o       'std::basic_string<char,std::char_traits<char>,std::allocator<char>>::basic_string(_Iter,_Iter,const _Alloc &)'
          with
          [
              _Alloc=std::allocator<char>
          ]
                  C:\Program Files\Microsoft Visual Studio\2022\Community\VC\Tools\MSVC\14.42.34433\include\xstring(773,5):
                  o       'std::basic_string<char,std::char_traits<char>,std::allocator<char>>::basic_string(const unsigned __int64,const _Elem,const _Alloc &)'
          with
          [
              _Elem=char,
              _Alloc=std::allocator<char>
          ]
                  C:\Program Files\Microsoft Visual Studio\2022\Community\VC\Tools\MSVC\14.42.34433\include\xstring(756,5):
                  o       'std::basic_string<char,std::char_traits<char>,std::allocator<char>>::basic_string(const _Elem *const ,const _Alloc &)'
          with
          [
              _Elem=char,
              _Alloc=std::allocator<char>
          ]
                  C:\Program Files\Microsoft Visual Studio\2022\Community\VC\Tools\MSVC\14.42.34433\include\xstring(743,5):
                  o       'std::basic_string<char,std::char_traits<char>,std::allocator<char>>::basic_string(const _Elem *const ,const unsigned __int64,const _Alloc &)'
          with
          [
              _Elem=char,
              _Alloc=std::allocator<char>
          ]
                  C:\Users\Alexi\Documents\Beam Audio Flux\src\interface\analog\analog_ui_templates.hpp(208,147):
                  al hacer coincidir la lista de argumentos '(bool)'
          C:\Users\Alexi\Documents\Beam Audio Flux\src\interface\analog\analog_ui_templates.hpp(208,154):
          'inicializando': no se puede realizar la conversión de 'bool' a 'std::string'
              C:\Users\Alexi\Documents\Beam Audio Flux\src\interface\analog\analog_ui_templates.hpp(208,154):
              'std::basic_string<char,std::char_traits<char>,std::allocator<char>>::basic_string':ninguna función sobrecargada pudo convertir todos los tipos de argumento
                  C:\Program Files\Microsoft Visual Studio\2022\Community\VC\Tools\MSVC\14.42.34433\include\xstring(749,5):
                  puede ser 'std::basic_string<char,std::char_traits<char>,std::allocator<char>>::basic_string(const _Elem *const )'
          with
          [
              _Elem=char
          ]
                      C:\Users\Alexi\Documents\Beam Audio Flux\src\interface\analog\analog_ui_templates.hpp(208,154):
                      'std::basic_string<char,std::char_traits<char>,std::allocator<char>>::basic_string(const _Elem *const )': el argumento 1 no puede convertirse de 'bool' a 'const _Elem *const '
          with
          [
              _Elem=char
          ]
                          C:\Users\Alexi\Documents\Beam Audio Flux\src\interface\analog\analog_ui_templates.hpp(208,154):
                          La conversión de un tipo entero a un tipo de puntero requiere reinterpret_cast, conversión de estilo de C o conversión de estilo de función entre paréntesis
                  C:\Program Files\Microsoft Visual Studio\2022\Community\VC\Tools\MSVC\14.42.34433\include\xstring(1327,5):
                  o       'std::basic_string<char,std::char_traits<char>,std::allocator<char>>::basic_string(std::initializer_list<_Elem>,const _Alloc &)'
          with
          [
              _Elem=char,
              _Alloc=std::allocator<char>
          ]
                      C:\Users\Alexi\Documents\Beam Audio Flux\src\interface\analog\analog_ui_templates.hpp(208,154):
                      'std::basic_string<char,std::char_traits<char>,std::allocator<char>>::basic_string(std::initializer_list<_Elem>,const _Alloc &)': el argumento 1 no puede convertirse de 'bool' a 'std::initializer_list<_Elem>'
          with
          [
              _Elem=char,
              _Alloc=std::allocator<char>
          ]
          and
          [
              _Elem=char
          ]
                          C:\Users\Alexi\Documents\Beam Audio Flux\src\interface\analog\analog_ui_templates.hpp(208,154):
                          La conversión requiere un segundo operador de conversión definido por el usuario o constructor
                  C:\Program Files\Microsoft Visual Studio\2022\Community\VC\Tools\MSVC\14.42.34433\include\xstring(1138,5):
                  o       'std::basic_string<char,std::char_traits<char>,std::allocator<char>>::basic_string(const _Ty &,const unsigned __int64,const unsigned __int64,const _Alloc &)'
          with
          [
              _Alloc=std::allocator<char>
          ]
                  C:\Program Files\Microsoft Visual Studio\2022\Community\VC\Tools\MSVC\14.42.34433\include\xstring(779,5):
                  o       'std::basic_string<char,std::char_traits<char>,std::allocator<char>>::basic_string(_Iter,_Iter,const _Alloc &)'
          with
          [
              _Alloc=std::allocator<char>
          ]
                  C:\Program Files\Microsoft Visual Studio\2022\Community\VC\Tools\MSVC\14.42.34433\include\xstring(773,5):
                  o       'std::basic_string<char,std::char_traits<char>,std::allocator<char>>::basic_string(const unsigned __int64,const _Elem,const _Alloc &)'
          with
          [
              _Elem=char,
              _Alloc=std::allocator<char>
          ]
                  C:\Program Files\Microsoft Visual Studio\2022\Community\VC\Tools\MSVC\14.42.34433\include\xstring(756,5):
                  o       'std::basic_string<char,std::char_traits<char>,std::allocator<char>>::basic_string(const _Elem *const ,const _Alloc &)'
          with
          [
              _Elem=char,
              _Alloc=std::allocator<char>
          ]
                  C:\Program Files\Microsoft Visual Studio\2022\Community\VC\Tools\MSVC\14.42.34433\include\xstring(743,5):
                  o       'std::basic_string<char,std::char_traits<char>,std::allocator<char>>::basic_string(const _Elem *const ,const unsigned __int64,const _Alloc &)'
          with
          [
              _Elem=char,
              _Alloc=std::allocator<char>
          ]
                  C:\Users\Alexi\Documents\Beam Audio Flux\src\interface\analog\analog_ui_templates.hpp(208,154):
                  al hacer coincidir la lista de argumentos '(bool)'
          C:\Users\Alexi\Documents\Beam Audio Flux\src\interface\analog\analog_ui_templates.hpp(208,161):
          hay demasiados inicializadores
  
C:\Users\Alexi\Documents\Beam Audio Flux\src\interface\analog\analog_ui_templates.hpp(211,77): error C3083: 'MaterialType': el símbolo situado a la izquierda de '::' debe ser un tipo [C:\Users\Alexi\Documents\Beam Audio Flux\build\BeamAudioFlux.vcxproj]
  (compilando archivo de origen "../src/engine/nodes/master_node.cpp")
  
C:\Users\Alexi\Documents\Beam Audio Flux\src\interface\analog\analog_ui_templates.hpp(211,91): error C2039: "WrinklePaint": no es un miembro de "Beam::Theme" [C:\Users\Alexi\Documents\Beam Audio Flux\build\BeamAudioFlux.vcxproj]
  (compilando archivo de origen "../src/engine/nodes/master_node.cpp")
      C:\Users\Alexi\Documents\Beam Audio Flux\src\interface\core\theme.hpp(31,7):
      vea la declaración de 'Beam::Theme'
  
C:\Users\Alexi\Documents\Beam Audio Flux\src\interface\analog\analog_ui_templates.hpp(211,91): error C2065: 'WrinklePaint': identificador no declarado [C:\Users\Alexi\Documents\Beam Audio Flux\build\BeamAudioFlux.vcxproj]
  (compilando archivo de origen "../src/engine/nodes/master_node.cpp")
  
C:\Users\Alexi\Documents\Beam Audio Flux\src\interface\analog\analog_ui_templates.hpp(211,112): error C3083: 'KnobStyle': el símbolo situado a la izquierda de '::' debe ser un tipo [C:\Users\Alexi\Documents\Beam Audio Flux\build\BeamAudioFlux.vcxproj]
  (compilando archivo de origen "../src/engine/nodes/master_node.cpp")
  
C:\Users\Alexi\Documents\Beam Audio Flux\src\interface\analog\analog_ui_templates.hpp(211,123): error C2039: "ModernColored": no es un miembro de "Beam::Theme" [C:\Users\Alexi\Documents\Beam Audio Flux\build\BeamAudioFlux.vcxproj]
  (compilando archivo de origen "../src/engine/nodes/master_node.cpp")
      C:\Users\Alexi\Documents\Beam Audio Flux\src\interface\core\theme.hpp(31,7):
      vea la declaración de 'Beam::Theme'
  
C:\Users\Alexi\Documents\Beam Audio Flux\src\interface\analog\analog_ui_templates.hpp(211,123): error C2065: 'ModernColored': identificador no declarado [C:\Users\Alexi\Documents\Beam Audio Flux\build\BeamAudioFlux.vcxproj]
  (compilando archivo de origen "../src/engine/nodes/master_node.cpp")
  
C:\Users\Alexi\Documents\Beam Audio Flux\src\interface\analog\analog_ui_templates.hpp(211,16): error C2440: 'return': no se puede realizar la conversión de 'initializer list' a 'Beam::RackStyle' [C:\Users\Alexi\Documents\Beam Audio Flux\build\BeamAudioFlux.vcxproj]
  (compilando archivo de origen "../src/engine/nodes/master_node.cpp")
      C:\Users\Alexi\Documents\Beam Audio Flux\src\interface\analog\analog_ui_templates.hpp(211,9):
      Inicialización de agregados no válida
          C:\Users\Alexi\Documents\Beam Audio Flux\src\interface\analog\analog_ui_templates.hpp(211,151):
          'inicializando': no se puede realizar la conversión de 'bool' a 'std::string'
              C:\Users\Alexi\Documents\Beam Audio Flux\src\interface\analog\analog_ui_templates.hpp(211,151):
              'std::basic_string<char,std::char_traits<char>,std::allocator<char>>::basic_string':ninguna función sobrecargada pudo convertir todos los tipos de argumento
                  C:\Program Files\Microsoft Visual Studio\2022\Community\VC\Tools\MSVC\14.42.34433\include\xstring(749,5):
                  puede ser 'std::basic_string<char,std::char_traits<char>,std::allocator<char>>::basic_string(const _Elem *const )'
          with
          [
              _Elem=char
          ]
                      C:\Users\Alexi\Documents\Beam Audio Flux\src\interface\analog\analog_ui_templates.hpp(211,151):
                      'std::basic_string<char,std::char_traits<char>,std::allocator<char>>::basic_string(const _Elem *const )': el argumento 1 no puede convertirse de 'bool' a 'const _Elem *const '
          with
          [
              _Elem=char
          ]
                          C:\Users\Alexi\Documents\Beam Audio Flux\src\interface\analog\analog_ui_templates.hpp(211,151):
                          La conversión de un tipo entero a un tipo de puntero requiere reinterpret_cast, conversión de estilo de C o conversión de estilo de función entre paréntesis
                  C:\Program Files\Microsoft Visual Studio\2022\Community\VC\Tools\MSVC\14.42.34433\include\xstring(1327,5):
                  o       'std::basic_string<char,std::char_traits<char>,std::allocator<char>>::basic_string(std::initializer_list<_Elem>,const _Alloc &)'
          with
          [
              _Elem=char,
              _Alloc=std::allocator<char>
          ]
                      C:\Users\Alexi\Documents\Beam Audio Flux\src\interface\analog\analog_ui_templates.hpp(211,151):
                      'std::basic_string<char,std::char_traits<char>,std::allocator<char>>::basic_string(std::initializer_list<_Elem>,const _Alloc &)': el argumento 1 no puede convertirse de 'bool' a 'std::initializer_list<_Elem>'
          with
          [
              _Elem=char,
              _Alloc=std::allocator<char>
          ]
          and
          [
              _Elem=char
          ]
                          C:\Users\Alexi\Documents\Beam Audio Flux\src\interface\analog\analog_ui_templates.hpp(211,151):
                          La conversión requiere un segundo operador de conversión definido por el usuario o constructor
                  C:\Program Files\Microsoft Visual Studio\2022\Community\VC\Tools\MSVC\14.42.34433\include\xstring(1138,5):
                  o       'std::basic_string<char,std::char_traits<char>,std::allocator<char>>::basic_string(const _Ty &,const unsigned __int64,const unsigned __int64,const _Alloc &)'
          with
          [
              _Alloc=std::allocator<char>
          ]
                  C:\Program Files\Microsoft Visual Studio\2022\Community\VC\Tools\MSVC\14.42.34433\include\xstring(779,5):
                  o       'std::basic_string<char,std::char_traits<char>,std::allocator<char>>::basic_string(_Iter,_Iter,const _Alloc &)'
          with
          [
              _Alloc=std::allocator<char>
          ]
                  C:\Program Files\Microsoft Visual Studio\2022\Community\VC\Tools\MSVC\14.42.34433\include\xstring(773,5):
                  o       'std::basic_string<char,std::char_traits<char>,std::allocator<char>>::basic_string(const unsigned __int64,const _Elem,const _Alloc &)'
          with
          [
              _Elem=char,
              _Alloc=std::allocator<char>
          ]
                  C:\Program Files\Microsoft Visual Studio\2022\Community\VC\Tools\MSVC\14.42.34433\include\xstring(756,5):
                  o       'std::basic_string<char,std::char_traits<char>,std::allocator<char>>::basic_string(const _Elem *const ,const _Alloc &)'
          with
          [
              _Elem=char,
              _Alloc=std::allocator<char>
          ]
                  C:\Program Files\Microsoft Visual Studio\2022\Community\VC\Tools\MSVC\14.42.34433\include\xstring(743,5):
                  o       'std::basic_string<char,std::char_traits<char>,std::allocator<char>>::basic_string(const _Elem *const ,const unsigned __int64,const _Alloc &)'
          with
          [
              _Elem=char,
              _Alloc=std::allocator<char>
          ]
                  C:\Users\Alexi\Documents\Beam Audio Flux\src\interface\analog\analog_ui_templates.hpp(211,151):
                  al hacer coincidir la lista de argumentos '(bool)'
          C:\Users\Alexi\Documents\Beam Audio Flux\src\interface\analog\analog_ui_templates.hpp(211,158):
          'inicializando': no se puede realizar la conversión de 'bool' a 'std::string'
              C:\Users\Alexi\Documents\Beam Audio Flux\src\interface\analog\analog_ui_templates.hpp(211,158):
              'std::basic_string<char,std::char_traits<char>,std::allocator<char>>::basic_string':ninguna función sobrecargada pudo convertir todos los tipos de argumento
                  C:\Program Files\Microsoft Visual Studio\2022\Community\VC\Tools\MSVC\14.42.34433\include\xstring(749,5):
                  puede ser 'std::basic_string<char,std::char_traits<char>,std::allocator<char>>::basic_string(const _Elem *const )'
          with
          [
              _Elem=char
          ]
                      C:\Users\Alexi\Documents\Beam Audio Flux\src\interface\analog\analog_ui_templates.hpp(211,158):
                      'std::basic_string<char,std::char_traits<char>,std::allocator<char>>::basic_string(const _Elem *const )': el argumento 1 no puede convertirse de 'bool' a 'const _Elem *const '
          with
          [
              _Elem=char
          ]
                          C:\Users\Alexi\Documents\Beam Audio Flux\src\interface\analog\analog_ui_templates.hpp(211,158):
                          La conversión de un tipo entero a un tipo de puntero requiere reinterpret_cast, conversión de estilo de C o conversión de estilo de función entre paréntesis
                  C:\Program Files\Microsoft Visual Studio\2022\Community\VC\Tools\MSVC\14.42.34433\include\xstring(1327,5):
                  o       'std::basic_string<char,std::char_traits<char>,std::allocator<char>>::basic_string(std::initializer_list<_Elem>,const _Alloc &)'
          with
          [
              _Elem=char,
              _Alloc=std::allocator<char>
          ]
                      C:\Users\Alexi\Documents\Beam Audio Flux\src\interface\analog\analog_ui_templates.hpp(211,158):
                      'std::basic_string<char,std::char_traits<char>,std::allocator<char>>::basic_string(std::initializer_list<_Elem>,const _Alloc &)': el argumento 1 no puede convertirse de 'bool' a 'std::initializer_list<_Elem>'
          with
          [
              _Elem=char,
              _Alloc=std::allocator<char>
          ]
          and
          [
              _Elem=char
          ]
                          C:\Users\Alexi\Documents\Beam Audio Flux\src\interface\analog\analog_ui_templates.hpp(211,158):
                          La conversión requiere un segundo operador de conversión definido por el usuario o constructor
                  C:\Program Files\Microsoft Visual Studio\2022\Community\VC\Tools\MSVC\14.42.34433\include\xstring(1138,5):
                  o       'std::basic_string<char,std::char_traits<char>,std::allocator<char>>::basic_string(const _Ty &,const unsigned __int64,const unsigned __int64,const _Alloc &)'
          with
          [
              _Alloc=std::allocator<char>
          ]
                  C:\Program Files\Microsoft Visual Studio\2022\Community\VC\Tools\MSVC\14.42.34433\include\xstring(779,5):
                  o       'std::basic_string<char,std::char_traits<char>,std::allocator<char>>::basic_string(_Iter,_Iter,const _Alloc &)'
          with
          [
              _Alloc=std::allocator<char>
          ]
                  C:\Program Files\Microsoft Visual Studio\2022\Community\VC\Tools\MSVC\14.42.34433\include\xstring(773,5):
                  o       'std::basic_string<char,std::char_traits<char>,std::allocator<char>>::basic_string(const unsigned __int64,const _Elem,const _Alloc &)'
          with
          [
              _Elem=char,
              _Alloc=std::allocator<char>
          ]
                  C:\Program Files\Microsoft Visual Studio\2022\Community\VC\Tools\MSVC\14.42.34433\include\xstring(756,5):
                  o       'std::basic_string<char,std::char_traits<char>,std::allocator<char>>::basic_string(const _Elem *const ,const _Alloc &)'
          with
          [
              _Elem=char,
              _Alloc=std::allocator<char>
          ]
                  C:\Program Files\Microsoft Visual Studio\2022\Community\VC\Tools\MSVC\14.42.34433\include\xstring(743,5):
                  o       'std::basic_string<char,std::char_traits<char>,std::allocator<char>>::basic_string(const _Elem *const ,const unsigned __int64,const _Alloc &)'
          with
          [
              _Elem=char,
              _Alloc=std::allocator<char>
          ]
                  C:\Users\Alexi\Documents\Beam Audio Flux\src\interface\analog\analog_ui_templates.hpp(211,158):
                  al hacer coincidir la lista de argumentos '(bool)'
          C:\Users\Alexi\Documents\Beam Audio Flux\src\interface\analog\analog_ui_templates.hpp(211,165):
          hay demasiados inicializadores
  
C:\Users\Alexi\Documents\Beam Audio Flux\src\interface\analog\analog_ui_templates.hpp(214,80): error C3083: 'MaterialType': el símbolo situado a la izquierda de '::' debe ser un tipo [C:\Users\Alexi\Documents\Beam Audio Flux\build\BeamAudioFlux.vcxproj]
  (compilando archivo de origen "../src/engine/nodes/master_node.cpp")
  
C:\Users\Alexi\Documents\Beam Audio Flux\src\interface\analog\analog_ui_templates.hpp(214,94): error C2039: "Standard": no es un miembro de "Beam::Theme" [C:\Users\Alexi\Documents\Beam Audio Flux\build\BeamAudioFlux.vcxproj]
  (compilando archivo de origen "../src/engine/nodes/master_node.cpp")
      C:\Users\Alexi\Documents\Beam Audio Flux\src\interface\core\theme.hpp(31,7):
      vea la declaración de 'Beam::Theme'
  
C:\Users\Alexi\Documents\Beam Audio Flux\src\interface\analog\analog_ui_templates.hpp(214,94): error C2065: 'Standard': identificador no declarado [C:\Users\Alexi\Documents\Beam Audio Flux\build\BeamAudioFlux.vcxproj]
  (compilando archivo de origen "../src/engine/nodes/master_node.cpp")
  
C:\Users\Alexi\Documents\Beam Audio Flux\src\interface\analog\analog_ui_templates.hpp(214,111): error C3083: 'KnobStyle': el símbolo situado a la izquierda de '::' debe ser un tipo [C:\Users\Alexi\Documents\Beam Audio Flux\build\BeamAudioFlux.vcxproj]
  (compilando archivo de origen "../src/engine/nodes/master_node.cpp")
  
C:\Users\Alexi\Documents\Beam Audio Flux\src\interface\analog\analog_ui_templates.hpp(214,122): error C2039: "FlutedIndustrial": no es un miembro de "Beam::Theme" [C:\Users\Alexi\Documents\Beam Audio Flux\build\BeamAudioFlux.vcxproj]
  (compilando archivo de origen "../src/engine/nodes/master_node.cpp")
      C:\Users\Alexi\Documents\Beam Audio Flux\src\interface\core\theme.hpp(31,7):
      vea la declaración de 'Beam::Theme'
  
C:\Users\Alexi\Documents\Beam Audio Flux\src\interface\analog\analog_ui_templates.hpp(214,122): error C2065: 'FlutedIndustrial': identificador no declarado [C:\Users\Alexi\Documents\Beam Audio Flux\build\BeamAudioFlux.vcxproj]
  (compilando archivo de origen "../src/engine/nodes/master_node.cpp")
  
C:\Users\Alexi\Documents\Beam Audio Flux\src\interface\analog\analog_ui_templates.hpp(214,16): error C2440: 'return': no se puede realizar la conversión de 'initializer list' a 'Beam::RackStyle' [C:\Users\Alexi\Documents\Beam Audio Flux\build\BeamAudioFlux.vcxproj]
  (compilando archivo de origen "../src/engine/nodes/master_node.cpp")
      C:\Users\Alexi\Documents\Beam Audio Flux\src\interface\analog\analog_ui_templates.hpp(214,9):
      Inicialización de agregados no válida
          C:\Users\Alexi\Documents\Beam Audio Flux\src\interface\analog\analog_ui_templates.hpp(214,152):
          'inicializando': no se puede realizar la conversión de 'bool' a 'std::string'
              C:\Users\Alexi\Documents\Beam Audio Flux\src\interface\analog\analog_ui_templates.hpp(214,152):
              'std::basic_string<char,std::char_traits<char>,std::allocator<char>>::basic_string':ninguna función sobrecargada pudo convertir todos los tipos de argumento
                  C:\Program Files\Microsoft Visual Studio\2022\Community\VC\Tools\MSVC\14.42.34433\include\xstring(749,5):
                  puede ser 'std::basic_string<char,std::char_traits<char>,std::allocator<char>>::basic_string(const _Elem *const )'
          with
          [
              _Elem=char
          ]
                      C:\Users\Alexi\Documents\Beam Audio Flux\src\interface\analog\analog_ui_templates.hpp(214,152):
                      'std::basic_string<char,std::char_traits<char>,std::allocator<char>>::basic_string(const _Elem *const )': el argumento 1 no puede convertirse de 'bool' a 'const _Elem *const '
          with
          [
              _Elem=char
          ]
                          C:\Users\Alexi\Documents\Beam Audio Flux\src\interface\analog\analog_ui_templates.hpp(214,152):
                          La conversión de un tipo entero a un tipo de puntero requiere reinterpret_cast, conversión de estilo de C o conversión de estilo de función entre paréntesis
                  C:\Program Files\Microsoft Visual Studio\2022\Community\VC\Tools\MSVC\14.42.34433\include\xstring(1327,5):
                  o       'std::basic_string<char,std::char_traits<char>,std::allocator<char>>::basic_string(std::initializer_list<_Elem>,const _Alloc &)'
          with
          [
              _Elem=char,
              _Alloc=std::allocator<char>
          ]
                      C:\Users\Alexi\Documents\Beam Audio Flux\src\interface\analog\analog_ui_templates.hpp(214,152):
                      'std::basic_string<char,std::char_traits<char>,std::allocator<char>>::basic_string(std::initializer_list<_Elem>,const _Alloc &)': el argumento 1 no puede convertirse de 'bool' a 'std::initializer_list<_Elem>'
          with
          [
              _Elem=char,
              _Alloc=std::allocator<char>
          ]
          and
          [
              _Elem=char
          ]
                          C:\Users\Alexi\Documents\Beam Audio Flux\src\interface\analog\analog_ui_templates.hpp(214,152):
                          La conversión requiere un segundo operador de conversión definido por el usuario o constructor
                  C:\Program Files\Microsoft Visual Studio\2022\Community\VC\Tools\MSVC\14.42.34433\include\xstring(1138,5):
                  o       'std::basic_string<char,std::char_traits<char>,std::allocator<char>>::basic_string(const _Ty &,const unsigned __int64,const unsigned __int64,const _Alloc &)'
          with
          [
              _Alloc=std::allocator<char>
          ]
                  C:\Program Files\Microsoft Visual Studio\2022\Community\VC\Tools\MSVC\14.42.34433\include\xstring(779,5):
                  o       'std::basic_string<char,std::char_traits<char>,std::allocator<char>>::basic_string(_Iter,_Iter,const _Alloc &)'
          with
          [
              _Alloc=std::allocator<char>
          ]
                  C:\Program Files\Microsoft Visual Studio\2022\Community\VC\Tools\MSVC\14.42.34433\include\xstring(773,5):
                  o       'std::basic_string<char,std::char_traits<char>,std::allocator<char>>::basic_string(const unsigned __int64,const _Elem,const _Alloc &)'
          with
          [
              _Elem=char,
              _Alloc=std::allocator<char>
          ]
                  C:\Program Files\Microsoft Visual Studio\2022\Community\VC\Tools\MSVC\14.42.34433\include\xstring(756,5):
                  o       'std::basic_string<char,std::char_traits<char>,std::allocator<char>>::basic_string(const _Elem *const ,const _Alloc &)'
          with
          [
              _Elem=char,
              _Alloc=std::allocator<char>
          ]
                  C:\Program Files\Microsoft Visual Studio\2022\Community\VC\Tools\MSVC\14.42.34433\include\xstring(743,5):
                  o       'std::basic_string<char,std::char_traits<char>,std::allocator<char>>::basic_string(const _Elem *const ,const unsigned __int64,const _Alloc &)'
          with
          [
              _Elem=char,
              _Alloc=std::allocator<char>
          ]
                  C:\Users\Alexi\Documents\Beam Audio Flux\src\interface\analog\analog_ui_templates.hpp(214,152):
                  al hacer coincidir la lista de argumentos '(bool)'
          C:\Users\Alexi\Documents\Beam Audio Flux\src\interface\analog\analog_ui_templates.hpp(214,159):
          'inicializando': no se puede realizar la conversión de 'bool' a 'std::string'
              C:\Users\Alexi\Documents\Beam Audio Flux\src\interface\analog\analog_ui_templates.hpp(214,159):
              'std::basic_string<char,std::char_traits<char>,std::allocator<char>>::basic_string':ninguna función sobrecargada pudo convertir todos los tipos de argumento
                  C:\Program Files\Microsoft Visual Studio\2022\Community\VC\Tools\MSVC\14.42.34433\include\xstring(749,5):
                  puede ser 'std::basic_string<char,std::char_traits<char>,std::allocator<char>>::basic_string(const _Elem *const )'
          with
          [
              _Elem=char
          ]
                      C:\Users\Alexi\Documents\Beam Audio Flux\src\interface\analog\analog_ui_templates.hpp(214,159):
                      'std::basic_string<char,std::char_traits<char>,std::allocator<char>>::basic_string(const _Elem *const )': el argumento 1 no puede convertirse de 'bool' a 'const _Elem *const '
          with
          [
              _Elem=char
          ]
                          C:\Users\Alexi\Documents\Beam Audio Flux\src\interface\analog\analog_ui_templates.hpp(214,159):
                          La conversión de un tipo entero a un tipo de puntero requiere reinterpret_cast, conversión de estilo de C o conversión de estilo de función entre paréntesis
                  C:\Program Files\Microsoft Visual Studio\2022\Community\VC\Tools\MSVC\14.42.34433\include\xstring(1327,5):
                  o       'std::basic_string<char,std::char_traits<char>,std::allocator<char>>::basic_string(std::initializer_list<_Elem>,const _Alloc &)'
          with
          [
              _Elem=char,
              _Alloc=std::allocator<char>
          ]
                      C:\Users\Alexi\Documents\Beam Audio Flux\src\interface\analog\analog_ui_templates.hpp(214,159):
                      'std::basic_string<char,std::char_traits<char>,std::allocator<char>>::basic_string(std::initializer_list<_Elem>,const _Alloc &)': el argumento 1 no puede convertirse de 'bool' a 'std::initializer_list<_Elem>'
          with
          [
              _Elem=char,
              _Alloc=std::allocator<char>
          ]
          and
          [
              _Elem=char
          ]
                          C:\Users\Alexi\Documents\Beam Audio Flux\src\interface\analog\analog_ui_templates.hpp(214,159):
                          La conversión requiere un segundo operador de conversión definido por el usuario o constructor
                  C:\Program Files\Microsoft Visual Studio\2022\Community\VC\Tools\MSVC\14.42.34433\include\xstring(1138,5):
                  o       'std::basic_string<char,std::char_traits<char>,std::allocator<char>>::basic_string(const _Ty &,const unsigned __int64,const unsigned __int64,const _Alloc &)'
          with
          [
              _Alloc=std::allocator<char>
          ]
                  C:\Program Files\Microsoft Visual Studio\2022\Community\VC\Tools\MSVC\14.42.34433\include\xstring(779,5):
                  o       'std::basic_string<char,std::char_traits<char>,std::allocator<char>>::basic_string(_Iter,_Iter,const _Alloc &)'
          with
          [
              _Alloc=std::allocator<char>
          ]
                  C:\Program Files\Microsoft Visual Studio\2022\Community\VC\Tools\MSVC\14.42.34433\include\xstring(773,5):
                  o       'std::basic_string<char,std::char_traits<char>,std::allocator<char>>::basic_string(const unsigned __int64,const _Elem,const _Alloc &)'
          with
          [
              _Elem=char,
              _Alloc=std::allocator<char>
          ]
                  C:\Program Files\Microsoft Visual Studio\2022\Community\VC\Tools\MSVC\14.42.34433\include\xstring(756,5):
                  o       'std::basic_string<char,std::char_traits<char>,std::allocator<char>>::basic_string(const _Elem *const ,const _Alloc &)'
          with
          [
              _Elem=char,
              _Alloc=std::allocator<char>
          ]
                  C:\Program Files\Microsoft Visual Studio\2022\Community\VC\Tools\MSVC\14.42.34433\include\xstring(743,5):
                  o       'std::basic_string<char,std::char_traits<char>,std::allocator<char>>::basic_string(const _Elem *const ,const unsigned __int64,const _Alloc &)'
          with
          [
              _Elem=char,
              _Alloc=std::allocator<char>
          ]
                  C:\Users\Alexi\Documents\Beam Audio Flux\src\interface\analog\analog_ui_templates.hpp(214,159):
                  al hacer coincidir la lista de argumentos '(bool)'
          C:\Users\Alexi\Documents\Beam Audio Flux\src\interface\analog\analog_ui_templates.hpp(214,165):
          hay demasiados inicializadores
  
C:\Users\Alexi\Documents\Beam Audio Flux\src\interface\analog\analog_ui_templates.hpp(214,9): error C1003: el recuento de errores supera 100; se detiene la compilación [C:\Users\Alexi\Documents\Beam Audio Flux\build\BeamAudioFlux.vcxproj]
  (compilando archivo de origen "../src/engine/nodes/master_node.cpp")
  
  flux_script_node.cpp
C:\Users\Alexi\Documents\Beam Audio Flux\src\interface\widgets\knob.hpp(131,26): error C2039: "KnobStyle": no es un miembro de "Beam::Theme" [C:\Users\Alexi\Documents\Beam Audio Flux\build\BeamAudioFlux.vcxproj]
  (compilando archivo de origen "../src/engine/scripting/flux_script_node.cpp")
      C:\Users\Alexi\Documents\Beam Audio Flux\src\interface\core\theme.hpp(31,7):
      vea la declaración de 'Beam::Theme'
  
C:\Users\Alexi\Documents\Beam Audio Flux\src\interface\widgets\knob.hpp(131,26): error C2061: error de sintaxis: identificador 'KnobStyle' [C:\Users\Alexi\Documents\Beam Audio Flux\build\BeamAudioFlux.vcxproj]
  (compilando archivo de origen "../src/engine/scripting/flux_script_node.cpp")
  
C:\Users\Alexi\Documents\Beam Audio Flux\src\interface\widgets\knob.hpp(132,12): error C2039: "KnobStyle": no es un miembro de "Beam::Theme" [C:\Users\Alexi\Documents\Beam Audio Flux\build\BeamAudioFlux.vcxproj]
  (compilando archivo de origen "../src/engine/scripting/flux_script_node.cpp")
      C:\Users\Alexi\Documents\Beam Audio Flux\src\interface\core\theme.hpp(31,7):
      vea la declaración de 'Beam::Theme'
  
C:\Users\Alexi\Documents\Beam Audio Flux\src\interface\widgets\knob.hpp(132,22): error C3646: 'getStyle': especificador de invalidación desconocido [C:\Users\Alexi\Documents\Beam Audio Flux\build\BeamAudioFlux.vcxproj]
  (compilando archivo de origen "../src/engine/scripting/flux_script_node.cpp")
  
C:\Users\Alexi\Documents\Beam Audio Flux\src\interface\widgets\knob.hpp(132,30): error C2059: error de sintaxis: '(' [C:\Users\Alexi\Documents\Beam Audio Flux\build\BeamAudioFlux.vcxproj]
  (compilando archivo de origen "../src/engine/scripting/flux_script_node.cpp")
  
C:\Users\Alexi\Documents\Beam Audio Flux\src\interface\widgets\knob.hpp(132,39): error C2334: símbolos (token) inesperados delante de '{'; se pasará por alto el cuerpo de función aparente [C:\Users\Alexi\Documents\Beam Audio Flux\build\BeamAudioFlux.vcxproj]
  (compilando archivo de origen "../src/engine/scripting/flux_script_node.cpp")
  
C:\Users\Alexi\Documents\Beam Audio Flux\src\interface\widgets\knob.hpp(146,12): error C2039: "KnobStyle": no es un miembro de "Beam::Theme" [C:\Users\Alexi\Documents\Beam Audio Flux\build\BeamAudioFlux.vcxproj]
  (compilando archivo de origen "../src/engine/scripting/flux_script_node.cpp")
      C:\Users\Alexi\Documents\Beam Audio Flux\src\interface\core\theme.hpp(31,7):
      vea la declaración de 'Beam::Theme'
  
C:\Users\Alexi\Documents\Beam Audio Flux\src\interface\widgets\knob.hpp(146,22): error C3646: 'm_style': especificador de invalidación desconocido [C:\Users\Alexi\Documents\Beam Audio Flux\build\BeamAudioFlux.vcxproj]
  (compilando archivo de origen "../src/engine/scripting/flux_script_node.cpp")
  
C:\Users\Alexi\Documents\Beam Audio Flux\src\interface\widgets\knob.hpp(146,30): error C2059: error de sintaxis: '=' [C:\Users\Alexi\Documents\Beam Audio Flux\build\BeamAudioFlux.vcxproj]
  (compilando archivo de origen "../src/engine/scripting/flux_script_node.cpp")
  
C:\Users\Alexi\Documents\Beam Audio Flux\src\interface\widgets\knob.hpp(146,39): error C3083: 'KnobStyle': el símbolo situado a la izquierda de '::' debe ser un tipo [C:\Users\Alexi\Documents\Beam Audio Flux\build\BeamAudioFlux.vcxproj]
  (compilando archivo de origen "../src/engine/scripting/flux_script_node.cpp")
  
C:\Users\Alexi\Documents\Beam Audio Flux\src\interface\widgets\knob.hpp(146,50): error C2039: "ClassicBakelite": no es un miembro de "Beam::Theme" [C:\Users\Alexi\Documents\Beam Audio Flux\build\BeamAudioFlux.vcxproj]
  (compilando archivo de origen "../src/engine/scripting/flux_script_node.cpp")
      C:\Users\Alexi\Documents\Beam Audio Flux\src\interface\core\theme.hpp(31,7):
      vea la declaración de 'Beam::Theme'
  
C:\Users\Alexi\Documents\Beam Audio Flux\src\interface\widgets\knob.hpp(146,65): error C2238: símbolos (token) inesperados delante de ';' [C:\Users\Alexi\Documents\Beam Audio Flux\build\BeamAudioFlux.vcxproj]
  (compilando archivo de origen "../src/engine/scripting/flux_script_node.cpp")
  
C:\Users\Alexi\Documents\Beam Audio Flux\src\interface\widgets\knob.hpp(131,45): error C2065: 'm_style': identificador no declarado [C:\Users\Alexi\Documents\Beam Audio Flux\build\BeamAudioFlux.vcxproj]
  (compilando archivo de origen "../src/engine/scripting/flux_script_node.cpp")
  
C:\Users\Alexi\Documents\Beam Audio Flux\src\interface\widgets\knob.hpp(131,55): error C2065: 'style': identificador no declarado [C:\Users\Alexi\Documents\Beam Audio Flux\build\BeamAudioFlux.vcxproj]
  (compilando archivo de origen "../src/engine/scripting/flux_script_node.cpp")
  
C:\Users\Alexi\Documents\Beam Audio Flux\src\interface\widgets\combo_box.hpp(26,76): error C2039: "Bakelite": no es un miembro de "Beam::Theme" [C:\Users\Alexi\Documents\Beam Audio Flux\build\BeamAudioFlux.vcxproj]
  (compilando archivo de origen "../src/engine/scripting/flux_script_node.cpp")
      C:\Users\Alexi\Documents\Beam Audio Flux\src\interface\core\theme.hpp(31,7):
      vea la declaración de 'Beam::Theme'
  
C:\Users\Alexi\Documents\Beam Audio Flux\src\interface\widgets\combo_box.hpp(26,76): error C2065: 'Bakelite': identificador no declarado [C:\Users\Alexi\Documents\Beam Audio Flux\build\BeamAudioFlux.vcxproj]
  (compilando archivo de origen "../src/engine/scripting/flux_script_node.cpp")
  
C:\Users\Alexi\Documents\Beam Audio Flux\src\interface\widgets\combo_box.hpp(26,95): error C2039: "Bakelite": no es un miembro de "Beam::Theme" [C:\Users\Alexi\Documents\Beam Audio Flux\build\BeamAudioFlux.vcxproj]
  (compilando archivo de origen "../src/engine/scripting/flux_script_node.cpp")
      C:\Users\Alexi\Documents\Beam Audio Flux\src\interface\core\theme.hpp(31,7):
      vea la declaración de 'Beam::Theme'
  
C:\Users\Alexi\Documents\Beam Audio Flux\src\interface\widgets\combo_box.hpp(26,95): error C2065: 'Bakelite': identificador no declarado [C:\Users\Alexi\Documents\Beam Audio Flux\build\BeamAudioFlux.vcxproj]
  (compilando archivo de origen "../src/engine/scripting/flux_script_node.cpp")
  
C:\Users\Alexi\Documents\Beam Audio Flux\src\interface\widgets\combo_box.hpp(26,114): error C2039: "Bakelite": no es un miembro de "Beam::Theme" [C:\Users\Alexi\Documents\Beam Audio Flux\build\BeamAudioFlux.vcxproj]
  (compilando archivo de origen "../src/engine/scripting/flux_script_node.cpp")
      C:\Users\Alexi\Documents\Beam Audio Flux\src\interface\core\theme.hpp(31,7):
      vea la declaración de 'Beam::Theme'
  
C:\Users\Alexi\Documents\Beam Audio Flux\src\interface\widgets\combo_box.hpp(26,114): error C2065: 'Bakelite': identificador no declarado [C:\Users\Alexi\Documents\Beam Audio Flux\build\BeamAudioFlux.vcxproj]
  (compilando archivo de origen "../src/engine/scripting/flux_script_node.cpp")
  
C:\Users\Alexi\Documents\Beam Audio Flux\src\interface\widgets\combo_box.hpp(26,11): error C2660: 'Beam::QuadBatcher::drawBeveledRect': la función no acepta 7 argumentos [C:\Users\Alexi\Documents\Beam Audio Flux\build\BeamAudioFlux.vcxproj]
  (compilando archivo de origen "../src/engine/scripting/flux_script_node.cpp")
      C:\Users\Alexi\Documents\Beam Audio Flux\src\interface\render\quad_batcher.hpp(57,10):
      vea la declaración de 'Beam::QuadBatcher::drawBeveledRect'
      C:\Users\Alexi\Documents\Beam Audio Flux\src\interface\widgets\combo_box.hpp(26,11):
      al hacer coincidir la lista de argumentos '(int, int, float, float, float, float, float)'
  
C:\Users\Alexi\Documents\Beam Audio Flux\src\interface\widgets\combo_box.hpp(27,76): error C2039: "Emerald": no es un miembro de "Beam::Theme" [C:\Users\Alexi\Documents\Beam Audio Flux\build\BeamAudioFlux.vcxproj]
  (compilando archivo de origen "../src/engine/scripting/flux_script_node.cpp")
      C:\Users\Alexi\Documents\Beam Audio Flux\src\interface\core\theme.hpp(31,7):
      vea la declaración de 'Beam::Theme'
  
C:\Users\Alexi\Documents\Beam Audio Flux\src\interface\widgets\combo_box.hpp(27,76): error C2065: 'Emerald': identificador no declarado [C:\Users\Alexi\Documents\Beam Audio Flux\build\BeamAudioFlux.vcxproj]
  (compilando archivo de origen "../src/engine/scripting/flux_script_node.cpp")
  
C:\Users\Alexi\Documents\Beam Audio Flux\src\interface\widgets\combo_box.hpp(27,94): error C2039: "Emerald": no es un miembro de "Beam::Theme" [C:\Users\Alexi\Documents\Beam Audio Flux\build\BeamAudioFlux.vcxproj]
  (compilando archivo de origen "../src/engine/scripting/flux_script_node.cpp")
      C:\Users\Alexi\Documents\Beam Audio Flux\src\interface\core\theme.hpp(31,7):
      vea la declaración de 'Beam::Theme'
  
C:\Users\Alexi\Documents\Beam Audio Flux\src\interface\widgets\combo_box.hpp(27,94): error C2065: 'Emerald': identificador no declarado [C:\Users\Alexi\Documents\Beam Audio Flux\build\BeamAudioFlux.vcxproj]
  (compilando archivo de origen "../src/engine/scripting/flux_script_node.cpp")
  
C:\Users\Alexi\Documents\Beam Audio Flux\src\interface\widgets\combo_box.hpp(27,112): error C2039: "Emerald": no es un miembro de "Beam::Theme" [C:\Users\Alexi\Documents\Beam Audio Flux\build\BeamAudioFlux.vcxproj]
  (compilando archivo de origen "../src/engine/scripting/flux_script_node.cpp")
      C:\Users\Alexi\Documents\Beam Audio Flux\src\interface\core\theme.hpp(31,7):
      vea la declaración de 'Beam::Theme'
  
C:\Users\Alexi\Documents\Beam Audio Flux\src\interface\widgets\combo_box.hpp(27,112): error C2065: 'Emerald': identificador no declarado [C:\Users\Alexi\Documents\Beam Audio Flux\build\BeamAudioFlux.vcxproj]
  (compilando archivo de origen "../src/engine/scripting/flux_script_node.cpp")
  
C:\Users\Alexi\Documents\Beam Audio Flux\src\interface\widgets\combo_box.hpp(27,11): error C2660: 'Beam::QuadBatcher::drawRoundedRect': la función no acepta 7 argumentos [C:\Users\Alexi\Documents\Beam Audio Flux\build\BeamAudioFlux.vcxproj]
  (compilando archivo de origen "../src/engine/scripting/flux_script_node.cpp")
      C:\Users\Alexi\Documents\Beam Audio Flux\src\interface\render\quad_batcher.hpp(45,10):
      vea la declaración de 'Beam::QuadBatcher::drawRoundedRect'
      C:\Users\Alexi\Documents\Beam Audio Flux\src\interface\widgets\combo_box.hpp(27,11):
      al hacer coincidir la lista de argumentos '(int, int, float, float, float, float, float)'
  
C:\Users\Alexi\Documents\Beam Audio Flux\src\interface\widgets\combo_box.hpp(33,64): error C2039: "Emerald": no es un miembro de "Beam::Theme" [C:\Users\Alexi\Documents\Beam Audio Flux\build\BeamAudioFlux.vcxproj]
  (compilando archivo de origen "../src/engine/scripting/flux_script_node.cpp")
      C:\Users\Alexi\Documents\Beam Audio Flux\src\interface\core\theme.hpp(31,7):
      vea la declaración de 'Beam::Theme'
  
C:\Users\Alexi\Documents\Beam Audio Flux\src\interface\widgets\combo_box.hpp(33,64): error C2065: 'Emerald': identificador no declarado [C:\Users\Alexi\Documents\Beam Audio Flux\build\BeamAudioFlux.vcxproj]
  (compilando archivo de origen "../src/engine/scripting/flux_script_node.cpp")
  
C:\Users\Alexi\Documents\Beam Audio Flux\src\interface\widgets\combo_box.hpp(33,82): error C2039: "Emerald": no es un miembro de "Beam::Theme" [C:\Users\Alexi\Documents\Beam Audio Flux\build\BeamAudioFlux.vcxproj]
  (compilando archivo de origen "../src/engine/scripting/flux_script_node.cpp")
      C:\Users\Alexi\Documents\Beam Audio Flux\src\interface\core\theme.hpp(31,7):
      vea la declaración de 'Beam::Theme'
  
C:\Users\Alexi\Documents\Beam Audio Flux\src\interface\widgets\combo_box.hpp(33,82): error C2065: 'Emerald': identificador no declarado [C:\Users\Alexi\Documents\Beam Audio Flux\build\BeamAudioFlux.vcxproj]
  (compilando archivo de origen "../src/engine/scripting/flux_script_node.cpp")
  
C:\Users\Alexi\Documents\Beam Audio Flux\src\interface\widgets\combo_box.hpp(33,100): error C2039: "Emerald": no es un miembro de "Beam::Theme" [C:\Users\Alexi\Documents\Beam Audio Flux\build\BeamAudioFlux.vcxproj]
  (compilando archivo de origen "../src/engine/scripting/flux_script_node.cpp")
      C:\Users\Alexi\Documents\Beam Audio Flux\src\interface\core\theme.hpp(31,7):
      vea la declaración de 'Beam::Theme'
  
C:\Users\Alexi\Documents\Beam Audio Flux\src\interface\widgets\combo_box.hpp(33,100): error C2065: 'Emerald': identificador no declarado [C:\Users\Alexi\Documents\Beam Audio Flux\build\BeamAudioFlux.vcxproj]
  (compilando archivo de origen "../src/engine/scripting/flux_script_node.cpp")
  
C:\Users\Alexi\Documents\Beam Audio Flux\src\interface\widgets\combo_box.hpp(33,19): error C2660: 'Beam::QuadBatcher::drawQuad': la función no acepta 5 argumentos [C:\Users\Alexi\Documents\Beam Audio Flux\build\BeamAudioFlux.vcxproj]
  (compilando archivo de origen "../src/engine/scripting/flux_script_node.cpp")
      C:\Users\Alexi\Documents\Beam Audio Flux\src\interface\render\quad_batcher.hpp(33,10):
      vea la declaración de 'Beam::QuadBatcher::drawQuad'
      C:\Users\Alexi\Documents\Beam Audio Flux\src\interface\widgets\combo_box.hpp(33,19):
      al hacer coincidir la lista de argumentos '(int, float, float, float, float)'
  
C:\Users\Alexi\Documents\Beam Audio Flux\src\interface\analog\analog_ui_templates.hpp(18,12): error C2039: "MaterialType": no es un miembro de "Beam::Theme" [C:\Users\Alexi\Documents\Beam Audio Flux\build\BeamAudioFlux.vcxproj]
  (compilando archivo de origen "../src/engine/scripting/flux_script_node.cpp")
      C:\Users\Alexi\Documents\Beam Audio Flux\src\interface\core\theme.hpp(31,7):
      vea la declaración de 'Beam::Theme'
  
C:\Users\Alexi\Documents\Beam Audio Flux\src\interface\analog\analog_ui_templates.hpp(18,25): error C3646: 'material': especificador de invalidación desconocido [C:\Users\Alexi\Documents\Beam Audio Flux\build\BeamAudioFlux.vcxproj]
  (compilando archivo de origen "../src/engine/scripting/flux_script_node.cpp")
  
C:\Users\Alexi\Documents\Beam Audio Flux\src\interface\analog\analog_ui_templates.hpp(18,34): error C2059: error de sintaxis: '=' [C:\Users\Alexi\Documents\Beam Audio Flux\build\BeamAudioFlux.vcxproj]
  (compilando archivo de origen "../src/engine/scripting/flux_script_node.cpp")
  
C:\Users\Alexi\Documents\Beam Audio Flux\src\interface\analog\analog_ui_templates.hpp(18,43): error C3083: 'MaterialType': el símbolo situado a la izquierda de '::' debe ser un tipo [C:\Users\Alexi\Documents\Beam Audio Flux\build\BeamAudioFlux.vcxproj]
  (compilando archivo de origen "../src/engine/scripting/flux_script_node.cpp")
  
C:\Users\Alexi\Documents\Beam Audio Flux\src\interface\analog\analog_ui_templates.hpp(18,57): error C2039: "Standard": no es un miembro de "Beam::Theme" [C:\Users\Alexi\Documents\Beam Audio Flux\build\BeamAudioFlux.vcxproj]
  (compilando archivo de origen "../src/engine/scripting/flux_script_node.cpp")
      C:\Users\Alexi\Documents\Beam Audio Flux\src\interface\core\theme.hpp(31,7):
      vea la declaración de 'Beam::Theme'
  
C:\Users\Alexi\Documents\Beam Audio Flux\src\interface\analog\analog_ui_templates.hpp(18,65): error C2238: símbolos (token) inesperados delante de ';' [C:\Users\Alexi\Documents\Beam Audio Flux\build\BeamAudioFlux.vcxproj]
  (compilando archivo de origen "../src/engine/scripting/flux_script_node.cpp")
  
C:\Users\Alexi\Documents\Beam Audio Flux\src\interface\analog\analog_ui_templates.hpp(19,12): error C2039: "KnobStyle": no es un miembro de "Beam::Theme" [C:\Users\Alexi\Documents\Beam Audio Flux\build\BeamAudioFlux.vcxproj]
  (compilando archivo de origen "../src/engine/scripting/flux_script_node.cpp")
      C:\Users\Alexi\Documents\Beam Audio Flux\src\interface\core\theme.hpp(31,7):
      vea la declaración de 'Beam::Theme'
  
C:\Users\Alexi\Documents\Beam Audio Flux\src\interface\analog\analog_ui_templates.hpp(19,22): error C3646: 'knobStyle': especificador de invalidación desconocido [C:\Users\Alexi\Documents\Beam Audio Flux\build\BeamAudioFlux.vcxproj]
  (compilando archivo de origen "../src/engine/scripting/flux_script_node.cpp")
  
C:\Users\Alexi\Documents\Beam Audio Flux\src\interface\analog\analog_ui_templates.hpp(19,32): error C2059: error de sintaxis: '=' [C:\Users\Alexi\Documents\Beam Audio Flux\build\BeamAudioFlux.vcxproj]
  (compilando archivo de origen "../src/engine/scripting/flux_script_node.cpp")
  
C:\Users\Alexi\Documents\Beam Audio Flux\src\interface\analog\analog_ui_templates.hpp(19,41): error C3083: 'KnobStyle': el símbolo situado a la izquierda de '::' debe ser un tipo [C:\Users\Alexi\Documents\Beam Audio Flux\build\BeamAudioFlux.vcxproj]
  (compilando archivo de origen "../src/engine/scripting/flux_script_node.cpp")
  
C:\Users\Alexi\Documents\Beam Audio Flux\src\interface\analog\analog_ui_templates.hpp(19,52): error C2039: "ClassicBakelite": no es un miembro de "Beam::Theme" [C:\Users\Alexi\Documents\Beam Audio Flux\build\BeamAudioFlux.vcxproj]
  (compilando archivo de origen "../src/engine/scripting/flux_script_node.cpp")
      C:\Users\Alexi\Documents\Beam Audio Flux\src\interface\core\theme.hpp(31,7):
      vea la declaración de 'Beam::Theme'
  
C:\Users\Alexi\Documents\Beam Audio Flux\src\interface\analog\analog_ui_templates.hpp(19,67): error C2238: símbolos (token) inesperados delante de ';' [C:\Users\Alexi\Documents\Beam Audio Flux\build\BeamAudioFlux.vcxproj]
  (compilando archivo de origen "../src/engine/scripting/flux_script_node.cpp")
  
C:\Users\Alexi\Documents\Beam Audio Flux\src\interface\analog\analog_ui_templates.hpp(63,36): error C2039: "knobStyle": no es un miembro de "Beam::RackStyle" [C:\Users\Alexi\Documents\Beam Audio Flux\build\BeamAudioFlux.vcxproj]
  (compilando archivo de origen "../src/engine/scripting/flux_script_node.cpp")
      C:\Users\Alexi\Documents\Beam Audio Flux\src\interface\analog\analog_ui_templates.hpp(15,8):
      vea la declaración de 'Beam::RackStyle'
  
C:\Users\Alexi\Documents\Beam Audio Flux\src\interface\analog\analog_ui_templates.hpp(63,19): error C2660: 'Beam::Knob::setStyle': la función no acepta 1 argumentos [C:\Users\Alexi\Documents\Beam Audio Flux\build\BeamAudioFlux.vcxproj]
  (compilando archivo de origen "../src/engine/scripting/flux_script_node.cpp")
      C:\Users\Alexi\Documents\Beam Audio Flux\src\interface\widgets\knob.hpp(131,10):
      vea la declaración de 'Beam::Knob::setStyle'
      C:\Users\Alexi\Documents\Beam Audio Flux\src\interface\analog\analog_ui_templates.hpp(63,19):
      al hacer coincidir la lista de argumentos '()'
  
C:\Users\Alexi\Documents\Beam Audio Flux\src\interface\analog\analog_ui_templates.hpp(110,35): error C2039: "darker": no es un miembro de "Beam::Color" [C:\Users\Alexi\Documents\Beam Audio Flux\build\BeamAudioFlux.vcxproj]
  (compilando archivo de origen "../src/engine/scripting/flux_script_node.cpp")
      C:\Users\Alexi\Documents\Beam Audio Flux\src\interface\core\theme.hpp(12,8):
      vea la declaración de 'Beam::Color'
  
C:\Users\Alexi\Documents\Beam Audio Flux\src\interface\analog\analog_ui_templates.hpp(110,54): error C2039: "darker": no es un miembro de "Beam::Color" [C:\Users\Alexi\Documents\Beam Audio Flux\build\BeamAudioFlux.vcxproj]
  (compilando archivo de origen "../src/engine/scripting/flux_script_node.cpp")
      C:\Users\Alexi\Documents\Beam Audio Flux\src\interface\core\theme.hpp(12,8):
      vea la declaración de 'Beam::Color'
  
C:\Users\Alexi\Documents\Beam Audio Flux\src\interface\analog\analog_ui_templates.hpp(110,73): error C2039: "darker": no es un miembro de "Beam::Color" [C:\Users\Alexi\Documents\Beam Audio Flux\build\BeamAudioFlux.vcxproj]
  (compilando archivo de origen "../src/engine/scripting/flux_script_node.cpp")
      C:\Users\Alexi\Documents\Beam Audio Flux\src\interface\core\theme.hpp(12,8):
      vea la declaración de 'Beam::Color'
  
C:\Users\Alexi\Documents\Beam Audio Flux\src\interface\analog\analog_ui_templates.hpp(109,17): error C2660: 'Beam::QuadBatcher::drawRoundedRect': la función no acepta 7 argumentos [C:\Users\Alexi\Documents\Beam Audio Flux\build\BeamAudioFlux.vcxproj]
  (compilando archivo de origen "../src/engine/scripting/flux_script_node.cpp")
      C:\Users\Alexi\Documents\Beam Audio Flux\src\interface\render\quad_batcher.hpp(45,10):
      vea la declaración de 'Beam::QuadBatcher::drawRoundedRect'
      C:\Users\Alexi\Documents\Beam Audio Flux\src\interface\analog\analog_ui_templates.hpp(109,17):
      al hacer coincidir la lista de argumentos '(float, const float, float, float, float, float, float)'
  
C:\Users\Alexi\Documents\Beam Audio Flux\src\interface\analog\analog_ui_templates.hpp(124,59): error C2039: "darker": no es un miembro de "Beam::Color" [C:\Users\Alexi\Documents\Beam Audio Flux\build\BeamAudioFlux.vcxproj]
  (compilando archivo de origen "../src/engine/scripting/flux_script_node.cpp")
      C:\Users\Alexi\Documents\Beam Audio Flux\src\interface\core\theme.hpp(12,8):
      vea la declaración de 'Beam::Color'
  
C:\Users\Alexi\Documents\Beam Audio Flux\src\interface\analog\analog_ui_templates.hpp(124,78): error C2039: "darker": no es un miembro de "Beam::Color" [C:\Users\Alexi\Documents\Beam Audio Flux\build\BeamAudioFlux.vcxproj]
  (compilando archivo de origen "../src/engine/scripting/flux_script_node.cpp")
      C:\Users\Alexi\Documents\Beam Audio Flux\src\interface\core\theme.hpp(12,8):
      vea la declaración de 'Beam::Color'
  
C:\Users\Alexi\Documents\Beam Audio Flux\src\interface\analog\analog_ui_templates.hpp(124,97): error C2039: "darker": no es un miembro de "Beam::Color" [C:\Users\Alexi\Documents\Beam Audio Flux\build\BeamAudioFlux.vcxproj]
  (compilando archivo de origen "../src/engine/scripting/flux_script_node.cpp")
      C:\Users\Alexi\Documents\Beam Audio Flux\src\interface\core\theme.hpp(12,8):
      vea la declaración de 'Beam::Color'
  
C:\Users\Alexi\Documents\Beam Audio Flux\src\interface\analog\analog_ui_templates.hpp(124,17): error C2660: 'Beam::QuadBatcher::drawText': la función no acepta 5 argumentos [C:\Users\Alexi\Documents\Beam Audio Flux\build\BeamAudioFlux.vcxproj]
  (compilando archivo de origen "../src/engine/scripting/flux_script_node.cpp")
      C:\Users\Alexi\Documents\Beam Audio Flux\src\interface\render\quad_batcher.hpp(67,10):
      vea la declaración de 'Beam::QuadBatcher::drawText'
      C:\Users\Alexi\Documents\Beam Audio Flux\src\interface\analog\analog_ui_templates.hpp(124,17):
      al hacer coincidir la lista de argumentos '(std::string, int, int, float, float)'
  
C:\Users\Alexi\Documents\Beam Audio Flux\src\interface\analog\analog_ui_templates.hpp(128,66): error C2039: "withAlpha": no es un miembro de "Beam::Color" [C:\Users\Alexi\Documents\Beam Audio Flux\build\BeamAudioFlux.vcxproj]
  (compilando archivo de origen "../src/engine/scripting/flux_script_node.cpp")
      C:\Users\Alexi\Documents\Beam Audio Flux\src\interface\core\theme.hpp(12,8):
      vea la declaración de 'Beam::Color'
  
C:\Users\Alexi\Documents\Beam Audio Flux\src\interface\analog\analog_ui_templates.hpp(128,88): error C2039: "withAlpha": no es un miembro de "Beam::Color" [C:\Users\Alexi\Documents\Beam Audio Flux\build\BeamAudioFlux.vcxproj]
  (compilando archivo de origen "../src/engine/scripting/flux_script_node.cpp")
      C:\Users\Alexi\Documents\Beam Audio Flux\src\interface\core\theme.hpp(12,8):
      vea la declaración de 'Beam::Color'
  
C:\Users\Alexi\Documents\Beam Audio Flux\src\interface\analog\analog_ui_templates.hpp(128,110): error C2039: "withAlpha": no es un miembro de "Beam::Color" [C:\Users\Alexi\Documents\Beam Audio Flux\build\BeamAudioFlux.vcxproj]
  (compilando archivo de origen "../src/engine/scripting/flux_script_node.cpp")
      C:\Users\Alexi\Documents\Beam Audio Flux\src\interface\core\theme.hpp(12,8):
      vea la declaración de 'Beam::Color'
  
C:\Users\Alexi\Documents\Beam Audio Flux\src\interface\analog\analog_ui_templates.hpp(128,21): error C2660: 'Beam::QuadBatcher::drawText': la función no acepta 5 argumentos [C:\Users\Alexi\Documents\Beam Audio Flux\build\BeamAudioFlux.vcxproj]
  (compilando archivo de origen "../src/engine/scripting/flux_script_node.cpp")
      C:\Users\Alexi\Documents\Beam Audio Flux\src\interface\render\quad_batcher.hpp(67,10):
      vea la declaración de 'Beam::QuadBatcher::drawText'
      C:\Users\Alexi\Documents\Beam Audio Flux\src\interface\analog\analog_ui_templates.hpp(128,21):
      al hacer coincidir la lista de argumentos '(std::string, int, int, float, float)'
  
C:\Users\Alexi\Documents\Beam Audio Flux\src\interface\analog\analog_ui_templates.hpp(162,52): error C2039: "LEDGreen": no es un miembro de "Beam::Theme" [C:\Users\Alexi\Documents\Beam Audio Flux\build\BeamAudioFlux.vcxproj]
  (compilando archivo de origen "../src/engine/scripting/flux_script_node.cpp")
      C:\Users\Alexi\Documents\Beam Audio Flux\src\interface\core\theme.hpp(31,7):
      vea la declaración de 'Beam::Theme'
  
C:\Users\Alexi\Documents\Beam Audio Flux\src\interface\analog\analog_ui_templates.hpp(162,52): error C2065: 'LEDGreen': identificador no declarado [C:\Users\Alexi\Documents\Beam Audio Flux\build\BeamAudioFlux.vcxproj]
  (compilando archivo de origen "../src/engine/scripting/flux_script_node.cpp")
  
C:\Users\Alexi\Documents\Beam Audio Flux\src\interface\analog\analog_ui_templates.hpp(162,87): error C2039: "LEDYellow": no es un miembro de "Beam::Theme" [C:\Users\Alexi\Documents\Beam Audio Flux\build\BeamAudioFlux.vcxproj]
  (compilando archivo de origen "../src/engine/scripting/flux_script_node.cpp")
      C:\Users\Alexi\Documents\Beam Audio Flux\src\interface\core\theme.hpp(31,7):
      vea la declaración de 'Beam::Theme'
  
C:\Users\Alexi\Documents\Beam Audio Flux\src\interface\analog\analog_ui_templates.hpp(162,87): error C2065: 'LEDYellow': identificador no declarado [C:\Users\Alexi\Documents\Beam Audio Flux\build\BeamAudioFlux.vcxproj]
  (compilando archivo de origen "../src/engine/scripting/flux_script_node.cpp")
  
C:\Users\Alexi\Documents\Beam Audio Flux\src\interface\analog\analog_ui_templates.hpp(162,106): error C2039: "LEDRed": no es un miembro de "Beam::Theme" [C:\Users\Alexi\Documents\Beam Audio Flux\build\BeamAudioFlux.vcxproj]
  (compilando archivo de origen "../src/engine/scripting/flux_script_node.cpp")
      C:\Users\Alexi\Documents\Beam Audio Flux\src\interface\core\theme.hpp(31,7):
      vea la declaración de 'Beam::Theme'
  
C:\Users\Alexi\Documents\Beam Audio Flux\src\interface\analog\analog_ui_templates.hpp(162,106): error C2065: 'LEDRed': identificador no declarado [C:\Users\Alexi\Documents\Beam Audio Flux\build\BeamAudioFlux.vcxproj]
  (compilando archivo de origen "../src/engine/scripting/flux_script_node.cpp")
  
C:\Users\Alexi\Documents\Beam Audio Flux\src\interface\analog\analog_ui_templates.hpp(165,54): error C2039: "LEDGreen": no es un miembro de "Beam::Theme" [C:\Users\Alexi\Documents\Beam Audio Flux\build\BeamAudioFlux.vcxproj]
  (compilando archivo de origen "../src/engine/scripting/flux_script_node.cpp")
      C:\Users\Alexi\Documents\Beam Audio Flux\src\interface\core\theme.hpp(31,7):
      vea la declaración de 'Beam::Theme'
  
C:\Users\Alexi\Documents\Beam Audio Flux\src\interface\analog\analog_ui_templates.hpp(165,54): error C2065: 'LEDGreen': identificador no declarado [C:\Users\Alexi\Documents\Beam Audio Flux\build\BeamAudioFlux.vcxproj]
  (compilando archivo de origen "../src/engine/scripting/flux_script_node.cpp")
  
C:\Users\Alexi\Documents\Beam Audio Flux\src\interface\analog\analog_ui_templates.hpp(165,91): error C2039: "LEDYellow": no es un miembro de "Beam::Theme" [C:\Users\Alexi\Documents\Beam Audio Flux\build\BeamAudioFlux.vcxproj]
  (compilando archivo de origen "../src/engine/scripting/flux_script_node.cpp")
      C:\Users\Alexi\Documents\Beam Audio Flux\src\interface\core\theme.hpp(31,7):
      vea la declaración de 'Beam::Theme'
  
C:\Users\Alexi\Documents\Beam Audio Flux\src\interface\analog\analog_ui_templates.hpp(165,91): error C2065: 'LEDYellow': identificador no declarado [C:\Users\Alexi\Documents\Beam Audio Flux\build\BeamAudioFlux.vcxproj]
  (compilando archivo de origen "../src/engine/scripting/flux_script_node.cpp")
  
C:\Users\Alexi\Documents\Beam Audio Flux\src\interface\analog\analog_ui_templates.hpp(165,110): error C2039: "LEDRed": no es un miembro de "Beam::Theme" [C:\Users\Alexi\Documents\Beam Audio Flux\build\BeamAudioFlux.vcxproj]
  (compilando archivo de origen "../src/engine/scripting/flux_script_node.cpp")
      C:\Users\Alexi\Documents\Beam Audio Flux\src\interface\core\theme.hpp(31,7):
      vea la declaración de 'Beam::Theme'
  
C:\Users\Alexi\Documents\Beam Audio Flux\src\interface\analog\analog_ui_templates.hpp(165,110): error C2065: 'LEDRed': identificador no declarado [C:\Users\Alexi\Documents\Beam Audio Flux\build\BeamAudioFlux.vcxproj]
  (compilando archivo de origen "../src/engine/scripting/flux_script_node.cpp")
  
C:\Users\Alexi\Documents\Beam Audio Flux\src\interface\analog\analog_ui_templates.hpp(205,77): error C3083: 'MaterialType': el símbolo situado a la izquierda de '::' debe ser un tipo [C:\Users\Alexi\Documents\Beam Audio Flux\build\BeamAudioFlux.vcxproj]
  (compilando archivo de origen "../src/engine/scripting/flux_script_node.cpp")
  
C:\Users\Alexi\Documents\Beam Audio Flux\src\interface\analog\analog_ui_templates.hpp(205,91): error C2039: "WrinklePaint": no es un miembro de "Beam::Theme" [C:\Users\Alexi\Documents\Beam Audio Flux\build\BeamAudioFlux.vcxproj]
  (compilando archivo de origen "../src/engine/scripting/flux_script_node.cpp")
      C:\Users\Alexi\Documents\Beam Audio Flux\src\interface\core\theme.hpp(31,7):
      vea la declaración de 'Beam::Theme'
  
C:\Users\Alexi\Documents\Beam Audio Flux\src\interface\analog\analog_ui_templates.hpp(205,91): error C2065: 'WrinklePaint': identificador no declarado [C:\Users\Alexi\Documents\Beam Audio Flux\build\BeamAudioFlux.vcxproj]
  (compilando archivo de origen "../src/engine/scripting/flux_script_node.cpp")
  
C:\Users\Alexi\Documents\Beam Audio Flux\src\interface\analog\analog_ui_templates.hpp(205,112): error C3083: 'KnobStyle': el símbolo situado a la izquierda de '::' debe ser un tipo [C:\Users\Alexi\Documents\Beam Audio Flux\build\BeamAudioFlux.vcxproj]
  (compilando archivo de origen "../src/engine/scripting/flux_script_node.cpp")
  
C:\Users\Alexi\Documents\Beam Audio Flux\src\interface\analog\analog_ui_templates.hpp(205,123): error C2039: "ClassicBakelite": no es un miembro de "Beam::Theme" [C:\Users\Alexi\Documents\Beam Audio Flux\build\BeamAudioFlux.vcxproj]
  (compilando archivo de origen "../src/engine/scripting/flux_script_node.cpp")
      C:\Users\Alexi\Documents\Beam Audio Flux\src\interface\core\theme.hpp(31,7):
      vea la declaración de 'Beam::Theme'
  
C:\Users\Alexi\Documents\Beam Audio Flux\src\interface\analog\analog_ui_templates.hpp(205,123): error C2065: 'ClassicBakelite': identificador no declarado [C:\Users\Alexi\Documents\Beam Audio Flux\build\BeamAudioFlux.vcxproj]
  (compilando archivo de origen "../src/engine/scripting/flux_script_node.cpp")
  
C:\Users\Alexi\Documents\Beam Audio Flux\src\interface\analog\analog_ui_templates.hpp(205,16): error C2440: 'return': no se puede realizar la conversión de 'initializer list' a 'Beam::RackStyle' [C:\Users\Alexi\Documents\Beam Audio Flux\build\BeamAudioFlux.vcxproj]
  (compilando archivo de origen "../src/engine/scripting/flux_script_node.cpp")
      C:\Users\Alexi\Documents\Beam Audio Flux\src\interface\analog\analog_ui_templates.hpp(205,9):
      Inicialización de agregados no válida
          C:\Users\Alexi\Documents\Beam Audio Flux\src\interface\analog\analog_ui_templates.hpp(205,153):
          'inicializando': no se puede realizar la conversión de 'bool' a 'std::string'
              C:\Users\Alexi\Documents\Beam Audio Flux\src\interface\analog\analog_ui_templates.hpp(205,153):
              'std::basic_string<char,std::char_traits<char>,std::allocator<char>>::basic_string':ninguna función sobrecargada pudo convertir todos los tipos de argumento
                  C:\Program Files\Microsoft Visual Studio\2022\Community\VC\Tools\MSVC\14.42.34433\include\xstring(749,5):
                  puede ser 'std::basic_string<char,std::char_traits<char>,std::allocator<char>>::basic_string(const _Elem *const )'
          with
          [
              _Elem=char
          ]
                      C:\Users\Alexi\Documents\Beam Audio Flux\src\interface\analog\analog_ui_templates.hpp(205,153):
                      'std::basic_string<char,std::char_traits<char>,std::allocator<char>>::basic_string(const _Elem *const )': el argumento 1 no puede convertirse de 'bool' a 'const _Elem *const '
          with
          [
              _Elem=char
          ]
                          C:\Users\Alexi\Documents\Beam Audio Flux\src\interface\analog\analog_ui_templates.hpp(205,153):
                          La conversión de un tipo entero a un tipo de puntero requiere reinterpret_cast, conversión de estilo de C o conversión de estilo de función entre paréntesis
                  C:\Program Files\Microsoft Visual Studio\2022\Community\VC\Tools\MSVC\14.42.34433\include\xstring(1327,5):
                  o       'std::basic_string<char,std::char_traits<char>,std::allocator<char>>::basic_string(std::initializer_list<_Elem>,const _Alloc &)'
          with
          [
              _Elem=char,
              _Alloc=std::allocator<char>
          ]
                      C:\Users\Alexi\Documents\Beam Audio Flux\src\interface\analog\analog_ui_templates.hpp(205,153):
                      'std::basic_string<char,std::char_traits<char>,std::allocator<char>>::basic_string(std::initializer_list<_Elem>,const _Alloc &)': el argumento 1 no puede convertirse de 'bool' a 'std::initializer_list<_Elem>'
          with
          [
              _Elem=char,
              _Alloc=std::allocator<char>
          ]
          and
          [
              _Elem=char
          ]
                          C:\Users\Alexi\Documents\Beam Audio Flux\src\interface\analog\analog_ui_templates.hpp(205,153):
                          La conversión requiere un segundo operador de conversión definido por el usuario o constructor
                  C:\Program Files\Microsoft Visual Studio\2022\Community\VC\Tools\MSVC\14.42.34433\include\xstring(1138,5):
                  o       'std::basic_string<char,std::char_traits<char>,std::allocator<char>>::basic_string(const _Ty &,const unsigned __int64,const unsigned __int64,const _Alloc &)'
          with
          [
              _Alloc=std::allocator<char>
          ]
                  C:\Program Files\Microsoft Visual Studio\2022\Community\VC\Tools\MSVC\14.42.34433\include\xstring(779,5):
                  o       'std::basic_string<char,std::char_traits<char>,std::allocator<char>>::basic_string(_Iter,_Iter,const _Alloc &)'
          with
          [
              _Alloc=std::allocator<char>
          ]
                  C:\Program Files\Microsoft Visual Studio\2022\Community\VC\Tools\MSVC\14.42.34433\include\xstring(773,5):
                  o       'std::basic_string<char,std::char_traits<char>,std::allocator<char>>::basic_string(const unsigned __int64,const _Elem,const _Alloc &)'
          with
          [
              _Elem=char,
              _Alloc=std::allocator<char>
          ]
                  C:\Program Files\Microsoft Visual Studio\2022\Community\VC\Tools\MSVC\14.42.34433\include\xstring(756,5):
                  o       'std::basic_string<char,std::char_traits<char>,std::allocator<char>>::basic_string(const _Elem *const ,const _Alloc &)'
          with
          [
              _Elem=char,
              _Alloc=std::allocator<char>
          ]
                  C:\Program Files\Microsoft Visual Studio\2022\Community\VC\Tools\MSVC\14.42.34433\include\xstring(743,5):
                  o       'std::basic_string<char,std::char_traits<char>,std::allocator<char>>::basic_string(const _Elem *const ,const unsigned __int64,const _Alloc &)'
          with
          [
              _Elem=char,
              _Alloc=std::allocator<char>
          ]
                  C:\Users\Alexi\Documents\Beam Audio Flux\src\interface\analog\analog_ui_templates.hpp(205,153):
                  al hacer coincidir la lista de argumentos '(bool)'
          C:\Users\Alexi\Documents\Beam Audio Flux\src\interface\analog\analog_ui_templates.hpp(205,160):
          'inicializando': no se puede realizar la conversión de 'bool' a 'std::string'
              C:\Users\Alexi\Documents\Beam Audio Flux\src\interface\analog\analog_ui_templates.hpp(205,160):
              'std::basic_string<char,std::char_traits<char>,std::allocator<char>>::basic_string':ninguna función sobrecargada pudo convertir todos los tipos de argumento
                  C:\Program Files\Microsoft Visual Studio\2022\Community\VC\Tools\MSVC\14.42.34433\include\xstring(749,5):
                  puede ser 'std::basic_string<char,std::char_traits<char>,std::allocator<char>>::basic_string(const _Elem *const )'
          with
          [
              _Elem=char
          ]
                      C:\Users\Alexi\Documents\Beam Audio Flux\src\interface\analog\analog_ui_templates.hpp(205,160):
                      'std::basic_string<char,std::char_traits<char>,std::allocator<char>>::basic_string(const _Elem *const )': el argumento 1 no puede convertirse de 'bool' a 'const _Elem *const '
          with
          [
              _Elem=char
          ]
                          C:\Users\Alexi\Documents\Beam Audio Flux\src\interface\analog\analog_ui_templates.hpp(205,160):
                          La conversión de un tipo entero a un tipo de puntero requiere reinterpret_cast, conversión de estilo de C o conversión de estilo de función entre paréntesis
                  C:\Program Files\Microsoft Visual Studio\2022\Community\VC\Tools\MSVC\14.42.34433\include\xstring(1327,5):
                  o       'std::basic_string<char,std::char_traits<char>,std::allocator<char>>::basic_string(std::initializer_list<_Elem>,const _Alloc &)'
          with
          [
              _Elem=char,
              _Alloc=std::allocator<char>
          ]
                      C:\Users\Alexi\Documents\Beam Audio Flux\src\interface\analog\analog_ui_templates.hpp(205,160):
                      'std::basic_string<char,std::char_traits<char>,std::allocator<char>>::basic_string(std::initializer_list<_Elem>,const _Alloc &)': el argumento 1 no puede convertirse de 'bool' a 'std::initializer_list<_Elem>'
          with
          [
              _Elem=char,
              _Alloc=std::allocator<char>
          ]
          and
          [
              _Elem=char
          ]
                          C:\Users\Alexi\Documents\Beam Audio Flux\src\interface\analog\analog_ui_templates.hpp(205,160):
                          La conversión requiere un segundo operador de conversión definido por el usuario o constructor
                  C:\Program Files\Microsoft Visual Studio\2022\Community\VC\Tools\MSVC\14.42.34433\include\xstring(1138,5):
                  o       'std::basic_string<char,std::char_traits<char>,std::allocator<char>>::basic_string(const _Ty &,const unsigned __int64,const unsigned __int64,const _Alloc &)'
          with
          [
              _Alloc=std::allocator<char>
          ]
                  C:\Program Files\Microsoft Visual Studio\2022\Community\VC\Tools\MSVC\14.42.34433\include\xstring(779,5):
                  o       'std::basic_string<char,std::char_traits<char>,std::allocator<char>>::basic_string(_Iter,_Iter,const _Alloc &)'
          with
          [
              _Alloc=std::allocator<char>
          ]
                  C:\Program Files\Microsoft Visual Studio\2022\Community\VC\Tools\MSVC\14.42.34433\include\xstring(773,5):
                  o       'std::basic_string<char,std::char_traits<char>,std::allocator<char>>::basic_string(const unsigned __int64,const _Elem,const _Alloc &)'
          with
          [
              _Elem=char,
              _Alloc=std::allocator<char>
          ]
                  C:\Program Files\Microsoft Visual Studio\2022\Community\VC\Tools\MSVC\14.42.34433\include\xstring(756,5):
                  o       'std::basic_string<char,std::char_traits<char>,std::allocator<char>>::basic_string(const _Elem *const ,const _Alloc &)'
          with
          [
              _Elem=char,
              _Alloc=std::allocator<char>
          ]
                  C:\Program Files\Microsoft Visual Studio\2022\Community\VC\Tools\MSVC\14.42.34433\include\xstring(743,5):
                  o       'std::basic_string<char,std::char_traits<char>,std::allocator<char>>::basic_string(const _Elem *const ,const unsigned __int64,const _Alloc &)'
          with
          [
              _Elem=char,
              _Alloc=std::allocator<char>
          ]
                  C:\Users\Alexi\Documents\Beam Audio Flux\src\interface\analog\analog_ui_templates.hpp(205,160):
                  al hacer coincidir la lista de argumentos '(bool)'
          C:\Users\Alexi\Documents\Beam Audio Flux\src\interface\analog\analog_ui_templates.hpp(205,167):
          hay demasiados inicializadores
  
C:\Users\Alexi\Documents\Beam Audio Flux\src\interface\analog\analog_ui_templates.hpp(208,77): error C3083: 'MaterialType': el símbolo situado a la izquierda de '::' debe ser un tipo [C:\Users\Alexi\Documents\Beam Audio Flux\build\BeamAudioFlux.vcxproj]
  (compilando archivo de origen "../src/engine/scripting/flux_script_node.cpp")
  
C:\Users\Alexi\Documents\Beam Audio Flux\src\interface\analog\analog_ui_templates.hpp(208,91): error C2039: "Standard": no es un miembro de "Beam::Theme" [C:\Users\Alexi\Documents\Beam Audio Flux\build\BeamAudioFlux.vcxproj]
  (compilando archivo de origen "../src/engine/scripting/flux_script_node.cpp")
      C:\Users\Alexi\Documents\Beam Audio Flux\src\interface\core\theme.hpp(31,7):
      vea la declaración de 'Beam::Theme'
  
C:\Users\Alexi\Documents\Beam Audio Flux\src\interface\analog\analog_ui_templates.hpp(208,91): error C2065: 'Standard': identificador no declarado [C:\Users\Alexi\Documents\Beam Audio Flux\build\BeamAudioFlux.vcxproj]
  (compilando archivo de origen "../src/engine/scripting/flux_script_node.cpp")
  
C:\Users\Alexi\Documents\Beam Audio Flux\src\interface\analog\analog_ui_templates.hpp(208,108): error C3083: 'KnobStyle': el símbolo situado a la izquierda de '::' debe ser un tipo [C:\Users\Alexi\Documents\Beam Audio Flux\build\BeamAudioFlux.vcxproj]
  (compilando archivo de origen "../src/engine/scripting/flux_script_node.cpp")
  
C:\Users\Alexi\Documents\Beam Audio Flux\src\interface\analog\analog_ui_templates.hpp(208,119): error C2039: "ModernColored": no es un miembro de "Beam::Theme" [C:\Users\Alexi\Documents\Beam Audio Flux\build\BeamAudioFlux.vcxproj]
  (compilando archivo de origen "../src/engine/scripting/flux_script_node.cpp")
      C:\Users\Alexi\Documents\Beam Audio Flux\src\interface\core\theme.hpp(31,7):
      vea la declaración de 'Beam::Theme'
  
C:\Users\Alexi\Documents\Beam Audio Flux\src\interface\analog\analog_ui_templates.hpp(208,119): error C2065: 'ModernColored': identificador no declarado [C:\Users\Alexi\Documents\Beam Audio Flux\build\BeamAudioFlux.vcxproj]
  (compilando archivo de origen "../src/engine/scripting/flux_script_node.cpp")
  
C:\Users\Alexi\Documents\Beam Audio Flux\src\interface\analog\analog_ui_templates.hpp(208,16): error C2440: 'return': no se puede realizar la conversión de 'initializer list' a 'Beam::RackStyle' [C:\Users\Alexi\Documents\Beam Audio Flux\build\BeamAudioFlux.vcxproj]
  (compilando archivo de origen "../src/engine/scripting/flux_script_node.cpp")
      C:\Users\Alexi\Documents\Beam Audio Flux\src\interface\analog\analog_ui_templates.hpp(208,9):
      Inicialización de agregados no válida
          C:\Users\Alexi\Documents\Beam Audio Flux\src\interface\analog\analog_ui_templates.hpp(208,147):
          'inicializando': no se puede realizar la conversión de 'bool' a 'std::string'
              C:\Users\Alexi\Documents\Beam Audio Flux\src\interface\analog\analog_ui_templates.hpp(208,147):
              'std::basic_string<char,std::char_traits<char>,std::allocator<char>>::basic_string':ninguna función sobrecargada pudo convertir todos los tipos de argumento
                  C:\Program Files\Microsoft Visual Studio\2022\Community\VC\Tools\MSVC\14.42.34433\include\xstring(749,5):
                  puede ser 'std::basic_string<char,std::char_traits<char>,std::allocator<char>>::basic_string(const _Elem *const )'
          with
          [
              _Elem=char
          ]
                      C:\Users\Alexi\Documents\Beam Audio Flux\src\interface\analog\analog_ui_templates.hpp(208,147):
                      'std::basic_string<char,std::char_traits<char>,std::allocator<char>>::basic_string(const _Elem *const )': el argumento 1 no puede convertirse de 'bool' a 'const _Elem *const '
          with
          [
              _Elem=char
          ]
                          C:\Users\Alexi\Documents\Beam Audio Flux\src\interface\analog\analog_ui_templates.hpp(208,147):
                          La conversión de un tipo entero a un tipo de puntero requiere reinterpret_cast, conversión de estilo de C o conversión de estilo de función entre paréntesis
                  C:\Program Files\Microsoft Visual Studio\2022\Community\VC\Tools\MSVC\14.42.34433\include\xstring(1327,5):
                  o       'std::basic_string<char,std::char_traits<char>,std::allocator<char>>::basic_string(std::initializer_list<_Elem>,const _Alloc &)'
          with
          [
              _Elem=char,
              _Alloc=std::allocator<char>
          ]
                      C:\Users\Alexi\Documents\Beam Audio Flux\src\interface\analog\analog_ui_templates.hpp(208,147):
                      'std::basic_string<char,std::char_traits<char>,std::allocator<char>>::basic_string(std::initializer_list<_Elem>,const _Alloc &)': el argumento 1 no puede convertirse de 'bool' a 'std::initializer_list<_Elem>'
          with
          [
              _Elem=char,
              _Alloc=std::allocator<char>
          ]
          and
          [
              _Elem=char
          ]
                          C:\Users\Alexi\Documents\Beam Audio Flux\src\interface\analog\analog_ui_templates.hpp(208,147):
                          La conversión requiere un segundo operador de conversión definido por el usuario o constructor
                  C:\Program Files\Microsoft Visual Studio\2022\Community\VC\Tools\MSVC\14.42.34433\include\xstring(1138,5):
                  o       'std::basic_string<char,std::char_traits<char>,std::allocator<char>>::basic_string(const _Ty &,const unsigned __int64,const unsigned __int64,const _Alloc &)'
          with
          [
              _Alloc=std::allocator<char>
          ]
                  C:\Program Files\Microsoft Visual Studio\2022\Community\VC\Tools\MSVC\14.42.34433\include\xstring(779,5):
                  o       'std::basic_string<char,std::char_traits<char>,std::allocator<char>>::basic_string(_Iter,_Iter,const _Alloc &)'
          with
          [
              _Alloc=std::allocator<char>
          ]
                  C:\Program Files\Microsoft Visual Studio\2022\Community\VC\Tools\MSVC\14.42.34433\include\xstring(773,5):
                  o       'std::basic_string<char,std::char_traits<char>,std::allocator<char>>::basic_string(const unsigned __int64,const _Elem,const _Alloc &)'
          with
          [
              _Elem=char,
              _Alloc=std::allocator<char>
          ]
                  C:\Program Files\Microsoft Visual Studio\2022\Community\VC\Tools\MSVC\14.42.34433\include\xstring(756,5):
                  o       'std::basic_string<char,std::char_traits<char>,std::allocator<char>>::basic_string(const _Elem *const ,const _Alloc &)'
          with
          [
              _Elem=char,
              _Alloc=std::allocator<char>
          ]
                  C:\Program Files\Microsoft Visual Studio\2022\Community\VC\Tools\MSVC\14.42.34433\include\xstring(743,5):
                  o       'std::basic_string<char,std::char_traits<char>,std::allocator<char>>::basic_string(const _Elem *const ,const unsigned __int64,const _Alloc &)'
          with
          [
              _Elem=char,
              _Alloc=std::allocator<char>
          ]
                  C:\Users\Alexi\Documents\Beam Audio Flux\src\interface\analog\analog_ui_templates.hpp(208,147):
                  al hacer coincidir la lista de argumentos '(bool)'
          C:\Users\Alexi\Documents\Beam Audio Flux\src\interface\analog\analog_ui_templates.hpp(208,154):
          'inicializando': no se puede realizar la conversión de 'bool' a 'std::string'
              C:\Users\Alexi\Documents\Beam Audio Flux\src\interface\analog\analog_ui_templates.hpp(208,154):
              'std::basic_string<char,std::char_traits<char>,std::allocator<char>>::basic_string':ninguna función sobrecargada pudo convertir todos los tipos de argumento
                  C:\Program Files\Microsoft Visual Studio\2022\Community\VC\Tools\MSVC\14.42.34433\include\xstring(749,5):
                  puede ser 'std::basic_string<char,std::char_traits<char>,std::allocator<char>>::basic_string(const _Elem *const )'
          with
          [
              _Elem=char
          ]
                      C:\Users\Alexi\Documents\Beam Audio Flux\src\interface\analog\analog_ui_templates.hpp(208,154):
                      'std::basic_string<char,std::char_traits<char>,std::allocator<char>>::basic_string(const _Elem *const )': el argumento 1 no puede convertirse de 'bool' a 'const _Elem *const '
          with
          [
              _Elem=char
          ]
                          C:\Users\Alexi\Documents\Beam Audio Flux\src\interface\analog\analog_ui_templates.hpp(208,154):
                          La conversión de un tipo entero a un tipo de puntero requiere reinterpret_cast, conversión de estilo de C o conversión de estilo de función entre paréntesis
                  C:\Program Files\Microsoft Visual Studio\2022\Community\VC\Tools\MSVC\14.42.34433\include\xstring(1327,5):
                  o       'std::basic_string<char,std::char_traits<char>,std::allocator<char>>::basic_string(std::initializer_list<_Elem>,const _Alloc &)'
          with
          [
              _Elem=char,
              _Alloc=std::allocator<char>
          ]
                      C:\Users\Alexi\Documents\Beam Audio Flux\src\interface\analog\analog_ui_templates.hpp(208,154):
                      'std::basic_string<char,std::char_traits<char>,std::allocator<char>>::basic_string(std::initializer_list<_Elem>,const _Alloc &)': el argumento 1 no puede convertirse de 'bool' a 'std::initializer_list<_Elem>'
          with
          [
              _Elem=char,
              _Alloc=std::allocator<char>
          ]
          and
          [
              _Elem=char
          ]
                          C:\Users\Alexi\Documents\Beam Audio Flux\src\interface\analog\analog_ui_templates.hpp(208,154):
                          La conversión requiere un segundo operador de conversión definido por el usuario o constructor
                  C:\Program Files\Microsoft Visual Studio\2022\Community\VC\Tools\MSVC\14.42.34433\include\xstring(1138,5):
                  o       'std::basic_string<char,std::char_traits<char>,std::allocator<char>>::basic_string(const _Ty &,const unsigned __int64,const unsigned __int64,const _Alloc &)'
          with
          [
              _Alloc=std::allocator<char>
          ]
                  C:\Program Files\Microsoft Visual Studio\2022\Community\VC\Tools\MSVC\14.42.34433\include\xstring(779,5):
                  o       'std::basic_string<char,std::char_traits<char>,std::allocator<char>>::basic_string(_Iter,_Iter,const _Alloc &)'
          with
          [
              _Alloc=std::allocator<char>
          ]
                  C:\Program Files\Microsoft Visual Studio\2022\Community\VC\Tools\MSVC\14.42.34433\include\xstring(773,5):
                  o       'std::basic_string<char,std::char_traits<char>,std::allocator<char>>::basic_string(const unsigned __int64,const _Elem,const _Alloc &)'
          with
          [
              _Elem=char,
              _Alloc=std::allocator<char>
          ]
                  C:\Program Files\Microsoft Visual Studio\2022\Community\VC\Tools\MSVC\14.42.34433\include\xstring(756,5):
                  o       'std::basic_string<char,std::char_traits<char>,std::allocator<char>>::basic_string(const _Elem *const ,const _Alloc &)'
          with
          [
              _Elem=char,
              _Alloc=std::allocator<char>
          ]
                  C:\Program Files\Microsoft Visual Studio\2022\Community\VC\Tools\MSVC\14.42.34433\include\xstring(743,5):
                  o       'std::basic_string<char,std::char_traits<char>,std::allocator<char>>::basic_string(const _Elem *const ,const unsigned __int64,const _Alloc &)'
          with
          [
              _Elem=char,
              _Alloc=std::allocator<char>
          ]
                  C:\Users\Alexi\Documents\Beam Audio Flux\src\interface\analog\analog_ui_templates.hpp(208,154):
                  al hacer coincidir la lista de argumentos '(bool)'
          C:\Users\Alexi\Documents\Beam Audio Flux\src\interface\analog\analog_ui_templates.hpp(208,161):
          hay demasiados inicializadores
  
C:\Users\Alexi\Documents\Beam Audio Flux\src\interface\analog\analog_ui_templates.hpp(211,77): error C3083: 'MaterialType': el símbolo situado a la izquierda de '::' debe ser un tipo [C:\Users\Alexi\Documents\Beam Audio Flux\build\BeamAudioFlux.vcxproj]
  (compilando archivo de origen "../src/engine/scripting/flux_script_node.cpp")
  
C:\Users\Alexi\Documents\Beam Audio Flux\src\interface\analog\analog_ui_templates.hpp(211,91): error C2039: "WrinklePaint": no es un miembro de "Beam::Theme" [C:\Users\Alexi\Documents\Beam Audio Flux\build\BeamAudioFlux.vcxproj]
  (compilando archivo de origen "../src/engine/scripting/flux_script_node.cpp")
      C:\Users\Alexi\Documents\Beam Audio Flux\src\interface\core\theme.hpp(31,7):
      vea la declaración de 'Beam::Theme'
  
C:\Users\Alexi\Documents\Beam Audio Flux\src\interface\analog\analog_ui_templates.hpp(211,91): error C2065: 'WrinklePaint': identificador no declarado [C:\Users\Alexi\Documents\Beam Audio Flux\build\BeamAudioFlux.vcxproj]
  (compilando archivo de origen "../src/engine/scripting/flux_script_node.cpp")
  
C:\Users\Alexi\Documents\Beam Audio Flux\src\interface\analog\analog_ui_templates.hpp(211,112): error C3083: 'KnobStyle': el símbolo situado a la izquierda de '::' debe ser un tipo [C:\Users\Alexi\Documents\Beam Audio Flux\build\BeamAudioFlux.vcxproj]
  (compilando archivo de origen "../src/engine/scripting/flux_script_node.cpp")
  
C:\Users\Alexi\Documents\Beam Audio Flux\src\interface\analog\analog_ui_templates.hpp(211,123): error C2039: "ModernColored": no es un miembro de "Beam::Theme" [C:\Users\Alexi\Documents\Beam Audio Flux\build\BeamAudioFlux.vcxproj]
  (compilando archivo de origen "../src/engine/scripting/flux_script_node.cpp")
      C:\Users\Alexi\Documents\Beam Audio Flux\src\interface\core\theme.hpp(31,7):
      vea la declaración de 'Beam::Theme'
  
C:\Users\Alexi\Documents\Beam Audio Flux\src\interface\analog\analog_ui_templates.hpp(211,123): error C2065: 'ModernColored': identificador no declarado [C:\Users\Alexi\Documents\Beam Audio Flux\build\BeamAudioFlux.vcxproj]
  (compilando archivo de origen "../src/engine/scripting/flux_script_node.cpp")
  
C:\Users\Alexi\Documents\Beam Audio Flux\src\interface\analog\analog_ui_templates.hpp(211,16): error C2440: 'return': no se puede realizar la conversión de 'initializer list' a 'Beam::RackStyle' [C:\Users\Alexi\Documents\Beam Audio Flux\build\BeamAudioFlux.vcxproj]
  (compilando archivo de origen "../src/engine/scripting/flux_script_node.cpp")
      C:\Users\Alexi\Documents\Beam Audio Flux\src\interface\analog\analog_ui_templates.hpp(211,9):
      Inicialización de agregados no válida
          C:\Users\Alexi\Documents\Beam Audio Flux\src\interface\analog\analog_ui_templates.hpp(211,151):
          'inicializando': no se puede realizar la conversión de 'bool' a 'std::string'
              C:\Users\Alexi\Documents\Beam Audio Flux\src\interface\analog\analog_ui_templates.hpp(211,151):
              'std::basic_string<char,std::char_traits<char>,std::allocator<char>>::basic_string':ninguna función sobrecargada pudo convertir todos los tipos de argumento
                  C:\Program Files\Microsoft Visual Studio\2022\Community\VC\Tools\MSVC\14.42.34433\include\xstring(749,5):
                  puede ser 'std::basic_string<char,std::char_traits<char>,std::allocator<char>>::basic_string(const _Elem *const )'
          with
          [
              _Elem=char
          ]
                      C:\Users\Alexi\Documents\Beam Audio Flux\src\interface\analog\analog_ui_templates.hpp(211,151):
                      'std::basic_string<char,std::char_traits<char>,std::allocator<char>>::basic_string(const _Elem *const )': el argumento 1 no puede convertirse de 'bool' a 'const _Elem *const '
          with
          [
              _Elem=char
          ]
                          C:\Users\Alexi\Documents\Beam Audio Flux\src\interface\analog\analog_ui_templates.hpp(211,151):
                          La conversión de un tipo entero a un tipo de puntero requiere reinterpret_cast, conversión de estilo de C o conversión de estilo de función entre paréntesis
                  C:\Program Files\Microsoft Visual Studio\2022\Community\VC\Tools\MSVC\14.42.34433\include\xstring(1327,5):
                  o       'std::basic_string<char,std::char_traits<char>,std::allocator<char>>::basic_string(std::initializer_list<_Elem>,const _Alloc &)'
          with
          [
              _Elem=char,
              _Alloc=std::allocator<char>
          ]
                      C:\Users\Alexi\Documents\Beam Audio Flux\src\interface\analog\analog_ui_templates.hpp(211,151):
                      'std::basic_string<char,std::char_traits<char>,std::allocator<char>>::basic_string(std::initializer_list<_Elem>,const _Alloc &)': el argumento 1 no puede convertirse de 'bool' a 'std::initializer_list<_Elem>'
          with
          [
              _Elem=char,
              _Alloc=std::allocator<char>
          ]
          and
          [
              _Elem=char
          ]
                          C:\Users\Alexi\Documents\Beam Audio Flux\src\interface\analog\analog_ui_templates.hpp(211,151):
                          La conversión requiere un segundo operador de conversión definido por el usuario o constructor
                  C:\Program Files\Microsoft Visual Studio\2022\Community\VC\Tools\MSVC\14.42.34433\include\xstring(1138,5):
                  o       'std::basic_string<char,std::char_traits<char>,std::allocator<char>>::basic_string(const _Ty &,const unsigned __int64,const unsigned __int64,const _Alloc &)'
          with
          [
              _Alloc=std::allocator<char>
          ]
                  C:\Program Files\Microsoft Visual Studio\2022\Community\VC\Tools\MSVC\14.42.34433\include\xstring(779,5):
                  o       'std::basic_string<char,std::char_traits<char>,std::allocator<char>>::basic_string(_Iter,_Iter,const _Alloc &)'
          with
          [
              _Alloc=std::allocator<char>
          ]
                  C:\Program Files\Microsoft Visual Studio\2022\Community\VC\Tools\MSVC\14.42.34433\include\xstring(773,5):
                  o       'std::basic_string<char,std::char_traits<char>,std::allocator<char>>::basic_string(const unsigned __int64,const _Elem,const _Alloc &)'
          with
          [
              _Elem=char,
              _Alloc=std::allocator<char>
          ]
                  C:\Program Files\Microsoft Visual Studio\2022\Community\VC\Tools\MSVC\14.42.34433\include\xstring(756,5):
                  o       'std::basic_string<char,std::char_traits<char>,std::allocator<char>>::basic_string(const _Elem *const ,const _Alloc &)'
          with
          [
              _Elem=char,
              _Alloc=std::allocator<char>
          ]
                  C:\Program Files\Microsoft Visual Studio\2022\Community\VC\Tools\MSVC\14.42.34433\include\xstring(743,5):
                  o       'std::basic_string<char,std::char_traits<char>,std::allocator<char>>::basic_string(const _Elem *const ,const unsigned __int64,const _Alloc &)'
          with
          [
              _Elem=char,
              _Alloc=std::allocator<char>
          ]
                  C:\Users\Alexi\Documents\Beam Audio Flux\src\interface\analog\analog_ui_templates.hpp(211,151):
                  al hacer coincidir la lista de argumentos '(bool)'
          C:\Users\Alexi\Documents\Beam Audio Flux\src\interface\analog\analog_ui_templates.hpp(211,158):
          'inicializando': no se puede realizar la conversión de 'bool' a 'std::string'
              C:\Users\Alexi\Documents\Beam Audio Flux\src\interface\analog\analog_ui_templates.hpp(211,158):
              'std::basic_string<char,std::char_traits<char>,std::allocator<char>>::basic_string':ninguna función sobrecargada pudo convertir todos los tipos de argumento
                  C:\Program Files\Microsoft Visual Studio\2022\Community\VC\Tools\MSVC\14.42.34433\include\xstring(749,5):
                  puede ser 'std::basic_string<char,std::char_traits<char>,std::allocator<char>>::basic_string(const _Elem *const )'
          with
          [
              _Elem=char
          ]
                      C:\Users\Alexi\Documents\Beam Audio Flux\src\interface\analog\analog_ui_templates.hpp(211,158):
                      'std::basic_string<char,std::char_traits<char>,std::allocator<char>>::basic_string(const _Elem *const )': el argumento 1 no puede convertirse de 'bool' a 'const _Elem *const '
          with
          [
              _Elem=char
          ]
                          C:\Users\Alexi\Documents\Beam Audio Flux\src\interface\analog\analog_ui_templates.hpp(211,158):
                          La conversión de un tipo entero a un tipo de puntero requiere reinterpret_cast, conversión de estilo de C o conversión de estilo de función entre paréntesis
                  C:\Program Files\Microsoft Visual Studio\2022\Community\VC\Tools\MSVC\14.42.34433\include\xstring(1327,5):
                  o       'std::basic_string<char,std::char_traits<char>,std::allocator<char>>::basic_string(std::initializer_list<_Elem>,const _Alloc &)'
          with
          [
              _Elem=char,
              _Alloc=std::allocator<char>
          ]
                      C:\Users\Alexi\Documents\Beam Audio Flux\src\interface\analog\analog_ui_templates.hpp(211,158):
                      'std::basic_string<char,std::char_traits<char>,std::allocator<char>>::basic_string(std::initializer_list<_Elem>,const _Alloc &)': el argumento 1 no puede convertirse de 'bool' a 'std::initializer_list<_Elem>'
          with
          [
              _Elem=char,
              _Alloc=std::allocator<char>
          ]
          and
          [
              _Elem=char
          ]
                          C:\Users\Alexi\Documents\Beam Audio Flux\src\interface\analog\analog_ui_templates.hpp(211,158):
                          La conversión requiere un segundo operador de conversión definido por el usuario o constructor
                  C:\Program Files\Microsoft Visual Studio\2022\Community\VC\Tools\MSVC\14.42.34433\include\xstring(1138,5):
                  o       'std::basic_string<char,std::char_traits<char>,std::allocator<char>>::basic_string(const _Ty &,const unsigned __int64,const unsigned __int64,const _Alloc &)'
          with
          [
              _Alloc=std::allocator<char>
          ]
                  C:\Program Files\Microsoft Visual Studio\2022\Community\VC\Tools\MSVC\14.42.34433\include\xstring(779,5):
                  o       'std::basic_string<char,std::char_traits<char>,std::allocator<char>>::basic_string(_Iter,_Iter,const _Alloc &)'
          with
          [
              _Alloc=std::allocator<char>
          ]
                  C:\Program Files\Microsoft Visual Studio\2022\Community\VC\Tools\MSVC\14.42.34433\include\xstring(773,5):
                  o       'std::basic_string<char,std::char_traits<char>,std::allocator<char>>::basic_string(const unsigned __int64,const _Elem,const _Alloc &)'
          with
          [
              _Elem=char,
              _Alloc=std::allocator<char>
          ]
                  C:\Program Files\Microsoft Visual Studio\2022\Community\VC\Tools\MSVC\14.42.34433\include\xstring(756,5):
                  o       'std::basic_string<char,std::char_traits<char>,std::allocator<char>>::basic_string(const _Elem *const ,const _Alloc &)'
          with
          [
              _Elem=char,
              _Alloc=std::allocator<char>
          ]
                  C:\Program Files\Microsoft Visual Studio\2022\Community\VC\Tools\MSVC\14.42.34433\include\xstring(743,5):
                  o       'std::basic_string<char,std::char_traits<char>,std::allocator<char>>::basic_string(const _Elem *const ,const unsigned __int64,const _Alloc &)'
          with
          [
              _Elem=char,
              _Alloc=std::allocator<char>
          ]
                  C:\Users\Alexi\Documents\Beam Audio Flux\src\interface\analog\analog_ui_templates.hpp(211,158):
                  al hacer coincidir la lista de argumentos '(bool)'
          C:\Users\Alexi\Documents\Beam Audio Flux\src\interface\analog\analog_ui_templates.hpp(211,165):
          hay demasiados inicializadores
  
C:\Users\Alexi\Documents\Beam Audio Flux\src\interface\analog\analog_ui_templates.hpp(214,80): error C3083: 'MaterialType': el símbolo situado a la izquierda de '::' debe ser un tipo [C:\Users\Alexi\Documents\Beam Audio Flux\build\BeamAudioFlux.vcxproj]
  (compilando archivo de origen "../src/engine/scripting/flux_script_node.cpp")
  
C:\Users\Alexi\Documents\Beam Audio Flux\src\interface\analog\analog_ui_templates.hpp(214,94): error C2039: "Standard": no es un miembro de "Beam::Theme" [C:\Users\Alexi\Documents\Beam Audio Flux\build\BeamAudioFlux.vcxproj]
  (compilando archivo de origen "../src/engine/scripting/flux_script_node.cpp")
      C:\Users\Alexi\Documents\Beam Audio Flux\src\interface\core\theme.hpp(31,7):
      vea la declaración de 'Beam::Theme'
  
C:\Users\Alexi\Documents\Beam Audio Flux\src\interface\analog\analog_ui_templates.hpp(214,94): error C2065: 'Standard': identificador no declarado [C:\Users\Alexi\Documents\Beam Audio Flux\build\BeamAudioFlux.vcxproj]
  (compilando archivo de origen "../src/engine/scripting/flux_script_node.cpp")
  
C:\Users\Alexi\Documents\Beam Audio Flux\src\interface\analog\analog_ui_templates.hpp(214,111): error C3083: 'KnobStyle': el símbolo situado a la izquierda de '::' debe ser un tipo [C:\Users\Alexi\Documents\Beam Audio Flux\build\BeamAudioFlux.vcxproj]
  (compilando archivo de origen "../src/engine/scripting/flux_script_node.cpp")
  
C:\Users\Alexi\Documents\Beam Audio Flux\src\interface\analog\analog_ui_templates.hpp(214,122): error C2039: "FlutedIndustrial": no es un miembro de "Beam::Theme" [C:\Users\Alexi\Documents\Beam Audio Flux\build\BeamAudioFlux.vcxproj]
  (compilando archivo de origen "../src/engine/scripting/flux_script_node.cpp")
      C:\Users\Alexi\Documents\Beam Audio Flux\src\interface\core\theme.hpp(31,7):
      vea la declaración de 'Beam::Theme'
  
C:\Users\Alexi\Documents\Beam Audio Flux\src\interface\analog\analog_ui_templates.hpp(214,122): error C2065: 'FlutedIndustrial': identificador no declarado [C:\Users\Alexi\Documents\Beam Audio Flux\build\BeamAudioFlux.vcxproj]
  (compilando archivo de origen "../src/engine/scripting/flux_script_node.cpp")
  
C:\Users\Alexi\Documents\Beam Audio Flux\src\interface\analog\analog_ui_templates.hpp(214,16): error C2440: 'return': no se puede realizar la conversión de 'initializer list' a 'Beam::RackStyle' [C:\Users\Alexi\Documents\Beam Audio Flux\build\BeamAudioFlux.vcxproj]
  (compilando archivo de origen "../src/engine/scripting/flux_script_node.cpp")
      C:\Users\Alexi\Documents\Beam Audio Flux\src\interface\analog\analog_ui_templates.hpp(214,9):
      Inicialización de agregados no válida
          C:\Users\Alexi\Documents\Beam Audio Flux\src\interface\analog\analog_ui_templates.hpp(214,152):
          'inicializando': no se puede realizar la conversión de 'bool' a 'std::string'
              C:\Users\Alexi\Documents\Beam Audio Flux\src\interface\analog\analog_ui_templates.hpp(214,152):
              'std::basic_string<char,std::char_traits<char>,std::allocator<char>>::basic_string':ninguna función sobrecargada pudo convertir todos los tipos de argumento
                  C:\Program Files\Microsoft Visual Studio\2022\Community\VC\Tools\MSVC\14.42.34433\include\xstring(749,5):
                  puede ser 'std::basic_string<char,std::char_traits<char>,std::allocator<char>>::basic_string(const _Elem *const )'
          with
          [
              _Elem=char
          ]
                      C:\Users\Alexi\Documents\Beam Audio Flux\src\interface\analog\analog_ui_templates.hpp(214,152):
                      'std::basic_string<char,std::char_traits<char>,std::allocator<char>>::basic_string(const _Elem *const )': el argumento 1 no puede convertirse de 'bool' a 'const _Elem *const '
          with
          [
              _Elem=char
          ]
                          C:\Users\Alexi\Documents\Beam Audio Flux\src\interface\analog\analog_ui_templates.hpp(214,152):
                          La conversión de un tipo entero a un tipo de puntero requiere reinterpret_cast, conversión de estilo de C o conversión de estilo de función entre paréntesis
                  C:\Program Files\Microsoft Visual Studio\2022\Community\VC\Tools\MSVC\14.42.34433\include\xstring(1327,5):
                  o       'std::basic_string<char,std::char_traits<char>,std::allocator<char>>::basic_string(std::initializer_list<_Elem>,const _Alloc &)'
          with
          [
              _Elem=char,
              _Alloc=std::allocator<char>
          ]
                      C:\Users\Alexi\Documents\Beam Audio Flux\src\interface\analog\analog_ui_templates.hpp(214,152):
                      'std::basic_string<char,std::char_traits<char>,std::allocator<char>>::basic_string(std::initializer_list<_Elem>,const _Alloc &)': el argumento 1 no puede convertirse de 'bool' a 'std::initializer_list<_Elem>'
          with
          [
              _Elem=char,
              _Alloc=std::allocator<char>
          ]
          and
          [
              _Elem=char
          ]
                          C:\Users\Alexi\Documents\Beam Audio Flux\src\interface\analog\analog_ui_templates.hpp(214,152):
                          La conversión requiere un segundo operador de conversión definido por el usuario o constructor
                  C:\Program Files\Microsoft Visual Studio\2022\Community\VC\Tools\MSVC\14.42.34433\include\xstring(1138,5):
                  o       'std::basic_string<char,std::char_traits<char>,std::allocator<char>>::basic_string(const _Ty &,const unsigned __int64,const unsigned __int64,const _Alloc &)'
          with
          [
              _Alloc=std::allocator<char>
          ]
                  C:\Program Files\Microsoft Visual Studio\2022\Community\VC\Tools\MSVC\14.42.34433\include\xstring(779,5):
                  o       'std::basic_string<char,std::char_traits<char>,std::allocator<char>>::basic_string(_Iter,_Iter,const _Alloc &)'
          with
          [
              _Alloc=std::allocator<char>
          ]
                  C:\Program Files\Microsoft Visual Studio\2022\Community\VC\Tools\MSVC\14.42.34433\include\xstring(773,5):
                  o       'std::basic_string<char,std::char_traits<char>,std::allocator<char>>::basic_string(const unsigned __int64,const _Elem,const _Alloc &)'
          with
          [
              _Elem=char,
              _Alloc=std::allocator<char>
          ]
                  C:\Program Files\Microsoft Visual Studio\2022\Community\VC\Tools\MSVC\14.42.34433\include\xstring(756,5):
                  o       'std::basic_string<char,std::char_traits<char>,std::allocator<char>>::basic_string(const _Elem *const ,const _Alloc &)'
          with
          [
              _Elem=char,
              _Alloc=std::allocator<char>
          ]
                  C:\Program Files\Microsoft Visual Studio\2022\Community\VC\Tools\MSVC\14.42.34433\include\xstring(743,5):
                  o       'std::basic_string<char,std::char_traits<char>,std::allocator<char>>::basic_string(const _Elem *const ,const unsigned __int64,const _Alloc &)'
          with
          [
              _Elem=char,
              _Alloc=std::allocator<char>
          ]
                  C:\Users\Alexi\Documents\Beam Audio Flux\src\interface\analog\analog_ui_templates.hpp(214,152):
                  al hacer coincidir la lista de argumentos '(bool)'
          C:\Users\Alexi\Documents\Beam Audio Flux\src\interface\analog\analog_ui_templates.hpp(214,159):
          'inicializando': no se puede realizar la conversión de 'bool' a 'std::string'
              C:\Users\Alexi\Documents\Beam Audio Flux\src\interface\analog\analog_ui_templates.hpp(214,159):
              'std::basic_string<char,std::char_traits<char>,std::allocator<char>>::basic_string':ninguna función sobrecargada pudo convertir todos los tipos de argumento
                  C:\Program Files\Microsoft Visual Studio\2022\Community\VC\Tools\MSVC\14.42.34433\include\xstring(749,5):
                  puede ser 'std::basic_string<char,std::char_traits<char>,std::allocator<char>>::basic_string(const _Elem *const )'
          with
          [
              _Elem=char
          ]
                      C:\Users\Alexi\Documents\Beam Audio Flux\src\interface\analog\analog_ui_templates.hpp(214,159):
                      'std::basic_string<char,std::char_traits<char>,std::allocator<char>>::basic_string(const _Elem *const )': el argumento 1 no puede convertirse de 'bool' a 'const _Elem *const '
          with
          [
              _Elem=char
          ]
                          C:\Users\Alexi\Documents\Beam Audio Flux\src\interface\analog\analog_ui_templates.hpp(214,159):
                          La conversión de un tipo entero a un tipo de puntero requiere reinterpret_cast, conversión de estilo de C o conversión de estilo de función entre paréntesis
                  C:\Program Files\Microsoft Visual Studio\2022\Community\VC\Tools\MSVC\14.42.34433\include\xstring(1327,5):
                  o       'std::basic_string<char,std::char_traits<char>,std::allocator<char>>::basic_string(std::initializer_list<_Elem>,const _Alloc &)'
          with
          [
              _Elem=char,
              _Alloc=std::allocator<char>
          ]
                      C:\Users\Alexi\Documents\Beam Audio Flux\src\interface\analog\analog_ui_templates.hpp(214,159):
                      'std::basic_string<char,std::char_traits<char>,std::allocator<char>>::basic_string(std::initializer_list<_Elem>,const _Alloc &)': el argumento 1 no puede convertirse de 'bool' a 'std::initializer_list<_Elem>'
          with
          [
              _Elem=char,
              _Alloc=std::allocator<char>
          ]
          and
          [
              _Elem=char
          ]
                          C:\Users\Alexi\Documents\Beam Audio Flux\src\interface\analog\analog_ui_templates.hpp(214,159):
                          La conversión requiere un segundo operador de conversión definido por el usuario o constructor
                  C:\Program Files\Microsoft Visual Studio\2022\Community\VC\Tools\MSVC\14.42.34433\include\xstring(1138,5):
                  o       'std::basic_string<char,std::char_traits<char>,std::allocator<char>>::basic_string(const _Ty &,const unsigned __int64,const unsigned __int64,const _Alloc &)'
          with
          [
              _Alloc=std::allocator<char>
          ]
                  C:\Program Files\Microsoft Visual Studio\2022\Community\VC\Tools\MSVC\14.42.34433\include\xstring(779,5):
                  o       'std::basic_string<char,std::char_traits<char>,std::allocator<char>>::basic_string(_Iter,_Iter,const _Alloc &)'
          with
          [
              _Alloc=std::allocator<char>
          ]
                  C:\Program Files\Microsoft Visual Studio\2022\Community\VC\Tools\MSVC\14.42.34433\include\xstring(773,5):
                  o       'std::basic_string<char,std::char_traits<char>,std::allocator<char>>::basic_string(const unsigned __int64,const _Elem,const _Alloc &)'
          with
          [
              _Elem=char,
              _Alloc=std::allocator<char>
          ]
                  C:\Program Files\Microsoft Visual Studio\2022\Community\VC\Tools\MSVC\14.42.34433\include\xstring(756,5):
                  o       'std::basic_string<char,std::char_traits<char>,std::allocator<char>>::basic_string(const _Elem *const ,const _Alloc &)'
          with
          [
              _Elem=char,
              _Alloc=std::allocator<char>
          ]
                  C:\Program Files\Microsoft Visual Studio\2022\Community\VC\Tools\MSVC\14.42.34433\include\xstring(743,5):
                  o       'std::basic_string<char,std::char_traits<char>,std::allocator<char>>::basic_string(const _Elem *const ,const unsigned __int64,const _Alloc &)'
          with
          [
              _Elem=char,
              _Alloc=std::allocator<char>
          ]
                  C:\Users\Alexi\Documents\Beam Audio Flux\src\interface\analog\analog_ui_templates.hpp(214,159):
                  al hacer coincidir la lista de argumentos '(bool)'
          C:\Users\Alexi\Documents\Beam Audio Flux\src\interface\analog\analog_ui_templates.hpp(214,165):
          hay demasiados inicializadores
  
C:\Users\Alexi\Documents\Beam Audio Flux\src\interface\analog\analog_ui_templates.hpp(214,9): error C1003: el recuento de errores supera 100; se detiene la compilación [C:\Users\Alexi\Documents\Beam Audio Flux\build\BeamAudioFlux.vcxproj]
  (compilando archivo de origen "../src/engine/scripting/flux_script_node.cpp")
  
  beam_host.cpp
C:\Users\Alexi\Documents\Beam Audio Flux\src\interface\widgets\piano_roll.hpp(65,40): error C2039: "Emerald": no es un miembro de "Beam::Theme" [C:\Users\Alexi\Documents\Beam Audio Flux\build\BeamAudioFlux.vcxproj]
  (compilando archivo de origen "../src/engine/session/beam_host.cpp")
      C:\Users\Alexi\Documents\Beam Audio Flux\src\interface\core\theme.hpp(31,7):
      vea la declaración de 'Beam::Theme'
  
C:\Users\Alexi\Documents\Beam Audio Flux\src\interface\widgets\piano_roll.hpp(65,40): error C2065: 'Emerald': identificador no declarado [C:\Users\Alexi\Documents\Beam Audio Flux\build\BeamAudioFlux.vcxproj]
  (compilando archivo de origen "../src/engine/session/beam_host.cpp")
  
C:\Users\Alexi\Documents\Beam Audio Flux\src\interface\widgets\knob.hpp(131,26): error C2039: "KnobStyle": no es un miembro de "Beam::Theme" [C:\Users\Alexi\Documents\Beam Audio Flux\build\BeamAudioFlux.vcxproj]
  (compilando archivo de origen "../src/engine/session/beam_host.cpp")
      C:\Users\Alexi\Documents\Beam Audio Flux\src\interface\core\theme.hpp(31,7):
      vea la declaración de 'Beam::Theme'
  
C:\Users\Alexi\Documents\Beam Audio Flux\src\interface\widgets\knob.hpp(131,26): error C2061: error de sintaxis: identificador 'KnobStyle' [C:\Users\Alexi\Documents\Beam Audio Flux\build\BeamAudioFlux.vcxproj]
  (compilando archivo de origen "../src/engine/session/beam_host.cpp")
  
C:\Users\Alexi\Documents\Beam Audio Flux\src\interface\widgets\knob.hpp(132,12): error C2039: "KnobStyle": no es un miembro de "Beam::Theme" [C:\Users\Alexi\Documents\Beam Audio Flux\build\BeamAudioFlux.vcxproj]
  (compilando archivo de origen "../src/engine/session/beam_host.cpp")
      C:\Users\Alexi\Documents\Beam Audio Flux\src\interface\core\theme.hpp(31,7):
      vea la declaración de 'Beam::Theme'
  
C:\Users\Alexi\Documents\Beam Audio Flux\src\interface\widgets\knob.hpp(132,22): error C3646: 'getStyle': especificador de invalidación desconocido [C:\Users\Alexi\Documents\Beam Audio Flux\build\BeamAudioFlux.vcxproj]
  (compilando archivo de origen "../src/engine/session/beam_host.cpp")
  
C:\Users\Alexi\Documents\Beam Audio Flux\src\interface\widgets\knob.hpp(132,30): error C2059: error de sintaxis: '(' [C:\Users\Alexi\Documents\Beam Audio Flux\build\BeamAudioFlux.vcxproj]
  (compilando archivo de origen "../src/engine/session/beam_host.cpp")
  
C:\Users\Alexi\Documents\Beam Audio Flux\src\interface\widgets\knob.hpp(132,39): error C2334: símbolos (token) inesperados delante de '{'; se pasará por alto el cuerpo de función aparente [C:\Users\Alexi\Documents\Beam Audio Flux\build\BeamAudioFlux.vcxproj]
  (compilando archivo de origen "../src/engine/session/beam_host.cpp")
  
C:\Users\Alexi\Documents\Beam Audio Flux\src\interface\widgets\knob.hpp(146,12): error C2039: "KnobStyle": no es un miembro de "Beam::Theme" [C:\Users\Alexi\Documents\Beam Audio Flux\build\BeamAudioFlux.vcxproj]
  (compilando archivo de origen "../src/engine/session/beam_host.cpp")
      C:\Users\Alexi\Documents\Beam Audio Flux\src\interface\core\theme.hpp(31,7):
      vea la declaración de 'Beam::Theme'
  
C:\Users\Alexi\Documents\Beam Audio Flux\src\interface\widgets\knob.hpp(146,22): error C3646: 'm_style': especificador de invalidación desconocido [C:\Users\Alexi\Documents\Beam Audio Flux\build\BeamAudioFlux.vcxproj]
  (compilando archivo de origen "../src/engine/session/beam_host.cpp")
  
C:\Users\Alexi\Documents\Beam Audio Flux\src\interface\widgets\knob.hpp(146,30): error C2059: error de sintaxis: '=' [C:\Users\Alexi\Documents\Beam Audio Flux\build\BeamAudioFlux.vcxproj]
  (compilando archivo de origen "../src/engine/session/beam_host.cpp")
  
C:\Users\Alexi\Documents\Beam Audio Flux\src\interface\widgets\knob.hpp(146,39): error C3083: 'KnobStyle': el símbolo situado a la izquierda de '::' debe ser un tipo [C:\Users\Alexi\Documents\Beam Audio Flux\build\BeamAudioFlux.vcxproj]
  (compilando archivo de origen "../src/engine/session/beam_host.cpp")
  
C:\Users\Alexi\Documents\Beam Audio Flux\src\interface\widgets\knob.hpp(146,50): error C2039: "ClassicBakelite": no es un miembro de "Beam::Theme" [C:\Users\Alexi\Documents\Beam Audio Flux\build\BeamAudioFlux.vcxproj]
  (compilando archivo de origen "../src/engine/session/beam_host.cpp")
      C:\Users\Alexi\Documents\Beam Audio Flux\src\interface\core\theme.hpp(31,7):
      vea la declaración de 'Beam::Theme'
  
C:\Users\Alexi\Documents\Beam Audio Flux\src\interface\widgets\knob.hpp(146,65): error C2238: símbolos (token) inesperados delante de ';' [C:\Users\Alexi\Documents\Beam Audio Flux\build\BeamAudioFlux.vcxproj]
  (compilando archivo de origen "../src/engine/session/beam_host.cpp")
  
C:\Users\Alexi\Documents\Beam Audio Flux\src\interface\widgets\knob.hpp(131,45): error C2065: 'm_style': identificador no declarado [C:\Users\Alexi\Documents\Beam Audio Flux\build\BeamAudioFlux.vcxproj]
  (compilando archivo de origen "../src/engine/session/beam_host.cpp")
  
C:\Users\Alexi\Documents\Beam Audio Flux\src\interface\widgets\knob.hpp(131,55): error C2065: 'style': identificador no declarado [C:\Users\Alexi\Documents\Beam Audio Flux\build\BeamAudioFlux.vcxproj]
  (compilando archivo de origen "../src/engine/session/beam_host.cpp")
  
C:\Users\Alexi\Documents\Beam Audio Flux\src\interface\widgets\combo_box.hpp(26,76): error C2039: "Bakelite": no es un miembro de "Beam::Theme" [C:\Users\Alexi\Documents\Beam Audio Flux\build\BeamAudioFlux.vcxproj]
  (compilando archivo de origen "../src/engine/session/beam_host.cpp")
      C:\Users\Alexi\Documents\Beam Audio Flux\src\interface\core\theme.hpp(31,7):
      vea la declaración de 'Beam::Theme'
  
C:\Users\Alexi\Documents\Beam Audio Flux\src\interface\widgets\combo_box.hpp(26,76): error C2065: 'Bakelite': identificador no declarado [C:\Users\Alexi\Documents\Beam Audio Flux\build\BeamAudioFlux.vcxproj]
  (compilando archivo de origen "../src/engine/session/beam_host.cpp")
  
C:\Users\Alexi\Documents\Beam Audio Flux\src\interface\widgets\combo_box.hpp(26,95): error C2039: "Bakelite": no es un miembro de "Beam::Theme" [C:\Users\Alexi\Documents\Beam Audio Flux\build\BeamAudioFlux.vcxproj]
  (compilando archivo de origen "../src/engine/session/beam_host.cpp")
      C:\Users\Alexi\Documents\Beam Audio Flux\src\interface\core\theme.hpp(31,7):
      vea la declaración de 'Beam::Theme'
  
C:\Users\Alexi\Documents\Beam Audio Flux\src\interface\widgets\combo_box.hpp(26,95): error C2065: 'Bakelite': identificador no declarado [C:\Users\Alexi\Documents\Beam Audio Flux\build\BeamAudioFlux.vcxproj]
  (compilando archivo de origen "../src/engine/session/beam_host.cpp")
  
C:\Users\Alexi\Documents\Beam Audio Flux\src\interface\widgets\combo_box.hpp(26,114): error C2039: "Bakelite": no es un miembro de "Beam::Theme" [C:\Users\Alexi\Documents\Beam Audio Flux\build\BeamAudioFlux.vcxproj]
  (compilando archivo de origen "../src/engine/session/beam_host.cpp")
      C:\Users\Alexi\Documents\Beam Audio Flux\src\interface\core\theme.hpp(31,7):
      vea la declaración de 'Beam::Theme'
  
C:\Users\Alexi\Documents\Beam Audio Flux\src\interface\widgets\combo_box.hpp(26,114): error C2065: 'Bakelite': identificador no declarado [C:\Users\Alexi\Documents\Beam Audio Flux\build\BeamAudioFlux.vcxproj]
  (compilando archivo de origen "../src/engine/session/beam_host.cpp")
  
C:\Users\Alexi\Documents\Beam Audio Flux\src\interface\widgets\combo_box.hpp(26,11): error C2660: 'Beam::QuadBatcher::drawBeveledRect': la función no acepta 7 argumentos [C:\Users\Alexi\Documents\Beam Audio Flux\build\BeamAudioFlux.vcxproj]
  (compilando archivo de origen "../src/engine/session/beam_host.cpp")
      C:\Users\Alexi\Documents\Beam Audio Flux\src\interface\render\quad_batcher.hpp(57,10):
      vea la declaración de 'Beam::QuadBatcher::drawBeveledRect'
      C:\Users\Alexi\Documents\Beam Audio Flux\src\interface\widgets\combo_box.hpp(26,11):
      al hacer coincidir la lista de argumentos '(int, int, float, float, float, float, float)'
  
C:\Users\Alexi\Documents\Beam Audio Flux\src\interface\widgets\combo_box.hpp(27,76): error C2039: "Emerald": no es un miembro de "Beam::Theme" [C:\Users\Alexi\Documents\Beam Audio Flux\build\BeamAudioFlux.vcxproj]
  (compilando archivo de origen "../src/engine/session/beam_host.cpp")
      C:\Users\Alexi\Documents\Beam Audio Flux\src\interface\core\theme.hpp(31,7):
      vea la declaración de 'Beam::Theme'
  
C:\Users\Alexi\Documents\Beam Audio Flux\src\interface\widgets\combo_box.hpp(27,76): error C2065: 'Emerald': identificador no declarado [C:\Users\Alexi\Documents\Beam Audio Flux\build\BeamAudioFlux.vcxproj]
  (compilando archivo de origen "../src/engine/session/beam_host.cpp")
  
C:\Users\Alexi\Documents\Beam Audio Flux\src\interface\widgets\combo_box.hpp(27,94): error C2039: "Emerald": no es un miembro de "Beam::Theme" [C:\Users\Alexi\Documents\Beam Audio Flux\build\BeamAudioFlux.vcxproj]
  (compilando archivo de origen "../src/engine/session/beam_host.cpp")
      C:\Users\Alexi\Documents\Beam Audio Flux\src\interface\core\theme.hpp(31,7):
      vea la declaración de 'Beam::Theme'
  
C:\Users\Alexi\Documents\Beam Audio Flux\src\interface\widgets\combo_box.hpp(27,94): error C2065: 'Emerald': identificador no declarado [C:\Users\Alexi\Documents\Beam Audio Flux\build\BeamAudioFlux.vcxproj]
  (compilando archivo de origen "../src/engine/session/beam_host.cpp")
  
C:\Users\Alexi\Documents\Beam Audio Flux\src\interface\widgets\combo_box.hpp(27,112): error C2039: "Emerald": no es un miembro de "Beam::Theme" [C:\Users\Alexi\Documents\Beam Audio Flux\build\BeamAudioFlux.vcxproj]
  (compilando archivo de origen "../src/engine/session/beam_host.cpp")
      C:\Users\Alexi\Documents\Beam Audio Flux\src\interface\core\theme.hpp(31,7):
      vea la declaración de 'Beam::Theme'
  
C:\Users\Alexi\Documents\Beam Audio Flux\src\interface\widgets\combo_box.hpp(27,112): error C2065: 'Emerald': identificador no declarado [C:\Users\Alexi\Documents\Beam Audio Flux\build\BeamAudioFlux.vcxproj]
  (compilando archivo de origen "../src/engine/session/beam_host.cpp")
  
C:\Users\Alexi\Documents\Beam Audio Flux\src\interface\widgets\combo_box.hpp(27,11): error C2660: 'Beam::QuadBatcher::drawRoundedRect': la función no acepta 7 argumentos [C:\Users\Alexi\Documents\Beam Audio Flux\build\BeamAudioFlux.vcxproj]
  (compilando archivo de origen "../src/engine/session/beam_host.cpp")
      C:\Users\Alexi\Documents\Beam Audio Flux\src\interface\render\quad_batcher.hpp(45,10):
      vea la declaración de 'Beam::QuadBatcher::drawRoundedRect'
      C:\Users\Alexi\Documents\Beam Audio Flux\src\interface\widgets\combo_box.hpp(27,11):
      al hacer coincidir la lista de argumentos '(int, int, float, float, float, float, float)'
  
C:\Users\Alexi\Documents\Beam Audio Flux\src\interface\widgets\combo_box.hpp(33,64): error C2039: "Emerald": no es un miembro de "Beam::Theme" [C:\Users\Alexi\Documents\Beam Audio Flux\build\BeamAudioFlux.vcxproj]
  (compilando archivo de origen "../src/engine/session/beam_host.cpp")
      C:\Users\Alexi\Documents\Beam Audio Flux\src\interface\core\theme.hpp(31,7):
      vea la declaración de 'Beam::Theme'
  
C:\Users\Alexi\Documents\Beam Audio Flux\src\interface\widgets\combo_box.hpp(33,64): error C2065: 'Emerald': identificador no declarado [C:\Users\Alexi\Documents\Beam Audio Flux\build\BeamAudioFlux.vcxproj]
  (compilando archivo de origen "../src/engine/session/beam_host.cpp")
  
C:\Users\Alexi\Documents\Beam Audio Flux\src\interface\widgets\combo_box.hpp(33,82): error C2039: "Emerald": no es un miembro de "Beam::Theme" [C:\Users\Alexi\Documents\Beam Audio Flux\build\BeamAudioFlux.vcxproj]
  (compilando archivo de origen "../src/engine/session/beam_host.cpp")
      C:\Users\Alexi\Documents\Beam Audio Flux\src\interface\core\theme.hpp(31,7):
      vea la declaración de 'Beam::Theme'
  
C:\Users\Alexi\Documents\Beam Audio Flux\src\interface\widgets\combo_box.hpp(33,82): error C2065: 'Emerald': identificador no declarado [C:\Users\Alexi\Documents\Beam Audio Flux\build\BeamAudioFlux.vcxproj]
  (compilando archivo de origen "../src/engine/session/beam_host.cpp")
  
C:\Users\Alexi\Documents\Beam Audio Flux\src\interface\widgets\combo_box.hpp(33,100): error C2039: "Emerald": no es un miembro de "Beam::Theme" [C:\Users\Alexi\Documents\Beam Audio Flux\build\BeamAudioFlux.vcxproj]
  (compilando archivo de origen "../src/engine/session/beam_host.cpp")
      C:\Users\Alexi\Documents\Beam Audio Flux\src\interface\core\theme.hpp(31,7):
      vea la declaración de 'Beam::Theme'
  
C:\Users\Alexi\Documents\Beam Audio Flux\src\interface\widgets\combo_box.hpp(33,100): error C2065: 'Emerald': identificador no declarado [C:\Users\Alexi\Documents\Beam Audio Flux\build\BeamAudioFlux.vcxproj]
  (compilando archivo de origen "../src/engine/session/beam_host.cpp")
  
C:\Users\Alexi\Documents\Beam Audio Flux\src\interface\widgets\combo_box.hpp(33,19): error C2660: 'Beam::QuadBatcher::drawQuad': la función no acepta 5 argumentos [C:\Users\Alexi\Documents\Beam Audio Flux\build\BeamAudioFlux.vcxproj]
  (compilando archivo de origen "../src/engine/session/beam_host.cpp")
      C:\Users\Alexi\Documents\Beam Audio Flux\src\interface\render\quad_batcher.hpp(33,10):
      vea la declaración de 'Beam::QuadBatcher::drawQuad'
      C:\Users\Alexi\Documents\Beam Audio Flux\src\interface\widgets\combo_box.hpp(33,19):
      al hacer coincidir la lista de argumentos '(int, float, float, float, float)'
  
C:\Users\Alexi\Documents\Beam Audio Flux\src\interface\editors\generic_node_editor.hpp(188,31): error C2039: "Bakelite": no es un miembro de "Beam::Theme" [C:\Users\Alexi\Documents\Beam Audio Flux\build\BeamAudioFlux.vcxproj]
  (compilando archivo de origen "../src/engine/session/beam_host.cpp")
      C:\Users\Alexi\Documents\Beam Audio Flux\src\interface\core\theme.hpp(31,7):
      vea la declaración de 'Beam::Theme'
  
C:\Users\Alexi\Documents\Beam Audio Flux\src\interface\editors\generic_node_editor.hpp(188,31): error C2065: 'Bakelite': identificador no declarado [C:\Users\Alexi\Documents\Beam Audio Flux\build\BeamAudioFlux.vcxproj]
  (compilando archivo de origen "../src/engine/session/beam_host.cpp")
  
C:\Users\Alexi\Documents\Beam Audio Flux\src\interface\modules\audio_module.hpp(235,24): error C2248: 'Beam::VSTExternalEditor::closeWindow': no se puede obtener acceso al miembro private miembro declarado en la clase 'Beam::VSTExternalEditor' [C:\Users\Alexi\Documents\Beam Audio Flux\build\BeamAudioFlux.vcxproj]
  (compilando archivo de origen "../src/engine/session/beam_host.cpp")
      C:\Users\Alexi\Documents\Beam Audio Flux\src\interface\editors\vst_external_editor.hpp(47,10):
      vea la declaración de 'Beam::VSTExternalEditor::closeWindow'
      C:\Users\Alexi\Documents\Beam Audio Flux\src\interface\editors\vst_external_editor.hpp(23,7):
      vea la declaración de 'Beam::VSTExternalEditor'
  
C:\Users\Alexi\Documents\Beam Audio Flux\src\interface\analog\analog_ui_templates.hpp(18,12): error C2039: "MaterialType": no es un miembro de "Beam::Theme" [C:\Users\Alexi\Documents\Beam Audio Flux\build\BeamAudioFlux.vcxproj]
  (compilando archivo de origen "../src/engine/session/beam_host.cpp")
      C:\Users\Alexi\Documents\Beam Audio Flux\src\interface\core\theme.hpp(31,7):
      vea la declaración de 'Beam::Theme'
  
C:\Users\Alexi\Documents\Beam Audio Flux\src\interface\analog\analog_ui_templates.hpp(18,25): error C3646: 'material': especificador de invalidación desconocido [C:\Users\Alexi\Documents\Beam Audio Flux\build\BeamAudioFlux.vcxproj]
  (compilando archivo de origen "../src/engine/session/beam_host.cpp")
  
C:\Users\Alexi\Documents\Beam Audio Flux\src\interface\analog\analog_ui_templates.hpp(18,34): error C2059: error de sintaxis: '=' [C:\Users\Alexi\Documents\Beam Audio Flux\build\BeamAudioFlux.vcxproj]
  (compilando archivo de origen "../src/engine/session/beam_host.cpp")
  
C:\Users\Alexi\Documents\Beam Audio Flux\src\interface\analog\analog_ui_templates.hpp(18,43): error C3083: 'MaterialType': el símbolo situado a la izquierda de '::' debe ser un tipo [C:\Users\Alexi\Documents\Beam Audio Flux\build\BeamAudioFlux.vcxproj]
  (compilando archivo de origen "../src/engine/session/beam_host.cpp")
  
C:\Users\Alexi\Documents\Beam Audio Flux\src\interface\analog\analog_ui_templates.hpp(18,57): error C2039: "Standard": no es un miembro de "Beam::Theme" [C:\Users\Alexi\Documents\Beam Audio Flux\build\BeamAudioFlux.vcxproj]
  (compilando archivo de origen "../src/engine/session/beam_host.cpp")
      C:\Users\Alexi\Documents\Beam Audio Flux\src\interface\core\theme.hpp(31,7):
      vea la declaración de 'Beam::Theme'
  
C:\Users\Alexi\Documents\Beam Audio Flux\src\interface\analog\analog_ui_templates.hpp(18,65): error C2238: símbolos (token) inesperados delante de ';' [C:\Users\Alexi\Documents\Beam Audio Flux\build\BeamAudioFlux.vcxproj]
  (compilando archivo de origen "../src/engine/session/beam_host.cpp")
  
C:\Users\Alexi\Documents\Beam Audio Flux\src\interface\analog\analog_ui_templates.hpp(19,12): error C2039: "KnobStyle": no es un miembro de "Beam::Theme" [C:\Users\Alexi\Documents\Beam Audio Flux\build\BeamAudioFlux.vcxproj]
  (compilando archivo de origen "../src/engine/session/beam_host.cpp")
      C:\Users\Alexi\Documents\Beam Audio Flux\src\interface\core\theme.hpp(31,7):
      vea la declaración de 'Beam::Theme'
  
C:\Users\Alexi\Documents\Beam Audio Flux\src\interface\analog\analog_ui_templates.hpp(19,22): error C3646: 'knobStyle': especificador de invalidación desconocido [C:\Users\Alexi\Documents\Beam Audio Flux\build\BeamAudioFlux.vcxproj]
  (compilando archivo de origen "../src/engine/session/beam_host.cpp")
  
C:\Users\Alexi\Documents\Beam Audio Flux\src\interface\analog\analog_ui_templates.hpp(19,32): error C2059: error de sintaxis: '=' [C:\Users\Alexi\Documents\Beam Audio Flux\build\BeamAudioFlux.vcxproj]
  (compilando archivo de origen "../src/engine/session/beam_host.cpp")
  
C:\Users\Alexi\Documents\Beam Audio Flux\src\interface\analog\analog_ui_templates.hpp(19,41): error C3083: 'KnobStyle': el símbolo situado a la izquierda de '::' debe ser un tipo [C:\Users\Alexi\Documents\Beam Audio Flux\build\BeamAudioFlux.vcxproj]
  (compilando archivo de origen "../src/engine/session/beam_host.cpp")
  
C:\Users\Alexi\Documents\Beam Audio Flux\src\interface\analog\analog_ui_templates.hpp(19,52): error C2039: "ClassicBakelite": no es un miembro de "Beam::Theme" [C:\Users\Alexi\Documents\Beam Audio Flux\build\BeamAudioFlux.vcxproj]
  (compilando archivo de origen "../src/engine/session/beam_host.cpp")
      C:\Users\Alexi\Documents\Beam Audio Flux\src\interface\core\theme.hpp(31,7):
      vea la declaración de 'Beam::Theme'
  
C:\Users\Alexi\Documents\Beam Audio Flux\src\interface\analog\analog_ui_templates.hpp(19,67): error C2238: símbolos (token) inesperados delante de ';' [C:\Users\Alexi\Documents\Beam Audio Flux\build\BeamAudioFlux.vcxproj]
  (compilando archivo de origen "../src/engine/session/beam_host.cpp")
  
C:\Users\Alexi\Documents\Beam Audio Flux\src\interface\analog\analog_ui_templates.hpp(63,36): error C2039: "knobStyle": no es un miembro de "Beam::RackStyle" [C:\Users\Alexi\Documents\Beam Audio Flux\build\BeamAudioFlux.vcxproj]
  (compilando archivo de origen "../src/engine/session/beam_host.cpp")
      C:\Users\Alexi\Documents\Beam Audio Flux\src\interface\analog\analog_ui_templates.hpp(15,8):
      vea la declaración de 'Beam::RackStyle'
  
C:\Users\Alexi\Documents\Beam Audio Flux\src\interface\analog\analog_ui_templates.hpp(63,19): error C2660: 'Beam::Knob::setStyle': la función no acepta 1 argumentos [C:\Users\Alexi\Documents\Beam Audio Flux\build\BeamAudioFlux.vcxproj]
  (compilando archivo de origen "../src/engine/session/beam_host.cpp")
      C:\Users\Alexi\Documents\Beam Audio Flux\src\interface\widgets\knob.hpp(131,10):
      vea la declaración de 'Beam::Knob::setStyle'
      C:\Users\Alexi\Documents\Beam Audio Flux\src\interface\analog\analog_ui_templates.hpp(63,19):
      al hacer coincidir la lista de argumentos '()'
  
C:\Users\Alexi\Documents\Beam Audio Flux\src\interface\analog\analog_ui_templates.hpp(110,35): error C2039: "darker": no es un miembro de "Beam::Color" [C:\Users\Alexi\Documents\Beam Audio Flux\build\BeamAudioFlux.vcxproj]
  (compilando archivo de origen "../src/engine/session/beam_host.cpp")
      C:\Users\Alexi\Documents\Beam Audio Flux\src\interface\core\theme.hpp(12,8):
      vea la declaración de 'Beam::Color'
  
C:\Users\Alexi\Documents\Beam Audio Flux\src\interface\analog\analog_ui_templates.hpp(110,54): error C2039: "darker": no es un miembro de "Beam::Color" [C:\Users\Alexi\Documents\Beam Audio Flux\build\BeamAudioFlux.vcxproj]
  (compilando archivo de origen "../src/engine/session/beam_host.cpp")
      C:\Users\Alexi\Documents\Beam Audio Flux\src\interface\core\theme.hpp(12,8):
      vea la declaración de 'Beam::Color'
  
C:\Users\Alexi\Documents\Beam Audio Flux\src\interface\analog\analog_ui_templates.hpp(110,73): error C2039: "darker": no es un miembro de "Beam::Color" [C:\Users\Alexi\Documents\Beam Audio Flux\build\BeamAudioFlux.vcxproj]
  (compilando archivo de origen "../src/engine/session/beam_host.cpp")
      C:\Users\Alexi\Documents\Beam Audio Flux\src\interface\core\theme.hpp(12,8):
      vea la declaración de 'Beam::Color'
  
C:\Users\Alexi\Documents\Beam Audio Flux\src\interface\analog\analog_ui_templates.hpp(109,17): error C2660: 'Beam::QuadBatcher::drawRoundedRect': la función no acepta 7 argumentos [C:\Users\Alexi\Documents\Beam Audio Flux\build\BeamAudioFlux.vcxproj]
  (compilando archivo de origen "../src/engine/session/beam_host.cpp")
      C:\Users\Alexi\Documents\Beam Audio Flux\src\interface\render\quad_batcher.hpp(45,10):
      vea la declaración de 'Beam::QuadBatcher::drawRoundedRect'
      C:\Users\Alexi\Documents\Beam Audio Flux\src\interface\analog\analog_ui_templates.hpp(109,17):
      al hacer coincidir la lista de argumentos '(float, const float, float, float, float, float, float)'
  
C:\Users\Alexi\Documents\Beam Audio Flux\src\interface\analog\analog_ui_templates.hpp(124,59): error C2039: "darker": no es un miembro de "Beam::Color" [C:\Users\Alexi\Documents\Beam Audio Flux\build\BeamAudioFlux.vcxproj]
  (compilando archivo de origen "../src/engine/session/beam_host.cpp")
      C:\Users\Alexi\Documents\Beam Audio Flux\src\interface\core\theme.hpp(12,8):
      vea la declaración de 'Beam::Color'
  
C:\Users\Alexi\Documents\Beam Audio Flux\src\interface\analog\analog_ui_templates.hpp(124,78): error C2039: "darker": no es un miembro de "Beam::Color" [C:\Users\Alexi\Documents\Beam Audio Flux\build\BeamAudioFlux.vcxproj]
  (compilando archivo de origen "../src/engine/session/beam_host.cpp")
      C:\Users\Alexi\Documents\Beam Audio Flux\src\interface\core\theme.hpp(12,8):
      vea la declaración de 'Beam::Color'
  
C:\Users\Alexi\Documents\Beam Audio Flux\src\interface\analog\analog_ui_templates.hpp(124,97): error C2039: "darker": no es un miembro de "Beam::Color" [C:\Users\Alexi\Documents\Beam Audio Flux\build\BeamAudioFlux.vcxproj]
  (compilando archivo de origen "../src/engine/session/beam_host.cpp")
      C:\Users\Alexi\Documents\Beam Audio Flux\src\interface\core\theme.hpp(12,8):
      vea la declaración de 'Beam::Color'
  
C:\Users\Alexi\Documents\Beam Audio Flux\src\interface\analog\analog_ui_templates.hpp(124,17): error C2660: 'Beam::QuadBatcher::drawText': la función no acepta 5 argumentos [C:\Users\Alexi\Documents\Beam Audio Flux\build\BeamAudioFlux.vcxproj]
  (compilando archivo de origen "../src/engine/session/beam_host.cpp")
      C:\Users\Alexi\Documents\Beam Audio Flux\src\interface\render\quad_batcher.hpp(67,10):
      vea la declaración de 'Beam::QuadBatcher::drawText'
      C:\Users\Alexi\Documents\Beam Audio Flux\src\interface\analog\analog_ui_templates.hpp(124,17):
      al hacer coincidir la lista de argumentos '(std::string, int, int, float, float)'
  
C:\Users\Alexi\Documents\Beam Audio Flux\src\interface\analog\analog_ui_templates.hpp(128,66): error C2039: "withAlpha": no es un miembro de "Beam::Color" [C:\Users\Alexi\Documents\Beam Audio Flux\build\BeamAudioFlux.vcxproj]
  (compilando archivo de origen "../src/engine/session/beam_host.cpp")
      C:\Users\Alexi\Documents\Beam Audio Flux\src\interface\core\theme.hpp(12,8):
      vea la declaración de 'Beam::Color'
  
C:\Users\Alexi\Documents\Beam Audio Flux\src\interface\analog\analog_ui_templates.hpp(128,88): error C2039: "withAlpha": no es un miembro de "Beam::Color" [C:\Users\Alexi\Documents\Beam Audio Flux\build\BeamAudioFlux.vcxproj]
  (compilando archivo de origen "../src/engine/session/beam_host.cpp")
      C:\Users\Alexi\Documents\Beam Audio Flux\src\interface\core\theme.hpp(12,8):
      vea la declaración de 'Beam::Color'
  
C:\Users\Alexi\Documents\Beam Audio Flux\src\interface\analog\analog_ui_templates.hpp(128,110): error C2039: "withAlpha": no es un miembro de "Beam::Color" [C:\Users\Alexi\Documents\Beam Audio Flux\build\BeamAudioFlux.vcxproj]
  (compilando archivo de origen "../src/engine/session/beam_host.cpp")
      C:\Users\Alexi\Documents\Beam Audio Flux\src\interface\core\theme.hpp(12,8):
      vea la declaración de 'Beam::Color'
  
C:\Users\Alexi\Documents\Beam Audio Flux\src\interface\analog\analog_ui_templates.hpp(128,21): error C2660: 'Beam::QuadBatcher::drawText': la función no acepta 5 argumentos [C:\Users\Alexi\Documents\Beam Audio Flux\build\BeamAudioFlux.vcxproj]
  (compilando archivo de origen "../src/engine/session/beam_host.cpp")
      C:\Users\Alexi\Documents\Beam Audio Flux\src\interface\render\quad_batcher.hpp(67,10):
      vea la declaración de 'Beam::QuadBatcher::drawText'
      C:\Users\Alexi\Documents\Beam Audio Flux\src\interface\analog\analog_ui_templates.hpp(128,21):
      al hacer coincidir la lista de argumentos '(std::string, int, int, float, float)'
  
C:\Users\Alexi\Documents\Beam Audio Flux\src\interface\analog\analog_ui_templates.hpp(162,52): error C2039: "LEDGreen": no es un miembro de "Beam::Theme" [C:\Users\Alexi\Documents\Beam Audio Flux\build\BeamAudioFlux.vcxproj]
  (compilando archivo de origen "../src/engine/session/beam_host.cpp")
      C:\Users\Alexi\Documents\Beam Audio Flux\src\interface\core\theme.hpp(31,7):
      vea la declaración de 'Beam::Theme'
  
C:\Users\Alexi\Documents\Beam Audio Flux\src\interface\analog\analog_ui_templates.hpp(162,52): error C2065: 'LEDGreen': identificador no declarado [C:\Users\Alexi\Documents\Beam Audio Flux\build\BeamAudioFlux.vcxproj]
  (compilando archivo de origen "../src/engine/session/beam_host.cpp")
  
C:\Users\Alexi\Documents\Beam Audio Flux\src\interface\analog\analog_ui_templates.hpp(162,87): error C2039: "LEDYellow": no es un miembro de "Beam::Theme" [C:\Users\Alexi\Documents\Beam Audio Flux\build\BeamAudioFlux.vcxproj]
  (compilando archivo de origen "../src/engine/session/beam_host.cpp")
      C:\Users\Alexi\Documents\Beam Audio Flux\src\interface\core\theme.hpp(31,7):
      vea la declaración de 'Beam::Theme'
  
C:\Users\Alexi\Documents\Beam Audio Flux\src\interface\analog\analog_ui_templates.hpp(162,87): error C2065: 'LEDYellow': identificador no declarado [C:\Users\Alexi\Documents\Beam Audio Flux\build\BeamAudioFlux.vcxproj]
  (compilando archivo de origen "../src/engine/session/beam_host.cpp")
  
C:\Users\Alexi\Documents\Beam Audio Flux\src\interface\analog\analog_ui_templates.hpp(162,106): error C2039: "LEDRed": no es un miembro de "Beam::Theme" [C:\Users\Alexi\Documents\Beam Audio Flux\build\BeamAudioFlux.vcxproj]
  (compilando archivo de origen "../src/engine/session/beam_host.cpp")
      C:\Users\Alexi\Documents\Beam Audio Flux\src\interface\core\theme.hpp(31,7):
      vea la declaración de 'Beam::Theme'
  
C:\Users\Alexi\Documents\Beam Audio Flux\src\interface\analog\analog_ui_templates.hpp(162,106): error C2065: 'LEDRed': identificador no declarado [C:\Users\Alexi\Documents\Beam Audio Flux\build\BeamAudioFlux.vcxproj]
  (compilando archivo de origen "../src/engine/session/beam_host.cpp")
  
C:\Users\Alexi\Documents\Beam Audio Flux\src\interface\analog\analog_ui_templates.hpp(165,54): error C2039: "LEDGreen": no es un miembro de "Beam::Theme" [C:\Users\Alexi\Documents\Beam Audio Flux\build\BeamAudioFlux.vcxproj]
  (compilando archivo de origen "../src/engine/session/beam_host.cpp")
      C:\Users\Alexi\Documents\Beam Audio Flux\src\interface\core\theme.hpp(31,7):
      vea la declaración de 'Beam::Theme'
  
C:\Users\Alexi\Documents\Beam Audio Flux\src\interface\analog\analog_ui_templates.hpp(165,54): error C2065: 'LEDGreen': identificador no declarado [C:\Users\Alexi\Documents\Beam Audio Flux\build\BeamAudioFlux.vcxproj]
  (compilando archivo de origen "../src/engine/session/beam_host.cpp")
  
C:\Users\Alexi\Documents\Beam Audio Flux\src\interface\analog\analog_ui_templates.hpp(165,91): error C2039: "LEDYellow": no es un miembro de "Beam::Theme" [C:\Users\Alexi\Documents\Beam Audio Flux\build\BeamAudioFlux.vcxproj]
  (compilando archivo de origen "../src/engine/session/beam_host.cpp")
      C:\Users\Alexi\Documents\Beam Audio Flux\src\interface\core\theme.hpp(31,7):
      vea la declaración de 'Beam::Theme'
  
C:\Users\Alexi\Documents\Beam Audio Flux\src\interface\analog\analog_ui_templates.hpp(165,91): error C2065: 'LEDYellow': identificador no declarado [C:\Users\Alexi\Documents\Beam Audio Flux\build\BeamAudioFlux.vcxproj]
  (compilando archivo de origen "../src/engine/session/beam_host.cpp")
  
C:\Users\Alexi\Documents\Beam Audio Flux\src\interface\analog\analog_ui_templates.hpp(165,110): error C2039: "LEDRed": no es un miembro de "Beam::Theme" [C:\Users\Alexi\Documents\Beam Audio Flux\build\BeamAudioFlux.vcxproj]
  (compilando archivo de origen "../src/engine/session/beam_host.cpp")
      C:\Users\Alexi\Documents\Beam Audio Flux\src\interface\core\theme.hpp(31,7):
      vea la declaración de 'Beam::Theme'
  
C:\Users\Alexi\Documents\Beam Audio Flux\src\interface\analog\analog_ui_templates.hpp(165,110): error C2065: 'LEDRed': identificador no declarado [C:\Users\Alexi\Documents\Beam Audio Flux\build\BeamAudioFlux.vcxproj]
  (compilando archivo de origen "../src/engine/session/beam_host.cpp")
  
C:\Users\Alexi\Documents\Beam Audio Flux\src\interface\analog\analog_ui_templates.hpp(205,77): error C3083: 'MaterialType': el símbolo situado a la izquierda de '::' debe ser un tipo [C:\Users\Alexi\Documents\Beam Audio Flux\build\BeamAudioFlux.vcxproj]
  (compilando archivo de origen "../src/engine/session/beam_host.cpp")
  
C:\Users\Alexi\Documents\Beam Audio Flux\src\interface\analog\analog_ui_templates.hpp(205,91): error C2039: "WrinklePaint": no es un miembro de "Beam::Theme" [C:\Users\Alexi\Documents\Beam Audio Flux\build\BeamAudioFlux.vcxproj]
  (compilando archivo de origen "../src/engine/session/beam_host.cpp")
      C:\Users\Alexi\Documents\Beam Audio Flux\src\interface\core\theme.hpp(31,7):
      vea la declaración de 'Beam::Theme'
  
C:\Users\Alexi\Documents\Beam Audio Flux\src\interface\analog\analog_ui_templates.hpp(205,91): error C2065: 'WrinklePaint': identificador no declarado [C:\Users\Alexi\Documents\Beam Audio Flux\build\BeamAudioFlux.vcxproj]
  (compilando archivo de origen "../src/engine/session/beam_host.cpp")
  
C:\Users\Alexi\Documents\Beam Audio Flux\src\interface\analog\analog_ui_templates.hpp(205,112): error C3083: 'KnobStyle': el símbolo situado a la izquierda de '::' debe ser un tipo [C:\Users\Alexi\Documents\Beam Audio Flux\build\BeamAudioFlux.vcxproj]
  (compilando archivo de origen "../src/engine/session/beam_host.cpp")
  
C:\Users\Alexi\Documents\Beam Audio Flux\src\interface\analog\analog_ui_templates.hpp(205,123): error C2039: "ClassicBakelite": no es un miembro de "Beam::Theme" [C:\Users\Alexi\Documents\Beam Audio Flux\build\BeamAudioFlux.vcxproj]
  (compilando archivo de origen "../src/engine/session/beam_host.cpp")
      C:\Users\Alexi\Documents\Beam Audio Flux\src\interface\core\theme.hpp(31,7):
      vea la declaración de 'Beam::Theme'
  
C:\Users\Alexi\Documents\Beam Audio Flux\src\interface\analog\analog_ui_templates.hpp(205,123): error C2065: 'ClassicBakelite': identificador no declarado [C:\Users\Alexi\Documents\Beam Audio Flux\build\BeamAudioFlux.vcxproj]
  (compilando archivo de origen "../src/engine/session/beam_host.cpp")
  
C:\Users\Alexi\Documents\Beam Audio Flux\src\interface\analog\analog_ui_templates.hpp(205,16): error C2440: 'return': no se puede realizar la conversión de 'initializer list' a 'Beam::RackStyle' [C:\Users\Alexi\Documents\Beam Audio Flux\build\BeamAudioFlux.vcxproj]
  (compilando archivo de origen "../src/engine/session/beam_host.cpp")
      C:\Users\Alexi\Documents\Beam Audio Flux\src\interface\analog\analog_ui_templates.hpp(205,9):
      Inicialización de agregados no válida
          C:\Users\Alexi\Documents\Beam Audio Flux\src\interface\analog\analog_ui_templates.hpp(205,153):
          'inicializando': no se puede realizar la conversión de 'bool' a 'std::string'
              C:\Users\Alexi\Documents\Beam Audio Flux\src\interface\analog\analog_ui_templates.hpp(205,153):
              'std::basic_string<char,std::char_traits<char>,std::allocator<char>>::basic_string':ninguna función sobrecargada pudo convertir todos los tipos de argumento
                  C:\Program Files\Microsoft Visual Studio\2022\Community\VC\Tools\MSVC\14.42.34433\include\xstring(749,5):
                  puede ser 'std::basic_string<char,std::char_traits<char>,std::allocator<char>>::basic_string(const _Elem *const )'
          with
          [
              _Elem=char
          ]
                      C:\Users\Alexi\Documents\Beam Audio Flux\src\interface\analog\analog_ui_templates.hpp(205,153):
                      'std::basic_string<char,std::char_traits<char>,std::allocator<char>>::basic_string(const _Elem *const )': el argumento 1 no puede convertirse de 'bool' a 'const _Elem *const '
          with
          [
              _Elem=char
          ]
                          C:\Users\Alexi\Documents\Beam Audio Flux\src\interface\analog\analog_ui_templates.hpp(205,153):
                          La conversión de un tipo entero a un tipo de puntero requiere reinterpret_cast, conversión de estilo de C o conversión de estilo de función entre paréntesis
                  C:\Program Files\Microsoft Visual Studio\2022\Community\VC\Tools\MSVC\14.42.34433\include\xstring(1327,5):
                  o       'std::basic_string<char,std::char_traits<char>,std::allocator<char>>::basic_string(std::initializer_list<_Elem>,const _Alloc &)'
          with
          [
              _Elem=char,
              _Alloc=std::allocator<char>
          ]
                      C:\Users\Alexi\Documents\Beam Audio Flux\src\interface\analog\analog_ui_templates.hpp(205,153):
                      'std::basic_string<char,std::char_traits<char>,std::allocator<char>>::basic_string(std::initializer_list<_Elem>,const _Alloc &)': el argumento 1 no puede convertirse de 'bool' a 'std::initializer_list<_Elem>'
          with
          [
              _Elem=char,
              _Alloc=std::allocator<char>
          ]
          and
          [
              _Elem=char
          ]
                          C:\Users\Alexi\Documents\Beam Audio Flux\src\interface\analog\analog_ui_templates.hpp(205,153):
                          La conversión requiere un segundo operador de conversión definido por el usuario o constructor
                  C:\Program Files\Microsoft Visual Studio\2022\Community\VC\Tools\MSVC\14.42.34433\include\xstring(1138,5):
                  o       'std::basic_string<char,std::char_traits<char>,std::allocator<char>>::basic_string(const _Ty &,const unsigned __int64,const unsigned __int64,const _Alloc &)'
          with
          [
              _Alloc=std::allocator<char>
          ]
                  C:\Program Files\Microsoft Visual Studio\2022\Community\VC\Tools\MSVC\14.42.34433\include\xstring(779,5):
                  o       'std::basic_string<char,std::char_traits<char>,std::allocator<char>>::basic_string(_Iter,_Iter,const _Alloc &)'
          with
          [
              _Alloc=std::allocator<char>
          ]
                  C:\Program Files\Microsoft Visual Studio\2022\Community\VC\Tools\MSVC\14.42.34433\include\xstring(773,5):
                  o       'std::basic_string<char,std::char_traits<char>,std::allocator<char>>::basic_string(const unsigned __int64,const _Elem,const _Alloc &)'
          with
          [
              _Elem=char,
              _Alloc=std::allocator<char>
          ]
                  C:\Program Files\Microsoft Visual Studio\2022\Community\VC\Tools\MSVC\14.42.34433\include\xstring(756,5):
                  o       'std::basic_string<char,std::char_traits<char>,std::allocator<char>>::basic_string(const _Elem *const ,const _Alloc &)'
          with
          [
              _Elem=char,
              _Alloc=std::allocator<char>
          ]
                  C:\Program Files\Microsoft Visual Studio\2022\Community\VC\Tools\MSVC\14.42.34433\include\xstring(743,5):
                  o       'std::basic_string<char,std::char_traits<char>,std::allocator<char>>::basic_string(const _Elem *const ,const unsigned __int64,const _Alloc &)'
          with
          [
              _Elem=char,
              _Alloc=std::allocator<char>
          ]
                  C:\Users\Alexi\Documents\Beam Audio Flux\src\interface\analog\analog_ui_templates.hpp(205,153):
                  al hacer coincidir la lista de argumentos '(bool)'
          C:\Users\Alexi\Documents\Beam Audio Flux\src\interface\analog\analog_ui_templates.hpp(205,160):
          'inicializando': no se puede realizar la conversión de 'bool' a 'std::string'
              C:\Users\Alexi\Documents\Beam Audio Flux\src\interface\analog\analog_ui_templates.hpp(205,160):
              'std::basic_string<char,std::char_traits<char>,std::allocator<char>>::basic_string':ninguna función sobrecargada pudo convertir todos los tipos de argumento
                  C:\Program Files\Microsoft Visual Studio\2022\Community\VC\Tools\MSVC\14.42.34433\include\xstring(749,5):
                  puede ser 'std::basic_string<char,std::char_traits<char>,std::allocator<char>>::basic_string(const _Elem *const )'
          with
          [
              _Elem=char
          ]
                      C:\Users\Alexi\Documents\Beam Audio Flux\src\interface\analog\analog_ui_templates.hpp(205,160):
                      'std::basic_string<char,std::char_traits<char>,std::allocator<char>>::basic_string(const _Elem *const )': el argumento 1 no puede convertirse de 'bool' a 'const _Elem *const '
          with
          [
              _Elem=char
          ]
                          C:\Users\Alexi\Documents\Beam Audio Flux\src\interface\analog\analog_ui_templates.hpp(205,160):
                          La conversión de un tipo entero a un tipo de puntero requiere reinterpret_cast, conversión de estilo de C o conversión de estilo de función entre paréntesis
                  C:\Program Files\Microsoft Visual Studio\2022\Community\VC\Tools\MSVC\14.42.34433\include\xstring(1327,5):
                  o       'std::basic_string<char,std::char_traits<char>,std::allocator<char>>::basic_string(std::initializer_list<_Elem>,const _Alloc &)'
          with
          [
              _Elem=char,
              _Alloc=std::allocator<char>
          ]
                      C:\Users\Alexi\Documents\Beam Audio Flux\src\interface\analog\analog_ui_templates.hpp(205,160):
                      'std::basic_string<char,std::char_traits<char>,std::allocator<char>>::basic_string(std::initializer_list<_Elem>,const _Alloc &)': el argumento 1 no puede convertirse de 'bool' a 'std::initializer_list<_Elem>'
          with
          [
              _Elem=char,
              _Alloc=std::allocator<char>
          ]
          and
          [
              _Elem=char
          ]
                          C:\Users\Alexi\Documents\Beam Audio Flux\src\interface\analog\analog_ui_templates.hpp(205,160):
                          La conversión requiere un segundo operador de conversión definido por el usuario o constructor
                  C:\Program Files\Microsoft Visual Studio\2022\Community\VC\Tools\MSVC\14.42.34433\include\xstring(1138,5):
                  o       'std::basic_string<char,std::char_traits<char>,std::allocator<char>>::basic_string(const _Ty &,const unsigned __int64,const unsigned __int64,const _Alloc &)'
          with
          [
              _Alloc=std::allocator<char>
          ]
                  C:\Program Files\Microsoft Visual Studio\2022\Community\VC\Tools\MSVC\14.42.34433\include\xstring(779,5):
                  o       'std::basic_string<char,std::char_traits<char>,std::allocator<char>>::basic_string(_Iter,_Iter,const _Alloc &)'
          with
          [
              _Alloc=std::allocator<char>
          ]
                  C:\Program Files\Microsoft Visual Studio\2022\Community\VC\Tools\MSVC\14.42.34433\include\xstring(773,5):
                  o       'std::basic_string<char,std::char_traits<char>,std::allocator<char>>::basic_string(const unsigned __int64,const _Elem,const _Alloc &)'
          with
          [
              _Elem=char,
              _Alloc=std::allocator<char>
          ]
                  C:\Program Files\Microsoft Visual Studio\2022\Community\VC\Tools\MSVC\14.42.34433\include\xstring(756,5):
                  o       'std::basic_string<char,std::char_traits<char>,std::allocator<char>>::basic_string(const _Elem *const ,const _Alloc &)'
          with
          [
              _Elem=char,
              _Alloc=std::allocator<char>
          ]
                  C:\Program Files\Microsoft Visual Studio\2022\Community\VC\Tools\MSVC\14.42.34433\include\xstring(743,5):
                  o       'std::basic_string<char,std::char_traits<char>,std::allocator<char>>::basic_string(const _Elem *const ,const unsigned __int64,const _Alloc &)'
          with
          [
              _Elem=char,
              _Alloc=std::allocator<char>
          ]
                  C:\Users\Alexi\Documents\Beam Audio Flux\src\interface\analog\analog_ui_templates.hpp(205,160):
                  al hacer coincidir la lista de argumentos '(bool)'
          C:\Users\Alexi\Documents\Beam Audio Flux\src\interface\analog\analog_ui_templates.hpp(205,167):
          hay demasiados inicializadores
  
C:\Users\Alexi\Documents\Beam Audio Flux\src\interface\analog\analog_ui_templates.hpp(208,77): error C3083: 'MaterialType': el símbolo situado a la izquierda de '::' debe ser un tipo [C:\Users\Alexi\Documents\Beam Audio Flux\build\BeamAudioFlux.vcxproj]
  (compilando archivo de origen "../src/engine/session/beam_host.cpp")
  
C:\Users\Alexi\Documents\Beam Audio Flux\src\interface\analog\analog_ui_templates.hpp(208,91): error C2039: "Standard": no es un miembro de "Beam::Theme" [C:\Users\Alexi\Documents\Beam Audio Flux\build\BeamAudioFlux.vcxproj]
  (compilando archivo de origen "../src/engine/session/beam_host.cpp")
      C:\Users\Alexi\Documents\Beam Audio Flux\src\interface\core\theme.hpp(31,7):
      vea la declaración de 'Beam::Theme'
  
C:\Users\Alexi\Documents\Beam Audio Flux\src\interface\analog\analog_ui_templates.hpp(208,91): error C2065: 'Standard': identificador no declarado [C:\Users\Alexi\Documents\Beam Audio Flux\build\BeamAudioFlux.vcxproj]
  (compilando archivo de origen "../src/engine/session/beam_host.cpp")
  
C:\Users\Alexi\Documents\Beam Audio Flux\src\interface\analog\analog_ui_templates.hpp(208,108): error C3083: 'KnobStyle': el símbolo situado a la izquierda de '::' debe ser un tipo [C:\Users\Alexi\Documents\Beam Audio Flux\build\BeamAudioFlux.vcxproj]
  (compilando archivo de origen "../src/engine/session/beam_host.cpp")
  
C:\Users\Alexi\Documents\Beam Audio Flux\src\interface\analog\analog_ui_templates.hpp(208,119): error C2039: "ModernColored": no es un miembro de "Beam::Theme" [C:\Users\Alexi\Documents\Beam Audio Flux\build\BeamAudioFlux.vcxproj]
  (compilando archivo de origen "../src/engine/session/beam_host.cpp")
      C:\Users\Alexi\Documents\Beam Audio Flux\src\interface\core\theme.hpp(31,7):
      vea la declaración de 'Beam::Theme'
  
C:\Users\Alexi\Documents\Beam Audio Flux\src\interface\analog\analog_ui_templates.hpp(208,119): error C2065: 'ModernColored': identificador no declarado [C:\Users\Alexi\Documents\Beam Audio Flux\build\BeamAudioFlux.vcxproj]
  (compilando archivo de origen "../src/engine/session/beam_host.cpp")
  
C:\Users\Alexi\Documents\Beam Audio Flux\src\interface\analog\analog_ui_templates.hpp(208,16): error C2440: 'return': no se puede realizar la conversión de 'initializer list' a 'Beam::RackStyle' [C:\Users\Alexi\Documents\Beam Audio Flux\build\BeamAudioFlux.vcxproj]
  (compilando archivo de origen "../src/engine/session/beam_host.cpp")
      C:\Users\Alexi\Documents\Beam Audio Flux\src\interface\analog\analog_ui_templates.hpp(208,9):
      Inicialización de agregados no válida
          C:\Users\Alexi\Documents\Beam Audio Flux\src\interface\analog\analog_ui_templates.hpp(208,147):
          'inicializando': no se puede realizar la conversión de 'bool' a 'std::string'
              C:\Users\Alexi\Documents\Beam Audio Flux\src\interface\analog\analog_ui_templates.hpp(208,147):
              'std::basic_string<char,std::char_traits<char>,std::allocator<char>>::basic_string':ninguna función sobrecargada pudo convertir todos los tipos de argumento
                  C:\Program Files\Microsoft Visual Studio\2022\Community\VC\Tools\MSVC\14.42.34433\include\xstring(749,5):
                  puede ser 'std::basic_string<char,std::char_traits<char>,std::allocator<char>>::basic_string(const _Elem *const )'
          with
          [
              _Elem=char
          ]
                      C:\Users\Alexi\Documents\Beam Audio Flux\src\interface\analog\analog_ui_templates.hpp(208,147):
                      'std::basic_string<char,std::char_traits<char>,std::allocator<char>>::basic_string(const _Elem *const )': el argumento 1 no puede convertirse de 'bool' a 'const _Elem *const '
          with
          [
              _Elem=char
          ]
                          C:\Users\Alexi\Documents\Beam Audio Flux\src\interface\analog\analog_ui_templates.hpp(208,147):
                          La conversión de un tipo entero a un tipo de puntero requiere reinterpret_cast, conversión de estilo de C o conversión de estilo de función entre paréntesis
                  C:\Program Files\Microsoft Visual Studio\2022\Community\VC\Tools\MSVC\14.42.34433\include\xstring(1327,5):
                  o       'std::basic_string<char,std::char_traits<char>,std::allocator<char>>::basic_string(std::initializer_list<_Elem>,const _Alloc &)'
          with
          [
              _Elem=char,
              _Alloc=std::allocator<char>
          ]
                      C:\Users\Alexi\Documents\Beam Audio Flux\src\interface\analog\analog_ui_templates.hpp(208,147):
                      'std::basic_string<char,std::char_traits<char>,std::allocator<char>>::basic_string(std::initializer_list<_Elem>,const _Alloc &)': el argumento 1 no puede convertirse de 'bool' a 'std::initializer_list<_Elem>'
          with
          [
              _Elem=char,
              _Alloc=std::allocator<char>
          ]
          and
          [
              _Elem=char
          ]
                          C:\Users\Alexi\Documents\Beam Audio Flux\src\interface\analog\analog_ui_templates.hpp(208,147):
                          La conversión requiere un segundo operador de conversión definido por el usuario o constructor
                  C:\Program Files\Microsoft Visual Studio\2022\Community\VC\Tools\MSVC\14.42.34433\include\xstring(1138,5):
                  o       'std::basic_string<char,std::char_traits<char>,std::allocator<char>>::basic_string(const _Ty &,const unsigned __int64,const unsigned __int64,const _Alloc &)'
          with
          [
              _Alloc=std::allocator<char>
          ]
                  C:\Program Files\Microsoft Visual Studio\2022\Community\VC\Tools\MSVC\14.42.34433\include\xstring(779,5):
                  o       'std::basic_string<char,std::char_traits<char>,std::allocator<char>>::basic_string(_Iter,_Iter,const _Alloc &)'
          with
          [
              _Alloc=std::allocator<char>
          ]
                  C:\Program Files\Microsoft Visual Studio\2022\Community\VC\Tools\MSVC\14.42.34433\include\xstring(773,5):
                  o       'std::basic_string<char,std::char_traits<char>,std::allocator<char>>::basic_string(const unsigned __int64,const _Elem,const _Alloc &)'
          with
          [
              _Elem=char,
              _Alloc=std::allocator<char>
          ]
                  C:\Program Files\Microsoft Visual Studio\2022\Community\VC\Tools\MSVC\14.42.34433\include\xstring(756,5):
                  o       'std::basic_string<char,std::char_traits<char>,std::allocator<char>>::basic_string(const _Elem *const ,const _Alloc &)'
          with
          [
              _Elem=char,
              _Alloc=std::allocator<char>
          ]
                  C:\Program Files\Microsoft Visual Studio\2022\Community\VC\Tools\MSVC\14.42.34433\include\xstring(743,5):
                  o       'std::basic_string<char,std::char_traits<char>,std::allocator<char>>::basic_string(const _Elem *const ,const unsigned __int64,const _Alloc &)'
          with
          [
              _Elem=char,
              _Alloc=std::allocator<char>
          ]
                  C:\Users\Alexi\Documents\Beam Audio Flux\src\interface\analog\analog_ui_templates.hpp(208,147):
                  al hacer coincidir la lista de argumentos '(bool)'
          C:\Users\Alexi\Documents\Beam Audio Flux\src\interface\analog\analog_ui_templates.hpp(208,154):
          'inicializando': no se puede realizar la conversión de 'bool' a 'std::string'
              C:\Users\Alexi\Documents\Beam Audio Flux\src\interface\analog\analog_ui_templates.hpp(208,154):
              'std::basic_string<char,std::char_traits<char>,std::allocator<char>>::basic_string':ninguna función sobrecargada pudo convertir todos los tipos de argumento
                  C:\Program Files\Microsoft Visual Studio\2022\Community\VC\Tools\MSVC\14.42.34433\include\xstring(749,5):
                  puede ser 'std::basic_string<char,std::char_traits<char>,std::allocator<char>>::basic_string(const _Elem *const )'
          with
          [
              _Elem=char
          ]
                      C:\Users\Alexi\Documents\Beam Audio Flux\src\interface\analog\analog_ui_templates.hpp(208,154):
                      'std::basic_string<char,std::char_traits<char>,std::allocator<char>>::basic_string(const _Elem *const )': el argumento 1 no puede convertirse de 'bool' a 'const _Elem *const '
          with
          [
              _Elem=char
          ]
                          C:\Users\Alexi\Documents\Beam Audio Flux\src\interface\analog\analog_ui_templates.hpp(208,154):
                          La conversión de un tipo entero a un tipo de puntero requiere reinterpret_cast, conversión de estilo de C o conversión de estilo de función entre paréntesis
                  C:\Program Files\Microsoft Visual Studio\2022\Community\VC\Tools\MSVC\14.42.34433\include\xstring(1327,5):
                  o       'std::basic_string<char,std::char_traits<char>,std::allocator<char>>::basic_string(std::initializer_list<_Elem>,const _Alloc &)'
          with
          [
              _Elem=char,
              _Alloc=std::allocator<char>
          ]
                      C:\Users\Alexi\Documents\Beam Audio Flux\src\interface\analog\analog_ui_templates.hpp(208,154):
                      'std::basic_string<char,std::char_traits<char>,std::allocator<char>>::basic_string(std::initializer_list<_Elem>,const _Alloc &)': el argumento 1 no puede convertirse de 'bool' a 'std::initializer_list<_Elem>'
          with
          [
              _Elem=char,
              _Alloc=std::allocator<char>
          ]
          and
          [
              _Elem=char
          ]
                          C:\Users\Alexi\Documents\Beam Audio Flux\src\interface\analog\analog_ui_templates.hpp(208,154):
                          La conversión requiere un segundo operador de conversión definido por el usuario o constructor
                  C:\Program Files\Microsoft Visual Studio\2022\Community\VC\Tools\MSVC\14.42.34433\include\xstring(1138,5):
                  o       'std::basic_string<char,std::char_traits<char>,std::allocator<char>>::basic_string(const _Ty &,const unsigned __int64,const unsigned __int64,const _Alloc &)'
          with
          [
              _Alloc=std::allocator<char>
          ]
                  C:\Program Files\Microsoft Visual Studio\2022\Community\VC\Tools\MSVC\14.42.34433\include\xstring(779,5):
                  o       'std::basic_string<char,std::char_traits<char>,std::allocator<char>>::basic_string(_Iter,_Iter,const _Alloc &)'
          with
          [
              _Alloc=std::allocator<char>
          ]
                  C:\Program Files\Microsoft Visual Studio\2022\Community\VC\Tools\MSVC\14.42.34433\include\xstring(773,5):
                  o       'std::basic_string<char,std::char_traits<char>,std::allocator<char>>::basic_string(const unsigned __int64,const _Elem,const _Alloc &)'
          with
          [
              _Elem=char,
              _Alloc=std::allocator<char>
          ]
                  C:\Program Files\Microsoft Visual Studio\2022\Community\VC\Tools\MSVC\14.42.34433\include\xstring(756,5):
                  o       'std::basic_string<char,std::char_traits<char>,std::allocator<char>>::basic_string(const _Elem *const ,const _Alloc &)'
          with
          [
              _Elem=char,
              _Alloc=std::allocator<char>
          ]
                  C:\Program Files\Microsoft Visual Studio\2022\Community\VC\Tools\MSVC\14.42.34433\include\xstring(743,5):
                  o       'std::basic_string<char,std::char_traits<char>,std::allocator<char>>::basic_string(const _Elem *const ,const unsigned __int64,const _Alloc &)'
          with
          [
              _Elem=char,
              _Alloc=std::allocator<char>
          ]
                  C:\Users\Alexi\Documents\Beam Audio Flux\src\interface\analog\analog_ui_templates.hpp(208,154):
                  al hacer coincidir la lista de argumentos '(bool)'
          C:\Users\Alexi\Documents\Beam Audio Flux\src\interface\analog\analog_ui_templates.hpp(208,161):
          hay demasiados inicializadores
  
C:\Users\Alexi\Documents\Beam Audio Flux\src\interface\analog\analog_ui_templates.hpp(211,77): error C3083: 'MaterialType': el símbolo situado a la izquierda de '::' debe ser un tipo [C:\Users\Alexi\Documents\Beam Audio Flux\build\BeamAudioFlux.vcxproj]
  (compilando archivo de origen "../src/engine/session/beam_host.cpp")
  
C:\Users\Alexi\Documents\Beam Audio Flux\src\interface\analog\analog_ui_templates.hpp(211,91): error C2039: "WrinklePaint": no es un miembro de "Beam::Theme" [C:\Users\Alexi\Documents\Beam Audio Flux\build\BeamAudioFlux.vcxproj]
  (compilando archivo de origen "../src/engine/session/beam_host.cpp")
      C:\Users\Alexi\Documents\Beam Audio Flux\src\interface\core\theme.hpp(31,7):
      vea la declaración de 'Beam::Theme'
  
C:\Users\Alexi\Documents\Beam Audio Flux\src\interface\analog\analog_ui_templates.hpp(211,91): error C2065: 'WrinklePaint': identificador no declarado [C:\Users\Alexi\Documents\Beam Audio Flux\build\BeamAudioFlux.vcxproj]
  (compilando archivo de origen "../src/engine/session/beam_host.cpp")
  
C:\Users\Alexi\Documents\Beam Audio Flux\src\interface\analog\analog_ui_templates.hpp(211,112): error C3083: 'KnobStyle': el símbolo situado a la izquierda de '::' debe ser un tipo [C:\Users\Alexi\Documents\Beam Audio Flux\build\BeamAudioFlux.vcxproj]
  (compilando archivo de origen "../src/engine/session/beam_host.cpp")
  
C:\Users\Alexi\Documents\Beam Audio Flux\src\interface\analog\analog_ui_templates.hpp(211,123): error C2039: "ModernColored": no es un miembro de "Beam::Theme" [C:\Users\Alexi\Documents\Beam Audio Flux\build\BeamAudioFlux.vcxproj]
  (compilando archivo de origen "../src/engine/session/beam_host.cpp")
      C:\Users\Alexi\Documents\Beam Audio Flux\src\interface\core\theme.hpp(31,7):
      vea la declaración de 'Beam::Theme'
  
C:\Users\Alexi\Documents\Beam Audio Flux\src\interface\analog\analog_ui_templates.hpp(211,123): error C2065: 'ModernColored': identificador no declarado [C:\Users\Alexi\Documents\Beam Audio Flux\build\BeamAudioFlux.vcxproj]
  (compilando archivo de origen "../src/engine/session/beam_host.cpp")
  
C:\Users\Alexi\Documents\Beam Audio Flux\src\interface\analog\analog_ui_templates.hpp(211,16): error C2440: 'return': no se puede realizar la conversión de 'initializer list' a 'Beam::RackStyle' [C:\Users\Alexi\Documents\Beam Audio Flux\build\BeamAudioFlux.vcxproj]
  (compilando archivo de origen "../src/engine/session/beam_host.cpp")
      C:\Users\Alexi\Documents\Beam Audio Flux\src\interface\analog\analog_ui_templates.hpp(211,9):
      Inicialización de agregados no válida
          C:\Users\Alexi\Documents\Beam Audio Flux\src\interface\analog\analog_ui_templates.hpp(211,151):
          'inicializando': no se puede realizar la conversión de 'bool' a 'std::string'
              C:\Users\Alexi\Documents\Beam Audio Flux\src\interface\analog\analog_ui_templates.hpp(211,151):
              'std::basic_string<char,std::char_traits<char>,std::allocator<char>>::basic_string':ninguna función sobrecargada pudo convertir todos los tipos de argumento
                  C:\Program Files\Microsoft Visual Studio\2022\Community\VC\Tools\MSVC\14.42.34433\include\xstring(749,5):
                  puede ser 'std::basic_string<char,std::char_traits<char>,std::allocator<char>>::basic_string(const _Elem *const )'
          with
          [
              _Elem=char
          ]
                      C:\Users\Alexi\Documents\Beam Audio Flux\src\interface\analog\analog_ui_templates.hpp(211,151):
                      'std::basic_string<char,std::char_traits<char>,std::allocator<char>>::basic_string(const _Elem *const )': el argumento 1 no puede convertirse de 'bool' a 'const _Elem *const '
          with
          [
              _Elem=char
          ]
                          C:\Users\Alexi\Documents\Beam Audio Flux\src\interface\analog\analog_ui_templates.hpp(211,151):
                          La conversión de un tipo entero a un tipo de puntero requiere reinterpret_cast, conversión de estilo de C o conversión de estilo de función entre paréntesis
                  C:\Program Files\Microsoft Visual Studio\2022\Community\VC\Tools\MSVC\14.42.34433\include\xstring(1327,5):
                  o       'std::basic_string<char,std::char_traits<char>,std::allocator<char>>::basic_string(std::initializer_list<_Elem>,const _Alloc &)'
          with
          [
              _Elem=char,
              _Alloc=std::allocator<char>
          ]
                      C:\Users\Alexi\Documents\Beam Audio Flux\src\interface\analog\analog_ui_templates.hpp(211,151):
                      'std::basic_string<char,std::char_traits<char>,std::allocator<char>>::basic_string(std::initializer_list<_Elem>,const _Alloc &)': el argumento 1 no puede convertirse de 'bool' a 'std::initializer_list<_Elem>'
          with
          [
              _Elem=char,
              _Alloc=std::allocator<char>
          ]
          and
          [
              _Elem=char
          ]
                          C:\Users\Alexi\Documents\Beam Audio Flux\src\interface\analog\analog_ui_templates.hpp(211,151):
                          La conversión requiere un segundo operador de conversión definido por el usuario o constructor
                  C:\Program Files\Microsoft Visual Studio\2022\Community\VC\Tools\MSVC\14.42.34433\include\xstring(1138,5):
                  o       'std::basic_string<char,std::char_traits<char>,std::allocator<char>>::basic_string(const _Ty &,const unsigned __int64,const unsigned __int64,const _Alloc &)'
          with
          [
              _Alloc=std::allocator<char>
          ]
                  C:\Program Files\Microsoft Visual Studio\2022\Community\VC\Tools\MSVC\14.42.34433\include\xstring(779,5):
                  o       'std::basic_string<char,std::char_traits<char>,std::allocator<char>>::basic_string(_Iter,_Iter,const _Alloc &)'
          with
          [
              _Alloc=std::allocator<char>
          ]
                  C:\Program Files\Microsoft Visual Studio\2022\Community\VC\Tools\MSVC\14.42.34433\include\xstring(773,5):
                  o       'std::basic_string<char,std::char_traits<char>,std::allocator<char>>::basic_string(const unsigned __int64,const _Elem,const _Alloc &)'
          with
          [
              _Elem=char,
              _Alloc=std::allocator<char>
          ]
                  C:\Program Files\Microsoft Visual Studio\2022\Community\VC\Tools\MSVC\14.42.34433\include\xstring(756,5):
                  o       'std::basic_string<char,std::char_traits<char>,std::allocator<char>>::basic_string(const _Elem *const ,const _Alloc &)'
          with
          [
              _Elem=char,
              _Alloc=std::allocator<char>
          ]
                  C:\Program Files\Microsoft Visual Studio\2022\Community\VC\Tools\MSVC\14.42.34433\include\xstring(743,5):
                  o       'std::basic_string<char,std::char_traits<char>,std::allocator<char>>::basic_string(const _Elem *const ,const unsigned __int64,const _Alloc &)'
          with
          [
              _Elem=char,
              _Alloc=std::allocator<char>
          ]
                  C:\Users\Alexi\Documents\Beam Audio Flux\src\interface\analog\analog_ui_templates.hpp(211,151):
                  al hacer coincidir la lista de argumentos '(bool)'
          C:\Users\Alexi\Documents\Beam Audio Flux\src\interface\analog\analog_ui_templates.hpp(211,158):
          'inicializando': no se puede realizar la conversión de 'bool' a 'std::string'
              C:\Users\Alexi\Documents\Beam Audio Flux\src\interface\analog\analog_ui_templates.hpp(211,158):
              'std::basic_string<char,std::char_traits<char>,std::allocator<char>>::basic_string':ninguna función sobrecargada pudo convertir todos los tipos de argumento
                  C:\Program Files\Microsoft Visual Studio\2022\Community\VC\Tools\MSVC\14.42.34433\include\xstring(749,5):
                  puede ser 'std::basic_string<char,std::char_traits<char>,std::allocator<char>>::basic_string(const _Elem *const )'
          with
          [
              _Elem=char
          ]
                      C:\Users\Alexi\Documents\Beam Audio Flux\src\interface\analog\analog_ui_templates.hpp(211,158):
                      'std::basic_string<char,std::char_traits<char>,std::allocator<char>>::basic_string(const _Elem *const )': el argumento 1 no puede convertirse de 'bool' a 'const _Elem *const '
          with
          [
              _Elem=char
          ]
                          C:\Users\Alexi\Documents\Beam Audio Flux\src\interface\analog\analog_ui_templates.hpp(211,158):
                          La conversión de un tipo entero a un tipo de puntero requiere reinterpret_cast, conversión de estilo de C o conversión de estilo de función entre paréntesis
                  C:\Program Files\Microsoft Visual Studio\2022\Community\VC\Tools\MSVC\14.42.34433\include\xstring(1327,5):
                  o       'std::basic_string<char,std::char_traits<char>,std::allocator<char>>::basic_string(std::initializer_list<_Elem>,const _Alloc &)'
          with
          [
              _Elem=char,
              _Alloc=std::allocator<char>
          ]
                      C:\Users\Alexi\Documents\Beam Audio Flux\src\interface\analog\analog_ui_templates.hpp(211,158):
                      'std::basic_string<char,std::char_traits<char>,std::allocator<char>>::basic_string(std::initializer_list<_Elem>,const _Alloc &)': el argumento 1 no puede convertirse de 'bool' a 'std::initializer_list<_Elem>'
          with
          [
              _Elem=char,
              _Alloc=std::allocator<char>
          ]
          and
          [
              _Elem=char
          ]
                          C:\Users\Alexi\Documents\Beam Audio Flux\src\interface\analog\analog_ui_templates.hpp(211,158):
                          La conversión requiere un segundo operador de conversión definido por el usuario o constructor
                  C:\Program Files\Microsoft Visual Studio\2022\Community\VC\Tools\MSVC\14.42.34433\include\xstring(1138,5):
                  o       'std::basic_string<char,std::char_traits<char>,std::allocator<char>>::basic_string(const _Ty &,const unsigned __int64,const unsigned __int64,const _Alloc &)'
          with
          [
              _Alloc=std::allocator<char>
          ]
                  C:\Program Files\Microsoft Visual Studio\2022\Community\VC\Tools\MSVC\14.42.34433\include\xstring(779,5):
                  o       'std::basic_string<char,std::char_traits<char>,std::allocator<char>>::basic_string(_Iter,_Iter,const _Alloc &)'
          with
          [
              _Alloc=std::allocator<char>
          ]
                  C:\Program Files\Microsoft Visual Studio\2022\Community\VC\Tools\MSVC\14.42.34433\include\xstring(773,5):
                  o       'std::basic_string<char,std::char_traits<char>,std::allocator<char>>::basic_string(const unsigned __int64,const _Elem,const _Alloc &)'
          with
          [
              _Elem=char,
              _Alloc=std::allocator<char>
          ]
                  C:\Program Files\Microsoft Visual Studio\2022\Community\VC\Tools\MSVC\14.42.34433\include\xstring(756,5):
                  o       'std::basic_string<char,std::char_traits<char>,std::allocator<char>>::basic_string(const _Elem *const ,const _Alloc &)'
          with
          [
              _Elem=char,
              _Alloc=std::allocator<char>
          ]
                  C:\Program Files\Microsoft Visual Studio\2022\Community\VC\Tools\MSVC\14.42.34433\include\xstring(743,5):
                  o       'std::basic_string<char,std::char_traits<char>,std::allocator<char>>::basic_string(const _Elem *const ,const unsigned __int64,const _Alloc &)'
          with
          [
              _Elem=char,
              _Alloc=std::allocator<char>
          ]
                  C:\Users\Alexi\Documents\Beam Audio Flux\src\interface\analog\analog_ui_templates.hpp(211,158):
                  al hacer coincidir la lista de argumentos '(bool)'
          C:\Users\Alexi\Documents\Beam Audio Flux\src\interface\analog\analog_ui_templates.hpp(211,165):
          hay demasiados inicializadores
  
C:\Users\Alexi\Documents\Beam Audio Flux\src\interface\analog\analog_ui_templates.hpp(214,80): error C3083: 'MaterialType': el símbolo situado a la izquierda de '::' debe ser un tipo [C:\Users\Alexi\Documents\Beam Audio Flux\build\BeamAudioFlux.vcxproj]
  (compilando archivo de origen "../src/engine/session/beam_host.cpp")
  
C:\Users\Alexi\Documents\Beam Audio Flux\src\interface\analog\analog_ui_templates.hpp(214,94): error C2039: "Standard": no es un miembro de "Beam::Theme" [C:\Users\Alexi\Documents\Beam Audio Flux\build\BeamAudioFlux.vcxproj]
  (compilando archivo de origen "../src/engine/session/beam_host.cpp")
      C:\Users\Alexi\Documents\Beam Audio Flux\src\interface\core\theme.hpp(31,7):
      vea la declaración de 'Beam::Theme'
  
C:\Users\Alexi\Documents\Beam Audio Flux\src\interface\analog\analog_ui_templates.hpp(214,94): error C1003: el recuento de errores supera 100; se detiene la compilación [C:\Users\Alexi\Documents\Beam Audio Flux\build\BeamAudioFlux.vcxproj]
  (compilando archivo de origen "../src/engine/session/beam_host.cpp")
  
  look_and_feel.cpp
C:\Users\Alexi\Documents\Beam Audio Flux\src\interface\widgets\knob.hpp(131,26): error C2039: "KnobStyle": no es un miembro de "Beam::Theme" [C:\Users\Alexi\Documents\Beam Audio Flux\build\BeamAudioFlux.vcxproj]
  (compilando archivo de origen "../src/interface/core/look_and_feel.cpp")
      C:\Users\Alexi\Documents\Beam Audio Flux\src\interface\core\theme.hpp(31,7):
      vea la declaración de 'Beam::Theme'
  
C:\Users\Alexi\Documents\Beam Audio Flux\src\interface\widgets\knob.hpp(131,26): error C2061: error de sintaxis: identificador 'KnobStyle' [C:\Users\Alexi\Documents\Beam Audio Flux\build\BeamAudioFlux.vcxproj]
  (compilando archivo de origen "../src/interface/core/look_and_feel.cpp")
  
C:\Users\Alexi\Documents\Beam Audio Flux\src\interface\widgets\knob.hpp(132,12): error C2039: "KnobStyle": no es un miembro de "Beam::Theme" [C:\Users\Alexi\Documents\Beam Audio Flux\build\BeamAudioFlux.vcxproj]
  (compilando archivo de origen "../src/interface/core/look_and_feel.cpp")
      C:\Users\Alexi\Documents\Beam Audio Flux\src\interface\core\theme.hpp(31,7):
      vea la declaración de 'Beam::Theme'
  
C:\Users\Alexi\Documents\Beam Audio Flux\src\interface\widgets\knob.hpp(132,22): error C3646: 'getStyle': especificador de invalidación desconocido [C:\Users\Alexi\Documents\Beam Audio Flux\build\BeamAudioFlux.vcxproj]
  (compilando archivo de origen "../src/interface/core/look_and_feel.cpp")
  
C:\Users\Alexi\Documents\Beam Audio Flux\src\interface\widgets\knob.hpp(132,30): error C2059: error de sintaxis: '(' [C:\Users\Alexi\Documents\Beam Audio Flux\build\BeamAudioFlux.vcxproj]
  (compilando archivo de origen "../src/interface/core/look_and_feel.cpp")
  
C:\Users\Alexi\Documents\Beam Audio Flux\src\interface\widgets\knob.hpp(132,39): error C2334: símbolos (token) inesperados delante de '{'; se pasará por alto el cuerpo de función aparente [C:\Users\Alexi\Documents\Beam Audio Flux\build\BeamAudioFlux.vcxproj]
  (compilando archivo de origen "../src/interface/core/look_and_feel.cpp")
  
C:\Users\Alexi\Documents\Beam Audio Flux\src\interface\widgets\knob.hpp(146,12): error C2039: "KnobStyle": no es un miembro de "Beam::Theme" [C:\Users\Alexi\Documents\Beam Audio Flux\build\BeamAudioFlux.vcxproj]
  (compilando archivo de origen "../src/interface/core/look_and_feel.cpp")
      C:\Users\Alexi\Documents\Beam Audio Flux\src\interface\core\theme.hpp(31,7):
      vea la declaración de 'Beam::Theme'
  
C:\Users\Alexi\Documents\Beam Audio Flux\src\interface\widgets\knob.hpp(146,22): error C3646: 'm_style': especificador de invalidación desconocido [C:\Users\Alexi\Documents\Beam Audio Flux\build\BeamAudioFlux.vcxproj]
  (compilando archivo de origen "../src/interface/core/look_and_feel.cpp")
  
C:\Users\Alexi\Documents\Beam Audio Flux\src\interface\widgets\knob.hpp(146,30): error C2059: error de sintaxis: '=' [C:\Users\Alexi\Documents\Beam Audio Flux\build\BeamAudioFlux.vcxproj]
  (compilando archivo de origen "../src/interface/core/look_and_feel.cpp")
  
C:\Users\Alexi\Documents\Beam Audio Flux\src\interface\widgets\knob.hpp(146,39): error C3083: 'KnobStyle': el símbolo situado a la izquierda de '::' debe ser un tipo [C:\Users\Alexi\Documents\Beam Audio Flux\build\BeamAudioFlux.vcxproj]
  (compilando archivo de origen "../src/interface/core/look_and_feel.cpp")
  
C:\Users\Alexi\Documents\Beam Audio Flux\src\interface\widgets\knob.hpp(146,50): error C2039: "ClassicBakelite": no es un miembro de "Beam::Theme" [C:\Users\Alexi\Documents\Beam Audio Flux\build\BeamAudioFlux.vcxproj]
  (compilando archivo de origen "../src/interface/core/look_and_feel.cpp")
      C:\Users\Alexi\Documents\Beam Audio Flux\src\interface\core\theme.hpp(31,7):
      vea la declaración de 'Beam::Theme'
  
C:\Users\Alexi\Documents\Beam Audio Flux\src\interface\widgets\knob.hpp(146,65): error C2238: símbolos (token) inesperados delante de ';' [C:\Users\Alexi\Documents\Beam Audio Flux\build\BeamAudioFlux.vcxproj]
  (compilando archivo de origen "../src/interface/core/look_and_feel.cpp")
  
C:\Users\Alexi\Documents\Beam Audio Flux\src\interface\widgets\knob.hpp(131,45): error C2065: 'm_style': identificador no declarado [C:\Users\Alexi\Documents\Beam Audio Flux\build\BeamAudioFlux.vcxproj]
  (compilando archivo de origen "../src/interface/core/look_and_feel.cpp")
  
C:\Users\Alexi\Documents\Beam Audio Flux\src\interface\widgets\knob.hpp(131,55): error C2065: 'style': identificador no declarado [C:\Users\Alexi\Documents\Beam Audio Flux\build\BeamAudioFlux.vcxproj]
  (compilando archivo de origen "../src/interface/core/look_and_feel.cpp")
  
C:\Users\Alexi\Documents\Beam Audio Flux\src\interface\widgets\combo_box.hpp(26,76): error C2039: "Bakelite": no es un miembro de "Beam::Theme" [C:\Users\Alexi\Documents\Beam Audio Flux\build\BeamAudioFlux.vcxproj]
  (compilando archivo de origen "../src/interface/core/look_and_feel.cpp")
      C:\Users\Alexi\Documents\Beam Audio Flux\src\interface\core\theme.hpp(31,7):
      vea la declaración de 'Beam::Theme'
  
C:\Users\Alexi\Documents\Beam Audio Flux\src\interface\widgets\combo_box.hpp(26,76): error C2065: 'Bakelite': identificador no declarado [C:\Users\Alexi\Documents\Beam Audio Flux\build\BeamAudioFlux.vcxproj]
  (compilando archivo de origen "../src/interface/core/look_and_feel.cpp")
  
C:\Users\Alexi\Documents\Beam Audio Flux\src\interface\widgets\combo_box.hpp(26,95): error C2039: "Bakelite": no es un miembro de "Beam::Theme" [C:\Users\Alexi\Documents\Beam Audio Flux\build\BeamAudioFlux.vcxproj]
  (compilando archivo de origen "../src/interface/core/look_and_feel.cpp")
      C:\Users\Alexi\Documents\Beam Audio Flux\src\interface\core\theme.hpp(31,7):
      vea la declaración de 'Beam::Theme'
  
C:\Users\Alexi\Documents\Beam Audio Flux\src\interface\widgets\combo_box.hpp(26,95): error C2065: 'Bakelite': identificador no declarado [C:\Users\Alexi\Documents\Beam Audio Flux\build\BeamAudioFlux.vcxproj]
  (compilando archivo de origen "../src/interface/core/look_and_feel.cpp")
  
C:\Users\Alexi\Documents\Beam Audio Flux\src\interface\widgets\combo_box.hpp(26,114): error C2039: "Bakelite": no es un miembro de "Beam::Theme" [C:\Users\Alexi\Documents\Beam Audio Flux\build\BeamAudioFlux.vcxproj]
  (compilando archivo de origen "../src/interface/core/look_and_feel.cpp")
      C:\Users\Alexi\Documents\Beam Audio Flux\src\interface\core\theme.hpp(31,7):
      vea la declaración de 'Beam::Theme'
  
C:\Users\Alexi\Documents\Beam Audio Flux\src\interface\widgets\combo_box.hpp(26,114): error C2065: 'Bakelite': identificador no declarado [C:\Users\Alexi\Documents\Beam Audio Flux\build\BeamAudioFlux.vcxproj]
  (compilando archivo de origen "../src/interface/core/look_and_feel.cpp")
  
C:\Users\Alexi\Documents\Beam Audio Flux\src\interface\widgets\combo_box.hpp(26,11): error C2660: 'Beam::QuadBatcher::drawBeveledRect': la función no acepta 7 argumentos [C:\Users\Alexi\Documents\Beam Audio Flux\build\BeamAudioFlux.vcxproj]
  (compilando archivo de origen "../src/interface/core/look_and_feel.cpp")
      C:\Users\Alexi\Documents\Beam Audio Flux\src\interface\render\quad_batcher.hpp(57,10):
      vea la declaración de 'Beam::QuadBatcher::drawBeveledRect'
      C:\Users\Alexi\Documents\Beam Audio Flux\src\interface\widgets\combo_box.hpp(26,11):
      al hacer coincidir la lista de argumentos '(int, int, float, float, float, float, float)'
  
C:\Users\Alexi\Documents\Beam Audio Flux\src\interface\widgets\combo_box.hpp(27,76): error C2039: "Emerald": no es un miembro de "Beam::Theme" [C:\Users\Alexi\Documents\Beam Audio Flux\build\BeamAudioFlux.vcxproj]
  (compilando archivo de origen "../src/interface/core/look_and_feel.cpp")
      C:\Users\Alexi\Documents\Beam Audio Flux\src\interface\core\theme.hpp(31,7):
      vea la declaración de 'Beam::Theme'
  
C:\Users\Alexi\Documents\Beam Audio Flux\src\interface\widgets\combo_box.hpp(27,76): error C2065: 'Emerald': identificador no declarado [C:\Users\Alexi\Documents\Beam Audio Flux\build\BeamAudioFlux.vcxproj]
  (compilando archivo de origen "../src/interface/core/look_and_feel.cpp")
  
C:\Users\Alexi\Documents\Beam Audio Flux\src\interface\widgets\combo_box.hpp(27,94): error C2039: "Emerald": no es un miembro de "Beam::Theme" [C:\Users\Alexi\Documents\Beam Audio Flux\build\BeamAudioFlux.vcxproj]
  (compilando archivo de origen "../src/interface/core/look_and_feel.cpp")
      C:\Users\Alexi\Documents\Beam Audio Flux\src\interface\core\theme.hpp(31,7):
      vea la declaración de 'Beam::Theme'
  
C:\Users\Alexi\Documents\Beam Audio Flux\src\interface\widgets\combo_box.hpp(27,94): error C2065: 'Emerald': identificador no declarado [C:\Users\Alexi\Documents\Beam Audio Flux\build\BeamAudioFlux.vcxproj]
  (compilando archivo de origen "../src/interface/core/look_and_feel.cpp")
  
C:\Users\Alexi\Documents\Beam Audio Flux\src\interface\widgets\combo_box.hpp(27,112): error C2039: "Emerald": no es un miembro de "Beam::Theme" [C:\Users\Alexi\Documents\Beam Audio Flux\build\BeamAudioFlux.vcxproj]
  (compilando archivo de origen "../src/interface/core/look_and_feel.cpp")
      C:\Users\Alexi\Documents\Beam Audio Flux\src\interface\core\theme.hpp(31,7):
      vea la declaración de 'Beam::Theme'
  
C:\Users\Alexi\Documents\Beam Audio Flux\src\interface\widgets\combo_box.hpp(27,112): error C2065: 'Emerald': identificador no declarado [C:\Users\Alexi\Documents\Beam Audio Flux\build\BeamAudioFlux.vcxproj]
  (compilando archivo de origen "../src/interface/core/look_and_feel.cpp")
  
C:\Users\Alexi\Documents\Beam Audio Flux\src\interface\widgets\combo_box.hpp(27,11): error C2660: 'Beam::QuadBatcher::drawRoundedRect': la función no acepta 7 argumentos [C:\Users\Alexi\Documents\Beam Audio Flux\build\BeamAudioFlux.vcxproj]
  (compilando archivo de origen "../src/interface/core/look_and_feel.cpp")
      C:\Users\Alexi\Documents\Beam Audio Flux\src\interface\render\quad_batcher.hpp(45,10):
      vea la declaración de 'Beam::QuadBatcher::drawRoundedRect'
      C:\Users\Alexi\Documents\Beam Audio Flux\src\interface\widgets\combo_box.hpp(27,11):
      al hacer coincidir la lista de argumentos '(int, int, float, float, float, float, float)'
  
C:\Users\Alexi\Documents\Beam Audio Flux\src\interface\widgets\combo_box.hpp(33,64): error C2039: "Emerald": no es un miembro de "Beam::Theme" [C:\Users\Alexi\Documents\Beam Audio Flux\build\BeamAudioFlux.vcxproj]
  (compilando archivo de origen "../src/interface/core/look_and_feel.cpp")
      C:\Users\Alexi\Documents\Beam Audio Flux\src\interface\core\theme.hpp(31,7):
      vea la declaración de 'Beam::Theme'
  
C:\Users\Alexi\Documents\Beam Audio Flux\src\interface\widgets\combo_box.hpp(33,64): error C2065: 'Emerald': identificador no declarado [C:\Users\Alexi\Documents\Beam Audio Flux\build\BeamAudioFlux.vcxproj]
  (compilando archivo de origen "../src/interface/core/look_and_feel.cpp")
  
C:\Users\Alexi\Documents\Beam Audio Flux\src\interface\widgets\combo_box.hpp(33,82): error C2039: "Emerald": no es un miembro de "Beam::Theme" [C:\Users\Alexi\Documents\Beam Audio Flux\build\BeamAudioFlux.vcxproj]
  (compilando archivo de origen "../src/interface/core/look_and_feel.cpp")
      C:\Users\Alexi\Documents\Beam Audio Flux\src\interface\core\theme.hpp(31,7):
      vea la declaración de 'Beam::Theme'
  
C:\Users\Alexi\Documents\Beam Audio Flux\src\interface\widgets\combo_box.hpp(33,82): error C2065: 'Emerald': identificador no declarado [C:\Users\Alexi\Documents\Beam Audio Flux\build\BeamAudioFlux.vcxproj]
  (compilando archivo de origen "../src/interface/core/look_and_feel.cpp")
  
C:\Users\Alexi\Documents\Beam Audio Flux\src\interface\widgets\combo_box.hpp(33,100): error C2039: "Emerald": no es un miembro de "Beam::Theme" [C:\Users\Alexi\Documents\Beam Audio Flux\build\BeamAudioFlux.vcxproj]
  (compilando archivo de origen "../src/interface/core/look_and_feel.cpp")
      C:\Users\Alexi\Documents\Beam Audio Flux\src\interface\core\theme.hpp(31,7):
      vea la declaración de 'Beam::Theme'
  
C:\Users\Alexi\Documents\Beam Audio Flux\src\interface\widgets\combo_box.hpp(33,100): error C2065: 'Emerald': identificador no declarado [C:\Users\Alexi\Documents\Beam Audio Flux\build\BeamAudioFlux.vcxproj]
  (compilando archivo de origen "../src/interface/core/look_and_feel.cpp")
  
C:\Users\Alexi\Documents\Beam Audio Flux\src\interface\widgets\combo_box.hpp(33,19): error C2660: 'Beam::QuadBatcher::drawQuad': la función no acepta 5 argumentos [C:\Users\Alexi\Documents\Beam Audio Flux\build\BeamAudioFlux.vcxproj]
  (compilando archivo de origen "../src/interface/core/look_and_feel.cpp")
      C:\Users\Alexi\Documents\Beam Audio Flux\src\interface\render\quad_batcher.hpp(33,10):
      vea la declaración de 'Beam::QuadBatcher::drawQuad'
      C:\Users\Alexi\Documents\Beam Audio Flux\src\interface\widgets\combo_box.hpp(33,19):
      al hacer coincidir la lista de argumentos '(int, float, float, float, float)'
  
C:\Users\Alexi\Documents\Beam Audio Flux\src\interface\editors\generic_node_editor.hpp(188,31): error C2039: "Bakelite": no es un miembro de "Beam::Theme" [C:\Users\Alexi\Documents\Beam Audio Flux\build\BeamAudioFlux.vcxproj]
  (compilando archivo de origen "../src/interface/core/look_and_feel.cpp")
      C:\Users\Alexi\Documents\Beam Audio Flux\src\interface\core\theme.hpp(31,7):
      vea la declaración de 'Beam::Theme'
  
C:\Users\Alexi\Documents\Beam Audio Flux\src\interface\editors\generic_node_editor.hpp(188,31): error C2065: 'Bakelite': identificador no declarado [C:\Users\Alexi\Documents\Beam Audio Flux\build\BeamAudioFlux.vcxproj]
  (compilando archivo de origen "../src/interface/core/look_and_feel.cpp")
  
C:\Users\Alexi\Documents\Beam Audio Flux\src\interface\modules\audio_module.hpp(235,24): error C2248: 'Beam::VSTExternalEditor::closeWindow': no se puede obtener acceso al miembro private miembro declarado en la clase 'Beam::VSTExternalEditor' [C:\Users\Alexi\Documents\Beam Audio Flux\build\BeamAudioFlux.vcxproj]
  (compilando archivo de origen "../src/interface/core/look_and_feel.cpp")
      C:\Users\Alexi\Documents\Beam Audio Flux\src\interface\editors\vst_external_editor.hpp(47,10):
      vea la declaración de 'Beam::VSTExternalEditor::closeWindow'
      C:\Users\Alexi\Documents\Beam Audio Flux\src\interface\editors\vst_external_editor.hpp(23,7):
      vea la declaración de 'Beam::VSTExternalEditor'
  
C:\Users\Alexi\Documents\Beam Audio Flux\src\interface\core\look_and_feel.cpp(18,45): error C2039: "Black": no es un miembro de "Beam::Theme" [C:\Users\Alexi\Documents\Beam Audio Flux\build\BeamAudioFlux.vcxproj]
      C:\Users\Alexi\Documents\Beam Audio Flux\src\interface\core\theme.hpp(31,7):
      vea la declaración de 'Beam::Theme'
  
C:\Users\Alexi\Documents\Beam Audio Flux\src\interface\core\look_and_feel.cpp(18,45): error C2065: 'Black': identificador no declarado [C:\Users\Alexi\Documents\Beam Audio Flux\build\BeamAudioFlux.vcxproj]
C:\Users\Alexi\Documents\Beam Audio Flux\src\interface\core\look_and_feel.cpp(18,61): error C2039: "Black": no es un miembro de "Beam::Theme" [C:\Users\Alexi\Documents\Beam Audio Flux\build\BeamAudioFlux.vcxproj]
      C:\Users\Alexi\Documents\Beam Audio Flux\src\interface\core\theme.hpp(31,7):
      vea la declaración de 'Beam::Theme'
  
C:\Users\Alexi\Documents\Beam Audio Flux\src\interface\core\look_and_feel.cpp(18,61): error C2065: 'Black': identificador no declarado [C:\Users\Alexi\Documents\Beam Audio Flux\build\BeamAudioFlux.vcxproj]
C:\Users\Alexi\Documents\Beam Audio Flux\src\interface\core\look_and_feel.cpp(18,77): error C2039: "Black": no es un miembro de "Beam::Theme" [C:\Users\Alexi\Documents\Beam Audio Flux\build\BeamAudioFlux.vcxproj]
      C:\Users\Alexi\Documents\Beam Audio Flux\src\interface\core\theme.hpp(31,7):
      vea la declaración de 'Beam::Theme'
  
C:\Users\Alexi\Documents\Beam Audio Flux\src\interface\core\look_and_feel.cpp(18,77): error C2065: 'Black': identificador no declarado [C:\Users\Alexi\Documents\Beam Audio Flux\build\BeamAudioFlux.vcxproj]
C:\Users\Alexi\Documents\Beam Audio Flux\src\interface\core\look_and_feel.cpp(18,20): error C2737: "Beam::BRAND_BLACK": se debe inicializar el objeto const [C:\Users\Alexi\Documents\Beam Audio Flux\build\BeamAudioFlux.vcxproj]
C:\Users\Alexi\Documents\Beam Audio Flux\src\interface\core\look_and_feel.cpp(19,45): error C2039: "White": no es un miembro de "Beam::Theme" [C:\Users\Alexi\Documents\Beam Audio Flux\build\BeamAudioFlux.vcxproj]
      C:\Users\Alexi\Documents\Beam Audio Flux\src\interface\core\theme.hpp(31,7):
      vea la declaración de 'Beam::Theme'
  
C:\Users\Alexi\Documents\Beam Audio Flux\src\interface\core\look_and_feel.cpp(19,45): error C2065: 'White': identificador no declarado [C:\Users\Alexi\Documents\Beam Audio Flux\build\BeamAudioFlux.vcxproj]
C:\Users\Alexi\Documents\Beam Audio Flux\src\interface\core\look_and_feel.cpp(19,61): error C2039: "White": no es un miembro de "Beam::Theme" [C:\Users\Alexi\Documents\Beam Audio Flux\build\BeamAudioFlux.vcxproj]
      C:\Users\Alexi\Documents\Beam Audio Flux\src\interface\core\theme.hpp(31,7):
      vea la declaración de 'Beam::Theme'
  
C:\Users\Alexi\Documents\Beam Audio Flux\src\interface\core\look_and_feel.cpp(19,61): error C2065: 'White': identificador no declarado [C:\Users\Alexi\Documents\Beam Audio Flux\build\BeamAudioFlux.vcxproj]
C:\Users\Alexi\Documents\Beam Audio Flux\src\interface\core\look_and_feel.cpp(19,77): error C2039: "White": no es un miembro de "Beam::Theme" [C:\Users\Alexi\Documents\Beam Audio Flux\build\BeamAudioFlux.vcxproj]
      C:\Users\Alexi\Documents\Beam Audio Flux\src\interface\core\theme.hpp(31,7):
      vea la declaración de 'Beam::Theme'
  
C:\Users\Alexi\Documents\Beam Audio Flux\src\interface\core\look_and_feel.cpp(19,77): error C2065: 'White': identificador no declarado [C:\Users\Alexi\Documents\Beam Audio Flux\build\BeamAudioFlux.vcxproj]
C:\Users\Alexi\Documents\Beam Audio Flux\src\interface\core\look_and_feel.cpp(19,20): error C2737: "Beam::BRAND_WHITE": se debe inicializar el objeto const [C:\Users\Alexi\Documents\Beam Audio Flux\build\BeamAudioFlux.vcxproj]
C:\Users\Alexi\Documents\Beam Audio Flux\src\interface\core\look_and_feel.cpp(20,47): error C2039: "Emerald": no es un miembro de "Beam::Theme" [C:\Users\Alexi\Documents\Beam Audio Flux\build\BeamAudioFlux.vcxproj]
      C:\Users\Alexi\Documents\Beam Audio Flux\src\interface\core\theme.hpp(31,7):
      vea la declaración de 'Beam::Theme'
  
C:\Users\Alexi\Documents\Beam Audio Flux\src\interface\core\look_and_feel.cpp(20,47): error C2065: 'Emerald': identificador no declarado [C:\Users\Alexi\Documents\Beam Audio Flux\build\BeamAudioFlux.vcxproj]
C:\Users\Alexi\Documents\Beam Audio Flux\src\interface\core\look_and_feel.cpp(20,65): error C2039: "Emerald": no es un miembro de "Beam::Theme" [C:\Users\Alexi\Documents\Beam Audio Flux\build\BeamAudioFlux.vcxproj]
      C:\Users\Alexi\Documents\Beam Audio Flux\src\interface\core\theme.hpp(31,7):
      vea la declaración de 'Beam::Theme'
  
C:\Users\Alexi\Documents\Beam Audio Flux\src\interface\core\look_and_feel.cpp(20,65): error C2065: 'Emerald': identificador no declarado [C:\Users\Alexi\Documents\Beam Audio Flux\build\BeamAudioFlux.vcxproj]
C:\Users\Alexi\Documents\Beam Audio Flux\src\interface\core\look_and_feel.cpp(20,83): error C2039: "Emerald": no es un miembro de "Beam::Theme" [C:\Users\Alexi\Documents\Beam Audio Flux\build\BeamAudioFlux.vcxproj]
      C:\Users\Alexi\Documents\Beam Audio Flux\src\interface\core\theme.hpp(31,7):
      vea la declaración de 'Beam::Theme'
  
C:\Users\Alexi\Documents\Beam Audio Flux\src\interface\core\look_and_feel.cpp(20,83): error C2065: 'Emerald': identificador no declarado [C:\Users\Alexi\Documents\Beam Audio Flux\build\BeamAudioFlux.vcxproj]
C:\Users\Alexi\Documents\Beam Audio Flux\src\interface\core\look_and_feel.cpp(20,20): error C2737: "Beam::BRAND_EMERALD": se debe inicializar el objeto const [C:\Users\Alexi\Documents\Beam Audio Flux\build\BeamAudioFlux.vcxproj]
C:\Users\Alexi\Documents\Beam Audio Flux\src\interface\core\look_and_feel.cpp(35,25): error C2039: "Bakelite": no es un miembro de "Beam::Theme" [C:\Users\Alexi\Documents\Beam Audio Flux\build\BeamAudioFlux.vcxproj]
      C:\Users\Alexi\Documents\Beam Audio Flux\src\interface\core\theme.hpp(31,7):
      vea la declaración de 'Beam::Theme'
  
C:\Users\Alexi\Documents\Beam Audio Flux\src\interface\core\look_and_feel.cpp(35,25): error C2065: 'Bakelite': identificador no declarado [C:\Users\Alexi\Documents\Beam Audio Flux\build\BeamAudioFlux.vcxproj]
C:\Users\Alexi\Documents\Beam Audio Flux\src\interface\core\look_and_feel.cpp(36,32): error C2039: "Emerald": no es un miembro de "Beam::Theme" [C:\Users\Alexi\Documents\Beam Audio Flux\build\BeamAudioFlux.vcxproj]
      C:\Users\Alexi\Documents\Beam Audio Flux\src\interface\core\theme.hpp(31,7):
      vea la declaración de 'Beam::Theme'
  
C:\Users\Alexi\Documents\Beam Audio Flux\src\interface\core\look_and_feel.cpp(36,32): error C2065: 'Emerald': identificador no declarado [C:\Users\Alexi\Documents\Beam Audio Flux\build\BeamAudioFlux.vcxproj]
C:\Users\Alexi\Documents\Beam Audio Flux\src\interface\core\look_and_feel.cpp(37,42): error C2039: "Bakelite": no es un miembro de "Beam::Theme" [C:\Users\Alexi\Documents\Beam Audio Flux\build\BeamAudioFlux.vcxproj]
      C:\Users\Alexi\Documents\Beam Audio Flux\src\interface\core\theme.hpp(31,7):
      vea la declaración de 'Beam::Theme'
  
C:\Users\Alexi\Documents\Beam Audio Flux\src\interface\core\look_and_feel.cpp(37,42): error C2065: 'Bakelite': identificador no declarado [C:\Users\Alexi\Documents\Beam Audio Flux\build\BeamAudioFlux.vcxproj]
C:\Users\Alexi\Documents\Beam Audio Flux\src\interface\core\look_and_feel.cpp(38,41): error C2039: "Bakelite": no es un miembro de "Beam::Theme" [C:\Users\Alexi\Documents\Beam Audio Flux\build\BeamAudioFlux.vcxproj]
      C:\Users\Alexi\Documents\Beam Audio Flux\src\interface\core\theme.hpp(31,7):
      vea la declaración de 'Beam::Theme'
  
C:\Users\Alexi\Documents\Beam Audio Flux\src\interface\core\look_and_feel.cpp(38,41): error C2065: 'Bakelite': identificador no declarado [C:\Users\Alexi\Documents\Beam Audio Flux\build\BeamAudioFlux.vcxproj]
C:\Users\Alexi\Documents\Beam Audio Flux\src\interface\core\look_and_feel.cpp(53,34): error C2039: "LEDGreen": no es un miembro de "Beam::Theme" [C:\Users\Alexi\Documents\Beam Audio Flux\build\BeamAudioFlux.vcxproj]
      C:\Users\Alexi\Documents\Beam Audio Flux\src\interface\core\theme.hpp(31,7):
      vea la declaración de 'Beam::Theme'
  
C:\Users\Alexi\Documents\Beam Audio Flux\src\interface\core\look_and_feel.cpp(53,34): error C2065: 'LEDGreen': identificador no declarado [C:\Users\Alexi\Documents\Beam Audio Flux\build\BeamAudioFlux.vcxproj]
C:\Users\Alexi\Documents\Beam Audio Flux\src\interface\core\look_and_feel.cpp(53,53): error C2039: "LEDGreen": no es un miembro de "Beam::Theme" [C:\Users\Alexi\Documents\Beam Audio Flux\build\BeamAudioFlux.vcxproj]
      C:\Users\Alexi\Documents\Beam Audio Flux\src\interface\core\theme.hpp(31,7):
      vea la declaración de 'Beam::Theme'
  
C:\Users\Alexi\Documents\Beam Audio Flux\src\interface\core\look_and_feel.cpp(53,53): error C2065: 'LEDGreen': identificador no declarado [C:\Users\Alexi\Documents\Beam Audio Flux\build\BeamAudioFlux.vcxproj]
C:\Users\Alexi\Documents\Beam Audio Flux\src\interface\core\look_and_feel.cpp(53,72): error C2039: "LEDGreen": no es un miembro de "Beam::Theme" [C:\Users\Alexi\Documents\Beam Audio Flux\build\BeamAudioFlux.vcxproj]
      C:\Users\Alexi\Documents\Beam Audio Flux\src\interface\core\theme.hpp(31,7):
      vea la declaración de 'Beam::Theme'
  
C:\Users\Alexi\Documents\Beam Audio Flux\src\interface\core\look_and_feel.cpp(53,72): error C2065: 'LEDGreen': identificador no declarado [C:\Users\Alexi\Documents\Beam Audio Flux\build\BeamAudioFlux.vcxproj]
C:\Users\Alexi\Documents\Beam Audio Flux\src\interface\core\look_and_feel.cpp(52,11): error C2660: 'Beam::QuadBatcher::drawRoundedRect': la función no acepta 7 argumentos [C:\Users\Alexi\Documents\Beam Audio Flux\build\BeamAudioFlux.vcxproj]
      C:\Users\Alexi\Documents\Beam Audio Flux\src\interface\render\quad_batcher.hpp(45,10):
      vea la declaración de 'Beam::QuadBatcher::drawRoundedRect'
      C:\Users\Alexi\Documents\Beam Audio Flux\src\interface\core\look_and_feel.cpp(52,11):
      al hacer coincidir la lista de argumentos '(int, int, float, float, float, float, float)'
  
C:\Users\Alexi\Documents\Beam Audio Flux\src\interface\core\look_and_feel.cpp(110,70): error C2039: "Bakelite": no es un miembro de "Beam::Theme" [C:\Users\Alexi\Documents\Beam Audio Flux\build\BeamAudioFlux.vcxproj]
      C:\Users\Alexi\Documents\Beam Audio Flux\src\interface\core\theme.hpp(31,7):
      vea la declaración de 'Beam::Theme'
  
C:\Users\Alexi\Documents\Beam Audio Flux\src\interface\core\look_and_feel.cpp(110,70): error C2065: 'Bakelite': identificador no declarado [C:\Users\Alexi\Documents\Beam Audio Flux\build\BeamAudioFlux.vcxproj]
C:\Users\Alexi\Documents\Beam Audio Flux\src\interface\core\look_and_feel.cpp(110,89): error C2039: "Bakelite": no es un miembro de "Beam::Theme" [C:\Users\Alexi\Documents\Beam Audio Flux\build\BeamAudioFlux.vcxproj]
      C:\Users\Alexi\Documents\Beam Audio Flux\src\interface\core\theme.hpp(31,7):
      vea la declaración de 'Beam::Theme'
  
C:\Users\Alexi\Documents\Beam Audio Flux\src\interface\core\look_and_feel.cpp(110,89): error C2065: 'Bakelite': identificador no declarado [C:\Users\Alexi\Documents\Beam Audio Flux\build\BeamAudioFlux.vcxproj]
C:\Users\Alexi\Documents\Beam Audio Flux\src\interface\core\look_and_feel.cpp(110,108): error C2039: "Bakelite": no es un miembro de "Beam::Theme" [C:\Users\Alexi\Documents\Beam Audio Flux\build\BeamAudioFlux.vcxproj]
      C:\Users\Alexi\Documents\Beam Audio Flux\src\interface\core\theme.hpp(31,7):
      vea la declaración de 'Beam::Theme'
  
C:\Users\Alexi\Documents\Beam Audio Flux\src\interface\core\look_and_feel.cpp(110,108): error C2065: 'Bakelite': identificador no declarado [C:\Users\Alexi\Documents\Beam Audio Flux\build\BeamAudioFlux.vcxproj]
C:\Users\Alexi\Documents\Beam Audio Flux\src\interface\core\look_and_feel.cpp(110,11): error C2660: 'Beam::QuadBatcher::drawBeveledRect': la función no acepta 7 argumentos [C:\Users\Alexi\Documents\Beam Audio Flux\build\BeamAudioFlux.vcxproj]
      C:\Users\Alexi\Documents\Beam Audio Flux\src\interface\render\quad_batcher.hpp(57,10):
      vea la declaración de 'Beam::QuadBatcher::drawBeveledRect'
      C:\Users\Alexi\Documents\Beam Audio Flux\src\interface\core\look_and_feel.cpp(110,11):
      al hacer coincidir la lista de argumentos '(float, float, float, float, float, float, float)'
  
C:\Users\Alexi\Documents\Beam Audio Flux\src\interface\core\look_and_feel.cpp(123,34): error C2039: "Emerald": no es un miembro de "Beam::Theme" [C:\Users\Alexi\Documents\Beam Audio Flux\build\BeamAudioFlux.vcxproj]
      C:\Users\Alexi\Documents\Beam Audio Flux\src\interface\core\theme.hpp(31,7):
      vea la declaración de 'Beam::Theme'
  
C:\Users\Alexi\Documents\Beam Audio Flux\src\interface\core\look_and_feel.cpp(123,34): error C2065: 'Emerald': identificador no declarado [C:\Users\Alexi\Documents\Beam Audio Flux\build\BeamAudioFlux.vcxproj]
C:\Users\Alexi\Documents\Beam Audio Flux\src\interface\core\look_and_feel.cpp(123,52): error C2039: "Emerald": no es un miembro de "Beam::Theme" [C:\Users\Alexi\Documents\Beam Audio Flux\build\BeamAudioFlux.vcxproj]
      C:\Users\Alexi\Documents\Beam Audio Flux\src\interface\core\theme.hpp(31,7):
      vea la declaración de 'Beam::Theme'
  
C:\Users\Alexi\Documents\Beam Audio Flux\src\interface\core\look_and_feel.cpp(123,52): error C2065: 'Emerald': identificador no declarado [C:\Users\Alexi\Documents\Beam Audio Flux\build\BeamAudioFlux.vcxproj]
C:\Users\Alexi\Documents\Beam Audio Flux\src\interface\core\look_and_feel.cpp(123,70): error C2039: "Emerald": no es un miembro de "Beam::Theme" [C:\Users\Alexi\Documents\Beam Audio Flux\build\BeamAudioFlux.vcxproj]
      C:\Users\Alexi\Documents\Beam Audio Flux\src\interface\core\theme.hpp(31,7):
      vea la declaración de 'Beam::Theme'
  
C:\Users\Alexi\Documents\Beam Audio Flux\src\interface\core\look_and_feel.cpp(123,70): error C2065: 'Emerald': identificador no declarado [C:\Users\Alexi\Documents\Beam Audio Flux\build\BeamAudioFlux.vcxproj]
C:\Users\Alexi\Documents\Beam Audio Flux\src\interface\core\look_and_feel.cpp(122,11): error C2660: 'Beam::QuadBatcher::drawRoundedRect': la función no acepta 7 argumentos [C:\Users\Alexi\Documents\Beam Audio Flux\build\BeamAudioFlux.vcxproj]
      C:\Users\Alexi\Documents\Beam Audio Flux\src\interface\render\quad_batcher.hpp(45,10):
      vea la declaración de 'Beam::QuadBatcher::drawRoundedRect'
      C:\Users\Alexi\Documents\Beam Audio Flux\src\interface\core\look_and_feel.cpp(122,11):
      al hacer coincidir la lista de argumentos '(float, float, float, float, float, float, float)'
  
C:\Users\Alexi\Documents\Beam Audio Flux\src\interface\core\look_and_feel.cpp(130,34): error C2039: "Bakelite": no es un miembro de "Beam::Theme" [C:\Users\Alexi\Documents\Beam Audio Flux\build\BeamAudioFlux.vcxproj]
      C:\Users\Alexi\Documents\Beam Audio Flux\src\interface\core\theme.hpp(31,7):
      vea la declaración de 'Beam::Theme'
  
C:\Users\Alexi\Documents\Beam Audio Flux\src\interface\core\look_and_feel.cpp(130,34): error C2065: 'Bakelite': identificador no declarado [C:\Users\Alexi\Documents\Beam Audio Flux\build\BeamAudioFlux.vcxproj]
C:\Users\Alexi\Documents\Beam Audio Flux\src\interface\core\look_and_feel.cpp(130,53): error C2039: "Bakelite": no es un miembro de "Beam::Theme" [C:\Users\Alexi\Documents\Beam Audio Flux\build\BeamAudioFlux.vcxproj]
      C:\Users\Alexi\Documents\Beam Audio Flux\src\interface\core\theme.hpp(31,7):
      vea la declaración de 'Beam::Theme'
  
C:\Users\Alexi\Documents\Beam Audio Flux\src\interface\core\look_and_feel.cpp(130,53): error C2065: 'Bakelite': identificador no declarado [C:\Users\Alexi\Documents\Beam Audio Flux\build\BeamAudioFlux.vcxproj]
C:\Users\Alexi\Documents\Beam Audio Flux\src\interface\core\look_and_feel.cpp(130,72): error C2039: "Bakelite": no es un miembro de "Beam::Theme" [C:\Users\Alexi\Documents\Beam Audio Flux\build\BeamAudioFlux.vcxproj]
      C:\Users\Alexi\Documents\Beam Audio Flux\src\interface\core\theme.hpp(31,7):
      vea la declaración de 'Beam::Theme'
  
C:\Users\Alexi\Documents\Beam Audio Flux\src\interface\core\look_and_feel.cpp(130,72): error C2065: 'Bakelite': identificador no declarado [C:\Users\Alexi\Documents\Beam Audio Flux\build\BeamAudioFlux.vcxproj]
C:\Users\Alexi\Documents\Beam Audio Flux\src\interface\core\look_and_feel.cpp(129,11): error C2660: 'Beam::QuadBatcher::drawBeveledRect': la función no acepta 7 argumentos [C:\Users\Alexi\Documents\Beam Audio Flux\build\BeamAudioFlux.vcxproj]
      C:\Users\Alexi\Documents\Beam Audio Flux\src\interface\render\quad_batcher.hpp(57,10):
      vea la declaración de 'Beam::QuadBatcher::drawBeveledRect'
      C:\Users\Alexi\Documents\Beam Audio Flux\src\interface\core\look_and_feel.cpp(129,11):
      al hacer coincidir la lista de argumentos '(int, float, float, float, float, float, float)'
  
C:\Users\Alexi\Documents\Beam Audio Flux\src\interface\core\look_and_feel.cpp(134,27): error C2039: "Aluminum": no es un miembro de "Beam::Theme" [C:\Users\Alexi\Documents\Beam Audio Flux\build\BeamAudioFlux.vcxproj]
      C:\Users\Alexi\Documents\Beam Audio Flux\src\interface\core\theme.hpp(31,7):
      vea la declaración de 'Beam::Theme'
  
C:\Users\Alexi\Documents\Beam Audio Flux\src\interface\core\look_and_feel.cpp(134,27): error C2065: 'Aluminum': identificador no declarado [C:\Users\Alexi\Documents\Beam Audio Flux\build\BeamAudioFlux.vcxproj]
C:\Users\Alexi\Documents\Beam Audio Flux\src\interface\core\look_and_feel.cpp(134,46): error C2039: "Aluminum": no es un miembro de "Beam::Theme" [C:\Users\Alexi\Documents\Beam Audio Flux\build\BeamAudioFlux.vcxproj]
      C:\Users\Alexi\Documents\Beam Audio Flux\src\interface\core\theme.hpp(31,7):
      vea la declaración de 'Beam::Theme'
  
C:\Users\Alexi\Documents\Beam Audio Flux\src\interface\core\look_and_feel.cpp(134,46): error C2065: 'Aluminum': identificador no declarado [C:\Users\Alexi\Documents\Beam Audio Flux\build\BeamAudioFlux.vcxproj]
C:\Users\Alexi\Documents\Beam Audio Flux\src\interface\core\look_and_feel.cpp(134,65): error C2039: "Aluminum": no es un miembro de "Beam::Theme" [C:\Users\Alexi\Documents\Beam Audio Flux\build\BeamAudioFlux.vcxproj]
      C:\Users\Alexi\Documents\Beam Audio Flux\src\interface\core\theme.hpp(31,7):
      vea la declaración de 'Beam::Theme'
  
C:\Users\Alexi\Documents\Beam Audio Flux\src\interface\core\look_and_feel.cpp(134,65): error C2065: 'Aluminum': identificador no declarado [C:\Users\Alexi\Documents\Beam Audio Flux\build\BeamAudioFlux.vcxproj]
C:\Users\Alexi\Documents\Beam Audio Flux\src\interface\core\look_and_feel.cpp(134,65): error C1003: el recuento de errores supera 100; se detiene la compilación [C:\Users\Alexi\Documents\Beam Audio Flux\build\BeamAudioFlux.vcxproj]
  autotune_editor.cpp
C:\Users\Alexi\Documents\Beam Audio Flux\src\interface\widgets\knob.hpp(131,26): error C2039: "KnobStyle": no es un miembro de "Beam::Theme" [C:\Users\Alexi\Documents\Beam Audio Flux\build\BeamAudioFlux.vcxproj]
  (compilando archivo de origen "../src/interface/editors/autotune_editor.cpp")
      C:\Users\Alexi\Documents\Beam Audio Flux\src\interface\core\theme.hpp(31,7):
      vea la declaración de 'Beam::Theme'
  
C:\Users\Alexi\Documents\Beam Audio Flux\src\interface\widgets\knob.hpp(131,26): error C2061: error de sintaxis: identificador 'KnobStyle' [C:\Users\Alexi\Documents\Beam Audio Flux\build\BeamAudioFlux.vcxproj]
  (compilando archivo de origen "../src/interface/editors/autotune_editor.cpp")
  
C:\Users\Alexi\Documents\Beam Audio Flux\src\interface\widgets\knob.hpp(132,12): error C2039: "KnobStyle": no es un miembro de "Beam::Theme" [C:\Users\Alexi\Documents\Beam Audio Flux\build\BeamAudioFlux.vcxproj]
  (compilando archivo de origen "../src/interface/editors/autotune_editor.cpp")
      C:\Users\Alexi\Documents\Beam Audio Flux\src\interface\core\theme.hpp(31,7):
      vea la declaración de 'Beam::Theme'
  
C:\Users\Alexi\Documents\Beam Audio Flux\src\interface\widgets\knob.hpp(132,22): error C3646: 'getStyle': especificador de invalidación desconocido [C:\Users\Alexi\Documents\Beam Audio Flux\build\BeamAudioFlux.vcxproj]
  (compilando archivo de origen "../src/interface/editors/autotune_editor.cpp")
  
C:\Users\Alexi\Documents\Beam Audio Flux\src\interface\widgets\knob.hpp(132,30): error C2059: error de sintaxis: '(' [C:\Users\Alexi\Documents\Beam Audio Flux\build\BeamAudioFlux.vcxproj]
  (compilando archivo de origen "../src/interface/editors/autotune_editor.cpp")
  
C:\Users\Alexi\Documents\Beam Audio Flux\src\interface\widgets\knob.hpp(132,39): error C2334: símbolos (token) inesperados delante de '{'; se pasará por alto el cuerpo de función aparente [C:\Users\Alexi\Documents\Beam Audio Flux\build\BeamAudioFlux.vcxproj]
  (compilando archivo de origen "../src/interface/editors/autotune_editor.cpp")
  
C:\Users\Alexi\Documents\Beam Audio Flux\src\interface\widgets\knob.hpp(146,12): error C2039: "KnobStyle": no es un miembro de "Beam::Theme" [C:\Users\Alexi\Documents\Beam Audio Flux\build\BeamAudioFlux.vcxproj]
  (compilando archivo de origen "../src/interface/editors/autotune_editor.cpp")
      C:\Users\Alexi\Documents\Beam Audio Flux\src\interface\core\theme.hpp(31,7):
      vea la declaración de 'Beam::Theme'
  
C:\Users\Alexi\Documents\Beam Audio Flux\src\interface\widgets\knob.hpp(146,22): error C3646: 'm_style': especificador de invalidación desconocido [C:\Users\Alexi\Documents\Beam Audio Flux\build\BeamAudioFlux.vcxproj]
  (compilando archivo de origen "../src/interface/editors/autotune_editor.cpp")
  
C:\Users\Alexi\Documents\Beam Audio Flux\src\interface\widgets\knob.hpp(146,30): error C2059: error de sintaxis: '=' [C:\Users\Alexi\Documents\Beam Audio Flux\build\BeamAudioFlux.vcxproj]
  (compilando archivo de origen "../src/interface/editors/autotune_editor.cpp")
  
C:\Users\Alexi\Documents\Beam Audio Flux\src\interface\widgets\knob.hpp(146,39): error C3083: 'KnobStyle': el símbolo situado a la izquierda de '::' debe ser un tipo [C:\Users\Alexi\Documents\Beam Audio Flux\build\BeamAudioFlux.vcxproj]
  (compilando archivo de origen "../src/interface/editors/autotune_editor.cpp")
  
C:\Users\Alexi\Documents\Beam Audio Flux\src\interface\widgets\knob.hpp(146,50): error C2039: "ClassicBakelite": no es un miembro de "Beam::Theme" [C:\Users\Alexi\Documents\Beam Audio Flux\build\BeamAudioFlux.vcxproj]
  (compilando archivo de origen "../src/interface/editors/autotune_editor.cpp")
      C:\Users\Alexi\Documents\Beam Audio Flux\src\interface\core\theme.hpp(31,7):
      vea la declaración de 'Beam::Theme'
  
C:\Users\Alexi\Documents\Beam Audio Flux\src\interface\widgets\knob.hpp(146,65): error C2238: símbolos (token) inesperados delante de ';' [C:\Users\Alexi\Documents\Beam Audio Flux\build\BeamAudioFlux.vcxproj]
  (compilando archivo de origen "../src/interface/editors/autotune_editor.cpp")
  
C:\Users\Alexi\Documents\Beam Audio Flux\src\interface\widgets\knob.hpp(131,45): error C2065: 'm_style': identificador no declarado [C:\Users\Alexi\Documents\Beam Audio Flux\build\BeamAudioFlux.vcxproj]
  (compilando archivo de origen "../src/interface/editors/autotune_editor.cpp")
  
C:\Users\Alexi\Documents\Beam Audio Flux\src\interface\widgets\knob.hpp(131,55): error C2065: 'style': identificador no declarado [C:\Users\Alexi\Documents\Beam Audio Flux\build\BeamAudioFlux.vcxproj]
  (compilando archivo de origen "../src/interface/editors/autotune_editor.cpp")
  
C:\Users\Alexi\Documents\Beam Audio Flux\src\interface\widgets\combo_box.hpp(26,76): error C2039: "Bakelite": no es un miembro de "Beam::Theme" [C:\Users\Alexi\Documents\Beam Audio Flux\build\BeamAudioFlux.vcxproj]
  (compilando archivo de origen "../src/interface/editors/autotune_editor.cpp")
      C:\Users\Alexi\Documents\Beam Audio Flux\src\interface\core\theme.hpp(31,7):
      vea la declaración de 'Beam::Theme'
  
C:\Users\Alexi\Documents\Beam Audio Flux\src\interface\widgets\combo_box.hpp(26,76): error C2065: 'Bakelite': identificador no declarado [C:\Users\Alexi\Documents\Beam Audio Flux\build\BeamAudioFlux.vcxproj]
  (compilando archivo de origen "../src/interface/editors/autotune_editor.cpp")
  
C:\Users\Alexi\Documents\Beam Audio Flux\src\interface\widgets\combo_box.hpp(26,95): error C2039: "Bakelite": no es un miembro de "Beam::Theme" [C:\Users\Alexi\Documents\Beam Audio Flux\build\BeamAudioFlux.vcxproj]
  (compilando archivo de origen "../src/interface/editors/autotune_editor.cpp")
      C:\Users\Alexi\Documents\Beam Audio Flux\src\interface\core\theme.hpp(31,7):
      vea la declaración de 'Beam::Theme'
  
C:\Users\Alexi\Documents\Beam Audio Flux\src\interface\widgets\combo_box.hpp(26,95): error C2065: 'Bakelite': identificador no declarado [C:\Users\Alexi\Documents\Beam Audio Flux\build\BeamAudioFlux.vcxproj]
  (compilando archivo de origen "../src/interface/editors/autotune_editor.cpp")
  
C:\Users\Alexi\Documents\Beam Audio Flux\src\interface\widgets\combo_box.hpp(26,114): error C2039: "Bakelite": no es un miembro de "Beam::Theme" [C:\Users\Alexi\Documents\Beam Audio Flux\build\BeamAudioFlux.vcxproj]
  (compilando archivo de origen "../src/interface/editors/autotune_editor.cpp")
      C:\Users\Alexi\Documents\Beam Audio Flux\src\interface\core\theme.hpp(31,7):
      vea la declaración de 'Beam::Theme'
  
C:\Users\Alexi\Documents\Beam Audio Flux\src\interface\widgets\combo_box.hpp(26,114): error C2065: 'Bakelite': identificador no declarado [C:\Users\Alexi\Documents\Beam Audio Flux\build\BeamAudioFlux.vcxproj]
  (compilando archivo de origen "../src/interface/editors/autotune_editor.cpp")
  
C:\Users\Alexi\Documents\Beam Audio Flux\src\interface\widgets\combo_box.hpp(26,11): error C2660: 'Beam::QuadBatcher::drawBeveledRect': la función no acepta 7 argumentos [C:\Users\Alexi\Documents\Beam Audio Flux\build\BeamAudioFlux.vcxproj]
  (compilando archivo de origen "../src/interface/editors/autotune_editor.cpp")
      C:\Users\Alexi\Documents\Beam Audio Flux\src\interface\render\quad_batcher.hpp(57,10):
      vea la declaración de 'Beam::QuadBatcher::drawBeveledRect'
      C:\Users\Alexi\Documents\Beam Audio Flux\src\interface\widgets\combo_box.hpp(26,11):
      al hacer coincidir la lista de argumentos '(int, int, float, float, float, float, float)'
  
C:\Users\Alexi\Documents\Beam Audio Flux\src\interface\widgets\combo_box.hpp(27,76): error C2039: "Emerald": no es un miembro de "Beam::Theme" [C:\Users\Alexi\Documents\Beam Audio Flux\build\BeamAudioFlux.vcxproj]
  (compilando archivo de origen "../src/interface/editors/autotune_editor.cpp")
      C:\Users\Alexi\Documents\Beam Audio Flux\src\interface\core\theme.hpp(31,7):
      vea la declaración de 'Beam::Theme'
  
C:\Users\Alexi\Documents\Beam Audio Flux\src\interface\widgets\combo_box.hpp(27,76): error C2065: 'Emerald': identificador no declarado [C:\Users\Alexi\Documents\Beam Audio Flux\build\BeamAudioFlux.vcxproj]
  (compilando archivo de origen "../src/interface/editors/autotune_editor.cpp")
  
C:\Users\Alexi\Documents\Beam Audio Flux\src\interface\widgets\combo_box.hpp(27,94): error C2039: "Emerald": no es un miembro de "Beam::Theme" [C:\Users\Alexi\Documents\Beam Audio Flux\build\BeamAudioFlux.vcxproj]
  (compilando archivo de origen "../src/interface/editors/autotune_editor.cpp")
      C:\Users\Alexi\Documents\Beam Audio Flux\src\interface\core\theme.hpp(31,7):
      vea la declaración de 'Beam::Theme'
  
C:\Users\Alexi\Documents\Beam Audio Flux\src\interface\widgets\combo_box.hpp(27,94): error C2065: 'Emerald': identificador no declarado [C:\Users\Alexi\Documents\Beam Audio Flux\build\BeamAudioFlux.vcxproj]
  (compilando archivo de origen "../src/interface/editors/autotune_editor.cpp")
  
C:\Users\Alexi\Documents\Beam Audio Flux\src\interface\widgets\combo_box.hpp(27,112): error C2039: "Emerald": no es un miembro de "Beam::Theme" [C:\Users\Alexi\Documents\Beam Audio Flux\build\BeamAudioFlux.vcxproj]
  (compilando archivo de origen "../src/interface/editors/autotune_editor.cpp")
      C:\Users\Alexi\Documents\Beam Audio Flux\src\interface\core\theme.hpp(31,7):
      vea la declaración de 'Beam::Theme'
  
C:\Users\Alexi\Documents\Beam Audio Flux\src\interface\widgets\combo_box.hpp(27,112): error C2065: 'Emerald': identificador no declarado [C:\Users\Alexi\Documents\Beam Audio Flux\build\BeamAudioFlux.vcxproj]
  (compilando archivo de origen "../src/interface/editors/autotune_editor.cpp")
  
C:\Users\Alexi\Documents\Beam Audio Flux\src\interface\widgets\combo_box.hpp(27,11): error C2660: 'Beam::QuadBatcher::drawRoundedRect': la función no acepta 7 argumentos [C:\Users\Alexi\Documents\Beam Audio Flux\build\BeamAudioFlux.vcxproj]
  (compilando archivo de origen "../src/interface/editors/autotune_editor.cpp")
      C:\Users\Alexi\Documents\Beam Audio Flux\src\interface\render\quad_batcher.hpp(45,10):
      vea la declaración de 'Beam::QuadBatcher::drawRoundedRect'
      C:\Users\Alexi\Documents\Beam Audio Flux\src\interface\widgets\combo_box.hpp(27,11):
      al hacer coincidir la lista de argumentos '(int, int, float, float, float, float, float)'
  
C:\Users\Alexi\Documents\Beam Audio Flux\src\interface\widgets\combo_box.hpp(33,64): error C2039: "Emerald": no es un miembro de "Beam::Theme" [C:\Users\Alexi\Documents\Beam Audio Flux\build\BeamAudioFlux.vcxproj]
  (compilando archivo de origen "../src/interface/editors/autotune_editor.cpp")
      C:\Users\Alexi\Documents\Beam Audio Flux\src\interface\core\theme.hpp(31,7):
      vea la declaración de 'Beam::Theme'
  
C:\Users\Alexi\Documents\Beam Audio Flux\src\interface\widgets\combo_box.hpp(33,64): error C2065: 'Emerald': identificador no declarado [C:\Users\Alexi\Documents\Beam Audio Flux\build\BeamAudioFlux.vcxproj]
  (compilando archivo de origen "../src/interface/editors/autotune_editor.cpp")
  
C:\Users\Alexi\Documents\Beam Audio Flux\src\interface\widgets\combo_box.hpp(33,82): error C2039: "Emerald": no es un miembro de "Beam::Theme" [C:\Users\Alexi\Documents\Beam Audio Flux\build\BeamAudioFlux.vcxproj]
  (compilando archivo de origen "../src/interface/editors/autotune_editor.cpp")
      C:\Users\Alexi\Documents\Beam Audio Flux\src\interface\core\theme.hpp(31,7):
      vea la declaración de 'Beam::Theme'
  
C:\Users\Alexi\Documents\Beam Audio Flux\src\interface\widgets\combo_box.hpp(33,82): error C2065: 'Emerald': identificador no declarado [C:\Users\Alexi\Documents\Beam Audio Flux\build\BeamAudioFlux.vcxproj]
  (compilando archivo de origen "../src/interface/editors/autotune_editor.cpp")
  
C:\Users\Alexi\Documents\Beam Audio Flux\src\interface\widgets\combo_box.hpp(33,100): error C2039: "Emerald": no es un miembro de "Beam::Theme" [C:\Users\Alexi\Documents\Beam Audio Flux\build\BeamAudioFlux.vcxproj]
  (compilando archivo de origen "../src/interface/editors/autotune_editor.cpp")
      C:\Users\Alexi\Documents\Beam Audio Flux\src\interface\core\theme.hpp(31,7):
      vea la declaración de 'Beam::Theme'
  
C:\Users\Alexi\Documents\Beam Audio Flux\src\interface\widgets\combo_box.hpp(33,100): error C2065: 'Emerald': identificador no declarado [C:\Users\Alexi\Documents\Beam Audio Flux\build\BeamAudioFlux.vcxproj]
  (compilando archivo de origen "../src/interface/editors/autotune_editor.cpp")
  
C:\Users\Alexi\Documents\Beam Audio Flux\src\interface\widgets\combo_box.hpp(33,19): error C2660: 'Beam::QuadBatcher::drawQuad': la función no acepta 5 argumentos [C:\Users\Alexi\Documents\Beam Audio Flux\build\BeamAudioFlux.vcxproj]
  (compilando archivo de origen "../src/interface/editors/autotune_editor.cpp")
      C:\Users\Alexi\Documents\Beam Audio Flux\src\interface\render\quad_batcher.hpp(33,10):
      vea la declaración de 'Beam::QuadBatcher::drawQuad'
      C:\Users\Alexi\Documents\Beam Audio Flux\src\interface\widgets\combo_box.hpp(33,19):
      al hacer coincidir la lista de argumentos '(int, float, float, float, float)'
  
C:\Users\Alexi\Documents\Beam Audio Flux\src\interface\editors\autotune_editor.cpp(65,35): error C3083: 'KnobStyle': el símbolo situado a la izquierda de '::' debe ser un tipo [C:\Users\Alexi\Documents\Beam Audio Flux\build\BeamAudioFlux.vcxproj]
C:\Users\Alexi\Documents\Beam Audio Flux\src\interface\editors\autotune_editor.cpp(65,46): error C2039: "ModernColored": no es un miembro de "Beam::Theme" [C:\Users\Alexi\Documents\Beam Audio Flux\build\BeamAudioFlux.vcxproj]
      C:\Users\Alexi\Documents\Beam Audio Flux\src\interface\core\theme.hpp(31,7):
      vea la declaración de 'Beam::Theme'
  
C:\Users\Alexi\Documents\Beam Audio Flux\src\interface\editors\autotune_editor.cpp(65,46): error C2065: 'ModernColored': identificador no declarado [C:\Users\Alexi\Documents\Beam Audio Flux\build\BeamAudioFlux.vcxproj]
C:\Users\Alexi\Documents\Beam Audio Flux\src\interface\editors\autotune_editor.cpp(71,37): error C3083: 'KnobStyle': el símbolo situado a la izquierda de '::' debe ser un tipo [C:\Users\Alexi\Documents\Beam Audio Flux\build\BeamAudioFlux.vcxproj]
C:\Users\Alexi\Documents\Beam Audio Flux\src\interface\editors\autotune_editor.cpp(71,48): error C2039: "BrushedAluminum": no es un miembro de "Beam::Theme" [C:\Users\Alexi\Documents\Beam Audio Flux\build\BeamAudioFlux.vcxproj]
      C:\Users\Alexi\Documents\Beam Audio Flux\src\interface\core\theme.hpp(31,7):
      vea la declaración de 'Beam::Theme'
  
C:\Users\Alexi\Documents\Beam Audio Flux\src\interface\editors\autotune_editor.cpp(71,48): error C2065: 'BrushedAluminum': identificador no declarado [C:\Users\Alexi\Documents\Beam Audio Flux\build\BeamAudioFlux.vcxproj]
C:\Users\Alexi\Documents\Beam Audio Flux\src\interface\editors\autotune_editor.cpp(110,83): error C2039: "Emerald": no es un miembro de "Beam::Theme" [C:\Users\Alexi\Documents\Beam Audio Flux\build\BeamAudioFlux.vcxproj]
      C:\Users\Alexi\Documents\Beam Audio Flux\src\interface\core\theme.hpp(31,7):
      vea la declaración de 'Beam::Theme'
  
C:\Users\Alexi\Documents\Beam Audio Flux\src\interface\editors\autotune_editor.cpp(110,83): error C2065: 'Emerald': identificador no declarado [C:\Users\Alexi\Documents\Beam Audio Flux\build\BeamAudioFlux.vcxproj]
C:\Users\Alexi\Documents\Beam Audio Flux\src\interface\editors\autotune_editor.cpp(110,101): error C2039: "Emerald": no es un miembro de "Beam::Theme" [C:\Users\Alexi\Documents\Beam Audio Flux\build\BeamAudioFlux.vcxproj]
      C:\Users\Alexi\Documents\Beam Audio Flux\src\interface\core\theme.hpp(31,7):
      vea la declaración de 'Beam::Theme'
  
C:\Users\Alexi\Documents\Beam Audio Flux\src\interface\editors\autotune_editor.cpp(110,101): error C2065: 'Emerald': identificador no declarado [C:\Users\Alexi\Documents\Beam Audio Flux\build\BeamAudioFlux.vcxproj]
C:\Users\Alexi\Documents\Beam Audio Flux\src\interface\editors\autotune_editor.cpp(110,119): error C2039: "Emerald": no es un miembro de "Beam::Theme" [C:\Users\Alexi\Documents\Beam Audio Flux\build\BeamAudioFlux.vcxproj]
      C:\Users\Alexi\Documents\Beam Audio Flux\src\interface\core\theme.hpp(31,7):
      vea la declaración de 'Beam::Theme'
  
C:\Users\Alexi\Documents\Beam Audio Flux\src\interface\editors\autotune_editor.cpp(110,119): error C2065: 'Emerald': identificador no declarado [C:\Users\Alexi\Documents\Beam Audio Flux\build\BeamAudioFlux.vcxproj]
C:\Users\Alexi\Documents\Beam Audio Flux\src\interface\editors\autotune_editor.cpp(110,7): error C2660: 'Beam::QuadBatcher::drawRoundedRect': la función no acepta 7 argumentos [C:\Users\Alexi\Documents\Beam Audio Flux\build\BeamAudioFlux.vcxproj]
      C:\Users\Alexi\Documents\Beam Audio Flux\src\interface\render\quad_batcher.hpp(45,10):
      vea la declaración de 'Beam::QuadBatcher::drawRoundedRect'
      C:\Users\Alexi\Documents\Beam Audio Flux\src\interface\editors\autotune_editor.cpp(110,7):
      al hacer coincidir la lista de argumentos '(float, float, float, float, float, float, float)'
  
C:\Users\Alexi\Documents\Beam Audio Flux\src\interface\editors\autotune_editor.cpp(137,26): error C2039: "White": no es un miembro de "Beam::Theme" [C:\Users\Alexi\Documents\Beam Audio Flux\build\BeamAudioFlux.vcxproj]
      C:\Users\Alexi\Documents\Beam Audio Flux\src\interface\core\theme.hpp(31,7):
      vea la declaración de 'Beam::Theme'
  
C:\Users\Alexi\Documents\Beam Audio Flux\src\interface\editors\autotune_editor.cpp(137,26): error C2065: 'White': identificador no declarado [C:\Users\Alexi\Documents\Beam Audio Flux\build\BeamAudioFlux.vcxproj]
C:\Users\Alexi\Documents\Beam Audio Flux\src\interface\editors\autotune_editor.cpp(140,26): error C2039: "Emerald": no es un miembro de "Beam::Theme" [C:\Users\Alexi\Documents\Beam Audio Flux\build\BeamAudioFlux.vcxproj]
      C:\Users\Alexi\Documents\Beam Audio Flux\src\interface\core\theme.hpp(31,7):
      vea la declaración de 'Beam::Theme'
  
C:\Users\Alexi\Documents\Beam Audio Flux\src\interface\editors\autotune_editor.cpp(140,26): error C2065: 'Emerald': identificador no declarado [C:\Users\Alexi\Documents\Beam Audio Flux\build\BeamAudioFlux.vcxproj]
C:\Users\Alexi\Documents\Beam Audio Flux\src\interface\editors\autotune_editor.cpp(150,70): error C2039: "Emerald": no es un miembro de "Beam::Theme" [C:\Users\Alexi\Documents\Beam Audio Flux\build\BeamAudioFlux.vcxproj]
      C:\Users\Alexi\Documents\Beam Audio Flux\src\interface\core\theme.hpp(31,7):
      vea la declaración de 'Beam::Theme'
  
C:\Users\Alexi\Documents\Beam Audio Flux\src\interface\editors\autotune_editor.cpp(150,70): error C2065: 'Emerald': identificador no declarado [C:\Users\Alexi\Documents\Beam Audio Flux\build\BeamAudioFlux.vcxproj]
C:\Users\Alexi\Documents\Beam Audio Flux\src\interface\editors\autotune_editor.cpp(150,88): error C2039: "Emerald": no es un miembro de "Beam::Theme" [C:\Users\Alexi\Documents\Beam Audio Flux\build\BeamAudioFlux.vcxproj]
      C:\Users\Alexi\Documents\Beam Audio Flux\src\interface\core\theme.hpp(31,7):
      vea la declaración de 'Beam::Theme'
  
C:\Users\Alexi\Documents\Beam Audio Flux\src\interface\editors\autotune_editor.cpp(150,88): error C2065: 'Emerald': identificador no declarado [C:\Users\Alexi\Documents\Beam Audio Flux\build\BeamAudioFlux.vcxproj]
C:\Users\Alexi\Documents\Beam Audio Flux\src\interface\editors\autotune_editor.cpp(150,106): error C2039: "Emerald": no es un miembro de "Beam::Theme" [C:\Users\Alexi\Documents\Beam Audio Flux\build\BeamAudioFlux.vcxproj]
      C:\Users\Alexi\Documents\Beam Audio Flux\src\interface\core\theme.hpp(31,7):
      vea la declaración de 'Beam::Theme'
  
C:\Users\Alexi\Documents\Beam Audio Flux\src\interface\editors\autotune_editor.cpp(150,106): error C2065: 'Emerald': identificador no declarado [C:\Users\Alexi\Documents\Beam Audio Flux\build\BeamAudioFlux.vcxproj]
C:\Users\Alexi\Documents\Beam Audio Flux\src\interface\editors\autotune_editor.cpp(150,11): error C2660: 'Beam::QuadBatcher::drawRoundedRect': la función no acepta 7 argumentos [C:\Users\Alexi\Documents\Beam Audio Flux\build\BeamAudioFlux.vcxproj]
      C:\Users\Alexi\Documents\Beam Audio Flux\src\interface\render\quad_batcher.hpp(45,10):
      vea la declaración de 'Beam::QuadBatcher::drawRoundedRect'
      C:\Users\Alexi\Documents\Beam Audio Flux\src\interface\editors\autotune_editor.cpp(150,11):
      al hacer coincidir la lista de argumentos '(float, float, int, int, int, float, float)'
  
  filter_editor.cpp
C:\Users\Alexi\Documents\Beam Audio Flux\src\interface\editors\filter_graph.hpp(22,82): error C2039: "Black": no es un miembro de "Beam::Theme" [C:\Users\Alexi\Documents\Beam Audio Flux\build\BeamAudioFlux.vcxproj]
  (compilando archivo de origen "../src/interface/editors/filter_editor.cpp")
      C:\Users\Alexi\Documents\Beam Audio Flux\src\interface\core\theme.hpp(31,7):
      vea la declaración de 'Beam::Theme'
  
C:\Users\Alexi\Documents\Beam Audio Flux\src\interface\editors\filter_graph.hpp(22,82): error C2065: 'Black': identificador no declarado [C:\Users\Alexi\Documents\Beam Audio Flux\build\BeamAudioFlux.vcxproj]
  (compilando archivo de origen "../src/interface/editors/filter_editor.cpp")
  
C:\Users\Alexi\Documents\Beam Audio Flux\src\interface\editors\filter_graph.hpp(22,98): error C2039: "Black": no es un miembro de "Beam::Theme" [C:\Users\Alexi\Documents\Beam Audio Flux\build\BeamAudioFlux.vcxproj]
  (compilando archivo de origen "../src/interface/editors/filter_editor.cpp")
      C:\Users\Alexi\Documents\Beam Audio Flux\src\interface\core\theme.hpp(31,7):
      vea la declaración de 'Beam::Theme'
  
C:\Users\Alexi\Documents\Beam Audio Flux\src\interface\editors\filter_graph.hpp(22,98): error C2065: 'Black': identificador no declarado [C:\Users\Alexi\Documents\Beam Audio Flux\build\BeamAudioFlux.vcxproj]
  (compilando archivo de origen "../src/interface/editors/filter_editor.cpp")
  
C:\Users\Alexi\Documents\Beam Audio Flux\src\interface\editors\filter_graph.hpp(22,114): error C2039: "Black": no es un miembro de "Beam::Theme" [C:\Users\Alexi\Documents\Beam Audio Flux\build\BeamAudioFlux.vcxproj]
  (compilando archivo de origen "../src/interface/editors/filter_editor.cpp")
      C:\Users\Alexi\Documents\Beam Audio Flux\src\interface\core\theme.hpp(31,7):
      vea la declaración de 'Beam::Theme'
  
C:\Users\Alexi\Documents\Beam Audio Flux\src\interface\editors\filter_graph.hpp(22,114): error C2065: 'Black': identificador no declarado [C:\Users\Alexi\Documents\Beam Audio Flux\build\BeamAudioFlux.vcxproj]
  (compilando archivo de origen "../src/interface/editors/filter_editor.cpp")
  
C:\Users\Alexi\Documents\Beam Audio Flux\src\interface\editors\filter_graph.hpp(22,17): error C2660: 'Beam::QuadBatcher::drawRoundedRect': la función no acepta 7 argumentos [C:\Users\Alexi\Documents\Beam Audio Flux\build\BeamAudioFlux.vcxproj]
  (compilando archivo de origen "../src/interface/editors/filter_editor.cpp")
      C:\Users\Alexi\Documents\Beam Audio Flux\src\interface\render\quad_batcher.hpp(45,10):
      vea la declaración de 'Beam::QuadBatcher::drawRoundedRect'
      C:\Users\Alexi\Documents\Beam Audio Flux\src\interface\editors\filter_graph.hpp(22,17):
      al hacer coincidir la lista de argumentos '(int, int, float, float, float, float, float)'
  
C:\Users\Alexi\Documents\Beam Audio Flux\src\interface\editors\filter_graph.hpp(46,48): error C2039: "Emerald": no es un miembro de "Beam::Theme" [C:\Users\Alexi\Documents\Beam Audio Flux\build\BeamAudioFlux.vcxproj]
  (compilando archivo de origen "../src/interface/editors/filter_editor.cpp")
      C:\Users\Alexi\Documents\Beam Audio Flux\src\interface\core\theme.hpp(31,7):
      vea la declaración de 'Beam::Theme'
  
C:\Users\Alexi\Documents\Beam Audio Flux\src\interface\editors\filter_graph.hpp(46,48): error C2065: 'Emerald': identificador no declarado [C:\Users\Alexi\Documents\Beam Audio Flux\build\BeamAudioFlux.vcxproj]
  (compilando archivo de origen "../src/interface/editors/filter_editor.cpp")
  
C:\Users\Alexi\Documents\Beam Audio Flux\src\interface\editors\filter_graph.hpp(46,66): error C2039: "Emerald": no es un miembro de "Beam::Theme" [C:\Users\Alexi\Documents\Beam Audio Flux\build\BeamAudioFlux.vcxproj]
  (compilando archivo de origen "../src/interface/editors/filter_editor.cpp")
      C:\Users\Alexi\Documents\Beam Audio Flux\src\interface\core\theme.hpp(31,7):
      vea la declaración de 'Beam::Theme'
  
C:\Users\Alexi\Documents\Beam Audio Flux\src\interface\editors\filter_graph.hpp(46,66): error C2065: 'Emerald': identificador no declarado [C:\Users\Alexi\Documents\Beam Audio Flux\build\BeamAudioFlux.vcxproj]
  (compilando archivo de origen "../src/interface/editors/filter_editor.cpp")
  
C:\Users\Alexi\Documents\Beam Audio Flux\src\interface\editors\filter_graph.hpp(46,84): error C2039: "Emerald": no es un miembro de "Beam::Theme" [C:\Users\Alexi\Documents\Beam Audio Flux\build\BeamAudioFlux.vcxproj]
  (compilando archivo de origen "../src/interface/editors/filter_editor.cpp")
      C:\Users\Alexi\Documents\Beam Audio Flux\src\interface\core\theme.hpp(31,7):
      vea la declaración de 'Beam::Theme'
  
C:\Users\Alexi\Documents\Beam Audio Flux\src\interface\editors\filter_graph.hpp(46,84): error C2065: 'Emerald': identificador no declarado [C:\Users\Alexi\Documents\Beam Audio Flux\build\BeamAudioFlux.vcxproj]
  (compilando archivo de origen "../src/interface/editors/filter_editor.cpp")
  
C:\Users\Alexi\Documents\Beam Audio Flux\src\interface\editors\filter_graph.hpp(46,17): error C2660: 'Beam::QuadBatcher::drawCurve': la función no acepta 3 argumentos [C:\Users\Alexi\Documents\Beam Audio Flux\build\BeamAudioFlux.vcxproj]
  (compilando archivo de origen "../src/interface/editors/filter_editor.cpp")
      C:\Users\Alexi\Documents\Beam Audio Flux\src\interface\render\quad_batcher.hpp(84,10):
      vea la declaración de 'Beam::QuadBatcher::drawCurve'
      C:\Users\Alexi\Documents\Beam Audio Flux\src\interface\editors\filter_graph.hpp(46,17):
      al hacer coincidir la lista de argumentos '(std::vector<std::pair<float,float>,std::allocator<std::pair<float,float>>>, float, float)'
  
  spectrum_module.cpp
C:\Users\Alexi\Documents\Beam Audio Flux\src\interface\widgets\knob.hpp(131,26): error C2039: "KnobStyle": no es un miembro de "Beam::Theme" [C:\Users\Alexi\Documents\Beam Audio Flux\build\BeamAudioFlux.vcxproj]
  (compilando archivo de origen "../src/interface/editors/spectrum_module.cpp")
      C:\Users\Alexi\Documents\Beam Audio Flux\src\interface\core\theme.hpp(31,7):
      vea la declaración de 'Beam::Theme'
  
C:\Users\Alexi\Documents\Beam Audio Flux\src\interface\widgets\knob.hpp(131,26): error C2061: error de sintaxis: identificador 'KnobStyle' [C:\Users\Alexi\Documents\Beam Audio Flux\build\BeamAudioFlux.vcxproj]
  (compilando archivo de origen "../src/interface/editors/spectrum_module.cpp")
  
C:\Users\Alexi\Documents\Beam Audio Flux\src\interface\widgets\knob.hpp(132,12): error C2039: "KnobStyle": no es un miembro de "Beam::Theme" [C:\Users\Alexi\Documents\Beam Audio Flux\build\BeamAudioFlux.vcxproj]
  (compilando archivo de origen "../src/interface/editors/spectrum_module.cpp")
      C:\Users\Alexi\Documents\Beam Audio Flux\src\interface\core\theme.hpp(31,7):
      vea la declaración de 'Beam::Theme'
  
C:\Users\Alexi\Documents\Beam Audio Flux\src\interface\widgets\knob.hpp(132,22): error C3646: 'getStyle': especificador de invalidación desconocido [C:\Users\Alexi\Documents\Beam Audio Flux\build\BeamAudioFlux.vcxproj]
  (compilando archivo de origen "../src/interface/editors/spectrum_module.cpp")
  
C:\Users\Alexi\Documents\Beam Audio Flux\src\interface\widgets\knob.hpp(132,30): error C2059: error de sintaxis: '(' [C:\Users\Alexi\Documents\Beam Audio Flux\build\BeamAudioFlux.vcxproj]
  (compilando archivo de origen "../src/interface/editors/spectrum_module.cpp")
  
C:\Users\Alexi\Documents\Beam Audio Flux\src\interface\widgets\knob.hpp(132,39): error C2334: símbolos (token) inesperados delante de '{'; se pasará por alto el cuerpo de función aparente [C:\Users\Alexi\Documents\Beam Audio Flux\build\BeamAudioFlux.vcxproj]
  (compilando archivo de origen "../src/interface/editors/spectrum_module.cpp")
  
C:\Users\Alexi\Documents\Beam Audio Flux\src\interface\widgets\knob.hpp(146,12): error C2039: "KnobStyle": no es un miembro de "Beam::Theme" [C:\Users\Alexi\Documents\Beam Audio Flux\build\BeamAudioFlux.vcxproj]
  (compilando archivo de origen "../src/interface/editors/spectrum_module.cpp")
      C:\Users\Alexi\Documents\Beam Audio Flux\src\interface\core\theme.hpp(31,7):
      vea la declaración de 'Beam::Theme'
  
C:\Users\Alexi\Documents\Beam Audio Flux\src\interface\widgets\knob.hpp(146,22): error C3646: 'm_style': especificador de invalidación desconocido [C:\Users\Alexi\Documents\Beam Audio Flux\build\BeamAudioFlux.vcxproj]
  (compilando archivo de origen "../src/interface/editors/spectrum_module.cpp")
  
C:\Users\Alexi\Documents\Beam Audio Flux\src\interface\widgets\knob.hpp(146,30): error C2059: error de sintaxis: '=' [C:\Users\Alexi\Documents\Beam Audio Flux\build\BeamAudioFlux.vcxproj]
  (compilando archivo de origen "../src/interface/editors/spectrum_module.cpp")
  
C:\Users\Alexi\Documents\Beam Audio Flux\src\interface\widgets\knob.hpp(146,39): error C3083: 'KnobStyle': el símbolo situado a la izquierda de '::' debe ser un tipo [C:\Users\Alexi\Documents\Beam Audio Flux\build\BeamAudioFlux.vcxproj]
  (compilando archivo de origen "../src/interface/editors/spectrum_module.cpp")
  
C:\Users\Alexi\Documents\Beam Audio Flux\src\interface\widgets\knob.hpp(146,50): error C2039: "ClassicBakelite": no es un miembro de "Beam::Theme" [C:\Users\Alexi\Documents\Beam Audio Flux\build\BeamAudioFlux.vcxproj]
  (compilando archivo de origen "../src/interface/editors/spectrum_module.cpp")
      C:\Users\Alexi\Documents\Beam Audio Flux\src\interface\core\theme.hpp(31,7):
      vea la declaración de 'Beam::Theme'
  
C:\Users\Alexi\Documents\Beam Audio Flux\src\interface\widgets\knob.hpp(146,65): error C2238: símbolos (token) inesperados delante de ';' [C:\Users\Alexi\Documents\Beam Audio Flux\build\BeamAudioFlux.vcxproj]
  (compilando archivo de origen "../src/interface/editors/spectrum_module.cpp")
  
C:\Users\Alexi\Documents\Beam Audio Flux\src\interface\widgets\knob.hpp(131,45): error C2065: 'm_style': identificador no declarado [C:\Users\Alexi\Documents\Beam Audio Flux\build\BeamAudioFlux.vcxproj]
  (compilando archivo de origen "../src/interface/editors/spectrum_module.cpp")
  
C:\Users\Alexi\Documents\Beam Audio Flux\src\interface\widgets\knob.hpp(131,55): error C2065: 'style': identificador no declarado [C:\Users\Alexi\Documents\Beam Audio Flux\build\BeamAudioFlux.vcxproj]
  (compilando archivo de origen "../src/interface/editors/spectrum_module.cpp")
  
C:\Users\Alexi\Documents\Beam Audio Flux\src\interface\widgets\combo_box.hpp(26,76): error C2039: "Bakelite": no es un miembro de "Beam::Theme" [C:\Users\Alexi\Documents\Beam Audio Flux\build\BeamAudioFlux.vcxproj]
  (compilando archivo de origen "../src/interface/editors/spectrum_module.cpp")
      C:\Users\Alexi\Documents\Beam Audio Flux\src\interface\core\theme.hpp(31,7):
      vea la declaración de 'Beam::Theme'
  
C:\Users\Alexi\Documents\Beam Audio Flux\src\interface\widgets\combo_box.hpp(26,76): error C2065: 'Bakelite': identificador no declarado [C:\Users\Alexi\Documents\Beam Audio Flux\build\BeamAudioFlux.vcxproj]
  (compilando archivo de origen "../src/interface/editors/spectrum_module.cpp")
  
C:\Users\Alexi\Documents\Beam Audio Flux\src\interface\widgets\combo_box.hpp(26,95): error C2039: "Bakelite": no es un miembro de "Beam::Theme" [C:\Users\Alexi\Documents\Beam Audio Flux\build\BeamAudioFlux.vcxproj]
  (compilando archivo de origen "../src/interface/editors/spectrum_module.cpp")
      C:\Users\Alexi\Documents\Beam Audio Flux\src\interface\core\theme.hpp(31,7):
      vea la declaración de 'Beam::Theme'
  
C:\Users\Alexi\Documents\Beam Audio Flux\src\interface\widgets\combo_box.hpp(26,95): error C2065: 'Bakelite': identificador no declarado [C:\Users\Alexi\Documents\Beam Audio Flux\build\BeamAudioFlux.vcxproj]
  (compilando archivo de origen "../src/interface/editors/spectrum_module.cpp")
  
C:\Users\Alexi\Documents\Beam Audio Flux\src\interface\widgets\combo_box.hpp(26,114): error C2039: "Bakelite": no es un miembro de "Beam::Theme" [C:\Users\Alexi\Documents\Beam Audio Flux\build\BeamAudioFlux.vcxproj]
  (compilando archivo de origen "../src/interface/editors/spectrum_module.cpp")
      C:\Users\Alexi\Documents\Beam Audio Flux\src\interface\core\theme.hpp(31,7):
      vea la declaración de 'Beam::Theme'
  
C:\Users\Alexi\Documents\Beam Audio Flux\src\interface\widgets\combo_box.hpp(26,114): error C2065: 'Bakelite': identificador no declarado [C:\Users\Alexi\Documents\Beam Audio Flux\build\BeamAudioFlux.vcxproj]
  (compilando archivo de origen "../src/interface/editors/spectrum_module.cpp")
  
C:\Users\Alexi\Documents\Beam Audio Flux\src\interface\widgets\combo_box.hpp(26,11): error C2660: 'Beam::QuadBatcher::drawBeveledRect': la función no acepta 7 argumentos [C:\Users\Alexi\Documents\Beam Audio Flux\build\BeamAudioFlux.vcxproj]
  (compilando archivo de origen "../src/interface/editors/spectrum_module.cpp")
      C:\Users\Alexi\Documents\Beam Audio Flux\src\interface\render\quad_batcher.hpp(57,10):
      vea la declaración de 'Beam::QuadBatcher::drawBeveledRect'
      C:\Users\Alexi\Documents\Beam Audio Flux\src\interface\widgets\combo_box.hpp(26,11):
      al hacer coincidir la lista de argumentos '(int, int, float, float, float, float, float)'
  
C:\Users\Alexi\Documents\Beam Audio Flux\src\interface\widgets\combo_box.hpp(27,76): error C2039: "Emerald": no es un miembro de "Beam::Theme" [C:\Users\Alexi\Documents\Beam Audio Flux\build\BeamAudioFlux.vcxproj]
  (compilando archivo de origen "../src/interface/editors/spectrum_module.cpp")
      C:\Users\Alexi\Documents\Beam Audio Flux\src\interface\core\theme.hpp(31,7):
      vea la declaración de 'Beam::Theme'
  
C:\Users\Alexi\Documents\Beam Audio Flux\src\interface\widgets\combo_box.hpp(27,76): error C2065: 'Emerald': identificador no declarado [C:\Users\Alexi\Documents\Beam Audio Flux\build\BeamAudioFlux.vcxproj]
  (compilando archivo de origen "../src/interface/editors/spectrum_module.cpp")
  
C:\Users\Alexi\Documents\Beam Audio Flux\src\interface\widgets\combo_box.hpp(27,94): error C2039: "Emerald": no es un miembro de "Beam::Theme" [C:\Users\Alexi\Documents\Beam Audio Flux\build\BeamAudioFlux.vcxproj]
  (compilando archivo de origen "../src/interface/editors/spectrum_module.cpp")
      C:\Users\Alexi\Documents\Beam Audio Flux\src\interface\core\theme.hpp(31,7):
      vea la declaración de 'Beam::Theme'
  
C:\Users\Alexi\Documents\Beam Audio Flux\src\interface\widgets\combo_box.hpp(27,94): error C2065: 'Emerald': identificador no declarado [C:\Users\Alexi\Documents\Beam Audio Flux\build\BeamAudioFlux.vcxproj]
  (compilando archivo de origen "../src/interface/editors/spectrum_module.cpp")
  
C:\Users\Alexi\Documents\Beam Audio Flux\src\interface\widgets\combo_box.hpp(27,112): error C2039: "Emerald": no es un miembro de "Beam::Theme" [C:\Users\Alexi\Documents\Beam Audio Flux\build\BeamAudioFlux.vcxproj]
  (compilando archivo de origen "../src/interface/editors/spectrum_module.cpp")
      C:\Users\Alexi\Documents\Beam Audio Flux\src\interface\core\theme.hpp(31,7):
      vea la declaración de 'Beam::Theme'
  
C:\Users\Alexi\Documents\Beam Audio Flux\src\interface\widgets\combo_box.hpp(27,112): error C2065: 'Emerald': identificador no declarado [C:\Users\Alexi\Documents\Beam Audio Flux\build\BeamAudioFlux.vcxproj]
  (compilando archivo de origen "../src/interface/editors/spectrum_module.cpp")
  
C:\Users\Alexi\Documents\Beam Audio Flux\src\interface\widgets\combo_box.hpp(27,11): error C2660: 'Beam::QuadBatcher::drawRoundedRect': la función no acepta 7 argumentos [C:\Users\Alexi\Documents\Beam Audio Flux\build\BeamAudioFlux.vcxproj]
  (compilando archivo de origen "../src/interface/editors/spectrum_module.cpp")
      C:\Users\Alexi\Documents\Beam Audio Flux\src\interface\render\quad_batcher.hpp(45,10):
      vea la declaración de 'Beam::QuadBatcher::drawRoundedRect'
      C:\Users\Alexi\Documents\Beam Audio Flux\src\interface\widgets\combo_box.hpp(27,11):
      al hacer coincidir la lista de argumentos '(int, int, float, float, float, float, float)'
  
C:\Users\Alexi\Documents\Beam Audio Flux\src\interface\widgets\combo_box.hpp(33,64): error C2039: "Emerald": no es un miembro de "Beam::Theme" [C:\Users\Alexi\Documents\Beam Audio Flux\build\BeamAudioFlux.vcxproj]
  (compilando archivo de origen "../src/interface/editors/spectrum_module.cpp")
      C:\Users\Alexi\Documents\Beam Audio Flux\src\interface\core\theme.hpp(31,7):
      vea la declaración de 'Beam::Theme'
  
C:\Users\Alexi\Documents\Beam Audio Flux\src\interface\widgets\combo_box.hpp(33,64): error C2065: 'Emerald': identificador no declarado [C:\Users\Alexi\Documents\Beam Audio Flux\build\BeamAudioFlux.vcxproj]
  (compilando archivo de origen "../src/interface/editors/spectrum_module.cpp")
  
C:\Users\Alexi\Documents\Beam Audio Flux\src\interface\widgets\combo_box.hpp(33,82): error C2039: "Emerald": no es un miembro de "Beam::Theme" [C:\Users\Alexi\Documents\Beam Audio Flux\build\BeamAudioFlux.vcxproj]
  (compilando archivo de origen "../src/interface/editors/spectrum_module.cpp")
      C:\Users\Alexi\Documents\Beam Audio Flux\src\interface\core\theme.hpp(31,7):
      vea la declaración de 'Beam::Theme'
  
C:\Users\Alexi\Documents\Beam Audio Flux\src\interface\widgets\combo_box.hpp(33,82): error C2065: 'Emerald': identificador no declarado [C:\Users\Alexi\Documents\Beam Audio Flux\build\BeamAudioFlux.vcxproj]
  (compilando archivo de origen "../src/interface/editors/spectrum_module.cpp")
  
C:\Users\Alexi\Documents\Beam Audio Flux\src\interface\widgets\combo_box.hpp(33,100): error C2039: "Emerald": no es un miembro de "Beam::Theme" [C:\Users\Alexi\Documents\Beam Audio Flux\build\BeamAudioFlux.vcxproj]
  (compilando archivo de origen "../src/interface/editors/spectrum_module.cpp")
      C:\Users\Alexi\Documents\Beam Audio Flux\src\interface\core\theme.hpp(31,7):
      vea la declaración de 'Beam::Theme'
  
C:\Users\Alexi\Documents\Beam Audio Flux\src\interface\widgets\combo_box.hpp(33,100): error C2065: 'Emerald': identificador no declarado [C:\Users\Alexi\Documents\Beam Audio Flux\build\BeamAudioFlux.vcxproj]
  (compilando archivo de origen "../src/interface/editors/spectrum_module.cpp")
  
C:\Users\Alexi\Documents\Beam Audio Flux\src\interface\widgets\combo_box.hpp(33,19): error C2660: 'Beam::QuadBatcher::drawQuad': la función no acepta 5 argumentos [C:\Users\Alexi\Documents\Beam Audio Flux\build\BeamAudioFlux.vcxproj]
  (compilando archivo de origen "../src/interface/editors/spectrum_module.cpp")
      C:\Users\Alexi\Documents\Beam Audio Flux\src\interface\render\quad_batcher.hpp(33,10):
      vea la declaración de 'Beam::QuadBatcher::drawQuad'
      C:\Users\Alexi\Documents\Beam Audio Flux\src\interface\widgets\combo_box.hpp(33,19):
      al hacer coincidir la lista de argumentos '(int, float, float, float, float)'
  
C:\Users\Alexi\Documents\Beam Audio Flux\src\interface\editors\generic_node_editor.hpp(188,31): error C2039: "Bakelite": no es un miembro de "Beam::Theme" [C:\Users\Alexi\Documents\Beam Audio Flux\build\BeamAudioFlux.vcxproj]
  (compilando archivo de origen "../src/interface/editors/spectrum_module.cpp")
      C:\Users\Alexi\Documents\Beam Audio Flux\src\interface\core\theme.hpp(31,7):
      vea la declaración de 'Beam::Theme'
  
C:\Users\Alexi\Documents\Beam Audio Flux\src\interface\editors\generic_node_editor.hpp(188,31): error C2065: 'Bakelite': identificador no declarado [C:\Users\Alexi\Documents\Beam Audio Flux\build\BeamAudioFlux.vcxproj]
  (compilando archivo de origen "../src/interface/editors/spectrum_module.cpp")
  
C:\Users\Alexi\Documents\Beam Audio Flux\src\interface\modules\audio_module.hpp(235,24): error C2248: 'Beam::VSTExternalEditor::closeWindow': no se puede obtener acceso al miembro private miembro declarado en la clase 'Beam::VSTExternalEditor' [C:\Users\Alexi\Documents\Beam Audio Flux\build\BeamAudioFlux.vcxproj]
  (compilando archivo de origen "../src/interface/editors/spectrum_module.cpp")
      C:\Users\Alexi\Documents\Beam Audio Flux\src\interface\editors\vst_external_editor.hpp(47,10):
      vea la declaración de 'Beam::VSTExternalEditor::closeWindow'
      C:\Users\Alexi\Documents\Beam Audio Flux\src\interface\editors\vst_external_editor.hpp(23,7):
      vea la declaración de 'Beam::VSTExternalEditor'
  
  vst_external_editor.cpp
C:\Users\Alexi\Documents\Beam Audio Flux\src\engine\hosting\vst3_utils.hpp(23,35): error C3668: 'Beam::HostAttributeList::setInteger': el método con el especificador de invalidación 'override' no invalidó ningún método de clase base [C:\Users\Alexi\Documents\Beam Audio Flux\build\BeamAudioFlux.vcxproj]
  (compilando archivo de origen "../src/interface/editors/vst_external_editor.cpp")
  
C:\Users\Alexi\Documents\Beam Audio Flux\src\engine\hosting\vst3_utils.hpp(24,35): error C3668: 'Beam::HostAttributeList::getInteger': el método con el especificador de invalidación 'override' no invalidó ningún método de clase base [C:\Users\Alexi\Documents\Beam Audio Flux\build\BeamAudioFlux.vcxproj]
  (compilando archivo de origen "../src/interface/editors/vst_external_editor.cpp")
  
C:\Users\Alexi\Documents\Beam Audio Flux\src\engine\hosting\vst3_utils.hpp(56,38): error C2259: "Beam::HostAttributeList": no se puede crear una instancia de una clase abstract [C:\Users\Alexi\Documents\Beam Audio Flux\build\BeamAudioFlux.vcxproj]
  (compilando archivo de origen "../src/interface/editors/vst_external_editor.cpp")
      C:\Users\Alexi\Documents\Beam Audio Flux\src\engine\hosting\vst3_utils.hpp(21,7):
      vea la declaración de 'Beam::HostAttributeList'
      C:\Users\Alexi\Documents\Beam Audio Flux\src\engine\hosting\vst3_utils.hpp(56,38):
      debido a los siguientes miembros:
      C:\Users\Alexi\Documents\Beam Audio Flux\src\engine\hosting\vst3_utils.hpp(56,38):
      'Steinberg::tresult Steinberg::Vst::IAttributeList::setInt(Steinberg::Vst::IAttributeList::AttrID,Steinberg::int64)': es abstracto
      C:\Users\Alexi\Documents\Beam Audio Flux\third_party\vst3sdk\pluginterfaces\vst\ivstattributes.h(48,29):
      vea la declaración de 'Steinberg::Vst::IAttributeList::setInt'
      C:\Users\Alexi\Documents\Beam Audio Flux\src\engine\hosting\vst3_utils.hpp(56,38):
      'Steinberg::tresult Steinberg::Vst::IAttributeList::getInt(Steinberg::Vst::IAttributeList::AttrID,Steinberg::int64 &)': es abstracto
      C:\Users\Alexi\Documents\Beam Audio Flux\third_party\vst3sdk\pluginterfaces\vst\ivstattributes.h(51,29):
      vea la declaración de 'Steinberg::Vst::IAttributeList::getInt'
  
C:\Users\Alexi\Documents\Beam Audio Flux\src\engine\hosting\vst3_utils.hpp(56,55): error C2259: "Beam::HostAttributeList": no se puede crear una instancia de una clase abstract [C:\Users\Alexi\Documents\Beam Audio Flux\build\BeamAudioFlux.vcxproj]
  (compilando archivo de origen "../src/interface/editors/vst_external_editor.cpp")
      C:\Users\Alexi\Documents\Beam Audio Flux\src\engine\hosting\vst3_utils.hpp(21,7):
      vea la declaración de 'Beam::HostAttributeList'
      C:\Users\Alexi\Documents\Beam Audio Flux\src\engine\hosting\vst3_utils.hpp(56,55):
      debido a los siguientes miembros:
      C:\Users\Alexi\Documents\Beam Audio Flux\src\engine\hosting\vst3_utils.hpp(56,55):
      'Steinberg::tresult Steinberg::Vst::IAttributeList::setInt(Steinberg::Vst::IAttributeList::AttrID,Steinberg::int64)': es abstracto
      C:\Users\Alexi\Documents\Beam Audio Flux\third_party\vst3sdk\pluginterfaces\vst\ivstattributes.h(48,29):
      vea la declaración de 'Steinberg::Vst::IAttributeList::setInt'
      C:\Users\Alexi\Documents\Beam Audio Flux\src\engine\hosting\vst3_utils.hpp(56,55):
      'Steinberg::tresult Steinberg::Vst::IAttributeList::getInt(Steinberg::Vst::IAttributeList::AttrID,Steinberg::int64 &)': es abstracto
      C:\Users\Alexi\Documents\Beam Audio Flux\third_party\vst3sdk\pluginterfaces\vst\ivstattributes.h(51,29):
      vea la declaración de 'Steinberg::Vst::IAttributeList::getInt'
  
C:\Program Files (x86)\Windows Kits\10\Include\10.0.22621.0\um\objidl.h(157,19): error C2371: 'Beam::IRpcChannelBuffer': nueva definición; tipos básicos distintos [C:\Users\Alexi\Documents\Beam Audio Flux\build\BeamAudioFlux.vcxproj]
  (compilando archivo de origen "../src/interface/editors/vst_external_editor.cpp")
      C:\Program Files (x86)\Windows Kits\10\Include\10.0.22621.0\um\combaseapi.h(328,41):
      vea la declaración de 'Beam::IRpcChannelBuffer'
  
C:\Program Files (x86)\Windows Kits\10\Include\10.0.22621.0\um\objidl.h(199,19): error C2371: 'Beam::IRpcStubBuffer': nueva definición; tipos básicos distintos [C:\Users\Alexi\Documents\Beam Audio Flux\build\BeamAudioFlux.vcxproj]
  (compilando archivo de origen "../src/interface/editors/vst_external_editor.cpp")
      C:\Program Files (x86)\Windows Kits\10\Include\10.0.22621.0\um\combaseapi.h(327,41):
      vea la declaración de 'Beam::IRpcStubBuffer'
  
C:\Program Files (x86)\Windows Kits\10\Include\10.0.22621.0\um\objidl.h(2672,5): error C2371: 'Beam::IStream': nueva definición; tipos básicos distintos [C:\Users\Alexi\Documents\Beam Audio Flux\build\BeamAudioFlux.vcxproj]
  (compilando archivo de origen "../src/interface/editors/vst_external_editor.cpp")
      C:\Program Files (x86)\Windows Kits\10\Include\10.0.22621.0\um\objidl.h(150,27):
      vea la declaración de 'Beam::IStream'
  
C:\Program Files (x86)\Windows Kits\10\Include\10.0.22621.0\um\objidl.h(3099,33): error C2504: 'Beam::IRpcChannelBuffer': clase base sin definir [C:\Users\Alexi\Documents\Beam Audio Flux\build\BeamAudioFlux.vcxproj]
  (compilando archivo de origen "../src/interface/editors/vst_external_editor.cpp")
  
C:\Program Files (x86)\Windows Kits\10\Include\10.0.22621.0\um\objidl.h(8203,32): error C2504: 'IStream': clase base sin definir [C:\Users\Alexi\Documents\Beam Audio Flux\build\BeamAudioFlux.vcxproj]
  (compilando archivo de origen "../src/interface/editors/vst_external_editor.cpp")
  
  audio_module.cpp
C:\Users\Alexi\Documents\Beam Audio Flux\src\interface\widgets\knob.hpp(131,26): error C2039: "KnobStyle": no es un miembro de "Beam::Theme" [C:\Users\Alexi\Documents\Beam Audio Flux\build\BeamAudioFlux.vcxproj]
  (compilando archivo de origen "../src/interface/modules/audio_module.cpp")
      C:\Users\Alexi\Documents\Beam Audio Flux\src\interface\core\theme.hpp(31,7):
      vea la declaración de 'Beam::Theme'
  
C:\Users\Alexi\Documents\Beam Audio Flux\src\interface\widgets\knob.hpp(131,26): error C2061: error de sintaxis: identificador 'KnobStyle' [C:\Users\Alexi\Documents\Beam Audio Flux\build\BeamAudioFlux.vcxproj]
  (compilando archivo de origen "../src/interface/modules/audio_module.cpp")
  
C:\Users\Alexi\Documents\Beam Audio Flux\src\interface\widgets\knob.hpp(132,12): error C2039: "KnobStyle": no es un miembro de "Beam::Theme" [C:\Users\Alexi\Documents\Beam Audio Flux\build\BeamAudioFlux.vcxproj]
  (compilando archivo de origen "../src/interface/modules/audio_module.cpp")
      C:\Users\Alexi\Documents\Beam Audio Flux\src\interface\core\theme.hpp(31,7):
      vea la declaración de 'Beam::Theme'
  
C:\Users\Alexi\Documents\Beam Audio Flux\src\interface\widgets\knob.hpp(132,22): error C3646: 'getStyle': especificador de invalidación desconocido [C:\Users\Alexi\Documents\Beam Audio Flux\build\BeamAudioFlux.vcxproj]
  (compilando archivo de origen "../src/interface/modules/audio_module.cpp")
  
C:\Users\Alexi\Documents\Beam Audio Flux\src\interface\widgets\knob.hpp(132,30): error C2059: error de sintaxis: '(' [C:\Users\Alexi\Documents\Beam Audio Flux\build\BeamAudioFlux.vcxproj]
  (compilando archivo de origen "../src/interface/modules/audio_module.cpp")
  
C:\Users\Alexi\Documents\Beam Audio Flux\src\interface\widgets\knob.hpp(132,39): error C2334: símbolos (token) inesperados delante de '{'; se pasará por alto el cuerpo de función aparente [C:\Users\Alexi\Documents\Beam Audio Flux\build\BeamAudioFlux.vcxproj]
  (compilando archivo de origen "../src/interface/modules/audio_module.cpp")
  
C:\Users\Alexi\Documents\Beam Audio Flux\src\interface\widgets\knob.hpp(146,12): error C2039: "KnobStyle": no es un miembro de "Beam::Theme" [C:\Users\Alexi\Documents\Beam Audio Flux\build\BeamAudioFlux.vcxproj]
  (compilando archivo de origen "../src/interface/modules/audio_module.cpp")
      C:\Users\Alexi\Documents\Beam Audio Flux\src\interface\core\theme.hpp(31,7):
      vea la declaración de 'Beam::Theme'
  
C:\Users\Alexi\Documents\Beam Audio Flux\src\interface\widgets\knob.hpp(146,22): error C3646: 'm_style': especificador de invalidación desconocido [C:\Users\Alexi\Documents\Beam Audio Flux\build\BeamAudioFlux.vcxproj]
  (compilando archivo de origen "../src/interface/modules/audio_module.cpp")
  
C:\Users\Alexi\Documents\Beam Audio Flux\src\interface\widgets\knob.hpp(146,30): error C2059: error de sintaxis: '=' [C:\Users\Alexi\Documents\Beam Audio Flux\build\BeamAudioFlux.vcxproj]
  (compilando archivo de origen "../src/interface/modules/audio_module.cpp")
  
C:\Users\Alexi\Documents\Beam Audio Flux\src\interface\widgets\knob.hpp(146,39): error C3083: 'KnobStyle': el símbolo situado a la izquierda de '::' debe ser un tipo [C:\Users\Alexi\Documents\Beam Audio Flux\build\BeamAudioFlux.vcxproj]
  (compilando archivo de origen "../src/interface/modules/audio_module.cpp")
  
C:\Users\Alexi\Documents\Beam Audio Flux\src\interface\widgets\knob.hpp(146,50): error C2039: "ClassicBakelite": no es un miembro de "Beam::Theme" [C:\Users\Alexi\Documents\Beam Audio Flux\build\BeamAudioFlux.vcxproj]
  (compilando archivo de origen "../src/interface/modules/audio_module.cpp")
      C:\Users\Alexi\Documents\Beam Audio Flux\src\interface\core\theme.hpp(31,7):
      vea la declaración de 'Beam::Theme'
  
C:\Users\Alexi\Documents\Beam Audio Flux\src\interface\widgets\knob.hpp(146,65): error C2238: símbolos (token) inesperados delante de ';' [C:\Users\Alexi\Documents\Beam Audio Flux\build\BeamAudioFlux.vcxproj]
  (compilando archivo de origen "../src/interface/modules/audio_module.cpp")
  
C:\Users\Alexi\Documents\Beam Audio Flux\src\interface\widgets\knob.hpp(131,45): error C2065: 'm_style': identificador no declarado [C:\Users\Alexi\Documents\Beam Audio Flux\build\BeamAudioFlux.vcxproj]
  (compilando archivo de origen "../src/interface/modules/audio_module.cpp")
  
C:\Users\Alexi\Documents\Beam Audio Flux\src\interface\widgets\knob.hpp(131,55): error C2065: 'style': identificador no declarado [C:\Users\Alexi\Documents\Beam Audio Flux\build\BeamAudioFlux.vcxproj]
  (compilando archivo de origen "../src/interface/modules/audio_module.cpp")
  
C:\Users\Alexi\Documents\Beam Audio Flux\src\interface\widgets\combo_box.hpp(26,76): error C2039: "Bakelite": no es un miembro de "Beam::Theme" [C:\Users\Alexi\Documents\Beam Audio Flux\build\BeamAudioFlux.vcxproj]
  (compilando archivo de origen "../src/interface/modules/audio_module.cpp")
      C:\Users\Alexi\Documents\Beam Audio Flux\src\interface\core\theme.hpp(31,7):
      vea la declaración de 'Beam::Theme'
  
C:\Users\Alexi\Documents\Beam Audio Flux\src\interface\widgets\combo_box.hpp(26,76): error C2065: 'Bakelite': identificador no declarado [C:\Users\Alexi\Documents\Beam Audio Flux\build\BeamAudioFlux.vcxproj]
  (compilando archivo de origen "../src/interface/modules/audio_module.cpp")
  
C:\Users\Alexi\Documents\Beam Audio Flux\src\interface\widgets\combo_box.hpp(26,95): error C2039: "Bakelite": no es un miembro de "Beam::Theme" [C:\Users\Alexi\Documents\Beam Audio Flux\build\BeamAudioFlux.vcxproj]
  (compilando archivo de origen "../src/interface/modules/audio_module.cpp")
      C:\Users\Alexi\Documents\Beam Audio Flux\src\interface\core\theme.hpp(31,7):
      vea la declaración de 'Beam::Theme'
  
C:\Users\Alexi\Documents\Beam Audio Flux\src\interface\widgets\combo_box.hpp(26,95): error C2065: 'Bakelite': identificador no declarado [C:\Users\Alexi\Documents\Beam Audio Flux\build\BeamAudioFlux.vcxproj]
  (compilando archivo de origen "../src/interface/modules/audio_module.cpp")
  
C:\Users\Alexi\Documents\Beam Audio Flux\src\interface\widgets\combo_box.hpp(26,114): error C2039: "Bakelite": no es un miembro de "Beam::Theme" [C:\Users\Alexi\Documents\Beam Audio Flux\build\BeamAudioFlux.vcxproj]
  (compilando archivo de origen "../src/interface/modules/audio_module.cpp")
      C:\Users\Alexi\Documents\Beam Audio Flux\src\interface\core\theme.hpp(31,7):
      vea la declaración de 'Beam::Theme'
  
C:\Users\Alexi\Documents\Beam Audio Flux\src\interface\widgets\combo_box.hpp(26,114): error C2065: 'Bakelite': identificador no declarado [C:\Users\Alexi\Documents\Beam Audio Flux\build\BeamAudioFlux.vcxproj]
  (compilando archivo de origen "../src/interface/modules/audio_module.cpp")
  
C:\Users\Alexi\Documents\Beam Audio Flux\src\interface\widgets\combo_box.hpp(26,11): error C2660: 'Beam::QuadBatcher::drawBeveledRect': la función no acepta 7 argumentos [C:\Users\Alexi\Documents\Beam Audio Flux\build\BeamAudioFlux.vcxproj]
  (compilando archivo de origen "../src/interface/modules/audio_module.cpp")
      C:\Users\Alexi\Documents\Beam Audio Flux\src\interface\render\quad_batcher.hpp(57,10):
      vea la declaración de 'Beam::QuadBatcher::drawBeveledRect'
      C:\Users\Alexi\Documents\Beam Audio Flux\src\interface\widgets\combo_box.hpp(26,11):
      al hacer coincidir la lista de argumentos '(int, int, float, float, float, float, float)'
  
C:\Users\Alexi\Documents\Beam Audio Flux\src\interface\widgets\combo_box.hpp(27,76): error C2039: "Emerald": no es un miembro de "Beam::Theme" [C:\Users\Alexi\Documents\Beam Audio Flux\build\BeamAudioFlux.vcxproj]
  (compilando archivo de origen "../src/interface/modules/audio_module.cpp")
      C:\Users\Alexi\Documents\Beam Audio Flux\src\interface\core\theme.hpp(31,7):
      vea la declaración de 'Beam::Theme'
  
C:\Users\Alexi\Documents\Beam Audio Flux\src\interface\widgets\combo_box.hpp(27,76): error C2065: 'Emerald': identificador no declarado [C:\Users\Alexi\Documents\Beam Audio Flux\build\BeamAudioFlux.vcxproj]
  (compilando archivo de origen "../src/interface/modules/audio_module.cpp")
  
C:\Users\Alexi\Documents\Beam Audio Flux\src\interface\widgets\combo_box.hpp(27,94): error C2039: "Emerald": no es un miembro de "Beam::Theme" [C:\Users\Alexi\Documents\Beam Audio Flux\build\BeamAudioFlux.vcxproj]
  (compilando archivo de origen "../src/interface/modules/audio_module.cpp")
      C:\Users\Alexi\Documents\Beam Audio Flux\src\interface\core\theme.hpp(31,7):
      vea la declaración de 'Beam::Theme'
  
C:\Users\Alexi\Documents\Beam Audio Flux\src\interface\widgets\combo_box.hpp(27,94): error C2065: 'Emerald': identificador no declarado [C:\Users\Alexi\Documents\Beam Audio Flux\build\BeamAudioFlux.vcxproj]
  (compilando archivo de origen "../src/interface/modules/audio_module.cpp")
  
C:\Users\Alexi\Documents\Beam Audio Flux\src\interface\widgets\combo_box.hpp(27,112): error C2039: "Emerald": no es un miembro de "Beam::Theme" [C:\Users\Alexi\Documents\Beam Audio Flux\build\BeamAudioFlux.vcxproj]
  (compilando archivo de origen "../src/interface/modules/audio_module.cpp")
      C:\Users\Alexi\Documents\Beam Audio Flux\src\interface\core\theme.hpp(31,7):
      vea la declaración de 'Beam::Theme'
  
C:\Users\Alexi\Documents\Beam Audio Flux\src\interface\widgets\combo_box.hpp(27,112): error C2065: 'Emerald': identificador no declarado [C:\Users\Alexi\Documents\Beam Audio Flux\build\BeamAudioFlux.vcxproj]
  (compilando archivo de origen "../src/interface/modules/audio_module.cpp")
  
C:\Users\Alexi\Documents\Beam Audio Flux\src\interface\widgets\combo_box.hpp(27,11): error C2660: 'Beam::QuadBatcher::drawRoundedRect': la función no acepta 7 argumentos [C:\Users\Alexi\Documents\Beam Audio Flux\build\BeamAudioFlux.vcxproj]
  (compilando archivo de origen "../src/interface/modules/audio_module.cpp")
      C:\Users\Alexi\Documents\Beam Audio Flux\src\interface\render\quad_batcher.hpp(45,10):
      vea la declaración de 'Beam::QuadBatcher::drawRoundedRect'
      C:\Users\Alexi\Documents\Beam Audio Flux\src\interface\widgets\combo_box.hpp(27,11):
      al hacer coincidir la lista de argumentos '(int, int, float, float, float, float, float)'
  
C:\Users\Alexi\Documents\Beam Audio Flux\src\interface\widgets\combo_box.hpp(33,64): error C2039: "Emerald": no es un miembro de "Beam::Theme" [C:\Users\Alexi\Documents\Beam Audio Flux\build\BeamAudioFlux.vcxproj]
  (compilando archivo de origen "../src/interface/modules/audio_module.cpp")
      C:\Users\Alexi\Documents\Beam Audio Flux\src\interface\core\theme.hpp(31,7):
      vea la declaración de 'Beam::Theme'
  
C:\Users\Alexi\Documents\Beam Audio Flux\src\interface\widgets\combo_box.hpp(33,64): error C2065: 'Emerald': identificador no declarado [C:\Users\Alexi\Documents\Beam Audio Flux\build\BeamAudioFlux.vcxproj]
  (compilando archivo de origen "../src/interface/modules/audio_module.cpp")
  
C:\Users\Alexi\Documents\Beam Audio Flux\src\interface\widgets\combo_box.hpp(33,82): error C2039: "Emerald": no es un miembro de "Beam::Theme" [C:\Users\Alexi\Documents\Beam Audio Flux\build\BeamAudioFlux.vcxproj]
  (compilando archivo de origen "../src/interface/modules/audio_module.cpp")
      C:\Users\Alexi\Documents\Beam Audio Flux\src\interface\core\theme.hpp(31,7):
      vea la declaración de 'Beam::Theme'
  
C:\Users\Alexi\Documents\Beam Audio Flux\src\interface\widgets\combo_box.hpp(33,82): error C2065: 'Emerald': identificador no declarado [C:\Users\Alexi\Documents\Beam Audio Flux\build\BeamAudioFlux.vcxproj]
  (compilando archivo de origen "../src/interface/modules/audio_module.cpp")
  
C:\Users\Alexi\Documents\Beam Audio Flux\src\interface\widgets\combo_box.hpp(33,100): error C2039: "Emerald": no es un miembro de "Beam::Theme" [C:\Users\Alexi\Documents\Beam Audio Flux\build\BeamAudioFlux.vcxproj]
  (compilando archivo de origen "../src/interface/modules/audio_module.cpp")
      C:\Users\Alexi\Documents\Beam Audio Flux\src\interface\core\theme.hpp(31,7):
      vea la declaración de 'Beam::Theme'
  
C:\Users\Alexi\Documents\Beam Audio Flux\src\interface\widgets\combo_box.hpp(33,100): error C2065: 'Emerald': identificador no declarado [C:\Users\Alexi\Documents\Beam Audio Flux\build\BeamAudioFlux.vcxproj]
  (compilando archivo de origen "../src/interface/modules/audio_module.cpp")
  
C:\Users\Alexi\Documents\Beam Audio Flux\src\interface\widgets\combo_box.hpp(33,19): error C2660: 'Beam::QuadBatcher::drawQuad': la función no acepta 5 argumentos [C:\Users\Alexi\Documents\Beam Audio Flux\build\BeamAudioFlux.vcxproj]
  (compilando archivo de origen "../src/interface/modules/audio_module.cpp")
      C:\Users\Alexi\Documents\Beam Audio Flux\src\interface\render\quad_batcher.hpp(33,10):
      vea la declaración de 'Beam::QuadBatcher::drawQuad'
      C:\Users\Alexi\Documents\Beam Audio Flux\src\interface\widgets\combo_box.hpp(33,19):
      al hacer coincidir la lista de argumentos '(int, float, float, float, float)'
  
C:\Users\Alexi\Documents\Beam Audio Flux\src\interface\editors\generic_node_editor.hpp(188,31): error C2039: "Bakelite": no es un miembro de "Beam::Theme" [C:\Users\Alexi\Documents\Beam Audio Flux\build\BeamAudioFlux.vcxproj]
  (compilando archivo de origen "../src/interface/modules/audio_module.cpp")
      C:\Users\Alexi\Documents\Beam Audio Flux\src\interface\core\theme.hpp(31,7):
      vea la declaración de 'Beam::Theme'
  
C:\Users\Alexi\Documents\Beam Audio Flux\src\interface\editors\generic_node_editor.hpp(188,31): error C2065: 'Bakelite': identificador no declarado [C:\Users\Alexi\Documents\Beam Audio Flux\build\BeamAudioFlux.vcxproj]
  (compilando archivo de origen "../src/interface/modules/audio_module.cpp")
  
C:\Users\Alexi\Documents\Beam Audio Flux\src\interface\modules\audio_module.hpp(235,24): error C2248: 'Beam::VSTExternalEditor::closeWindow': no se puede obtener acceso al miembro private miembro declarado en la clase 'Beam::VSTExternalEditor' [C:\Users\Alexi\Documents\Beam Audio Flux\build\BeamAudioFlux.vcxproj]
  (compilando archivo de origen "../src/interface/modules/audio_module.cpp")
      C:\Users\Alexi\Documents\Beam Audio Flux\src\interface\editors\vst_external_editor.hpp(47,10):
      vea la declaración de 'Beam::VSTExternalEditor::closeWindow'
      C:\Users\Alexi\Documents\Beam Audio Flux\src\interface\editors\vst_external_editor.hpp(23,7):
      vea la declaración de 'Beam::VSTExternalEditor'
  
C:\Users\Alexi\Documents\Beam Audio Flux\src\interface\widgets\piano_roll.hpp(65,40): error C2039: "Emerald": no es un miembro de "Beam::Theme" [C:\Users\Alexi\Documents\Beam Audio Flux\build\BeamAudioFlux.vcxproj]
  (compilando archivo de origen "../src/interface/modules/audio_module.cpp")
      C:\Users\Alexi\Documents\Beam Audio Flux\src\interface\core\theme.hpp(31,7):
      vea la declaración de 'Beam::Theme'
  
C:\Users\Alexi\Documents\Beam Audio Flux\src\interface\widgets\piano_roll.hpp(65,40): error C2065: 'Emerald': identificador no declarado [C:\Users\Alexi\Documents\Beam Audio Flux\build\BeamAudioFlux.vcxproj]
  (compilando archivo de origen "../src/interface/modules/audio_module.cpp")
  
C:\Users\Alexi\Documents\Beam Audio Flux\src\interface\analog\analog_ui_templates.hpp(18,12): error C2039: "MaterialType": no es un miembro de "Beam::Theme" [C:\Users\Alexi\Documents\Beam Audio Flux\build\BeamAudioFlux.vcxproj]
  (compilando archivo de origen "../src/interface/modules/audio_module.cpp")
      C:\Users\Alexi\Documents\Beam Audio Flux\src\interface\core\theme.hpp(31,7):
      vea la declaración de 'Beam::Theme'
  
C:\Users\Alexi\Documents\Beam Audio Flux\src\interface\analog\analog_ui_templates.hpp(18,25): error C3646: 'material': especificador de invalidación desconocido [C:\Users\Alexi\Documents\Beam Audio Flux\build\BeamAudioFlux.vcxproj]
  (compilando archivo de origen "../src/interface/modules/audio_module.cpp")
  
C:\Users\Alexi\Documents\Beam Audio Flux\src\interface\analog\analog_ui_templates.hpp(18,34): error C2059: error de sintaxis: '=' [C:\Users\Alexi\Documents\Beam Audio Flux\build\BeamAudioFlux.vcxproj]
  (compilando archivo de origen "../src/interface/modules/audio_module.cpp")
  
C:\Users\Alexi\Documents\Beam Audio Flux\src\interface\analog\analog_ui_templates.hpp(18,43): error C3083: 'MaterialType': el símbolo situado a la izquierda de '::' debe ser un tipo [C:\Users\Alexi\Documents\Beam Audio Flux\build\BeamAudioFlux.vcxproj]
  (compilando archivo de origen "../src/interface/modules/audio_module.cpp")
  
C:\Users\Alexi\Documents\Beam Audio Flux\src\interface\analog\analog_ui_templates.hpp(18,57): error C2039: "Standard": no es un miembro de "Beam::Theme" [C:\Users\Alexi\Documents\Beam Audio Flux\build\BeamAudioFlux.vcxproj]
  (compilando archivo de origen "../src/interface/modules/audio_module.cpp")
      C:\Users\Alexi\Documents\Beam Audio Flux\src\interface\core\theme.hpp(31,7):
      vea la declaración de 'Beam::Theme'
  
C:\Users\Alexi\Documents\Beam Audio Flux\src\interface\analog\analog_ui_templates.hpp(18,65): error C2238: símbolos (token) inesperados delante de ';' [C:\Users\Alexi\Documents\Beam Audio Flux\build\BeamAudioFlux.vcxproj]
  (compilando archivo de origen "../src/interface/modules/audio_module.cpp")
  
C:\Users\Alexi\Documents\Beam Audio Flux\src\interface\analog\analog_ui_templates.hpp(19,12): error C2039: "KnobStyle": no es un miembro de "Beam::Theme" [C:\Users\Alexi\Documents\Beam Audio Flux\build\BeamAudioFlux.vcxproj]
  (compilando archivo de origen "../src/interface/modules/audio_module.cpp")
      C:\Users\Alexi\Documents\Beam Audio Flux\src\interface\core\theme.hpp(31,7):
      vea la declaración de 'Beam::Theme'
  
C:\Users\Alexi\Documents\Beam Audio Flux\src\interface\analog\analog_ui_templates.hpp(19,22): error C3646: 'knobStyle': especificador de invalidación desconocido [C:\Users\Alexi\Documents\Beam Audio Flux\build\BeamAudioFlux.vcxproj]
  (compilando archivo de origen "../src/interface/modules/audio_module.cpp")
  
C:\Users\Alexi\Documents\Beam Audio Flux\src\interface\analog\analog_ui_templates.hpp(19,32): error C2059: error de sintaxis: '=' [C:\Users\Alexi\Documents\Beam Audio Flux\build\BeamAudioFlux.vcxproj]
  (compilando archivo de origen "../src/interface/modules/audio_module.cpp")
  
C:\Users\Alexi\Documents\Beam Audio Flux\src\interface\analog\analog_ui_templates.hpp(19,41): error C3083: 'KnobStyle': el símbolo situado a la izquierda de '::' debe ser un tipo [C:\Users\Alexi\Documents\Beam Audio Flux\build\BeamAudioFlux.vcxproj]
  (compilando archivo de origen "../src/interface/modules/audio_module.cpp")
  
C:\Users\Alexi\Documents\Beam Audio Flux\src\interface\analog\analog_ui_templates.hpp(19,52): error C2039: "ClassicBakelite": no es un miembro de "Beam::Theme" [C:\Users\Alexi\Documents\Beam Audio Flux\build\BeamAudioFlux.vcxproj]
  (compilando archivo de origen "../src/interface/modules/audio_module.cpp")
      C:\Users\Alexi\Documents\Beam Audio Flux\src\interface\core\theme.hpp(31,7):
      vea la declaración de 'Beam::Theme'
  
C:\Users\Alexi\Documents\Beam Audio Flux\src\interface\analog\analog_ui_templates.hpp(19,67): error C2238: símbolos (token) inesperados delante de ';' [C:\Users\Alexi\Documents\Beam Audio Flux\build\BeamAudioFlux.vcxproj]
  (compilando archivo de origen "../src/interface/modules/audio_module.cpp")
  
C:\Users\Alexi\Documents\Beam Audio Flux\src\interface\analog\analog_ui_templates.hpp(63,36): error C2039: "knobStyle": no es un miembro de "Beam::RackStyle" [C:\Users\Alexi\Documents\Beam Audio Flux\build\BeamAudioFlux.vcxproj]
  (compilando archivo de origen "../src/interface/modules/audio_module.cpp")
      C:\Users\Alexi\Documents\Beam Audio Flux\src\interface\analog\analog_ui_templates.hpp(15,8):
      vea la declaración de 'Beam::RackStyle'
  
C:\Users\Alexi\Documents\Beam Audio Flux\src\interface\analog\analog_ui_templates.hpp(63,19): error C2660: 'Beam::Knob::setStyle': la función no acepta 1 argumentos [C:\Users\Alexi\Documents\Beam Audio Flux\build\BeamAudioFlux.vcxproj]
  (compilando archivo de origen "../src/interface/modules/audio_module.cpp")
      C:\Users\Alexi\Documents\Beam Audio Flux\src\interface\widgets\knob.hpp(131,10):
      vea la declaración de 'Beam::Knob::setStyle'
      C:\Users\Alexi\Documents\Beam Audio Flux\src\interface\analog\analog_ui_templates.hpp(63,19):
      al hacer coincidir la lista de argumentos '()'
  
C:\Users\Alexi\Documents\Beam Audio Flux\src\interface\analog\analog_ui_templates.hpp(110,35): error C2039: "darker": no es un miembro de "Beam::Color" [C:\Users\Alexi\Documents\Beam Audio Flux\build\BeamAudioFlux.vcxproj]
  (compilando archivo de origen "../src/interface/modules/audio_module.cpp")
      C:\Users\Alexi\Documents\Beam Audio Flux\src\interface\core\theme.hpp(12,8):
      vea la declaración de 'Beam::Color'
  
C:\Users\Alexi\Documents\Beam Audio Flux\src\interface\analog\analog_ui_templates.hpp(110,54): error C2039: "darker": no es un miembro de "Beam::Color" [C:\Users\Alexi\Documents\Beam Audio Flux\build\BeamAudioFlux.vcxproj]
  (compilando archivo de origen "../src/interface/modules/audio_module.cpp")
      C:\Users\Alexi\Documents\Beam Audio Flux\src\interface\core\theme.hpp(12,8):
      vea la declaración de 'Beam::Color'
  
C:\Users\Alexi\Documents\Beam Audio Flux\src\interface\analog\analog_ui_templates.hpp(110,73): error C2039: "darker": no es un miembro de "Beam::Color" [C:\Users\Alexi\Documents\Beam Audio Flux\build\BeamAudioFlux.vcxproj]
  (compilando archivo de origen "../src/interface/modules/audio_module.cpp")
      C:\Users\Alexi\Documents\Beam Audio Flux\src\interface\core\theme.hpp(12,8):
      vea la declaración de 'Beam::Color'
  
C:\Users\Alexi\Documents\Beam Audio Flux\src\interface\analog\analog_ui_templates.hpp(109,17): error C2660: 'Beam::QuadBatcher::drawRoundedRect': la función no acepta 7 argumentos [C:\Users\Alexi\Documents\Beam Audio Flux\build\BeamAudioFlux.vcxproj]
  (compilando archivo de origen "../src/interface/modules/audio_module.cpp")
      C:\Users\Alexi\Documents\Beam Audio Flux\src\interface\render\quad_batcher.hpp(45,10):
      vea la declaración de 'Beam::QuadBatcher::drawRoundedRect'
      C:\Users\Alexi\Documents\Beam Audio Flux\src\interface\analog\analog_ui_templates.hpp(109,17):
      al hacer coincidir la lista de argumentos '(float, const float, float, float, float, float, float)'
  
C:\Users\Alexi\Documents\Beam Audio Flux\src\interface\analog\analog_ui_templates.hpp(124,59): error C2039: "darker": no es un miembro de "Beam::Color" [C:\Users\Alexi\Documents\Beam Audio Flux\build\BeamAudioFlux.vcxproj]
  (compilando archivo de origen "../src/interface/modules/audio_module.cpp")
      C:\Users\Alexi\Documents\Beam Audio Flux\src\interface\core\theme.hpp(12,8):
      vea la declaración de 'Beam::Color'
  
C:\Users\Alexi\Documents\Beam Audio Flux\src\interface\analog\analog_ui_templates.hpp(124,78): error C2039: "darker": no es un miembro de "Beam::Color" [C:\Users\Alexi\Documents\Beam Audio Flux\build\BeamAudioFlux.vcxproj]
  (compilando archivo de origen "../src/interface/modules/audio_module.cpp")
      C:\Users\Alexi\Documents\Beam Audio Flux\src\interface\core\theme.hpp(12,8):
      vea la declaración de 'Beam::Color'
  
C:\Users\Alexi\Documents\Beam Audio Flux\src\interface\analog\analog_ui_templates.hpp(124,97): error C2039: "darker": no es un miembro de "Beam::Color" [C:\Users\Alexi\Documents\Beam Audio Flux\build\BeamAudioFlux.vcxproj]
  (compilando archivo de origen "../src/interface/modules/audio_module.cpp")
      C:\Users\Alexi\Documents\Beam Audio Flux\src\interface\core\theme.hpp(12,8):
      vea la declaración de 'Beam::Color'
  
C:\Users\Alexi\Documents\Beam Audio Flux\src\interface\analog\analog_ui_templates.hpp(124,17): error C2660: 'Beam::QuadBatcher::drawText': la función no acepta 5 argumentos [C:\Users\Alexi\Documents\Beam Audio Flux\build\BeamAudioFlux.vcxproj]
  (compilando archivo de origen "../src/interface/modules/audio_module.cpp")
      C:\Users\Alexi\Documents\Beam Audio Flux\src\interface\render\quad_batcher.hpp(67,10):
      vea la declaración de 'Beam::QuadBatcher::drawText'
      C:\Users\Alexi\Documents\Beam Audio Flux\src\interface\analog\analog_ui_templates.hpp(124,17):
      al hacer coincidir la lista de argumentos '(std::string, int, int, float, float)'
  
C:\Users\Alexi\Documents\Beam Audio Flux\src\interface\analog\analog_ui_templates.hpp(128,66): error C2039: "withAlpha": no es un miembro de "Beam::Color" [C:\Users\Alexi\Documents\Beam Audio Flux\build\BeamAudioFlux.vcxproj]
  (compilando archivo de origen "../src/interface/modules/audio_module.cpp")
      C:\Users\Alexi\Documents\Beam Audio Flux\src\interface\core\theme.hpp(12,8):
      vea la declaración de 'Beam::Color'
  
C:\Users\Alexi\Documents\Beam Audio Flux\src\interface\analog\analog_ui_templates.hpp(128,88): error C2039: "withAlpha": no es un miembro de "Beam::Color" [C:\Users\Alexi\Documents\Beam Audio Flux\build\BeamAudioFlux.vcxproj]
  (compilando archivo de origen "../src/interface/modules/audio_module.cpp")
      C:\Users\Alexi\Documents\Beam Audio Flux\src\interface\core\theme.hpp(12,8):
      vea la declaración de 'Beam::Color'
  
C:\Users\Alexi\Documents\Beam Audio Flux\src\interface\analog\analog_ui_templates.hpp(128,110): error C2039: "withAlpha": no es un miembro de "Beam::Color" [C:\Users\Alexi\Documents\Beam Audio Flux\build\BeamAudioFlux.vcxproj]
  (compilando archivo de origen "../src/interface/modules/audio_module.cpp")
      C:\Users\Alexi\Documents\Beam Audio Flux\src\interface\core\theme.hpp(12,8):
      vea la declaración de 'Beam::Color'
  
C:\Users\Alexi\Documents\Beam Audio Flux\src\interface\analog\analog_ui_templates.hpp(128,21): error C2660: 'Beam::QuadBatcher::drawText': la función no acepta 5 argumentos [C:\Users\Alexi\Documents\Beam Audio Flux\build\BeamAudioFlux.vcxproj]
  (compilando archivo de origen "../src/interface/modules/audio_module.cpp")
      C:\Users\Alexi\Documents\Beam Audio Flux\src\interface\render\quad_batcher.hpp(67,10):
      vea la declaración de 'Beam::QuadBatcher::drawText'
      C:\Users\Alexi\Documents\Beam Audio Flux\src\interface\analog\analog_ui_templates.hpp(128,21):
      al hacer coincidir la lista de argumentos '(std::string, int, int, float, float)'
  
C:\Users\Alexi\Documents\Beam Audio Flux\src\interface\analog\analog_ui_templates.hpp(162,52): error C2039: "LEDGreen": no es un miembro de "Beam::Theme" [C:\Users\Alexi\Documents\Beam Audio Flux\build\BeamAudioFlux.vcxproj]
  (compilando archivo de origen "../src/interface/modules/audio_module.cpp")
      C:\Users\Alexi\Documents\Beam Audio Flux\src\interface\core\theme.hpp(31,7):
      vea la declaración de 'Beam::Theme'
  
C:\Users\Alexi\Documents\Beam Audio Flux\src\interface\analog\analog_ui_templates.hpp(162,52): error C2065: 'LEDGreen': identificador no declarado [C:\Users\Alexi\Documents\Beam Audio Flux\build\BeamAudioFlux.vcxproj]
  (compilando archivo de origen "../src/interface/modules/audio_module.cpp")
  
C:\Users\Alexi\Documents\Beam Audio Flux\src\interface\analog\analog_ui_templates.hpp(162,87): error C2039: "LEDYellow": no es un miembro de "Beam::Theme" [C:\Users\Alexi\Documents\Beam Audio Flux\build\BeamAudioFlux.vcxproj]
  (compilando archivo de origen "../src/interface/modules/audio_module.cpp")
      C:\Users\Alexi\Documents\Beam Audio Flux\src\interface\core\theme.hpp(31,7):
      vea la declaración de 'Beam::Theme'
  
C:\Users\Alexi\Documents\Beam Audio Flux\src\interface\analog\analog_ui_templates.hpp(162,87): error C2065: 'LEDYellow': identificador no declarado [C:\Users\Alexi\Documents\Beam Audio Flux\build\BeamAudioFlux.vcxproj]
  (compilando archivo de origen "../src/interface/modules/audio_module.cpp")
  
C:\Users\Alexi\Documents\Beam Audio Flux\src\interface\analog\analog_ui_templates.hpp(162,106): error C2039: "LEDRed": no es un miembro de "Beam::Theme" [C:\Users\Alexi\Documents\Beam Audio Flux\build\BeamAudioFlux.vcxproj]
  (compilando archivo de origen "../src/interface/modules/audio_module.cpp")
      C:\Users\Alexi\Documents\Beam Audio Flux\src\interface\core\theme.hpp(31,7):
      vea la declaración de 'Beam::Theme'
  
C:\Users\Alexi\Documents\Beam Audio Flux\src\interface\analog\analog_ui_templates.hpp(162,106): error C2065: 'LEDRed': identificador no declarado [C:\Users\Alexi\Documents\Beam Audio Flux\build\BeamAudioFlux.vcxproj]
  (compilando archivo de origen "../src/interface/modules/audio_module.cpp")
  
C:\Users\Alexi\Documents\Beam Audio Flux\src\interface\analog\analog_ui_templates.hpp(165,54): error C2039: "LEDGreen": no es un miembro de "Beam::Theme" [C:\Users\Alexi\Documents\Beam Audio Flux\build\BeamAudioFlux.vcxproj]
  (compilando archivo de origen "../src/interface/modules/audio_module.cpp")
      C:\Users\Alexi\Documents\Beam Audio Flux\src\interface\core\theme.hpp(31,7):
      vea la declaración de 'Beam::Theme'
  
C:\Users\Alexi\Documents\Beam Audio Flux\src\interface\analog\analog_ui_templates.hpp(165,54): error C2065: 'LEDGreen': identificador no declarado [C:\Users\Alexi\Documents\Beam Audio Flux\build\BeamAudioFlux.vcxproj]
  (compilando archivo de origen "../src/interface/modules/audio_module.cpp")
  
C:\Users\Alexi\Documents\Beam Audio Flux\src\interface\analog\analog_ui_templates.hpp(165,91): error C2039: "LEDYellow": no es un miembro de "Beam::Theme" [C:\Users\Alexi\Documents\Beam Audio Flux\build\BeamAudioFlux.vcxproj]
  (compilando archivo de origen "../src/interface/modules/audio_module.cpp")
      C:\Users\Alexi\Documents\Beam Audio Flux\src\interface\core\theme.hpp(31,7):
      vea la declaración de 'Beam::Theme'
  
C:\Users\Alexi\Documents\Beam Audio Flux\src\interface\analog\analog_ui_templates.hpp(165,91): error C2065: 'LEDYellow': identificador no declarado [C:\Users\Alexi\Documents\Beam Audio Flux\build\BeamAudioFlux.vcxproj]
  (compilando archivo de origen "../src/interface/modules/audio_module.cpp")
  
C:\Users\Alexi\Documents\Beam Audio Flux\src\interface\analog\analog_ui_templates.hpp(165,110): error C2039: "LEDRed": no es un miembro de "Beam::Theme" [C:\Users\Alexi\Documents\Beam Audio Flux\build\BeamAudioFlux.vcxproj]
  (compilando archivo de origen "../src/interface/modules/audio_module.cpp")
      C:\Users\Alexi\Documents\Beam Audio Flux\src\interface\core\theme.hpp(31,7):
      vea la declaración de 'Beam::Theme'
  
C:\Users\Alexi\Documents\Beam Audio Flux\src\interface\analog\analog_ui_templates.hpp(165,110): error C2065: 'LEDRed': identificador no declarado [C:\Users\Alexi\Documents\Beam Audio Flux\build\BeamAudioFlux.vcxproj]
  (compilando archivo de origen "../src/interface/modules/audio_module.cpp")
  
C:\Users\Alexi\Documents\Beam Audio Flux\src\interface\analog\analog_ui_templates.hpp(205,77): error C3083: 'MaterialType': el símbolo situado a la izquierda de '::' debe ser un tipo [C:\Users\Alexi\Documents\Beam Audio Flux\build\BeamAudioFlux.vcxproj]
  (compilando archivo de origen "../src/interface/modules/audio_module.cpp")
  
C:\Users\Alexi\Documents\Beam Audio Flux\src\interface\analog\analog_ui_templates.hpp(205,91): error C2039: "WrinklePaint": no es un miembro de "Beam::Theme" [C:\Users\Alexi\Documents\Beam Audio Flux\build\BeamAudioFlux.vcxproj]
  (compilando archivo de origen "../src/interface/modules/audio_module.cpp")
      C:\Users\Alexi\Documents\Beam Audio Flux\src\interface\core\theme.hpp(31,7):
      vea la declaración de 'Beam::Theme'
  
C:\Users\Alexi\Documents\Beam Audio Flux\src\interface\analog\analog_ui_templates.hpp(205,91): error C2065: 'WrinklePaint': identificador no declarado [C:\Users\Alexi\Documents\Beam Audio Flux\build\BeamAudioFlux.vcxproj]
  (compilando archivo de origen "../src/interface/modules/audio_module.cpp")
  
C:\Users\Alexi\Documents\Beam Audio Flux\src\interface\analog\analog_ui_templates.hpp(205,112): error C3083: 'KnobStyle': el símbolo situado a la izquierda de '::' debe ser un tipo [C:\Users\Alexi\Documents\Beam Audio Flux\build\BeamAudioFlux.vcxproj]
  (compilando archivo de origen "../src/interface/modules/audio_module.cpp")
  
C:\Users\Alexi\Documents\Beam Audio Flux\src\interface\analog\analog_ui_templates.hpp(205,123): error C2039: "ClassicBakelite": no es un miembro de "Beam::Theme" [C:\Users\Alexi\Documents\Beam Audio Flux\build\BeamAudioFlux.vcxproj]
  (compilando archivo de origen "../src/interface/modules/audio_module.cpp")
      C:\Users\Alexi\Documents\Beam Audio Flux\src\interface\core\theme.hpp(31,7):
      vea la declaración de 'Beam::Theme'
  
C:\Users\Alexi\Documents\Beam Audio Flux\src\interface\analog\analog_ui_templates.hpp(205,123): error C2065: 'ClassicBakelite': identificador no declarado [C:\Users\Alexi\Documents\Beam Audio Flux\build\BeamAudioFlux.vcxproj]
  (compilando archivo de origen "../src/interface/modules/audio_module.cpp")
  
C:\Users\Alexi\Documents\Beam Audio Flux\src\interface\analog\analog_ui_templates.hpp(205,16): error C2440: 'return': no se puede realizar la conversión de 'initializer list' a 'Beam::RackStyle' [C:\Users\Alexi\Documents\Beam Audio Flux\build\BeamAudioFlux.vcxproj]
  (compilando archivo de origen "../src/interface/modules/audio_module.cpp")
      C:\Users\Alexi\Documents\Beam Audio Flux\src\interface\analog\analog_ui_templates.hpp(205,9):
      Inicialización de agregados no válida
          C:\Users\Alexi\Documents\Beam Audio Flux\src\interface\analog\analog_ui_templates.hpp(205,153):
          'inicializando': no se puede realizar la conversión de 'bool' a 'std::string'
              C:\Users\Alexi\Documents\Beam Audio Flux\src\interface\analog\analog_ui_templates.hpp(205,153):
              'std::basic_string<char,std::char_traits<char>,std::allocator<char>>::basic_string':ninguna función sobrecargada pudo convertir todos los tipos de argumento
                  C:\Program Files\Microsoft Visual Studio\2022\Community\VC\Tools\MSVC\14.42.34433\include\xstring(749,5):
                  puede ser 'std::basic_string<char,std::char_traits<char>,std::allocator<char>>::basic_string(const _Elem *const )'
          with
          [
              _Elem=char
          ]
                      C:\Users\Alexi\Documents\Beam Audio Flux\src\interface\analog\analog_ui_templates.hpp(205,153):
                      'std::basic_string<char,std::char_traits<char>,std::allocator<char>>::basic_string(const _Elem *const )': el argumento 1 no puede convertirse de 'bool' a 'const _Elem *const '
          with
          [
              _Elem=char
          ]
                          C:\Users\Alexi\Documents\Beam Audio Flux\src\interface\analog\analog_ui_templates.hpp(205,153):
                          La conversión de un tipo entero a un tipo de puntero requiere reinterpret_cast, conversión de estilo de C o conversión de estilo de función entre paréntesis
                  C:\Program Files\Microsoft Visual Studio\2022\Community\VC\Tools\MSVC\14.42.34433\include\xstring(1327,5):
                  o       'std::basic_string<char,std::char_traits<char>,std::allocator<char>>::basic_string(std::initializer_list<_Elem>,const _Alloc &)'
          with
          [
              _Elem=char,
              _Alloc=std::allocator<char>
          ]
                      C:\Users\Alexi\Documents\Beam Audio Flux\src\interface\analog\analog_ui_templates.hpp(205,153):
                      'std::basic_string<char,std::char_traits<char>,std::allocator<char>>::basic_string(std::initializer_list<_Elem>,const _Alloc &)': el argumento 1 no puede convertirse de 'bool' a 'std::initializer_list<_Elem>'
          with
          [
              _Elem=char,
              _Alloc=std::allocator<char>
          ]
          and
          [
              _Elem=char
          ]
                          C:\Users\Alexi\Documents\Beam Audio Flux\src\interface\analog\analog_ui_templates.hpp(205,153):
                          La conversión requiere un segundo operador de conversión definido por el usuario o constructor
                  C:\Program Files\Microsoft Visual Studio\2022\Community\VC\Tools\MSVC\14.42.34433\include\xstring(1138,5):
                  o       'std::basic_string<char,std::char_traits<char>,std::allocator<char>>::basic_string(const _Ty &,const unsigned __int64,const unsigned __int64,const _Alloc &)'
          with
          [
              _Alloc=std::allocator<char>
          ]
                  C:\Program Files\Microsoft Visual Studio\2022\Community\VC\Tools\MSVC\14.42.34433\include\xstring(779,5):
                  o       'std::basic_string<char,std::char_traits<char>,std::allocator<char>>::basic_string(_Iter,_Iter,const _Alloc &)'
          with
          [
              _Alloc=std::allocator<char>
          ]
                  C:\Program Files\Microsoft Visual Studio\2022\Community\VC\Tools\MSVC\14.42.34433\include\xstring(773,5):
                  o       'std::basic_string<char,std::char_traits<char>,std::allocator<char>>::basic_string(const unsigned __int64,const _Elem,const _Alloc &)'
          with
          [
              _Elem=char,
              _Alloc=std::allocator<char>
          ]
                  C:\Program Files\Microsoft Visual Studio\2022\Community\VC\Tools\MSVC\14.42.34433\include\xstring(756,5):
                  o       'std::basic_string<char,std::char_traits<char>,std::allocator<char>>::basic_string(const _Elem *const ,const _Alloc &)'
          with
          [
              _Elem=char,
              _Alloc=std::allocator<char>
          ]
                  C:\Program Files\Microsoft Visual Studio\2022\Community\VC\Tools\MSVC\14.42.34433\include\xstring(743,5):
                  o       'std::basic_string<char,std::char_traits<char>,std::allocator<char>>::basic_string(const _Elem *const ,const unsigned __int64,const _Alloc &)'
          with
          [
              _Elem=char,
              _Alloc=std::allocator<char>
          ]
                  C:\Users\Alexi\Documents\Beam Audio Flux\src\interface\analog\analog_ui_templates.hpp(205,153):
                  al hacer coincidir la lista de argumentos '(bool)'
          C:\Users\Alexi\Documents\Beam Audio Flux\src\interface\analog\analog_ui_templates.hpp(205,160):
          'inicializando': no se puede realizar la conversión de 'bool' a 'std::string'
              C:\Users\Alexi\Documents\Beam Audio Flux\src\interface\analog\analog_ui_templates.hpp(205,160):
              'std::basic_string<char,std::char_traits<char>,std::allocator<char>>::basic_string':ninguna función sobrecargada pudo convertir todos los tipos de argumento
                  C:\Program Files\Microsoft Visual Studio\2022\Community\VC\Tools\MSVC\14.42.34433\include\xstring(749,5):
                  puede ser 'std::basic_string<char,std::char_traits<char>,std::allocator<char>>::basic_string(const _Elem *const )'
          with
          [
              _Elem=char
          ]
                      C:\Users\Alexi\Documents\Beam Audio Flux\src\interface\analog\analog_ui_templates.hpp(205,160):
                      'std::basic_string<char,std::char_traits<char>,std::allocator<char>>::basic_string(const _Elem *const )': el argumento 1 no puede convertirse de 'bool' a 'const _Elem *const '
          with
          [
              _Elem=char
          ]
                          C:\Users\Alexi\Documents\Beam Audio Flux\src\interface\analog\analog_ui_templates.hpp(205,160):
                          La conversión de un tipo entero a un tipo de puntero requiere reinterpret_cast, conversión de estilo de C o conversión de estilo de función entre paréntesis
                  C:\Program Files\Microsoft Visual Studio\2022\Community\VC\Tools\MSVC\14.42.34433\include\xstring(1327,5):
                  o       'std::basic_string<char,std::char_traits<char>,std::allocator<char>>::basic_string(std::initializer_list<_Elem>,const _Alloc &)'
          with
          [
              _Elem=char,
              _Alloc=std::allocator<char>
          ]
                      C:\Users\Alexi\Documents\Beam Audio Flux\src\interface\analog\analog_ui_templates.hpp(205,160):
                      'std::basic_string<char,std::char_traits<char>,std::allocator<char>>::basic_string(std::initializer_list<_Elem>,const _Alloc &)': el argumento 1 no puede convertirse de 'bool' a 'std::initializer_list<_Elem>'
          with
          [
              _Elem=char,
              _Alloc=std::allocator<char>
          ]
          and
          [
              _Elem=char
          ]
                          C:\Users\Alexi\Documents\Beam Audio Flux\src\interface\analog\analog_ui_templates.hpp(205,160):
                          La conversión requiere un segundo operador de conversión definido por el usuario o constructor
                  C:\Program Files\Microsoft Visual Studio\2022\Community\VC\Tools\MSVC\14.42.34433\include\xstring(1138,5):
                  o       'std::basic_string<char,std::char_traits<char>,std::allocator<char>>::basic_string(const _Ty &,const unsigned __int64,const unsigned __int64,const _Alloc &)'
          with
          [
              _Alloc=std::allocator<char>
          ]
                  C:\Program Files\Microsoft Visual Studio\2022\Community\VC\Tools\MSVC\14.42.34433\include\xstring(779,5):
                  o       'std::basic_string<char,std::char_traits<char>,std::allocator<char>>::basic_string(_Iter,_Iter,const _Alloc &)'
          with
          [
              _Alloc=std::allocator<char>
          ]
                  C:\Program Files\Microsoft Visual Studio\2022\Community\VC\Tools\MSVC\14.42.34433\include\xstring(773,5):
                  o       'std::basic_string<char,std::char_traits<char>,std::allocator<char>>::basic_string(const unsigned __int64,const _Elem,const _Alloc &)'
          with
          [
              _Elem=char,
              _Alloc=std::allocator<char>
          ]
                  C:\Program Files\Microsoft Visual Studio\2022\Community\VC\Tools\MSVC\14.42.34433\include\xstring(756,5):
                  o       'std::basic_string<char,std::char_traits<char>,std::allocator<char>>::basic_string(const _Elem *const ,const _Alloc &)'
          with
          [
              _Elem=char,
              _Alloc=std::allocator<char>
          ]
                  C:\Program Files\Microsoft Visual Studio\2022\Community\VC\Tools\MSVC\14.42.34433\include\xstring(743,5):
                  o       'std::basic_string<char,std::char_traits<char>,std::allocator<char>>::basic_string(const _Elem *const ,const unsigned __int64,const _Alloc &)'
          with
          [
              _Elem=char,
              _Alloc=std::allocator<char>
          ]
                  C:\Users\Alexi\Documents\Beam Audio Flux\src\interface\analog\analog_ui_templates.hpp(205,160):
                  al hacer coincidir la lista de argumentos '(bool)'
          C:\Users\Alexi\Documents\Beam Audio Flux\src\interface\analog\analog_ui_templates.hpp(205,167):
          hay demasiados inicializadores
  
C:\Users\Alexi\Documents\Beam Audio Flux\src\interface\analog\analog_ui_templates.hpp(208,77): error C3083: 'MaterialType': el símbolo situado a la izquierda de '::' debe ser un tipo [C:\Users\Alexi\Documents\Beam Audio Flux\build\BeamAudioFlux.vcxproj]
  (compilando archivo de origen "../src/interface/modules/audio_module.cpp")
  
C:\Users\Alexi\Documents\Beam Audio Flux\src\interface\analog\analog_ui_templates.hpp(208,91): error C2039: "Standard": no es un miembro de "Beam::Theme" [C:\Users\Alexi\Documents\Beam Audio Flux\build\BeamAudioFlux.vcxproj]
  (compilando archivo de origen "../src/interface/modules/audio_module.cpp")
      C:\Users\Alexi\Documents\Beam Audio Flux\src\interface\core\theme.hpp(31,7):
      vea la declaración de 'Beam::Theme'
  
C:\Users\Alexi\Documents\Beam Audio Flux\src\interface\analog\analog_ui_templates.hpp(208,91): error C2065: 'Standard': identificador no declarado [C:\Users\Alexi\Documents\Beam Audio Flux\build\BeamAudioFlux.vcxproj]
  (compilando archivo de origen "../src/interface/modules/audio_module.cpp")
  
C:\Users\Alexi\Documents\Beam Audio Flux\src\interface\analog\analog_ui_templates.hpp(208,108): error C3083: 'KnobStyle': el símbolo situado a la izquierda de '::' debe ser un tipo [C:\Users\Alexi\Documents\Beam Audio Flux\build\BeamAudioFlux.vcxproj]
  (compilando archivo de origen "../src/interface/modules/audio_module.cpp")
  
C:\Users\Alexi\Documents\Beam Audio Flux\src\interface\analog\analog_ui_templates.hpp(208,119): error C2039: "ModernColored": no es un miembro de "Beam::Theme" [C:\Users\Alexi\Documents\Beam Audio Flux\build\BeamAudioFlux.vcxproj]
  (compilando archivo de origen "../src/interface/modules/audio_module.cpp")
      C:\Users\Alexi\Documents\Beam Audio Flux\src\interface\core\theme.hpp(31,7):
      vea la declaración de 'Beam::Theme'
  
C:\Users\Alexi\Documents\Beam Audio Flux\src\interface\analog\analog_ui_templates.hpp(208,119): error C2065: 'ModernColored': identificador no declarado [C:\Users\Alexi\Documents\Beam Audio Flux\build\BeamAudioFlux.vcxproj]
  (compilando archivo de origen "../src/interface/modules/audio_module.cpp")
  
C:\Users\Alexi\Documents\Beam Audio Flux\src\interface\analog\analog_ui_templates.hpp(208,16): error C2440: 'return': no se puede realizar la conversión de 'initializer list' a 'Beam::RackStyle' [C:\Users\Alexi\Documents\Beam Audio Flux\build\BeamAudioFlux.vcxproj]
  (compilando archivo de origen "../src/interface/modules/audio_module.cpp")
      C:\Users\Alexi\Documents\Beam Audio Flux\src\interface\analog\analog_ui_templates.hpp(208,9):
      Inicialización de agregados no válida
          C:\Users\Alexi\Documents\Beam Audio Flux\src\interface\analog\analog_ui_templates.hpp(208,147):
          'inicializando': no se puede realizar la conversión de 'bool' a 'std::string'
              C:\Users\Alexi\Documents\Beam Audio Flux\src\interface\analog\analog_ui_templates.hpp(208,147):
              'std::basic_string<char,std::char_traits<char>,std::allocator<char>>::basic_string':ninguna función sobrecargada pudo convertir todos los tipos de argumento
                  C:\Program Files\Microsoft Visual Studio\2022\Community\VC\Tools\MSVC\14.42.34433\include\xstring(749,5):
                  puede ser 'std::basic_string<char,std::char_traits<char>,std::allocator<char>>::basic_string(const _Elem *const )'
          with
          [
              _Elem=char
          ]
                      C:\Users\Alexi\Documents\Beam Audio Flux\src\interface\analog\analog_ui_templates.hpp(208,147):
                      'std::basic_string<char,std::char_traits<char>,std::allocator<char>>::basic_string(const _Elem *const )': el argumento 1 no puede convertirse de 'bool' a 'const _Elem *const '
          with
          [
              _Elem=char
          ]
                          C:\Users\Alexi\Documents\Beam Audio Flux\src\interface\analog\analog_ui_templates.hpp(208,147):
                          La conversión de un tipo entero a un tipo de puntero requiere reinterpret_cast, conversión de estilo de C o conversión de estilo de función entre paréntesis
                  C:\Program Files\Microsoft Visual Studio\2022\Community\VC\Tools\MSVC\14.42.34433\include\xstring(1327,5):
                  o       'std::basic_string<char,std::char_traits<char>,std::allocator<char>>::basic_string(std::initializer_list<_Elem>,const _Alloc &)'
          with
          [
              _Elem=char,
              _Alloc=std::allocator<char>
          ]
                      C:\Users\Alexi\Documents\Beam Audio Flux\src\interface\analog\analog_ui_templates.hpp(208,147):
                      'std::basic_string<char,std::char_traits<char>,std::allocator<char>>::basic_string(std::initializer_list<_Elem>,const _Alloc &)': el argumento 1 no puede convertirse de 'bool' a 'std::initializer_list<_Elem>'
          with
          [
              _Elem=char,
              _Alloc=std::allocator<char>
          ]
          and
          [
              _Elem=char
          ]
                          C:\Users\Alexi\Documents\Beam Audio Flux\src\interface\analog\analog_ui_templates.hpp(208,147):
                          La conversión requiere un segundo operador de conversión definido por el usuario o constructor
                  C:\Program Files\Microsoft Visual Studio\2022\Community\VC\Tools\MSVC\14.42.34433\include\xstring(1138,5):
                  o       'std::basic_string<char,std::char_traits<char>,std::allocator<char>>::basic_string(const _Ty &,const unsigned __int64,const unsigned __int64,const _Alloc &)'
          with
          [
              _Alloc=std::allocator<char>
          ]
                  C:\Program Files\Microsoft Visual Studio\2022\Community\VC\Tools\MSVC\14.42.34433\include\xstring(779,5):
                  o       'std::basic_string<char,std::char_traits<char>,std::allocator<char>>::basic_string(_Iter,_Iter,const _Alloc &)'
          with
          [
              _Alloc=std::allocator<char>
          ]
                  C:\Program Files\Microsoft Visual Studio\2022\Community\VC\Tools\MSVC\14.42.34433\include\xstring(773,5):
                  o       'std::basic_string<char,std::char_traits<char>,std::allocator<char>>::basic_string(const unsigned __int64,const _Elem,const _Alloc &)'
          with
          [
              _Elem=char,
              _Alloc=std::allocator<char>
          ]
                  C:\Program Files\Microsoft Visual Studio\2022\Community\VC\Tools\MSVC\14.42.34433\include\xstring(756,5):
                  o       'std::basic_string<char,std::char_traits<char>,std::allocator<char>>::basic_string(const _Elem *const ,const _Alloc &)'
          with
          [
              _Elem=char,
              _Alloc=std::allocator<char>
          ]
                  C:\Program Files\Microsoft Visual Studio\2022\Community\VC\Tools\MSVC\14.42.34433\include\xstring(743,5):
                  o       'std::basic_string<char,std::char_traits<char>,std::allocator<char>>::basic_string(const _Elem *const ,const unsigned __int64,const _Alloc &)'
          with
          [
              _Elem=char,
              _Alloc=std::allocator<char>
          ]
                  C:\Users\Alexi\Documents\Beam Audio Flux\src\interface\analog\analog_ui_templates.hpp(208,147):
                  al hacer coincidir la lista de argumentos '(bool)'
          C:\Users\Alexi\Documents\Beam Audio Flux\src\interface\analog\analog_ui_templates.hpp(208,154):
          'inicializando': no se puede realizar la conversión de 'bool' a 'std::string'
              C:\Users\Alexi\Documents\Beam Audio Flux\src\interface\analog\analog_ui_templates.hpp(208,154):
              'std::basic_string<char,std::char_traits<char>,std::allocator<char>>::basic_string':ninguna función sobrecargada pudo convertir todos los tipos de argumento
                  C:\Program Files\Microsoft Visual Studio\2022\Community\VC\Tools\MSVC\14.42.34433\include\xstring(749,5):
                  puede ser 'std::basic_string<char,std::char_traits<char>,std::allocator<char>>::basic_string(const _Elem *const )'
          with
          [
              _Elem=char
          ]
                      C:\Users\Alexi\Documents\Beam Audio Flux\src\interface\analog\analog_ui_templates.hpp(208,154):
                      'std::basic_string<char,std::char_traits<char>,std::allocator<char>>::basic_string(const _Elem *const )': el argumento 1 no puede convertirse de 'bool' a 'const _Elem *const '
          with
          [
              _Elem=char
          ]
                          C:\Users\Alexi\Documents\Beam Audio Flux\src\interface\analog\analog_ui_templates.hpp(208,154):
                          La conversión de un tipo entero a un tipo de puntero requiere reinterpret_cast, conversión de estilo de C o conversión de estilo de función entre paréntesis
                  C:\Program Files\Microsoft Visual Studio\2022\Community\VC\Tools\MSVC\14.42.34433\include\xstring(1327,5):
                  o       'std::basic_string<char,std::char_traits<char>,std::allocator<char>>::basic_string(std::initializer_list<_Elem>,const _Alloc &)'
          with
          [
              _Elem=char,
              _Alloc=std::allocator<char>
          ]
                      C:\Users\Alexi\Documents\Beam Audio Flux\src\interface\analog\analog_ui_templates.hpp(208,154):
                      'std::basic_string<char,std::char_traits<char>,std::allocator<char>>::basic_string(std::initializer_list<_Elem>,const _Alloc &)': el argumento 1 no puede convertirse de 'bool' a 'std::initializer_list<_Elem>'
          with
          [
              _Elem=char,
              _Alloc=std::allocator<char>
          ]
          and
          [
              _Elem=char
          ]
                          C:\Users\Alexi\Documents\Beam Audio Flux\src\interface\analog\analog_ui_templates.hpp(208,154):
                          La conversión requiere un segundo operador de conversión definido por el usuario o constructor
                  C:\Program Files\Microsoft Visual Studio\2022\Community\VC\Tools\MSVC\14.42.34433\include\xstring(1138,5):
                  o       'std::basic_string<char,std::char_traits<char>,std::allocator<char>>::basic_string(const _Ty &,const unsigned __int64,const unsigned __int64,const _Alloc &)'
          with
          [
              _Alloc=std::allocator<char>
          ]
                  C:\Program Files\Microsoft Visual Studio\2022\Community\VC\Tools\MSVC\14.42.34433\include\xstring(779,5):
                  o       'std::basic_string<char,std::char_traits<char>,std::allocator<char>>::basic_string(_Iter,_Iter,const _Alloc &)'
          with
          [
              _Alloc=std::allocator<char>
          ]
                  C:\Program Files\Microsoft Visual Studio\2022\Community\VC\Tools\MSVC\14.42.34433\include\xstring(773,5):
                  o       'std::basic_string<char,std::char_traits<char>,std::allocator<char>>::basic_string(const unsigned __int64,const _Elem,const _Alloc &)'
          with
          [
              _Elem=char,
              _Alloc=std::allocator<char>
          ]
                  C:\Program Files\Microsoft Visual Studio\2022\Community\VC\Tools\MSVC\14.42.34433\include\xstring(756,5):
                  o       'std::basic_string<char,std::char_traits<char>,std::allocator<char>>::basic_string(const _Elem *const ,const _Alloc &)'
          with
          [
              _Elem=char,
              _Alloc=std::allocator<char>
          ]
                  C:\Program Files\Microsoft Visual Studio\2022\Community\VC\Tools\MSVC\14.42.34433\include\xstring(743,5):
                  o       'std::basic_string<char,std::char_traits<char>,std::allocator<char>>::basic_string(const _Elem *const ,const unsigned __int64,const _Alloc &)'
          with
          [
              _Elem=char,
              _Alloc=std::allocator<char>
          ]
                  C:\Users\Alexi\Documents\Beam Audio Flux\src\interface\analog\analog_ui_templates.hpp(208,154):
                  al hacer coincidir la lista de argumentos '(bool)'
          C:\Users\Alexi\Documents\Beam Audio Flux\src\interface\analog\analog_ui_templates.hpp(208,161):
          hay demasiados inicializadores
  
C:\Users\Alexi\Documents\Beam Audio Flux\src\interface\analog\analog_ui_templates.hpp(211,77): error C3083: 'MaterialType': el símbolo situado a la izquierda de '::' debe ser un tipo [C:\Users\Alexi\Documents\Beam Audio Flux\build\BeamAudioFlux.vcxproj]
  (compilando archivo de origen "../src/interface/modules/audio_module.cpp")
  
C:\Users\Alexi\Documents\Beam Audio Flux\src\interface\analog\analog_ui_templates.hpp(211,91): error C2039: "WrinklePaint": no es un miembro de "Beam::Theme" [C:\Users\Alexi\Documents\Beam Audio Flux\build\BeamAudioFlux.vcxproj]
  (compilando archivo de origen "../src/interface/modules/audio_module.cpp")
      C:\Users\Alexi\Documents\Beam Audio Flux\src\interface\core\theme.hpp(31,7):
      vea la declaración de 'Beam::Theme'
  
C:\Users\Alexi\Documents\Beam Audio Flux\src\interface\analog\analog_ui_templates.hpp(211,91): error C2065: 'WrinklePaint': identificador no declarado [C:\Users\Alexi\Documents\Beam Audio Flux\build\BeamAudioFlux.vcxproj]
  (compilando archivo de origen "../src/interface/modules/audio_module.cpp")
  
C:\Users\Alexi\Documents\Beam Audio Flux\src\interface\analog\analog_ui_templates.hpp(211,112): error C3083: 'KnobStyle': el símbolo situado a la izquierda de '::' debe ser un tipo [C:\Users\Alexi\Documents\Beam Audio Flux\build\BeamAudioFlux.vcxproj]
  (compilando archivo de origen "../src/interface/modules/audio_module.cpp")
  
C:\Users\Alexi\Documents\Beam Audio Flux\src\interface\analog\analog_ui_templates.hpp(211,123): error C2039: "ModernColored": no es un miembro de "Beam::Theme" [C:\Users\Alexi\Documents\Beam Audio Flux\build\BeamAudioFlux.vcxproj]
  (compilando archivo de origen "../src/interface/modules/audio_module.cpp")
      C:\Users\Alexi\Documents\Beam Audio Flux\src\interface\core\theme.hpp(31,7):
      vea la declaración de 'Beam::Theme'
  
C:\Users\Alexi\Documents\Beam Audio Flux\src\interface\analog\analog_ui_templates.hpp(211,123): error C2065: 'ModernColored': identificador no declarado [C:\Users\Alexi\Documents\Beam Audio Flux\build\BeamAudioFlux.vcxproj]
  (compilando archivo de origen "../src/interface/modules/audio_module.cpp")
  
C:\Users\Alexi\Documents\Beam Audio Flux\src\interface\analog\analog_ui_templates.hpp(211,16): error C2440: 'return': no se puede realizar la conversión de 'initializer list' a 'Beam::RackStyle' [C:\Users\Alexi\Documents\Beam Audio Flux\build\BeamAudioFlux.vcxproj]
  (compilando archivo de origen "../src/interface/modules/audio_module.cpp")
      C:\Users\Alexi\Documents\Beam Audio Flux\src\interface\analog\analog_ui_templates.hpp(211,9):
      Inicialización de agregados no válida
          C:\Users\Alexi\Documents\Beam Audio Flux\src\interface\analog\analog_ui_templates.hpp(211,151):
          'inicializando': no se puede realizar la conversión de 'bool' a 'std::string'
              C:\Users\Alexi\Documents\Beam Audio Flux\src\interface\analog\analog_ui_templates.hpp(211,151):
              'std::basic_string<char,std::char_traits<char>,std::allocator<char>>::basic_string':ninguna función sobrecargada pudo convertir todos los tipos de argumento
                  C:\Program Files\Microsoft Visual Studio\2022\Community\VC\Tools\MSVC\14.42.34433\include\xstring(749,5):
                  puede ser 'std::basic_string<char,std::char_traits<char>,std::allocator<char>>::basic_string(const _Elem *const )'
          with
          [
              _Elem=char
          ]
                      C:\Users\Alexi\Documents\Beam Audio Flux\src\interface\analog\analog_ui_templates.hpp(211,151):
                      'std::basic_string<char,std::char_traits<char>,std::allocator<char>>::basic_string(const _Elem *const )': el argumento 1 no puede convertirse de 'bool' a 'const _Elem *const '
          with
          [
              _Elem=char
          ]
                          C:\Users\Alexi\Documents\Beam Audio Flux\src\interface\analog\analog_ui_templates.hpp(211,151):
                          La conversión de un tipo entero a un tipo de puntero requiere reinterpret_cast, conversión de estilo de C o conversión de estilo de función entre paréntesis
                  C:\Program Files\Microsoft Visual Studio\2022\Community\VC\Tools\MSVC\14.42.34433\include\xstring(1327,5):
                  o       'std::basic_string<char,std::char_traits<char>,std::allocator<char>>::basic_string(std::initializer_list<_Elem>,const _Alloc &)'
          with
          [
              _Elem=char,
              _Alloc=std::allocator<char>
          ]
                      C:\Users\Alexi\Documents\Beam Audio Flux\src\interface\analog\analog_ui_templates.hpp(211,151):
                      'std::basic_string<char,std::char_traits<char>,std::allocator<char>>::basic_string(std::initializer_list<_Elem>,const _Alloc &)': el argumento 1 no puede convertirse de 'bool' a 'std::initializer_list<_Elem>'
          with
          [
              _Elem=char,
              _Alloc=std::allocator<char>
          ]
          and
          [
              _Elem=char
          ]
                          C:\Users\Alexi\Documents\Beam Audio Flux\src\interface\analog\analog_ui_templates.hpp(211,151):
                          La conversión requiere un segundo operador de conversión definido por el usuario o constructor
                  C:\Program Files\Microsoft Visual Studio\2022\Community\VC\Tools\MSVC\14.42.34433\include\xstring(1138,5):
                  o       'std::basic_string<char,std::char_traits<char>,std::allocator<char>>::basic_string(const _Ty &,const unsigned __int64,const unsigned __int64,const _Alloc &)'
          with
          [
              _Alloc=std::allocator<char>
          ]
                  C:\Program Files\Microsoft Visual Studio\2022\Community\VC\Tools\MSVC\14.42.34433\include\xstring(779,5):
                  o       'std::basic_string<char,std::char_traits<char>,std::allocator<char>>::basic_string(_Iter,_Iter,const _Alloc &)'
          with
          [
              _Alloc=std::allocator<char>
          ]
                  C:\Program Files\Microsoft Visual Studio\2022\Community\VC\Tools\MSVC\14.42.34433\include\xstring(773,5):
                  o       'std::basic_string<char,std::char_traits<char>,std::allocator<char>>::basic_string(const unsigned __int64,const _Elem,const _Alloc &)'
          with
          [
              _Elem=char,
              _Alloc=std::allocator<char>
          ]
                  C:\Program Files\Microsoft Visual Studio\2022\Community\VC\Tools\MSVC\14.42.34433\include\xstring(756,5):
                  o       'std::basic_string<char,std::char_traits<char>,std::allocator<char>>::basic_string(const _Elem *const ,const _Alloc &)'
          with
          [
              _Elem=char,
              _Alloc=std::allocator<char>
          ]
                  C:\Program Files\Microsoft Visual Studio\2022\Community\VC\Tools\MSVC\14.42.34433\include\xstring(743,5):
                  o       'std::basic_string<char,std::char_traits<char>,std::allocator<char>>::basic_string(const _Elem *const ,const unsigned __int64,const _Alloc &)'
          with
          [
              _Elem=char,
              _Alloc=std::allocator<char>
          ]
                  C:\Users\Alexi\Documents\Beam Audio Flux\src\interface\analog\analog_ui_templates.hpp(211,151):
                  al hacer coincidir la lista de argumentos '(bool)'
          C:\Users\Alexi\Documents\Beam Audio Flux\src\interface\analog\analog_ui_templates.hpp(211,158):
          'inicializando': no se puede realizar la conversión de 'bool' a 'std::string'
              C:\Users\Alexi\Documents\Beam Audio Flux\src\interface\analog\analog_ui_templates.hpp(211,158):
              'std::basic_string<char,std::char_traits<char>,std::allocator<char>>::basic_string':ninguna función sobrecargada pudo convertir todos los tipos de argumento
                  C:\Program Files\Microsoft Visual Studio\2022\Community\VC\Tools\MSVC\14.42.34433\include\xstring(749,5):
                  puede ser 'std::basic_string<char,std::char_traits<char>,std::allocator<char>>::basic_string(const _Elem *const )'
          with
          [
              _Elem=char
          ]
                      C:\Users\Alexi\Documents\Beam Audio Flux\src\interface\analog\analog_ui_templates.hpp(211,158):
                      'std::basic_string<char,std::char_traits<char>,std::allocator<char>>::basic_string(const _Elem *const )': el argumento 1 no puede convertirse de 'bool' a 'const _Elem *const '
          with
          [
              _Elem=char
          ]
                          C:\Users\Alexi\Documents\Beam Audio Flux\src\interface\analog\analog_ui_templates.hpp(211,158):
                          La conversión de un tipo entero a un tipo de puntero requiere reinterpret_cast, conversión de estilo de C o conversión de estilo de función entre paréntesis
                  C:\Program Files\Microsoft Visual Studio\2022\Community\VC\Tools\MSVC\14.42.34433\include\xstring(1327,5):
                  o       'std::basic_string<char,std::char_traits<char>,std::allocator<char>>::basic_string(std::initializer_list<_Elem>,const _Alloc &)'
          with
          [
              _Elem=char,
              _Alloc=std::allocator<char>
          ]
                      C:\Users\Alexi\Documents\Beam Audio Flux\src\interface\analog\analog_ui_templates.hpp(211,158):
                      'std::basic_string<char,std::char_traits<char>,std::allocator<char>>::basic_string(std::initializer_list<_Elem>,const _Alloc &)': el argumento 1 no puede convertirse de 'bool' a 'std::initializer_list<_Elem>'
          with
          [
              _Elem=char,
              _Alloc=std::allocator<char>
          ]
          and
          [
              _Elem=char
          ]
                          C:\Users\Alexi\Documents\Beam Audio Flux\src\interface\analog\analog_ui_templates.hpp(211,158):
                          La conversión requiere un segundo operador de conversión definido por el usuario o constructor
                  C:\Program Files\Microsoft Visual Studio\2022\Community\VC\Tools\MSVC\14.42.34433\include\xstring(1138,5):
                  o       'std::basic_string<char,std::char_traits<char>,std::allocator<char>>::basic_string(const _Ty &,const unsigned __int64,const unsigned __int64,const _Alloc &)'
          with
          [
              _Alloc=std::allocator<char>
          ]
                  C:\Program Files\Microsoft Visual Studio\2022\Community\VC\Tools\MSVC\14.42.34433\include\xstring(779,5):
                  o       'std::basic_string<char,std::char_traits<char>,std::allocator<char>>::basic_string(_Iter,_Iter,const _Alloc &)'
          with
          [
              _Alloc=std::allocator<char>
          ]
                  C:\Program Files\Microsoft Visual Studio\2022\Community\VC\Tools\MSVC\14.42.34433\include\xstring(773,5):
                  o       'std::basic_string<char,std::char_traits<char>,std::allocator<char>>::basic_string(const unsigned __int64,const _Elem,const _Alloc &)'
          with
          [
              _Elem=char,
              _Alloc=std::allocator<char>
          ]
                  C:\Program Files\Microsoft Visual Studio\2022\Community\VC\Tools\MSVC\14.42.34433\include\xstring(756,5):
                  o       'std::basic_string<char,std::char_traits<char>,std::allocator<char>>::basic_string(const _Elem *const ,const _Alloc &)'
          with
          [
              _Elem=char,
              _Alloc=std::allocator<char>
          ]
                  C:\Program Files\Microsoft Visual Studio\2022\Community\VC\Tools\MSVC\14.42.34433\include\xstring(743,5):
                  o       'std::basic_string<char,std::char_traits<char>,std::allocator<char>>::basic_string(const _Elem *const ,const unsigned __int64,const _Alloc &)'
          with
          [
              _Elem=char,
              _Alloc=std::allocator<char>
          ]
                  C:\Users\Alexi\Documents\Beam Audio Flux\src\interface\analog\analog_ui_templates.hpp(211,158):
                  al hacer coincidir la lista de argumentos '(bool)'
          C:\Users\Alexi\Documents\Beam Audio Flux\src\interface\analog\analog_ui_templates.hpp(211,165):
          hay demasiados inicializadores
  
C:\Users\Alexi\Documents\Beam Audio Flux\src\interface\analog\analog_ui_templates.hpp(214,80): error C3083: 'MaterialType': el símbolo situado a la izquierda de '::' debe ser un tipo [C:\Users\Alexi\Documents\Beam Audio Flux\build\BeamAudioFlux.vcxproj]
  (compilando archivo de origen "../src/interface/modules/audio_module.cpp")
  
C:\Users\Alexi\Documents\Beam Audio Flux\src\interface\analog\analog_ui_templates.hpp(214,94): error C2039: "Standard": no es un miembro de "Beam::Theme" [C:\Users\Alexi\Documents\Beam Audio Flux\build\BeamAudioFlux.vcxproj]
  (compilando archivo de origen "../src/interface/modules/audio_module.cpp")
      C:\Users\Alexi\Documents\Beam Audio Flux\src\interface\core\theme.hpp(31,7):
      vea la declaración de 'Beam::Theme'
  
C:\Users\Alexi\Documents\Beam Audio Flux\src\interface\analog\analog_ui_templates.hpp(214,94): error C1003: el recuento de errores supera 100; se detiene la compilación [C:\Users\Alexi\Documents\Beam Audio Flux\build\BeamAudioFlux.vcxproj]
  (compilando archivo de origen "../src/interface/modules/audio_module.cpp")
  
  knob.cpp
C:\Users\Alexi\Documents\Beam Audio Flux\src\interface\widgets\knob.hpp(131,26): error C2039: "KnobStyle": no es un miembro de "Beam::Theme" [C:\Users\Alexi\Documents\Beam Audio Flux\build\BeamAudioFlux.vcxproj]
  (compilando archivo de origen "../src/interface/widgets/knob.cpp")
      C:\Users\Alexi\Documents\Beam Audio Flux\src\interface\core\theme.hpp(31,7):
      vea la declaración de 'Beam::Theme'
  
C:\Users\Alexi\Documents\Beam Audio Flux\src\interface\widgets\knob.hpp(131,26): error C2061: error de sintaxis: identificador 'KnobStyle' [C:\Users\Alexi\Documents\Beam Audio Flux\build\BeamAudioFlux.vcxproj]
  (compilando archivo de origen "../src/interface/widgets/knob.cpp")
  
C:\Users\Alexi\Documents\Beam Audio Flux\src\interface\widgets\knob.hpp(132,12): error C2039: "KnobStyle": no es un miembro de "Beam::Theme" [C:\Users\Alexi\Documents\Beam Audio Flux\build\BeamAudioFlux.vcxproj]
  (compilando archivo de origen "../src/interface/widgets/knob.cpp")
      C:\Users\Alexi\Documents\Beam Audio Flux\src\interface\core\theme.hpp(31,7):
      vea la declaración de 'Beam::Theme'
  
C:\Users\Alexi\Documents\Beam Audio Flux\src\interface\widgets\knob.hpp(132,22): error C3646: 'getStyle': especificador de invalidación desconocido [C:\Users\Alexi\Documents\Beam Audio Flux\build\BeamAudioFlux.vcxproj]
  (compilando archivo de origen "../src/interface/widgets/knob.cpp")
  
C:\Users\Alexi\Documents\Beam Audio Flux\src\interface\widgets\knob.hpp(132,30): error C2059: error de sintaxis: '(' [C:\Users\Alexi\Documents\Beam Audio Flux\build\BeamAudioFlux.vcxproj]
  (compilando archivo de origen "../src/interface/widgets/knob.cpp")
  
C:\Users\Alexi\Documents\Beam Audio Flux\src\interface\widgets\knob.hpp(132,39): error C2334: símbolos (token) inesperados delante de '{'; se pasará por alto el cuerpo de función aparente [C:\Users\Alexi\Documents\Beam Audio Flux\build\BeamAudioFlux.vcxproj]
  (compilando archivo de origen "../src/interface/widgets/knob.cpp")
  
C:\Users\Alexi\Documents\Beam Audio Flux\src\interface\widgets\knob.hpp(146,12): error C2039: "KnobStyle": no es un miembro de "Beam::Theme" [C:\Users\Alexi\Documents\Beam Audio Flux\build\BeamAudioFlux.vcxproj]
  (compilando archivo de origen "../src/interface/widgets/knob.cpp")
      C:\Users\Alexi\Documents\Beam Audio Flux\src\interface\core\theme.hpp(31,7):
      vea la declaración de 'Beam::Theme'
  
C:\Users\Alexi\Documents\Beam Audio Flux\src\interface\widgets\knob.hpp(146,22): error C3646: 'm_style': especificador de invalidación desconocido [C:\Users\Alexi\Documents\Beam Audio Flux\build\BeamAudioFlux.vcxproj]
  (compilando archivo de origen "../src/interface/widgets/knob.cpp")
  
C:\Users\Alexi\Documents\Beam Audio Flux\src\interface\widgets\knob.hpp(146,30): error C2059: error de sintaxis: '=' [C:\Users\Alexi\Documents\Beam Audio Flux\build\BeamAudioFlux.vcxproj]
  (compilando archivo de origen "../src/interface/widgets/knob.cpp")
  
C:\Users\Alexi\Documents\Beam Audio Flux\src\interface\widgets\knob.hpp(146,39): error C3083: 'KnobStyle': el símbolo situado a la izquierda de '::' debe ser un tipo [C:\Users\Alexi\Documents\Beam Audio Flux\build\BeamAudioFlux.vcxproj]
  (compilando archivo de origen "../src/interface/widgets/knob.cpp")
  
C:\Users\Alexi\Documents\Beam Audio Flux\src\interface\widgets\knob.hpp(146,50): error C2039: "ClassicBakelite": no es un miembro de "Beam::Theme" [C:\Users\Alexi\Documents\Beam Audio Flux\build\BeamAudioFlux.vcxproj]
  (compilando archivo de origen "../src/interface/widgets/knob.cpp")
      C:\Users\Alexi\Documents\Beam Audio Flux\src\interface\core\theme.hpp(31,7):
      vea la declaración de 'Beam::Theme'
  
C:\Users\Alexi\Documents\Beam Audio Flux\src\interface\widgets\knob.hpp(146,65): error C2238: símbolos (token) inesperados delante de ';' [C:\Users\Alexi\Documents\Beam Audio Flux\build\BeamAudioFlux.vcxproj]
  (compilando archivo de origen "../src/interface/widgets/knob.cpp")
  
C:\Users\Alexi\Documents\Beam Audio Flux\src\interface\widgets\knob.hpp(131,45): error C2065: 'm_style': identificador no declarado [C:\Users\Alexi\Documents\Beam Audio Flux\build\BeamAudioFlux.vcxproj]
  (compilando archivo de origen "../src/interface/widgets/knob.cpp")
  
C:\Users\Alexi\Documents\Beam Audio Flux\src\interface\widgets\knob.hpp(131,55): error C2065: 'style': identificador no declarado [C:\Users\Alexi\Documents\Beam Audio Flux\build\BeamAudioFlux.vcxproj]
  (compilando archivo de origen "../src/interface/widgets/knob.cpp")
  
  Generando código...
  SDL3_test.vcxproj -> C:\Users\Alexi\Documents\Beam Audio Flux\build\_deps\sdl3-build\Release\SDL3_test.lib
  test_persistence.vcxproj -> C:\Users\Alexi\Documents\Beam Audio Flux\build\Release\test_persistence.exe
