c:\users\alexi\documents\beam audio flux\build\_deps\sdl3-build\sdl3-static.dir\release\sdl_render_d3d12.obj
c:\users\alexi\documents\beam audio flux\build\_deps\sdl3-build\sdl3-static.dir\release\sdl_openxrdyn.obj
c:\users\alexi\documents\beam audio flux\build\_deps\sdl3-build\sdl3-static.dir\release\sdl_gpu_vulkan.obj
c:\users\alexi\documents\beam audio flux\build\_deps\sdl3-build\sdl3-static.dir\release\sdl_gpu_d3d12.obj
c:\users\alexi\documents\beam audio flux\build\_deps\sdl3-build\sdl3-static.dir\release\sdl.obj
c:\users\alexi\documents\beam audio flux\build\_deps\sdl3-build\sdl3-static.dir\release\cmake_pch.cxx.pch
c:\users\alexi\documents\beam audio flux\build\_deps\sdl3-build\sdl3-static.dir\release\cmake_pch.cxx.obj
c:\users\alexi\documents\beam audio flux\build\_deps\sdl3-build\sdl3-static.dir\release\cmake_pch.c.pch
c:\users\alexi\documents\beam audio flux\build\_deps\sdl3-build\sdl3-static.dir\release\cmake_pch.c.obj
c:\users\alexi\documents\beam audio flux\build\_deps\sdl3-build\sdl3-static.dir\release\sdl_wave.obj
c:\users\alexi\documents\beam audio flux\build\_deps\sdl3-build\sdl3-static.dir\release\sdl_mixer.obj
c:\users\alexi\documents\beam audio flux\build\_deps\sdl3-build\sdl3-static.dir\release\sdl_audiotypecvt.obj
c:\users\alexi\documents\beam audio flux\build\_deps\sdl3-build\sdl3-static.dir\release\sdl_audioresample.obj
c:\users\alexi\documents\beam audio flux\build\_deps\sdl3-build\sdl3-static.dir\release\sdl_audioqueue.obj
c:\users\alexi\documents\beam audio flux\build\_deps\sdl3-build\sdl3-static.dir\release\sdl_audiodev.obj
c:\users\alexi\documents\beam audio flux\build\_deps\sdl3-build\sdl3-static.dir\release\sdl_audiocvt.obj
c:\users\alexi\documents\beam audio flux\build\_deps\sdl3-build\sdl3-static.dir\release\sdl_audio.obj
c:\users\alexi\documents\beam audio flux\build\_deps\sdl3-build\sdl3-static.dir\release\sdl_spinlock.obj
c:\users\alexi\documents\beam audio flux\build\_deps\sdl3-build\sdl3-static.dir\release\sdl_atomic.obj
c:\users\alexi\documents\beam audio flux\build\_deps\sdl3-build\sdl3-static.dir\release\sdl_utils.obj
c:\users\alexi\documents\beam audio flux\build\_deps\sdl3-build\sdl3-static.dir\release\sdl_properties.obj
c:\users\alexi\documents\beam audio flux\build\_deps\sdl3-build\sdl3-static.dir\release\sdl_log.obj
c:\users\alexi\documents\beam audio flux\build\_deps\sdl3-build\sdl3-static.dir\release\sdl_list.obj
c:\users\alexi\documents\beam audio flux\build\_deps\sdl3-build\sdl3-static.dir\release\sdl_hints.obj
c:\users\alexi\documents\beam audio flux\build\_deps\sdl3-build\sdl3-static.dir\release\sdl_hashtable.obj
c:\users\alexi\documents\beam audio flux\build\_deps\sdl3-build\sdl3-static.dir\release\sdl_guid.obj
c:\users\alexi\documents\beam audio flux\build\_deps\sdl3-build\sdl3-static.dir\release\sdl_error.obj
c:\users\alexi\documents\beam audio flux\build\_deps\sdl3-build\sdl3-static.dir\release\sdl_assert.obj
c:\users\alexi\documents\beam audio flux\build\_deps\sdl3-build\sdl3-static.dir\release\sdl_displayevents.obj
c:\users\alexi\documents\beam audio flux\build\_deps\sdl3-build\sdl3-static.dir\release\sdl_clipboardevents.obj
c:\users\alexi\documents\beam audio flux\build\_deps\sdl3-build\sdl3-static.dir\release\sdl_categories.obj
c:\users\alexi\documents\beam audio flux\build\_deps\sdl3-build\sdl3-static.dir\release\sdl_windowsdialog.obj
c:\users\alexi\documents\beam audio flux\build\_deps\sdl3-build\sdl3-static.dir\release\sdl_dialog_utils.obj
c:\users\alexi\documents\beam audio flux\build\_deps\sdl3-build\sdl3-static.dir\release\sdl_dialog.obj
c:\users\alexi\documents\beam audio flux\build\_deps\sdl3-build\sdl3-static.dir\release\sdl_cpuinfo.obj
c:\users\alexi\documents\beam audio flux\build\_deps\sdl3-build\sdl3-static.dir\release\pch.obj
c:\users\alexi\documents\beam audio flux\build\_deps\sdl3-build\sdl3-static.dir\release\sdl_xinput.obj
c:\users\alexi\documents\beam audio flux\build\_deps\sdl3-build\sdl3-static.dir\release\sdl_windows.obj
c:\users\alexi\documents\beam audio flux\build\_deps\sdl3-build\sdl3-static.dir\release\sdl_immdevice.obj
c:\users\alexi\documents\beam audio flux\build\_deps\sdl3-build\sdl3-static.dir\release\sdl_hid.obj
c:\users\alexi\documents\beam audio flux\build\_deps\sdl3-build\sdl3-static.dir\release\sdl_core_unsupported.obj
c:\users\alexi\documents\beam audio flux\build\_deps\sdl3-build\sdl3-static.dir\release\sdl_camera_mediafoundation.obj
c:\users\alexi\documents\beam audio flux\build\_deps\sdl3-build\sdl3-static.dir\release\sdl_camera_dummy.obj
c:\users\alexi\documents\beam audio flux\build\_deps\sdl3-build\sdl3-static.dir\release\sdl_camera.obj
c:\users\alexi\documents\beam audio flux\build\_deps\sdl3-build\sdl3-static.dir\release\sdl_wasapi.obj
c:\users\alexi\documents\beam audio flux\build\_deps\sdl3-build\sdl3-static.dir\release\sdl_dummyaudio.obj
c:\users\alexi\documents\beam audio flux\build\_deps\sdl3-build\sdl3-static.dir\release\sdl_diskaudio.obj
c:\users\alexi\documents\beam audio flux\build\_deps\sdl3-build\sdl3-static.dir\release\sdl_directsound.obj
c:\users\alexi\documents\beam audio flux\build\_deps\sdl3-build\sdl3-static.dir\release\sdl_gpu.obj
c:\users\alexi\documents\beam audio flux\build\_deps\sdl3-build\sdl3-static.dir\release\sdl_sysfsops.obj
c:\users\alexi\documents\beam audio flux\build\_deps\sdl3-build\sdl3-static.dir\release\sdl_sysfilesystem.obj
c:\users\alexi\documents\beam audio flux\build\_deps\sdl3-build\sdl3-static.dir\release\sdl_filesystem.obj
c:\users\alexi\documents\beam audio flux\build\_deps\sdl3-build\sdl3-static.dir\release\imkstoucs.obj
c:\users\alexi\documents\beam audio flux\build\_deps\sdl3-build\sdl3-static.dir\release\sdl_windowevents.obj
c:\users\alexi\documents\beam audio flux\build\_deps\sdl3-build\sdl3-static.dir\release\sdl_touch.obj
c:\users\alexi\documents\beam audio flux\build\_deps\sdl3-build\sdl3-static.dir\release\sdl_scancode_tables.obj
c:\users\alexi\documents\beam audio flux\build\_deps\sdl3-build\sdl3-static.dir\release\sdl_quit.obj
c:\users\alexi\documents\beam audio flux\build\_deps\sdl3-build\sdl3-static.dir\release\sdl_pen.obj
c:\users\alexi\documents\beam audio flux\build\_deps\sdl3-build\sdl3-static.dir\release\sdl_mouse.obj
c:\users\alexi\documents\beam audio flux\build\_deps\sdl3-build\sdl3-static.dir\release\sdl_keysym_to_scancode.obj
c:\users\alexi\documents\beam audio flux\build\_deps\sdl3-build\sdl3-static.dir\release\sdl_keysym_to_keycode.obj
c:\users\alexi\documents\beam audio flux\build\_deps\sdl3-build\sdl3-static.dir\release\sdl_keymap.obj
c:\users\alexi\documents\beam audio flux\build\_deps\sdl3-build\sdl3-static.dir\release\sdl_keyboard.obj
c:\users\alexi\documents\beam audio flux\build\_deps\sdl3-build\sdl3-static.dir\release\sdl_eventwatch.obj
c:\users\alexi\documents\beam audio flux\build\_deps\sdl3-build\sdl3-static.dir\release\sdl_events.obj
c:\users\alexi\documents\beam audio flux\build\_deps\sdl3-build\sdl3-static.dir\release\sdl_dropevents.obj
c:\users\alexi\documents\beam audio flux\build\_deps\sdl3-build\sdl3-static.dir\release\sdl_hidapi_gamecube.obj
c:\users\alexi\documents\beam audio flux\build\_deps\sdl3-build\sdl3-static.dir\release\sdl_hidapi_flydigi.obj
c:\users\alexi\documents\beam audio flux\build\_deps\sdl3-build\sdl3-static.dir\release\sdl_hidapi_combined.obj
c:\users\alexi\documents\beam audio flux\build\_deps\sdl3-build\sdl3-static.dir\release\sdl_hidapi_8bitdo.obj
c:\users\alexi\documents\beam audio flux\build\_deps\sdl3-build\sdl3-static.dir\release\controller_type.obj
c:\users\alexi\documents\beam audio flux\build\_deps\sdl3-build\sdl3-static.dir\release\sdl_steam_virtual_gamepad.obj
c:\users\alexi\documents\beam audio flux\build\_deps\sdl3-build\sdl3-static.dir\release\sdl_joystick.obj
c:\users\alexi\documents\beam audio flux\build\_deps\sdl3-build\sdl3-static.dir\release\sdl_gamepad.obj
c:\users\alexi\documents\beam audio flux\build\_deps\sdl3-build\sdl3-static.dir\release\sdl_asyncio_windows_ioring.obj
c:\users\alexi\documents\beam audio flux\build\_deps\sdl3-build\sdl3-static.dir\release\sdl_asyncio_generic.obj
c:\users\alexi\documents\beam audio flux\build\_deps\sdl3-build\sdl3-static.dir\release\sdl_iostream.obj
c:\users\alexi\documents\beam audio flux\build\_deps\sdl3-build\sdl3-static.dir\release\sdl_asyncio.obj
c:\users\alexi\documents\beam audio flux\build\_deps\sdl3-build\sdl3-static.dir\release\sdl_hidapi.obj
c:\users\alexi\documents\beam audio flux\build\_deps\sdl3-build\sdl3-static.dir\release\sdl_windowshaptic.obj
c:\users\alexi\documents\beam audio flux\build\_deps\sdl3-build\sdl3-static.dir\release\sdl_dinputhaptic.obj
c:\users\alexi\documents\beam audio flux\build\_deps\sdl3-build\sdl3-static.dir\release\sdl_hidapihaptic_lg4ff.obj
c:\users\alexi\documents\beam audio flux\build\_deps\sdl3-build\sdl3-static.dir\release\sdl_hidapihaptic.obj
c:\users\alexi\documents\beam audio flux\build\_deps\sdl3-build\sdl3-static.dir\release\sdl_haptic.obj
c:\users\alexi\documents\beam audio flux\build\_deps\sdl3-build\sdl3-static.dir\release\sdl_gpu_openxr.obj
c:\users\alexi\documents\beam audio flux\build\_deps\sdl3-build\sdl3-static.dir\release\sdl_hidapi_xboxone.obj
c:\users\alexi\documents\beam audio flux\build\_deps\sdl3-build\sdl3-static.dir\release\sdl_hidapi_xbox360w.obj
c:\users\alexi\documents\beam audio flux\build\_deps\sdl3-build\sdl3-static.dir\release\sdl_hidapi_xbox360.obj
c:\users\alexi\documents\beam audio flux\build\_deps\sdl3-build\sdl3-static.dir\release\sdl_hidapi_wii.obj
c:\users\alexi\documents\beam audio flux\build\_deps\sdl3-build\sdl3-static.dir\release\sdl_hidapi_switch2.obj
c:\users\alexi\documents\beam audio flux\build\_deps\sdl3-build\sdl3-static.dir\release\sdl_hidapi_switch.obj
c:\users\alexi\documents\beam audio flux\build\_deps\sdl3-build\sdl3-static.dir\release\sdl_hidapi_steamdeck.obj
c:\users\alexi\documents\beam audio flux\build\_deps\sdl3-build\sdl3-static.dir\release\sdl_hidapi_steam_triton.obj
c:\users\alexi\documents\beam audio flux\build\_deps\sdl3-build\sdl3-static.dir\release\sdl_hidapi_steam_hori.obj
c:\users\alexi\documents\beam audio flux\build\_deps\sdl3-build\sdl3-static.dir\release\sdl_hidapi_steam.obj
c:\users\alexi\documents\beam audio flux\build\_deps\sdl3-build\sdl3-static.dir\release\sdl_hidapi_stadia.obj
c:\users\alexi\documents\beam audio flux\build\_deps\sdl3-build\sdl3-static.dir\release\sdl_hidapi_sinput.obj
c:\users\alexi\documents\beam audio flux\build\_deps\sdl3-build\sdl3-static.dir\release\sdl_hidapi_shield.obj
c:\users\alexi\documents\beam audio flux\build\_deps\sdl3-build\sdl3-static.dir\release\sdl_hidapi_rumble.obj
c:\users\alexi\documents\beam audio flux\build\_deps\sdl3-build\sdl3-static.dir\release\sdl_hidapi_ps5.obj
c:\users\alexi\documents\beam audio flux\build\_deps\sdl3-build\sdl3-static.dir\release\sdl_hidapi_ps4.obj
c:\users\alexi\documents\beam audio flux\build\_deps\sdl3-build\sdl3-static.dir\release\sdl_hidapi_ps3.obj
c:\users\alexi\documents\beam audio flux\build\_deps\sdl3-build\sdl3-static.dir\release\sdl_hidapi_luna.obj
c:\users\alexi\documents\beam audio flux\build\_deps\sdl3-build\sdl3-static.dir\release\sdl_hidapi_lg4ff.obj
c:\users\alexi\documents\beam audio flux\build\_deps\sdl3-build\sdl3-static.dir\release\sdl_hidapi_gip.obj
c:\users\alexi\documents\beam audio flux\build\_deps\sdl3-build\sdl3-static.dir\release\k_sin.obj
c:\users\alexi\documents\beam audio flux\build\_deps\sdl3-build\sdl3-static.dir\release\k_rem_pio2.obj
c:\users\alexi\documents\beam audio flux\build\_deps\sdl3-build\sdl3-static.dir\release\k_cos.obj
c:\users\alexi\documents\beam audio flux\build\_deps\sdl3-build\sdl3-static.dir\release\e_sqrt.obj
c:\users\alexi\documents\beam audio flux\build\_deps\sdl3-build\sdl3-static.dir\release\e_rem_pio2.obj
c:\users\alexi\documents\beam audio flux\build\_deps\sdl3-build\sdl3-static.dir\release\e_pow.obj
c:\users\alexi\documents\beam audio flux\build\_deps\sdl3-build\sdl3-static.dir\release\e_log10.obj
c:\users\alexi\documents\beam audio flux\build\_deps\sdl3-build\sdl3-static.dir\release\e_log.obj
c:\users\alexi\documents\beam audio flux\build\_deps\sdl3-build\sdl3-static.dir\release\e_fmod.obj
c:\users\alexi\documents\beam audio flux\build\_deps\sdl3-build\sdl3-static.dir\release\e_exp.obj
c:\users\alexi\documents\beam audio flux\build\_deps\sdl3-build\sdl3-static.dir\release\e_atan2.obj
c:\users\alexi\documents\beam audio flux\build\_deps\sdl3-build\sdl3-static.dir\release\sdl_xinputjoystick.obj
c:\users\alexi\documents\beam audio flux\build\_deps\sdl3-build\sdl3-static.dir\release\sdl_windowsjoystick.obj
c:\users\alexi\documents\beam audio flux\build\_deps\sdl3-build\sdl3-static.dir\release\sdl_windows_gaming_input.obj
c:\users\alexi\documents\beam audio flux\build\_deps\sdl3-build\sdl3-static.dir\release\sdl_rawinputjoystick.obj
c:\users\alexi\documents\beam audio flux\build\_deps\sdl3-build\sdl3-static.dir\release\sdl_dinputjoystick.obj
c:\users\alexi\documents\beam audio flux\build\_deps\sdl3-build\sdl3-static.dir\release\sdl_virtualjoystick.obj
c:\users\alexi\documents\beam audio flux\build\_deps\sdl3-build\sdl3-static.dir\release\sdl_report_descriptor.obj
c:\users\alexi\documents\beam audio flux\build\_deps\sdl3-build\sdl3-static.dir\release\sdl_hidapijoystick.obj
c:\users\alexi\documents\beam audio flux\build\_deps\sdl3-build\sdl3-static.dir\release\sdl_hidapi_zuiki.obj
c:\users\alexi\documents\beam audio flux\build\_deps\sdl3-build\sdl3-static.dir\release\sdl_sysmain_callbacks.obj
c:\users\alexi\documents\beam audio flux\build\_deps\sdl3-build\sdl3-static.dir\release\sdl_runapp.obj
c:\users\alexi\documents\beam audio flux\build\_deps\sdl3-build\sdl3-static.dir\release\sdl_main_callbacks.obj
c:\users\alexi\documents\beam audio flux\build\_deps\sdl3-build\sdl3-static.dir\release\sdl_syslocale.obj
c:\users\alexi\documents\beam audio flux\build\_deps\sdl3-build\sdl3-static.dir\release\sdl_locale.obj
c:\users\alexi\documents\beam audio flux\build\_deps\sdl3-build\sdl3-static.dir\release\sdl_sysloadso.obj
c:\users\alexi\documents\beam audio flux\build\_deps\sdl3-build\sdl3-static.dir\release\s_tan.obj
c:\users\alexi\documents\beam audio flux\build\_deps\sdl3-build\sdl3-static.dir\release\s_sin.obj
c:\users\alexi\documents\beam audio flux\build\_deps\sdl3-build\sdl3-static.dir\release\s_scalbn.obj
c:\users\alexi\documents\beam audio flux\build\_deps\sdl3-build\sdl3-static.dir\release\s_modf.obj
c:\users\alexi\documents\beam audio flux\build\_deps\sdl3-build\sdl3-static.dir\release\s_isnanf.obj
c:\users\alexi\documents\beam audio flux\build\_deps\sdl3-build\sdl3-static.dir\release\s_isnan.obj
c:\users\alexi\documents\beam audio flux\build\_deps\sdl3-build\sdl3-static.dir\release\s_isinff.obj
c:\users\alexi\documents\beam audio flux\build\_deps\sdl3-build\sdl3-static.dir\release\s_isinf.obj
c:\users\alexi\documents\beam audio flux\build\_deps\sdl3-build\sdl3-static.dir\release\s_floor.obj
c:\users\alexi\documents\beam audio flux\build\_deps\sdl3-build\sdl3-static.dir\release\s_fabs.obj
c:\users\alexi\documents\beam audio flux\build\_deps\sdl3-build\sdl3-static.dir\release\s_cos.obj
c:\users\alexi\documents\beam audio flux\build\_deps\sdl3-build\sdl3-static.dir\release\s_copysign.obj
c:\users\alexi\documents\beam audio flux\build\_deps\sdl3-build\sdl3-static.dir\release\s_atan.obj
c:\users\alexi\documents\beam audio flux\build\_deps\sdl3-build\sdl3-static.dir\release\k_tan.obj
c:\users\alexi\documents\beam audio flux\build\_deps\sdl3-build\sdl3-static.dir\release\sdl_shaders_gpu.obj
c:\users\alexi\documents\beam audio flux\build\_deps\sdl3-build\sdl3-static.dir\release\sdl_render_gpu.obj
c:\users\alexi\documents\beam audio flux\build\_deps\sdl3-build\sdl3-static.dir\release\sdl_pipeline_gpu.obj
c:\users\alexi\documents\beam audio flux\build\_deps\sdl3-build\sdl3-static.dir\release\sdl_shaders_d3d.obj
c:\users\alexi\documents\beam audio flux\build\_deps\sdl3-build\sdl3-static.dir\release\sdl_render_d3d.obj
c:\users\alexi\documents\beam audio flux\build\_deps\sdl3-build\sdl3-static.dir\release\sdl_shaders_d3d12.obj
c:\users\alexi\documents\beam audio flux\build\_deps\sdl3-build\sdl3-static.dir\release\sdl_shaders_d3d11.obj
c:\users\alexi\documents\beam audio flux\build\_deps\sdl3-build\sdl3-static.dir\release\sdl_render_d3d11.obj
c:\users\alexi\documents\beam audio flux\build\_deps\sdl3-build\sdl3-static.dir\release\sdl_yuv_sw.obj
c:\users\alexi\documents\beam audio flux\build\_deps\sdl3-build\sdl3-static.dir\release\sdl_render_unsupported.obj
c:\users\alexi\documents\beam audio flux\build\_deps\sdl3-build\sdl3-static.dir\release\sdl_render.obj
c:\users\alexi\documents\beam audio flux\build\_deps\sdl3-build\sdl3-static.dir\release\sdl_windowsprocess.obj
c:\users\alexi\documents\beam audio flux\build\_deps\sdl3-build\sdl3-static.dir\release\sdl_process.obj
c:\users\alexi\documents\beam audio flux\build\_deps\sdl3-build\sdl3-static.dir\release\sdl_syspower.obj
c:\users\alexi\documents\beam audio flux\build\_deps\sdl3-build\sdl3-static.dir\release\sdl_power.obj
c:\users\alexi\documents\beam audio flux\build\_deps\sdl3-build\sdl3-static.dir\release\sdl_sysurl.obj
c:\users\alexi\documents\beam audio flux\build\_deps\sdl3-build\sdl3-static.dir\release\sdl_url.obj
c:\users\alexi\documents\beam audio flux\build\_deps\sdl3-build\sdl3-static.dir\release\sdl_libusb.obj
c:\users\alexi\documents\beam audio flux\build\_deps\sdl3-build\sdl3-static.dir\release\sdl_sysmain_runapp.obj
c:\users\alexi\documents\beam audio flux\build\_deps\sdl3-build\sdl3-static.dir\release\sdl_sensor.obj
c:\users\alexi\documents\beam audio flux\build\_deps\sdl3-build\sdl3-static.dir\release\sdl_shaders_vulkan.obj
c:\users\alexi\documents\beam audio flux\build\_deps\sdl3-build\sdl3-static.dir\release\sdl_render_vulkan.obj
c:\users\alexi\documents\beam audio flux\build\_deps\sdl3-build\sdl3-static.dir\release\sdl_render_vita_gxm_tools.obj
c:\users\alexi\documents\beam audio flux\build\_deps\sdl3-build\sdl3-static.dir\release\sdl_render_vita_gxm_memory.obj
c:\users\alexi\documents\beam audio flux\build\_deps\sdl3-build\sdl3-static.dir\release\sdl_render_vita_gxm.obj
c:\users\alexi\documents\beam audio flux\build\_deps\sdl3-build\sdl3-static.dir\release\sdl_triangle.obj
c:\users\alexi\documents\beam audio flux\build\_deps\sdl3-build\sdl3-static.dir\release\sdl_render_sw.obj
c:\users\alexi\documents\beam audio flux\build\_deps\sdl3-build\sdl3-static.dir\release\sdl_drawpoint.obj
c:\users\alexi\documents\beam audio flux\build\_deps\sdl3-build\sdl3-static.dir\release\sdl_drawline.obj
c:\users\alexi\documents\beam audio flux\build\_deps\sdl3-build\sdl3-static.dir\release\sdl_blendpoint.obj
c:\users\alexi\documents\beam audio flux\build\_deps\sdl3-build\sdl3-static.dir\release\sdl_blendline.obj
c:\users\alexi\documents\beam audio flux\build\_deps\sdl3-build\sdl3-static.dir\release\sdl_blendfillrect.obj
c:\users\alexi\documents\beam audio flux\build\_deps\sdl3-build\sdl3-static.dir\release\sdl_render_psp.obj
c:\users\alexi\documents\beam audio flux\build\_deps\sdl3-build\sdl3-static.dir\release\sdl_render_ps2.obj
c:\users\alexi\documents\beam audio flux\build\_deps\sdl3-build\sdl3-static.dir\release\sdl_shaders_gles2.obj
c:\users\alexi\documents\beam audio flux\build\_deps\sdl3-build\sdl3-static.dir\release\sdl_render_gles2.obj
c:\users\alexi\documents\beam audio flux\build\_deps\sdl3-build\sdl3-static.dir\release\sdl_shaders_gl.obj
c:\users\alexi\documents\beam audio flux\build\_deps\sdl3-build\sdl3-static.dir\release\sdl_render_gl.obj
c:\users\alexi\documents\beam audio flux\build\_deps\sdl3-build\sdl3-static.dir\release\sdl_render_ngage.obj
c:\users\alexi\documents\beam audio flux\build\_deps\sdl3-build\sdl3-static.dir\release\sdl_syscond.obj
c:\users\alexi\documents\beam audio flux\build\_deps\sdl3-build\sdl3-static.dir\release\sdl_thread.obj
c:\users\alexi\documents\beam audio flux\build\_deps\sdl3-build\sdl3-static.dir\release\sdl_steamstorage.obj
c:\users\alexi\documents\beam audio flux\build\_deps\sdl3-build\sdl3-static.dir\release\sdl_genericstorage.obj
c:\users\alexi\documents\beam audio flux\build\_deps\sdl3-build\sdl3-static.dir\release\sdl_storage.obj
c:\users\alexi\documents\beam audio flux\build\_deps\sdl3-build\sdl3-static.dir\release\sdl_strtokr.obj
c:\users\alexi\documents\beam audio flux\build\_deps\sdl3-build\sdl3-static.dir\release\sdl_string.obj
c:\users\alexi\documents\beam audio flux\build\_deps\sdl3-build\sdl3-static.dir\release\sdl_stdlib.obj
c:\users\alexi\documents\beam audio flux\build\_deps\sdl3-build\sdl3-static.dir\release\sdl_random.obj
c:\users\alexi\documents\beam audio flux\build\_deps\sdl3-build\sdl3-static.dir\release\sdl_qsort.obj
c:\users\alexi\documents\beam audio flux\build\_deps\sdl3-build\sdl3-static.dir\release\sdl_murmur3.obj
c:\users\alexi\documents\beam audio flux\build\_deps\sdl3-build\sdl3-static.dir\release\sdl_memset.obj
c:\users\alexi\documents\beam audio flux\build\_deps\sdl3-build\sdl3-static.dir\release\sdl_memmove.obj
c:\users\alexi\documents\beam audio flux\build\_deps\sdl3-build\sdl3-static.dir\release\sdl_memcpy.obj
c:\users\alexi\documents\beam audio flux\build\_deps\sdl3-build\sdl3-static.dir\release\sdl_malloc.obj
c:\users\alexi\documents\beam audio flux\build\_deps\sdl3-build\sdl3-static.dir\release\sdl_iconv.obj
c:\users\alexi\documents\beam audio flux\build\_deps\sdl3-build\sdl3-static.dir\release\sdl_getenv.obj
c:\users\alexi\documents\beam audio flux\build\_deps\sdl3-build\sdl3-static.dir\release\sdl_crc32.obj
c:\users\alexi\documents\beam audio flux\build\_deps\sdl3-build\sdl3-static.dir\release\sdl_crc16.obj
c:\users\alexi\documents\beam audio flux\build\_deps\sdl3-build\sdl3-static.dir\release\sdl_windowssensor.obj
c:\users\alexi\documents\beam audio flux\build\_deps\sdl3-build\sdl3-static.dir\release\sdl_blit_auto.obj
c:\users\alexi\documents\beam audio flux\build\_deps\sdl3-build\sdl3-static.dir\release\sdl_blit_n.obj
c:\users\alexi\documents\beam audio flux\build\_deps\sdl3-build\sdl3-static.dir\release\sdl_blit_a.obj
c:\users\alexi\documents\beam audio flux\build\_deps\sdl3-build\sdl3-static.dir\release\sdl_blit_1.obj
c:\users\alexi\documents\beam audio flux\build\_deps\sdl3-build\sdl3-static.dir\release\sdl_blit_0.obj
c:\users\alexi\documents\beam audio flux\build\_deps\sdl3-build\sdl3-static.dir\release\sdl_blit.obj
c:\users\alexi\documents\beam audio flux\build\_deps\sdl3-build\sdl3-static.dir\release\sdl_rleaccel.obj
c:\users\alexi\documents\beam audio flux\build\_deps\sdl3-build\sdl3-static.dir\release\sdl_tray.obj
c:\users\alexi\documents\beam audio flux\build\_deps\sdl3-build\sdl3-static.dir\release\sdl_tray_utils.obj
c:\users\alexi\documents\beam audio flux\build\_deps\sdl3-build\sdl3-static.dir\release\sdl_systimer.obj
c:\users\alexi\documents\beam audio flux\build\_deps\sdl3-build\sdl3-static.dir\release\sdl_timer.obj
c:\users\alexi\documents\beam audio flux\build\_deps\sdl3-build\sdl3-static.dir\release\sdl_systime.obj
c:\users\alexi\documents\beam audio flux\build\_deps\sdl3-build\sdl3-static.dir\release\sdl_time.obj
c:\users\alexi\documents\beam audio flux\build\_deps\sdl3-build\sdl3-static.dir\release\sdl_systls.obj
c:\users\alexi\documents\beam audio flux\build\_deps\sdl3-build\sdl3-static.dir\release\sdl_systhread.obj
c:\users\alexi\documents\beam audio flux\build\_deps\sdl3-build\sdl3-static.dir\release\sdl_syssem.obj
c:\users\alexi\documents\beam audio flux\build\_deps\sdl3-build\sdl3-static.dir\release\sdl_sysrwlock_srw.obj
c:\users\alexi\documents\beam audio flux\build\_deps\sdl3-build\sdl3-static.dir\release\sdl_sysmutex.obj
c:\users\alexi\documents\beam audio flux\build\_deps\sdl3-build\sdl3-static.dir\release\sdl_syscond_cv.obj
c:\users\alexi\documents\beam audio flux\build\_deps\sdl3-build\sdl3-static.dir\release\sdl_sysrwlock.obj
c:\users\alexi\documents\beam audio flux\build\_deps\sdl3-build\sdl3-static.dir\release\sdl_offscreenevents.obj
c:\users\alexi\documents\beam audio flux\build\_deps\sdl3-build\sdl3-static.dir\release\sdl_nullvideo.obj
c:\users\alexi\documents\beam audio flux\build\_deps\sdl3-build\sdl3-static.dir\release\sdl_nullframebuffer.obj
c:\users\alexi\documents\beam audio flux\build\_deps\sdl3-build\sdl3-static.dir\release\sdl_nullevents.obj
c:\users\alexi\documents\beam audio flux\build\_deps\sdl3-build\sdl3-static.dir\release\sdl_yuv.obj
c:\users\alexi\documents\beam audio flux\build\_deps\sdl3-build\sdl3-static.dir\release\sdl_vulkan_utils.obj
c:\users\alexi\documents\beam audio flux\build\_deps\sdl3-build\sdl3-static.dir\release\sdl_video_unsupported.obj
c:\users\alexi\documents\beam audio flux\build\_deps\sdl3-build\sdl3-static.dir\release\sdl_video.obj
c:\users\alexi\documents\beam audio flux\build\_deps\sdl3-build\sdl3-static.dir\release\sdl_surface.obj
c:\users\alexi\documents\beam audio flux\build\_deps\sdl3-build\sdl3-static.dir\release\sdl_stretch.obj
c:\users\alexi\documents\beam audio flux\build\_deps\sdl3-build\sdl3-static.dir\release\sdl_stb.obj
c:\users\alexi\documents\beam audio flux\build\_deps\sdl3-build\sdl3-static.dir\release\sdl_rotate.obj
c:\users\alexi\documents\beam audio flux\build\_deps\sdl3-build\sdl3-static.dir\release\sdl_rect.obj
c:\users\alexi\documents\beam audio flux\build\_deps\sdl3-build\sdl3-static.dir\release\sdl_pixels.obj
c:\users\alexi\documents\beam audio flux\build\_deps\sdl3-build\sdl3-static.dir\release\sdl_fillrect.obj
c:\users\alexi\documents\beam audio flux\build\_deps\sdl3-build\sdl3-static.dir\release\sdl_egl.obj
c:\users\alexi\documents\beam audio flux\build\_deps\sdl3-build\sdl3-static.dir\release\sdl_clipboard.obj
c:\users\alexi\documents\beam audio flux\build\_deps\sdl3-build\sdl3-static.dir\release\sdl_bmp.obj
c:\users\alexi\documents\beam audio flux\build\_deps\sdl3-build\sdl3-static.dir\release\sdl_blit_slow.obj
c:\users\alexi\documents\beam audio flux\build\_deps\sdl3-build\sdl3-static.dir\release\sdl_blit_copy.obj
c:\users\alexi\documents\beam audio flux\build\_deps\sdl3-build\sdl3-static.dir\release\yuv_rgb_lsx.obj
c:\users\alexi\documents\beam audio flux\build\_deps\sdl3-build\sdl3-static.dir\release\sdl_windowswindow.obj
c:\users\alexi\documents\beam audio flux\build\_deps\sdl3-build\sdl3-static.dir\release\sdl_windowsvulkan.obj
c:\users\alexi\documents\beam audio flux\build\_deps\sdl3-build\sdl3-static.dir\release\sdl_windowsvideo.obj
c:\users\alexi\documents\beam audio flux\build\_deps\sdl3-build\sdl3-static.dir\release\sdl_windowsshape.obj
c:\users\alexi\documents\beam audio flux\build\_deps\sdl3-build\sdl3-static.dir\release\sdl_windowsrawinput.obj
c:\users\alexi\documents\beam audio flux\build\_deps\sdl3-build\sdl3-static.dir\release\sdl_windowsopengles.obj
c:\users\alexi\documents\beam audio flux\build\_deps\sdl3-build\sdl3-static.dir\release\sdl_windowsopengl.obj
c:\users\alexi\documents\beam audio flux\build\_deps\sdl3-build\sdl3-static.dir\release\sdl_windowsmouse.obj
c:\users\alexi\documents\beam audio flux\build\_deps\sdl3-build\sdl3-static.dir\release\sdl_windowsmodes.obj
c:\users\alexi\documents\beam audio flux\build\_deps\sdl3-build\sdl3-static.dir\release\sdl_windowsmessagebox.obj
c:\users\alexi\documents\beam audio flux\build\_deps\sdl3-build\sdl3-static.dir\release\sdl_windowskeyboard.obj
c:\users\alexi\documents\beam audio flux\build\_deps\sdl3-build\sdl3-static.dir\release\sdl_windowsframebuffer.obj
c:\users\alexi\documents\beam audio flux\build\_deps\sdl3-build\sdl3-static.dir\release\sdl_windowsevents.obj
c:\users\alexi\documents\beam audio flux\build\_deps\sdl3-build\sdl3-static.dir\release\sdl_windowsclipboard.obj
c:\users\alexi\documents\beam audio flux\build\_deps\sdl3-build\sdl3-static.dir\release\sdl_offscreenwindow.obj
c:\users\alexi\documents\beam audio flux\build\_deps\sdl3-build\sdl3-static.dir\release\sdl_offscreenvulkan.obj
c:\users\alexi\documents\beam audio flux\build\_deps\sdl3-build\sdl3-static.dir\release\sdl_offscreenvideo.obj
c:\users\alexi\documents\beam audio flux\build\_deps\sdl3-build\sdl3-static.dir\release\sdl_offscreenopengles.obj
c:\users\alexi\documents\beam audio flux\build\_deps\sdl3-build\sdl3-static.dir\release\sdl_offscreenframebuffer.obj
c:\users\alexi\documents\beam audio flux\build\_deps\sdl3-build\sdl3-static.dir\release\yuv_rgb_std.obj
c:\users\alexi\documents\beam audio flux\build\_deps\sdl3-build\sdl3-static.dir\release\yuv_rgb_sse.obj
c:\users\alexi\documents\beam audio flux\build\_deps\sdl3-build\sdl3-static.dir\release\sdl_dynapi.obj
c:\users\alexi\documents\beam audio flux\build\_deps\sdl3-build\sdl3-static.dir\release\sdl_mslibc.obj
c:\users\alexi\documents\beam audio flux\build\_deps\sdl3-build\sdl3-static.dir\release\sdl_windowsgameinput.obj
c:\users\alexi\documents\beam audio flux\build\_deps\sdl3-build\sdl3-static.dir\release\pch_cpp.obj
c:\users\alexi\documents\beam audio flux\build\_deps\sdl3-build\sdl3-static.dir\release\sdl_gameinput.obj
c:\users\alexi\documents\beam audio flux\build\_deps\sdl3-build\cmakefiles\generate.stamp
c:\users\alexi\documents\beam audio flux\build\_deps\sdl3-build\release\sdl3-static.lib
c:\users\alexi\documents\beam audio flux\build\_deps\sdl3-build\sdl3-static.dir\release\sdl3-static.tlog\cl.command.1.tlog
c:\users\alexi\documents\beam audio flux\build\_deps\sdl3-build\sdl3-static.dir\release\sdl3-static.tlog\cl.items.tlog
c:\users\alexi\documents\beam audio flux\build\_deps\sdl3-build\sdl3-static.dir\release\sdl3-static.tlog\cl.read.1.tlog
c:\users\alexi\documents\beam audio flux\build\_deps\sdl3-build\sdl3-static.dir\release\sdl3-static.tlog\cl.write.1.tlog
c:\users\alexi\documents\beam audio flux\build\_deps\sdl3-build\sdl3-static.dir\release\sdl3-static.tlog\custombuild.command.1.tlog
c:\users\alexi\documents\beam audio flux\build\_deps\sdl3-build\sdl3-static.dir\release\sdl3-static.tlog\custombuild.read.1.tlog
c:\users\alexi\documents\beam audio flux\build\_deps\sdl3-build\sdl3-static.dir\release\sdl3-static.tlog\custombuild.write.1.tlog
c:\users\alexi\documents\beam audio flux\build\_deps\sdl3-build\sdl3-static.dir\release\sdl3-static.tlog\lib-link.read.1.tlog
c:\users\alexi\documents\beam audio flux\build\_deps\sdl3-build\sdl3-static.dir\release\sdl3-static.tlog\lib-link.write.1.tlog
c:\users\alexi\documents\beam audio flux\build\_deps\sdl3-build\sdl3-static.dir\release\sdl3-static.tlog\lib.command.1.tlog
